  Determining projects to restore...
  All projects are up-to-date for restore.
C:\Program Files\dotnet\sdk\10.0.200-preview.0.26103.119\Sdks\Microsoft.NET.Sdk\targets\Microsoft.NET.RuntimeIdentifierInference.targets(383,5): message NETSDK1057: You are using a preview version of .NET. See: https://aka.ms/dotnet-support-policy [d:\SourceCode\Tedd.TUI\src\Tedd.TUI.Tests\Tedd.TUI.Tests.csproj]
C:\Program Files\dotnet\sdk\10.0.200-preview.0.26103.119\Sdks\Microsoft.NET.Sdk\targets\Microsoft.NET.RuntimeIdentifierInference.targets(383,5): message NETSDK1057: You are using a preview version of .NET. See: https://aka.ms/dotnet-support-policy [d:\SourceCode\Tedd.TUI\src\Tedd.TUI\Tedd.TUI.csproj]
  Tedd.TUI -> d:\SourceCode\Tedd.TUI\src\Tedd.TUI\bin\Debug\net10.0\Tedd.TUI.dll
  Tedd.TUI.Platform.Console -> d:\SourceCode\Tedd.TUI\src\Tedd.TUI.Platform.Console\bin\Debug\net10.0\Tedd.TUI.Platform.Console.dll
d:\SourceCode\Tedd.TUI\src\Tedd.TUI.Tests\BindingTests.cs(11,20): warning CS8618: Non-nullable field '_testProperty' must contain a non-null value when exiting constructor. Consider adding the 'required' modifier or declaring the field as nullable. [d:\SourceCode\Tedd.TUI\src\Tedd.TUI.Tests\Tedd.TUI.Tests.csproj]
d:\SourceCode\Tedd.TUI\src\Tedd.TUI.Tests\ConsoleRendererBenchmark.cs(23,28): error CS1729: 'ConsoleRenderer' does not contain a constructor that takes 1 arguments [d:\SourceCode\Tedd.TUI\src\Tedd.TUI.Tests\Tedd.TUI.Tests.csproj]
d:\SourceCode\Tedd.TUI\src\Tedd.TUI.Tests\NestedMenuRenderTests.cs(49,24): warning CS8602: Dereference of a possibly null reference. [d:\SourceCode\Tedd.TUI\src\Tedd.TUI.Tests\Tedd.TUI.Tests.csproj]
d:\SourceCode\Tedd.TUI\src\Tedd.TUI.Tests\ComboBoxTests.cs(36,28): warning CS8600: Converting null literal or possible null value to non-nullable type. [d:\SourceCode\Tedd.TUI\src\Tedd.TUI.Tests\Tedd.TUI.Tests.csproj]
d:\SourceCode\Tedd.TUI\src\Tedd.TUI.Tests\ComboBoxTests.cs(39,26): warning CS8602: Dereference of a possibly null reference. [d:\SourceCode\Tedd.TUI\src\Tedd.TUI.Tests\Tedd.TUI.Tests.csproj]
d:\SourceCode\Tedd.TUI\src\Tedd.TUI.Tests\FocusOrderTests.cs(62,9): warning CS8602: Dereference of a possibly null reference. [d:\SourceCode\Tedd.TUI\src\Tedd.TUI.Tests\Tedd.TUI.Tests.csproj]
d:\SourceCode\Tedd.TUI\src\Tedd.TUI.Tests\FocusOrderTests.cs(65,23): warning CS8602: Dereference of a possibly null reference. [d:\SourceCode\Tedd.TUI\src\Tedd.TUI.Tests\Tedd.TUI.Tests.csproj]
d:\SourceCode\Tedd.TUI\src\Tedd.TUI.Tests\FocusOrderTests.cs(72,19): warning CS8602: Dereference of a possibly null reference. [d:\SourceCode\Tedd.TUI\src\Tedd.TUI.Tests\Tedd.TUI.Tests.csproj]
d:\SourceCode\Tedd.TUI\src\Tedd.TUI.Tests\FocusOrderTests.cs(91,9): warning CS8602: Dereference of a possibly null reference. [d:\SourceCode\Tedd.TUI\src\Tedd.TUI.Tests\Tedd.TUI.Tests.csproj]
d:\SourceCode\Tedd.TUI\src\Tedd.TUI.Tests\FocusOrderTests.cs(92,23): warning CS8602: Dereference of a possibly null reference. [d:\SourceCode\Tedd.TUI\src\Tedd.TUI.Tests\Tedd.TUI.Tests.csproj]
d:\SourceCode\Tedd.TUI\src\Tedd.TUI.Tests\FocusOrderTests.cs(97,19): warning CS8602: Dereference of a possibly null reference. [d:\SourceCode\Tedd.TUI\src\Tedd.TUI.Tests\Tedd.TUI.Tests.csproj]
d:\SourceCode\Tedd.TUI\src\Tedd.TUI.Tests\FocusOrderTests.cs(104,40): warning CS8602: Dereference of a possibly null reference. [d:\SourceCode\Tedd.TUI\src\Tedd.TUI.Tests\Tedd.TUI.Tests.csproj]
d:\SourceCode\Tedd.TUI\src\Tedd.TUI.Tests\FocusOrderTests.cs(104,16): warning CS8600: Converting null literal or possible null value to non-nullable type. [d:\SourceCode\Tedd.TUI\src\Tedd.TUI.Tests\Tedd.TUI.Tests.csproj]
d:\SourceCode\Tedd.TUI\src\Tedd.TUI.Tests\FocusOrderTests.cs(104,16): warning CS8603: Possible null reference return. [d:\SourceCode\Tedd.TUI\src\Tedd.TUI.Tests\Tedd.TUI.Tests.csproj]
d:\SourceCode\Tedd.TUI\src\Tedd.TUI.Tests\ComboBoxTests.cs(67,28): warning CS8600: Converting null literal or possible null value to non-nullable type. [d:\SourceCode\Tedd.TUI\src\Tedd.TUI.Tests\Tedd.TUI.Tests.csproj]
d:\SourceCode\Tedd.TUI\src\Tedd.TUI.Tests\ComboBoxTests.cs(70,25): warning CS8602: Dereference of a possibly null reference. [d:\SourceCode\Tedd.TUI\src\Tedd.TUI.Tests\Tedd.TUI.Tests.csproj]
d:\SourceCode\Tedd.TUI\src\Tedd.TUI.Tests\ComboBoxTests.cs(101,37): warning CS8602: Dereference of a possibly null reference. [d:\SourceCode\Tedd.TUI\src\Tedd.TUI.Tests\Tedd.TUI.Tests.csproj]
d:\SourceCode\Tedd.TUI\src\Tedd.TUI.Tests\ComboBoxTests.cs(101,28): warning CS8600: Converting null literal or possible null value to non-nullable type. [d:\SourceCode\Tedd.TUI\src\Tedd.TUI.Tests\Tedd.TUI.Tests.csproj]
d:\SourceCode\Tedd.TUI\src\Tedd.TUI.Tests\ComboBoxTests.cs(106,25): warning CS8602: Dereference of a possibly null reference. [d:\SourceCode\Tedd.TUI\src\Tedd.TUI.Tests\Tedd.TUI.Tests.csproj]
d:\SourceCode\Tedd.TUI\src\Tedd.TUI.Tests\CodeColoringTests.cs(195,20): warning CS8604: Possible null reference argument for parameter 'source' in 'Token? Enumerable.FirstOrDefault<Token>(IEnumerable<Token> source, Func<Token, bool> predicate)'. [d:\SourceCode\Tedd.TUI\src\Tedd.TUI.Tests\Tedd.TUI.Tests.csproj]
d:\SourceCode\Tedd.TUI\src\Tedd.TUI.Tests\CodeColoringTests.cs(253,46): warning CS8602: Dereference of a possibly null reference. [d:\SourceCode\Tedd.TUI\src\Tedd.TUI.Tests\Tedd.TUI.Tests.csproj]
d:\SourceCode\Tedd.TUI\src\Tedd.TUI.Tests\CodeColoringTests.cs(277,31): warning CS8602: Dereference of a possibly null reference. [d:\SourceCode\Tedd.TUI\src\Tedd.TUI.Tests\Tedd.TUI.Tests.csproj]

Build FAILED.

d:\SourceCode\Tedd.TUI\src\Tedd.TUI.Tests\BindingTests.cs(11,20): warning CS8618: Non-nullable field '_testProperty' must contain a non-null value when exiting constructor. Consider adding the 'required' modifier or declaring the field as nullable. [d:\SourceCode\Tedd.TUI\src\Tedd.TUI.Tests\Tedd.TUI.Tests.csproj]
d:\SourceCode\Tedd.TUI\src\Tedd.TUI.Tests\NestedMenuRenderTests.cs(49,24): warning CS8602: Dereference of a possibly null reference. [d:\SourceCode\Tedd.TUI\src\Tedd.TUI.Tests\Tedd.TUI.Tests.csproj]
d:\SourceCode\Tedd.TUI\src\Tedd.TUI.Tests\ComboBoxTests.cs(36,28): warning CS8600: Converting null literal or possible null value to non-nullable type. [d:\SourceCode\Tedd.TUI\src\Tedd.TUI.Tests\Tedd.TUI.Tests.csproj]
d:\SourceCode\Tedd.TUI\src\Tedd.TUI.Tests\ComboBoxTests.cs(39,26): warning CS8602: Dereference of a possibly null reference. [d:\SourceCode\Tedd.TUI\src\Tedd.TUI.Tests\Tedd.TUI.Tests.csproj]
d:\SourceCode\Tedd.TUI\src\Tedd.TUI.Tests\FocusOrderTests.cs(62,9): warning CS8602: Dereference of a possibly null reference. [d:\SourceCode\Tedd.TUI\src\Tedd.TUI.Tests\Tedd.TUI.Tests.csproj]
d:\SourceCode\Tedd.TUI\src\Tedd.TUI.Tests\FocusOrderTests.cs(65,23): warning CS8602: Dereference of a possibly null reference. [d:\SourceCode\Tedd.TUI\src\Tedd.TUI.Tests\Tedd.TUI.Tests.csproj]
d:\SourceCode\Tedd.TUI\src\Tedd.TUI.Tests\FocusOrderTests.cs(72,19): warning CS8602: Dereference of a possibly null reference. [d:\SourceCode\Tedd.TUI\src\Tedd.TUI.Tests\Tedd.TUI.Tests.csproj]
d:\SourceCode\Tedd.TUI\src\Tedd.TUI.Tests\FocusOrderTests.cs(91,9): warning CS8602: Dereference of a possibly null reference. [d:\SourceCode\Tedd.TUI\src\Tedd.TUI.Tests\Tedd.TUI.Tests.csproj]
d:\SourceCode\Tedd.TUI\src\Tedd.TUI.Tests\FocusOrderTests.cs(92,23): warning CS8602: Dereference of a possibly null reference. [d:\SourceCode\Tedd.TUI\src\Tedd.TUI.Tests\Tedd.TUI.Tests.csproj]
d:\SourceCode\Tedd.TUI\src\Tedd.TUI.Tests\FocusOrderTests.cs(97,19): warning CS8602: Dereference of a possibly null reference. [d:\SourceCode\Tedd.TUI\src\Tedd.TUI.Tests\Tedd.TUI.Tests.csproj]
d:\SourceCode\Tedd.TUI\src\Tedd.TUI.Tests\FocusOrderTests.cs(104,40): warning CS8602: Dereference of a possibly null reference. [d:\SourceCode\Tedd.TUI\src\Tedd.TUI.Tests\Tedd.TUI.Tests.csproj]
d:\SourceCode\Tedd.TUI\src\Tedd.TUI.Tests\FocusOrderTests.cs(104,16): warning CS8600: Converting null literal or possible null value to non-nullable type. [d:\SourceCode\Tedd.TUI\src\Tedd.TUI.Tests\Tedd.TUI.Tests.csproj]
d:\SourceCode\Tedd.TUI\src\Tedd.TUI.Tests\FocusOrderTests.cs(104,16): warning CS8603: Possible null reference return. [d:\SourceCode\Tedd.TUI\src\Tedd.TUI.Tests\Tedd.TUI.Tests.csproj]
d:\SourceCode\Tedd.TUI\src\Tedd.TUI.Tests\ComboBoxTests.cs(67,28): warning CS8600: Converting null literal or possible null value to non-nullable type. [d:\SourceCode\Tedd.TUI\src\Tedd.TUI.Tests\Tedd.TUI.Tests.csproj]
d:\SourceCode\Tedd.TUI\src\Tedd.TUI.Tests\ComboBoxTests.cs(70,25): warning CS8602: Dereference of a possibly null reference. [d:\SourceCode\Tedd.TUI\src\Tedd.TUI.Tests\Tedd.TUI.Tests.csproj]
d:\SourceCode\Tedd.TUI\src\Tedd.TUI.Tests\ComboBoxTests.cs(101,37): warning CS8602: Dereference of a possibly null reference. [d:\SourceCode\Tedd.TUI\src\Tedd.TUI.Tests\Tedd.TUI.Tests.csproj]
d:\SourceCode\Tedd.TUI\src\Tedd.TUI.Tests\ComboBoxTests.cs(101,28): warning CS8600: Converting null literal or possible null value to non-nullable type. [d:\SourceCode\Tedd.TUI\src\Tedd.TUI.Tests\Tedd.TUI.Tests.csproj]
d:\SourceCode\Tedd.TUI\src\Tedd.TUI.Tests\ComboBoxTests.cs(106,25): warning CS8602: Dereference of a possibly null reference. [d:\SourceCode\Tedd.TUI\src\Tedd.TUI.Tests\Tedd.TUI.Tests.csproj]
d:\SourceCode\Tedd.TUI\src\Tedd.TUI.Tests\CodeColoringTests.cs(195,20): warning CS8604: Possible null reference argument for parameter 'source' in 'Token? Enumerable.FirstOrDefault<Token>(IEnumerable<Token> source, Func<Token, bool> predicate)'. [d:\SourceCode\Tedd.TUI\src\Tedd.TUI.Tests\Tedd.TUI.Tests.csproj]
d:\SourceCode\Tedd.TUI\src\Tedd.TUI.Tests\CodeColoringTests.cs(253,46): warning CS8602: Dereference of a possibly null reference. [d:\SourceCode\Tedd.TUI\src\Tedd.TUI.Tests\Tedd.TUI.Tests.csproj]
d:\SourceCode\Tedd.TUI\src\Tedd.TUI.Tests\CodeColoringTests.cs(277,31): warning CS8602: Dereference of a possibly null reference. [d:\SourceCode\Tedd.TUI\src\Tedd.TUI.Tests\Tedd.TUI.Tests.csproj]
d:\SourceCode\Tedd.TUI\src\Tedd.TUI.Tests\ConsoleRendererBenchmark.cs(23,28): error CS1729: 'ConsoleRenderer' does not contain a constructor that takes 1 arguments [d:\SourceCode\Tedd.TUI\src\Tedd.TUI.Tests\Tedd.TUI.Tests.csproj]
    21 Warning(s)
    1 Error(s)

Time Elapsed 00:00:01.28
