// Validating benchmarks:
// ***** BenchmarkRunner: Start   *****
// ***** Found 4 benchmark(s) in total *****
// ***** Building 1 exe(s) in Parallel: Start   *****
// start dotnet  restore --nodeReuse:false /p:UseSharedCompilation=false /p:Deterministic=true /p:Optimize=true /p:ArtifactsPath="/app/src/Tedd.TUI.Benchmarks/bin/Release/net10.0/Tedd.TUI.Benchmarks-DefaultJob-1/" /p:OutDir="/app/src/Tedd.TUI.Benchmarks/bin/Release/net10.0/Tedd.TUI.Benchmarks-DefaultJob-1/bin/Release/net10.0/" /p:OutputPath="/app/src/Tedd.TUI.Benchmarks/bin/Release/net10.0/Tedd.TUI.Benchmarks-DefaultJob-1/bin/Release/net10.0/" /p:PublishDir="/app/src/Tedd.TUI.Benchmarks/bin/Release/net10.0/Tedd.TUI.Benchmarks-DefaultJob-1/publish/" in /app/src/Tedd.TUI.Benchmarks/bin/Release/net10.0/Tedd.TUI.Benchmarks-DefaultJob-1
// command took 2.95 sec and exited with 0
// start dotnet  build -c Release --no-restore --nodeReuse:false /p:UseSharedCompilation=false /p:Deterministic=true /p:Optimize=true /p:ArtifactsPath="/app/src/Tedd.TUI.Benchmarks/bin/Release/net10.0/Tedd.TUI.Benchmarks-DefaultJob-1/" /p:OutDir="/app/src/Tedd.TUI.Benchmarks/bin/Release/net10.0/Tedd.TUI.Benchmarks-DefaultJob-1/bin/Release/net10.0/" /p:OutputPath="/app/src/Tedd.TUI.Benchmarks/bin/Release/net10.0/Tedd.TUI.Benchmarks-DefaultJob-1/bin/Release/net10.0/" /p:PublishDir="/app/src/Tedd.TUI.Benchmarks/bin/Release/net10.0/Tedd.TUI.Benchmarks-DefaultJob-1/publish/" --output "/app/src/Tedd.TUI.Benchmarks/bin/Release/net10.0/Tedd.TUI.Benchmarks-DefaultJob-1/bin/Release/net10.0/" in /app/src/Tedd.TUI.Benchmarks/bin/Release/net10.0/Tedd.TUI.Benchmarks-DefaultJob-1
// command took 24.56 sec and exited with 0
// ***** Done, took 00:00:27 (27.6 sec)   *****
// Found 4 benchmarks:
//   VisualTreeBenchmark.IterativeYield: DefaultJob
//   VisualTreeBenchmark.RecursiveList: DefaultJob
//   VisualTreeBenchmark.OptimizedEnumerator: DefaultJob
//   VisualTreeBenchmark.CurrentImplementation: DefaultJob

// **************************
// Benchmark: VisualTreeBenchmark.IterativeYield: DefaultJob
// *** Execute ***
// Launch: 1 / 1
// Execute: dotnet Tedd.TUI.Benchmarks-DefaultJob-1.dll --anonymousPipes 127 128 --benchmarkName Tedd.TUI.Benchmarks.VisualTreeBenchmark.IterativeYield --job Default --benchmarkId 0 in /app/src/Tedd.TUI.Benchmarks/bin/Release/net10.0/Tedd.TUI.Benchmarks-DefaultJob-1/bin/Release/net10.0
// Failed to set up high priority (Permission denied). In order to run benchmarks with high priority, make sure you have the right permissions.
// BeforeAnythingElse

// Benchmark Process Environment Information:
// BenchmarkDotNet v0.15.8
// Runtime=.NET 10.0.0 (10.0.0, 10.0.25.52411), X64 RyuJIT x86-64-v3
// GC=Concurrent Workstation
// HardwareIntrinsics=AVX2+BMI1+BMI2+F16C+FMA+LZCNT+MOVBE,AVX,SSE3+SSSE3+SSE4.1+SSE4.2+POPCNT,X86Base+SSE+SSE2,AES+PCLMUL VectorSize=256
// Job: DefaultJob

OverheadJitting  1: 1 op, 272376.00 ns, 272.3760 us/op
WorkloadJitting  1: 1 op, 4511111.00 ns, 4.5111 ms/op

OverheadJitting  2: 16 op, 393951.00 ns, 24.6219 us/op
WorkloadJitting  2: 16 op, 15565126.00 ns, 972.8204 us/op

WorkloadPilot    1: 16 op, 12541103.00 ns, 783.8189 us/op
WorkloadPilot    2: 32 op, 25359698.00 ns, 792.4906 us/op
WorkloadPilot    3: 64 op, 49037833.00 ns, 766.2161 us/op
WorkloadPilot    4: 128 op, 33403446.00 ns, 260.9644 us/op
WorkloadPilot    5: 256 op, 32481590.00 ns, 126.8812 us/op
WorkloadPilot    6: 512 op, 65457617.00 ns, 127.8469 us/op
WorkloadPilot    7: 1024 op, 129052280.00 ns, 126.0276 us/op
WorkloadPilot    8: 2048 op, 256749857.00 ns, 125.3661 us/op
WorkloadPilot    9: 4096 op, 514032692.00 ns, 125.4963 us/op

OverheadWarmup   1: 4096 op, 17896.00 ns, 4.3691 ns/op
OverheadWarmup   2: 4096 op, 15650.00 ns, 3.8208 ns/op
OverheadWarmup   3: 4096 op, 15672.00 ns, 3.8262 ns/op
OverheadWarmup   4: 4096 op, 15477.00 ns, 3.7786 ns/op
OverheadWarmup   5: 4096 op, 15776.00 ns, 3.8516 ns/op
OverheadWarmup   6: 4096 op, 15927.00 ns, 3.8884 ns/op
OverheadWarmup   7: 4096 op, 15972.00 ns, 3.8994 ns/op
OverheadWarmup   8: 4096 op, 16157.00 ns, 3.9446 ns/op
OverheadWarmup   9: 4096 op, 40788.00 ns, 9.9580 ns/op
OverheadWarmup  10: 4096 op, 15633.00 ns, 3.8167 ns/op

OverheadActual   1: 4096 op, 15761.00 ns, 3.8479 ns/op
OverheadActual   2: 4096 op, 15746.00 ns, 3.8442 ns/op
OverheadActual   3: 4096 op, 15965.00 ns, 3.8977 ns/op
OverheadActual   4: 4096 op, 15679.00 ns, 3.8279 ns/op
OverheadActual   5: 4096 op, 15856.00 ns, 3.8711 ns/op
OverheadActual   6: 4096 op, 15559.00 ns, 3.7986 ns/op
OverheadActual   7: 4096 op, 17783.00 ns, 4.3416 ns/op
OverheadActual   8: 4096 op, 15521.00 ns, 3.7893 ns/op
OverheadActual   9: 4096 op, 15516.00 ns, 3.7881 ns/op
OverheadActual  10: 4096 op, 15781.00 ns, 3.8528 ns/op
OverheadActual  11: 4096 op, 15773.00 ns, 3.8508 ns/op
OverheadActual  12: 4096 op, 22538.00 ns, 5.5024 ns/op
OverheadActual  13: 4096 op, 15719.00 ns, 3.8376 ns/op
OverheadActual  14: 4096 op, 16367.00 ns, 3.9958 ns/op
OverheadActual  15: 4096 op, 16051.00 ns, 3.9187 ns/op

WorkloadWarmup   1: 4096 op, 515093472.00 ns, 125.7552 us/op
WorkloadWarmup   2: 4096 op, 509447723.00 ns, 124.3769 us/op
WorkloadWarmup   3: 4096 op, 502455578.00 ns, 122.6698 us/op
WorkloadWarmup   4: 4096 op, 498539970.00 ns, 121.7139 us/op
WorkloadWarmup   5: 4096 op, 494910557.00 ns, 120.8278 us/op
WorkloadWarmup   6: 4096 op, 494164387.00 ns, 120.6456 us/op
WorkloadWarmup   7: 4096 op, 495216695.00 ns, 120.9025 us/op
WorkloadWarmup   8: 4096 op, 494689394.00 ns, 120.7738 us/op
WorkloadWarmup   9: 4096 op, 492925183.00 ns, 120.3431 us/op
WorkloadWarmup  10: 4096 op, 492198742.00 ns, 120.1657 us/op
WorkloadWarmup  11: 4096 op, 487459580.00 ns, 119.0087 us/op
WorkloadWarmup  12: 4096 op, 502020403.00 ns, 122.5636 us/op
WorkloadWarmup  13: 4096 op, 490466966.00 ns, 119.7429 us/op

// BeforeActualRun
WorkloadActual   1: 4096 op, 502920975.00 ns, 122.7834 us/op
WorkloadActual   2: 4096 op, 490289483.00 ns, 119.6996 us/op
WorkloadActual   3: 4096 op, 621442026.00 ns, 151.7192 us/op
WorkloadActual   4: 4096 op, 803873966.00 ns, 196.2583 us/op
WorkloadActual   5: 4096 op, 845459562.00 ns, 206.4110 us/op
WorkloadActual   6: 4096 op, 895270543.00 ns, 218.5719 us/op
WorkloadActual   7: 4096 op, 850102810.00 ns, 207.5446 us/op
WorkloadActual   8: 4096 op, 811609714.00 ns, 198.1469 us/op
WorkloadActual   9: 4096 op, 855108753.00 ns, 208.7668 us/op
WorkloadActual  10: 4096 op, 869741420.00 ns, 212.3392 us/op
WorkloadActual  11: 4096 op, 875068433.00 ns, 213.6398 us/op
WorkloadActual  12: 4096 op, 652578198.00 ns, 159.3208 us/op
WorkloadActual  13: 4096 op, 488966833.00 ns, 119.3767 us/op
WorkloadActual  14: 4096 op, 490752592.00 ns, 119.8126 us/op
WorkloadActual  15: 4096 op, 488350506.00 ns, 119.2262 us/op
WorkloadActual  16: 4096 op, 487761120.00 ns, 119.0823 us/op
WorkloadActual  17: 4096 op, 485118054.00 ns, 118.4370 us/op
WorkloadActual  18: 4096 op, 487474223.00 ns, 119.0123 us/op
WorkloadActual  19: 4096 op, 486182972.00 ns, 118.6970 us/op
WorkloadActual  20: 4096 op, 484960938.00 ns, 118.3987 us/op
WorkloadActual  21: 4096 op, 489126963.00 ns, 119.4158 us/op
WorkloadActual  22: 4096 op, 489102378.00 ns, 119.4098 us/op
WorkloadActual  23: 4096 op, 488562710.00 ns, 119.2780 us/op
WorkloadActual  24: 4096 op, 483672097.00 ns, 118.0840 us/op
WorkloadActual  25: 4096 op, 487843098.00 ns, 119.1023 us/op
WorkloadActual  26: 4096 op, 490439493.00 ns, 119.7362 us/op
WorkloadActual  27: 4096 op, 488615147.00 ns, 119.2908 us/op
WorkloadActual  28: 4096 op, 488972151.00 ns, 119.3780 us/op
WorkloadActual  29: 4096 op, 505491009.00 ns, 123.4109 us/op
WorkloadActual  30: 4096 op, 487765013.00 ns, 119.0833 us/op
WorkloadActual  31: 4096 op, 485468368.00 ns, 118.5226 us/op
WorkloadActual  32: 4096 op, 488268338.00 ns, 119.2061 us/op
WorkloadActual  33: 4096 op, 486557832.00 ns, 118.7885 us/op
WorkloadActual  34: 4096 op, 487677741.00 ns, 119.0619 us/op
WorkloadActual  35: 4096 op, 490270213.00 ns, 119.6949 us/op
WorkloadActual  36: 4096 op, 494477112.00 ns, 120.7220 us/op
WorkloadActual  37: 4096 op, 489396034.00 ns, 119.4815 us/op
WorkloadActual  38: 4096 op, 495271646.00 ns, 120.9159 us/op
WorkloadActual  39: 4096 op, 485555297.00 ns, 118.5438 us/op
WorkloadActual  40: 4096 op, 488321850.00 ns, 119.2192 us/op
WorkloadActual  41: 4096 op, 485262378.00 ns, 118.4723 us/op

// AfterActualRun
WorkloadResult   1: 4096 op, 502905202.00 ns, 122.7796 us/op
WorkloadResult   2: 4096 op, 490273710.00 ns, 119.6957 us/op
WorkloadResult   3: 4096 op, 488951060.00 ns, 119.3728 us/op
WorkloadResult   4: 4096 op, 490736819.00 ns, 119.8088 us/op
WorkloadResult   5: 4096 op, 488334733.00 ns, 119.2223 us/op
WorkloadResult   6: 4096 op, 487745347.00 ns, 119.0785 us/op
WorkloadResult   7: 4096 op, 485102281.00 ns, 118.4332 us/op
WorkloadResult   8: 4096 op, 487458450.00 ns, 119.0084 us/op
WorkloadResult   9: 4096 op, 486167199.00 ns, 118.6932 us/op
WorkloadResult  10: 4096 op, 484945165.00 ns, 118.3948 us/op
WorkloadResult  11: 4096 op, 489111190.00 ns, 119.4119 us/op
WorkloadResult  12: 4096 op, 489086605.00 ns, 119.4059 us/op
WorkloadResult  13: 4096 op, 488546937.00 ns, 119.2742 us/op
WorkloadResult  14: 4096 op, 483656324.00 ns, 118.0802 us/op
WorkloadResult  15: 4096 op, 487827325.00 ns, 119.0985 us/op
WorkloadResult  16: 4096 op, 490423720.00 ns, 119.7324 us/op
WorkloadResult  17: 4096 op, 488599374.00 ns, 119.2870 us/op
WorkloadResult  18: 4096 op, 488956378.00 ns, 119.3741 us/op
WorkloadResult  19: 4096 op, 505475236.00 ns, 123.4070 us/op
WorkloadResult  20: 4096 op, 487749240.00 ns, 119.0794 us/op
WorkloadResult  21: 4096 op, 485452595.00 ns, 118.5187 us/op
WorkloadResult  22: 4096 op, 488252565.00 ns, 119.2023 us/op
WorkloadResult  23: 4096 op, 486542059.00 ns, 118.7847 us/op
WorkloadResult  24: 4096 op, 487661968.00 ns, 119.0581 us/op
WorkloadResult  25: 4096 op, 490254440.00 ns, 119.6910 us/op
WorkloadResult  26: 4096 op, 494461339.00 ns, 120.7181 us/op
WorkloadResult  27: 4096 op, 489380261.00 ns, 119.4776 us/op
WorkloadResult  28: 4096 op, 495255873.00 ns, 120.9121 us/op
WorkloadResult  29: 4096 op, 485539524.00 ns, 118.5399 us/op
WorkloadResult  30: 4096 op, 488306077.00 ns, 119.2154 us/op
WorkloadResult  31: 4096 op, 485246605.00 ns, 118.4684 us/op
// GC:  0 0 0 17530880 4096
// Threading:  0 0 4096

// AfterAll
// Benchmark Process 2857 has exited with code 0.

Mean = 119.459 μs, StdErr = 0.206 μs (0.17%), N = 31, StdDev = 1.147 μs
Min = 118.080 μs, Q1 = 118.897 μs, Median = 119.222 μs, Q3 = 119.584 μs, Max = 123.407 μs
IQR = 0.688 μs, LowerFence = 117.865 μs, UpperFence = 120.616 μs
ConfidenceInterval = [118.707 μs; 120.210 μs] (CI 99.9%), Margin = 0.751 μs (0.63% of Mean)
Skewness = 2.02, Kurtosis = 7.08, MValue = 2

// ** Remained 3 (75.0 %) benchmark(s) to run. Estimated finish 2026-02-27 11:19 (0h 1m from now) **
// **************************
// Benchmark: VisualTreeBenchmark.RecursiveList: DefaultJob
// *** Execute ***
// Launch: 1 / 1
// Execute: dotnet Tedd.TUI.Benchmarks-DefaultJob-1.dll --anonymousPipes 127 128 --benchmarkName Tedd.TUI.Benchmarks.VisualTreeBenchmark.RecursiveList --job Default --benchmarkId 1 in /app/src/Tedd.TUI.Benchmarks/bin/Release/net10.0/Tedd.TUI.Benchmarks-DefaultJob-1/bin/Release/net10.0
// Failed to set up high priority (Permission denied). In order to run benchmarks with high priority, make sure you have the right permissions.
// BeforeAnythingElse

// Benchmark Process Environment Information:
// BenchmarkDotNet v0.15.8
// Runtime=.NET 10.0.0 (10.0.0, 10.0.25.52411), X64 RyuJIT x86-64-v3
// GC=Concurrent Workstation
// HardwareIntrinsics=AVX2+BMI1+BMI2+F16C+FMA+LZCNT+MOVBE,AVX,SSE3+SSSE3+SSE4.1+SSE4.2+POPCNT,X86Base+SSE+SSE2,AES+PCLMUL VectorSize=256
// Job: DefaultJob

OverheadJitting  1: 1 op, 379761.00 ns, 379.7610 us/op
WorkloadJitting  1: 1 op, 2022916.00 ns, 2.0229 ms/op

OverheadJitting  2: 16 op, 367557.00 ns, 22.9723 us/op
WorkloadJitting  2: 16 op, 11745817.00 ns, 734.1136 us/op

WorkloadPilot    1: 16 op, 10014154.00 ns, 625.8846 us/op
WorkloadPilot    2: 32 op, 19063959.00 ns, 595.7487 us/op
WorkloadPilot    3: 64 op, 36107645.00 ns, 564.1820 us/op
WorkloadPilot    4: 128 op, 58574590.00 ns, 457.6140 us/op
WorkloadPilot    5: 256 op, 45335074.00 ns, 177.0901 us/op
WorkloadPilot    6: 512 op, 70453906.00 ns, 137.6053 us/op
WorkloadPilot    7: 1024 op, 126232567.00 ns, 123.2740 us/op
WorkloadPilot    8: 2048 op, 252933591.00 ns, 123.5027 us/op
WorkloadPilot    9: 4096 op, 505425560.00 ns, 123.3949 us/op

OverheadWarmup   1: 4096 op, 18059.00 ns, 4.4089 ns/op
OverheadWarmup   2: 4096 op, 15577.00 ns, 3.8030 ns/op
OverheadWarmup   3: 4096 op, 15780.00 ns, 3.8525 ns/op
OverheadWarmup   4: 4096 op, 15664.00 ns, 3.8242 ns/op
OverheadWarmup   5: 4096 op, 15647.00 ns, 3.8201 ns/op
OverheadWarmup   6: 4096 op, 15662.00 ns, 3.8237 ns/op
OverheadWarmup   7: 4096 op, 15702.00 ns, 3.8335 ns/op
OverheadWarmup   8: 4096 op, 15701.00 ns, 3.8333 ns/op

OverheadActual   1: 4096 op, 15748.00 ns, 3.8447 ns/op
OverheadActual   2: 4096 op, 15479.00 ns, 3.7791 ns/op
OverheadActual   3: 4096 op, 15496.00 ns, 3.7832 ns/op
OverheadActual   4: 4096 op, 15446.00 ns, 3.7710 ns/op
OverheadActual   5: 4096 op, 15476.00 ns, 3.7783 ns/op
OverheadActual   6: 4096 op, 19462.00 ns, 4.7515 ns/op
OverheadActual   7: 4096 op, 15447.00 ns, 3.7712 ns/op
OverheadActual   8: 4096 op, 15517.00 ns, 3.7883 ns/op
OverheadActual   9: 4096 op, 17078.00 ns, 4.1694 ns/op
OverheadActual  10: 4096 op, 15416.00 ns, 3.7637 ns/op
OverheadActual  11: 4096 op, 15725.00 ns, 3.8391 ns/op
OverheadActual  12: 4096 op, 15695.00 ns, 3.8318 ns/op
OverheadActual  13: 4096 op, 15661.00 ns, 3.8235 ns/op
OverheadActual  14: 4096 op, 15752.00 ns, 3.8457 ns/op
OverheadActual  15: 4096 op, 15671.00 ns, 3.8259 ns/op

WorkloadWarmup   1: 4096 op, 530350422.00 ns, 129.4801 us/op
WorkloadWarmup   2: 4096 op, 524189920.00 ns, 127.9761 us/op
WorkloadWarmup   3: 4096 op, 507195656.00 ns, 123.8271 us/op
WorkloadWarmup   4: 4096 op, 506637599.00 ns, 123.6908 us/op
WorkloadWarmup   5: 4096 op, 501104473.00 ns, 122.3400 us/op
WorkloadWarmup   6: 4096 op, 496925433.00 ns, 121.3197 us/op
WorkloadWarmup   7: 4096 op, 502020745.00 ns, 122.5637 us/op
WorkloadWarmup   8: 4096 op, 509091597.00 ns, 124.2899 us/op
WorkloadWarmup   9: 4096 op, 499848725.00 ns, 122.0334 us/op
WorkloadWarmup  10: 4096 op, 496980914.00 ns, 121.3332 us/op
WorkloadWarmup  11: 4096 op, 500281175.00 ns, 122.1390 us/op
WorkloadWarmup  12: 4096 op, 505282181.00 ns, 123.3599 us/op
WorkloadWarmup  13: 4096 op, 506914479.00 ns, 123.7584 us/op
WorkloadWarmup  14: 4096 op, 527872462.00 ns, 128.8751 us/op
WorkloadWarmup  15: 4096 op, 500181819.00 ns, 122.1147 us/op

// BeforeActualRun
WorkloadActual   1: 4096 op, 502727569.00 ns, 122.7362 us/op
WorkloadActual   2: 4096 op, 506407756.00 ns, 123.6347 us/op
WorkloadActual   3: 4096 op, 500202545.00 ns, 122.1198 us/op
WorkloadActual   4: 4096 op, 504739533.00 ns, 123.2274 us/op
WorkloadActual   5: 4096 op, 498721968.00 ns, 121.7583 us/op
WorkloadActual   6: 4096 op, 501590168.00 ns, 122.4585 us/op
WorkloadActual   7: 4096 op, 502075804.00 ns, 122.5771 us/op
WorkloadActual   8: 4096 op, 497560645.00 ns, 121.4748 us/op
WorkloadActual   9: 4096 op, 498366132.00 ns, 121.6714 us/op
WorkloadActual  10: 4096 op, 493021052.00 ns, 120.3665 us/op
WorkloadActual  11: 4096 op, 503516931.00 ns, 122.9289 us/op
WorkloadActual  12: 4096 op, 500428199.00 ns, 122.1749 us/op
WorkloadActual  13: 4096 op, 501671239.00 ns, 122.4783 us/op
WorkloadActual  14: 4096 op, 495285329.00 ns, 120.9193 us/op
WorkloadActual  15: 4096 op, 498983141.00 ns, 121.8221 us/op

// AfterActualRun
WorkloadResult   1: 4096 op, 502711908.00 ns, 122.7324 us/op
WorkloadResult   2: 4096 op, 506392095.00 ns, 123.6309 us/op
WorkloadResult   3: 4096 op, 500186884.00 ns, 122.1159 us/op
WorkloadResult   4: 4096 op, 504723872.00 ns, 123.2236 us/op
WorkloadResult   5: 4096 op, 498706307.00 ns, 121.7545 us/op
WorkloadResult   6: 4096 op, 501574507.00 ns, 122.4547 us/op
WorkloadResult   7: 4096 op, 502060143.00 ns, 122.5733 us/op
WorkloadResult   8: 4096 op, 497544984.00 ns, 121.4709 us/op
WorkloadResult   9: 4096 op, 498350471.00 ns, 121.6676 us/op
WorkloadResult  10: 4096 op, 493005391.00 ns, 120.3626 us/op
WorkloadResult  11: 4096 op, 503501270.00 ns, 122.9251 us/op
WorkloadResult  12: 4096 op, 500412538.00 ns, 122.1710 us/op
WorkloadResult  13: 4096 op, 501655578.00 ns, 122.4745 us/op
WorkloadResult  14: 4096 op, 495269668.00 ns, 120.9154 us/op
WorkloadResult  15: 4096 op, 498967480.00 ns, 121.8182 us/op
// GC:  12 1 0 287703040 4096
// Threading:  0 0 4096

// AfterAll
// Benchmark Process 2872 has exited with code 0.

Mean = 122.153 μs, StdErr = 0.222 μs (0.18%), N = 15, StdDev = 0.860 μs
Min = 120.363 μs, Q1 = 121.711 μs, Median = 122.171 μs, Q3 = 122.653 μs, Max = 123.631 μs
IQR = 0.942 μs, LowerFence = 120.298 μs, UpperFence = 124.066 μs
ConfidenceInterval = [121.234 μs; 123.072 μs] (CI 99.9%), Margin = 0.919 μs (0.75% of Mean)
Skewness = -0.31, Kurtosis = 2.39, MValue = 2

// ** Remained 2 (50.0 %) benchmark(s) to run. Estimated finish 2026-02-27 11:18 (0h 0m from now) **
// **************************
// Benchmark: VisualTreeBenchmark.OptimizedEnumerator: DefaultJob
// *** Execute ***
// Launch: 1 / 1
// Execute: dotnet Tedd.TUI.Benchmarks-DefaultJob-1.dll --anonymousPipes 127 128 --benchmarkName Tedd.TUI.Benchmarks.VisualTreeBenchmark.OptimizedEnumerator --job Default --benchmarkId 2 in /app/src/Tedd.TUI.Benchmarks/bin/Release/net10.0/Tedd.TUI.Benchmarks-DefaultJob-1/bin/Release/net10.0
// Failed to set up high priority (Permission denied). In order to run benchmarks with high priority, make sure you have the right permissions.
// BeforeAnythingElse

// Benchmark Process Environment Information:
// BenchmarkDotNet v0.15.8
// Runtime=.NET 10.0.0 (10.0.0, 10.0.25.52411), X64 RyuJIT x86-64-v3
// GC=Concurrent Workstation
// HardwareIntrinsics=AVX2+BMI1+BMI2+F16C+FMA+LZCNT+MOVBE,AVX,SSE3+SSSE3+SSE4.1+SSE4.2+POPCNT,X86Base+SSE+SSE2,AES+PCLMUL VectorSize=256
// Job: DefaultJob

OverheadJitting  1: 1 op, 265190.00 ns, 265.1900 us/op
WorkloadJitting  1: 1 op, 3710435.00 ns, 3.7104 ms/op

OverheadJitting  2: 16 op, 308915.00 ns, 19.3072 us/op
WorkloadJitting  2: 16 op, 13418958.00 ns, 838.6849 us/op

WorkloadPilot    1: 16 op, 11458797.00 ns, 716.1748 us/op
WorkloadPilot    2: 32 op, 22781241.00 ns, 711.9138 us/op
WorkloadPilot    3: 64 op, 44397469.00 ns, 693.7105 us/op
WorkloadPilot    4: 128 op, 48882065.00 ns, 381.8911 us/op
WorkloadPilot    5: 256 op, 32335440.00 ns, 126.3103 us/op
WorkloadPilot    6: 512 op, 62950545.00 ns, 122.9503 us/op
WorkloadPilot    7: 1024 op, 124517813.00 ns, 121.5994 us/op
WorkloadPilot    8: 2048 op, 249096487.00 ns, 121.6291 us/op
WorkloadPilot    9: 4096 op, 509615316.00 ns, 124.4178 us/op

OverheadWarmup   1: 4096 op, 17632.00 ns, 4.3047 ns/op
OverheadWarmup   2: 4096 op, 15564.00 ns, 3.7998 ns/op
OverheadWarmup   3: 4096 op, 15543.00 ns, 3.7947 ns/op
OverheadWarmup   4: 4096 op, 15553.00 ns, 3.7971 ns/op
OverheadWarmup   5: 4096 op, 15641.00 ns, 3.8186 ns/op
OverheadWarmup   6: 4096 op, 15727.00 ns, 3.8396 ns/op
OverheadWarmup   7: 4096 op, 15672.00 ns, 3.8262 ns/op
OverheadWarmup   8: 4096 op, 15759.00 ns, 3.8474 ns/op
OverheadWarmup   9: 4096 op, 15554.00 ns, 3.7974 ns/op

OverheadActual   1: 4096 op, 15661.00 ns, 3.8235 ns/op
OverheadActual   2: 4096 op, 15597.00 ns, 3.8079 ns/op
OverheadActual   3: 4096 op, 15771.00 ns, 3.8503 ns/op
OverheadActual   4: 4096 op, 15598.00 ns, 3.8081 ns/op
OverheadActual   5: 4096 op, 15491.00 ns, 3.7820 ns/op
OverheadActual   6: 4096 op, 15399.00 ns, 3.7595 ns/op
OverheadActual   7: 4096 op, 15179.00 ns, 3.7058 ns/op
OverheadActual   8: 4096 op, 17117.00 ns, 4.1790 ns/op
OverheadActual   9: 4096 op, 15253.00 ns, 3.7239 ns/op
OverheadActual  10: 4096 op, 15609.00 ns, 3.8108 ns/op
OverheadActual  11: 4096 op, 15634.00 ns, 3.8169 ns/op
OverheadActual  12: 4096 op, 15550.00 ns, 3.7964 ns/op
OverheadActual  13: 4096 op, 15509.00 ns, 3.7864 ns/op
OverheadActual  14: 4096 op, 22284.00 ns, 5.4404 ns/op
OverheadActual  15: 4096 op, 15511.00 ns, 3.7869 ns/op

WorkloadWarmup   1: 4096 op, 509650095.00 ns, 124.4263 us/op
WorkloadWarmup   2: 4096 op, 499054422.00 ns, 121.8395 us/op
WorkloadWarmup   3: 4096 op, 488273930.00 ns, 119.2075 us/op
WorkloadWarmup   4: 4096 op, 478193261.00 ns, 116.7464 us/op
WorkloadWarmup   5: 4096 op, 482539788.00 ns, 117.8076 us/op
WorkloadWarmup   6: 4096 op, 478800735.00 ns, 116.8947 us/op
WorkloadWarmup   7: 4096 op, 482391231.00 ns, 117.7713 us/op
WorkloadWarmup   8: 4096 op, 478763007.00 ns, 116.8855 us/op

// BeforeActualRun
WorkloadActual   1: 4096 op, 490225920.00 ns, 119.6841 us/op
WorkloadActual   2: 4096 op, 484923895.00 ns, 118.3896 us/op
WorkloadActual   3: 4096 op, 488872482.00 ns, 119.3536 us/op
WorkloadActual   4: 4096 op, 495103048.00 ns, 120.8748 us/op
WorkloadActual   5: 4096 op, 485310893.00 ns, 118.4841 us/op
WorkloadActual   6: 4096 op, 487419547.00 ns, 118.9989 us/op
WorkloadActual   7: 4096 op, 490663421.00 ns, 119.7909 us/op
WorkloadActual   8: 4096 op, 480909736.00 ns, 117.4096 us/op
WorkloadActual   9: 4096 op, 483569769.00 ns, 118.0590 us/op
WorkloadActual  10: 4096 op, 485119247.00 ns, 118.4373 us/op
WorkloadActual  11: 4096 op, 491399291.00 ns, 119.9705 us/op
WorkloadActual  12: 4096 op, 483055274.00 ns, 117.9334 us/op
WorkloadActual  13: 4096 op, 481656938.00 ns, 117.5920 us/op
WorkloadActual  14: 4096 op, 480061619.00 ns, 117.2025 us/op
WorkloadActual  15: 4096 op, 485700717.00 ns, 118.5793 us/op

// AfterActualRun
WorkloadResult   1: 4096 op, 490210323.00 ns, 119.6803 us/op
WorkloadResult   2: 4096 op, 484908298.00 ns, 118.3858 us/op
WorkloadResult   3: 4096 op, 488856885.00 ns, 119.3498 us/op
WorkloadResult   4: 4096 op, 495087451.00 ns, 120.8710 us/op
WorkloadResult   5: 4096 op, 485295296.00 ns, 118.4803 us/op
WorkloadResult   6: 4096 op, 487403950.00 ns, 118.9951 us/op
WorkloadResult   7: 4096 op, 490647824.00 ns, 119.7871 us/op
WorkloadResult   8: 4096 op, 480894139.00 ns, 117.4058 us/op
WorkloadResult   9: 4096 op, 483554172.00 ns, 118.0552 us/op
WorkloadResult  10: 4096 op, 485103650.00 ns, 118.4335 us/op
WorkloadResult  11: 4096 op, 491383694.00 ns, 119.9667 us/op
WorkloadResult  12: 4096 op, 483039677.00 ns, 117.9296 us/op
WorkloadResult  13: 4096 op, 481641341.00 ns, 117.5882 us/op
WorkloadResult  14: 4096 op, 480046022.00 ns, 117.1987 us/op
WorkloadResult  15: 4096 op, 485685120.00 ns, 118.5755 us/op
// GC:  0 0 0 17235968 4096
// Threading:  0 0 4096

// AfterAll
// Benchmark Process 2884 has exited with code 0.

Mean = 118.714 μs, StdErr = 0.271 μs (0.23%), N = 15, StdDev = 1.048 μs
Min = 117.199 μs, Q1 = 117.992 μs, Median = 118.480 μs, Q3 = 119.515 μs, Max = 120.871 μs
IQR = 1.523 μs, LowerFence = 115.708 μs, UpperFence = 121.799 μs
ConfidenceInterval = [117.593 μs; 119.834 μs] (CI 99.9%), Margin = 1.120 μs (0.94% of Mean)
Skewness = 0.37, Kurtosis = 2.04, MValue = 2

// ** Remained 1 (25.0 %) benchmark(s) to run. Estimated finish 2026-02-27 11:18 (0h 0m from now) **
// **************************
// Benchmark: VisualTreeBenchmark.CurrentImplementation: DefaultJob
// *** Execute ***
// Launch: 1 / 1
// Execute: dotnet Tedd.TUI.Benchmarks-DefaultJob-1.dll --anonymousPipes 127 128 --benchmarkName Tedd.TUI.Benchmarks.VisualTreeBenchmark.CurrentImplementation --job Default --benchmarkId 3 in /app/src/Tedd.TUI.Benchmarks/bin/Release/net10.0/Tedd.TUI.Benchmarks-DefaultJob-1/bin/Release/net10.0
// Failed to set up high priority (Permission denied). In order to run benchmarks with high priority, make sure you have the right permissions.
// BeforeAnythingElse

// Benchmark Process Environment Information:
// BenchmarkDotNet v0.15.8
// Runtime=.NET 10.0.0 (10.0.0, 10.0.25.52411), X64 RyuJIT x86-64-v3
// GC=Concurrent Workstation
// HardwareIntrinsics=AVX2+BMI1+BMI2+F16C+FMA+LZCNT+MOVBE,AVX,SSE3+SSSE3+SSE4.1+SSE4.2+POPCNT,X86Base+SSE+SSE2,AES+PCLMUL VectorSize=256
// Job: DefaultJob

OverheadJitting  1: 1 op, 337450.00 ns, 337.4500 us/op
WorkloadJitting  1: 1 op, 5760353.00 ns, 5.7604 ms/op

OverheadJitting  2: 16 op, 395286.00 ns, 24.7054 us/op
WorkloadJitting  2: 16 op, 18954297.00 ns, 1.1846 ms/op

WorkloadPilot    1: 16 op, 11192990.00 ns, 699.5619 us/op
WorkloadPilot    2: 32 op, 22029336.00 ns, 688.4168 us/op
WorkloadPilot    3: 64 op, 43030630.00 ns, 672.3536 us/op
WorkloadPilot    4: 128 op, 37157817.00 ns, 290.2954 us/op
WorkloadPilot    5: 256 op, 32061556.00 ns, 125.2405 us/op
WorkloadPilot    6: 512 op, 61696587.00 ns, 120.5011 us/op
WorkloadPilot    7: 1024 op, 123005095.00 ns, 120.1222 us/op
WorkloadPilot    8: 2048 op, 245989402.00 ns, 120.1120 us/op
WorkloadPilot    9: 4096 op, 495656191.00 ns, 121.0098 us/op
WorkloadPilot   10: 8192 op, 987208146.00 ns, 120.5088 us/op

OverheadWarmup   1: 8192 op, 32911.00 ns, 4.0175 ns/op
OverheadWarmup   2: 8192 op, 30015.00 ns, 3.6639 ns/op
OverheadWarmup   3: 8192 op, 29749.00 ns, 3.6315 ns/op
OverheadWarmup   4: 8192 op, 29653.00 ns, 3.6198 ns/op
OverheadWarmup   5: 8192 op, 29955.00 ns, 3.6566 ns/op
OverheadWarmup   6: 8192 op, 29590.00 ns, 3.6121 ns/op
OverheadWarmup   7: 8192 op, 29569.00 ns, 3.6095 ns/op
OverheadWarmup   8: 8192 op, 29538.00 ns, 3.6057 ns/op
OverheadWarmup   9: 8192 op, 31599.00 ns, 3.8573 ns/op
OverheadWarmup  10: 8192 op, 36153.00 ns, 4.4132 ns/op

OverheadActual   1: 8192 op, 62929.00 ns, 7.6818 ns/op
OverheadActual   2: 8192 op, 30378.00 ns, 3.7083 ns/op
OverheadActual   3: 8192 op, 29787.00 ns, 3.6361 ns/op
OverheadActual   4: 8192 op, 30088.00 ns, 3.6729 ns/op
OverheadActual   5: 8192 op, 29926.00 ns, 3.6531 ns/op
OverheadActual   6: 8192 op, 29748.00 ns, 3.6313 ns/op
OverheadActual   7: 8192 op, 31707.00 ns, 3.8705 ns/op
OverheadActual   8: 8192 op, 29860.00 ns, 3.6450 ns/op
OverheadActual   9: 8192 op, 29574.00 ns, 3.6101 ns/op
OverheadActual  10: 8192 op, 29822.00 ns, 3.6404 ns/op
OverheadActual  11: 8192 op, 30022.00 ns, 3.6648 ns/op
OverheadActual  12: 8192 op, 29722.00 ns, 3.6282 ns/op
OverheadActual  13: 8192 op, 36589.00 ns, 4.4664 ns/op
OverheadActual  14: 8192 op, 29672.00 ns, 3.6221 ns/op
OverheadActual  15: 8192 op, 31643.00 ns, 3.8627 ns/op

WorkloadWarmup   1: 8192 op, 1031202027.00 ns, 125.8792 us/op
WorkloadWarmup   2: 8192 op, 1003791110.00 ns, 122.5331 us/op
WorkloadWarmup   3: 8192 op, 1011220765.00 ns, 123.4400 us/op
WorkloadWarmup   4: 8192 op, 989869037.00 ns, 120.8336 us/op
WorkloadWarmup   5: 8192 op, 999620064.00 ns, 122.0239 us/op
WorkloadWarmup   6: 8192 op, 996856109.00 ns, 121.6865 us/op

// BeforeActualRun
WorkloadActual   1: 8192 op, 1001030631.00 ns, 122.1961 us/op
WorkloadActual   2: 8192 op, 996461052.00 ns, 121.6383 us/op
WorkloadActual   3: 8192 op, 981521667.00 ns, 119.8147 us/op
WorkloadActual   4: 8192 op, 998817095.00 ns, 121.9259 us/op
WorkloadActual   5: 8192 op, 1006693919.00 ns, 122.8874 us/op
WorkloadActual   6: 8192 op, 995530125.00 ns, 121.5247 us/op
WorkloadActual   7: 8192 op, 998168419.00 ns, 121.8467 us/op
WorkloadActual   8: 8192 op, 1060447280.00 ns, 129.4491 us/op
WorkloadActual   9: 8192 op, 985348170.00 ns, 120.2818 us/op
WorkloadActual  10: 8192 op, 985233412.00 ns, 120.2678 us/op
WorkloadActual  11: 8192 op, 991034128.00 ns, 120.9758 us/op
WorkloadActual  12: 8192 op, 989766285.00 ns, 120.8211 us/op
WorkloadActual  13: 8192 op, 988546135.00 ns, 120.6721 us/op
WorkloadActual  14: 8192 op, 1006073809.00 ns, 122.8117 us/op
WorkloadActual  15: 8192 op, 997540128.00 ns, 121.7700 us/op

// AfterActualRun
WorkloadResult   1: 8192 op, 1001000705.00 ns, 122.1925 us/op
WorkloadResult   2: 8192 op, 996431126.00 ns, 121.6347 us/op
WorkloadResult   3: 8192 op, 981491741.00 ns, 119.8110 us/op
WorkloadResult   4: 8192 op, 998787169.00 ns, 121.9223 us/op
WorkloadResult   5: 8192 op, 1006663993.00 ns, 122.8838 us/op
WorkloadResult   6: 8192 op, 995500199.00 ns, 121.5210 us/op
WorkloadResult   7: 8192 op, 998138493.00 ns, 121.8431 us/op
WorkloadResult   8: 8192 op, 985318244.00 ns, 120.2781 us/op
WorkloadResult   9: 8192 op, 985203486.00 ns, 120.2641 us/op
WorkloadResult  10: 8192 op, 991004202.00 ns, 120.9722 us/op
WorkloadResult  11: 8192 op, 989736359.00 ns, 120.8174 us/op
WorkloadResult  12: 8192 op, 988516209.00 ns, 120.6685 us/op
WorkloadResult  13: 8192 op, 1006043883.00 ns, 122.8081 us/op
WorkloadResult  14: 8192 op, 997510202.00 ns, 121.7664 us/op
// GC:  0 0 0 1179648 8192
// Threading:  0 0 8192

// AfterAll
// Benchmark Process 2895 has exited with code 0.

Mean = 121.385 μs, StdErr = 0.253 μs (0.21%), N = 14, StdDev = 0.945 μs
Min = 119.811 μs, Q1 = 120.706 μs, Median = 121.578 μs, Q3 = 121.902 μs, Max = 122.884 μs
IQR = 1.197 μs, LowerFence = 118.911 μs, UpperFence = 123.698 μs
ConfidenceInterval = [120.318 μs; 122.451 μs] (CI 99.9%), Margin = 1.066 μs (0.88% of Mean)
Skewness = -0.01, Kurtosis = 1.73, MValue = 2

// ** Remained 0 (0.0 %) benchmark(s) to run. Estimated finish 2026-02-27 11:18 (0h 0m from now) **
// ***** BenchmarkRunner: Finish  *****

// * Export *
  BenchmarkDotNet.Artifacts/results/Tedd.TUI.Benchmarks.VisualTreeBenchmark-report.csv
  BenchmarkDotNet.Artifacts/results/Tedd.TUI.Benchmarks.VisualTreeBenchmark-report-github.md
  BenchmarkDotNet.Artifacts/results/Tedd.TUI.Benchmarks.VisualTreeBenchmark-report.html

// * Detailed results *
VisualTreeBenchmark.IterativeYield: DefaultJob
Runtime = .NET 10.0.0 (10.0.0, 10.0.25.52411), X64 RyuJIT x86-64-v3; GC = Concurrent Workstation
Mean = 119.459 μs, StdErr = 0.206 μs (0.17%), N = 31, StdDev = 1.147 μs
Min = 118.080 μs, Q1 = 118.897 μs, Median = 119.222 μs, Q3 = 119.584 μs, Max = 123.407 μs
IQR = 0.688 μs, LowerFence = 117.865 μs, UpperFence = 120.616 μs
ConfidenceInterval = [118.707 μs; 120.210 μs] (CI 99.9%), Margin = 0.751 μs (0.63% of Mean)
Skewness = 2.02, Kurtosis = 7.08, MValue = 2
-------------------- Histogram --------------------
[117.601 μs ; 120.603 μs) | @@@@@@@@@@@@@@@@@@@@@@@@@@@
[120.603 μs ; 123.886 μs) | @@@@
---------------------------------------------------

VisualTreeBenchmark.RecursiveList: DefaultJob
Runtime = .NET 10.0.0 (10.0.0, 10.0.25.52411), X64 RyuJIT x86-64-v3; GC = Concurrent Workstation
Mean = 122.153 μs, StdErr = 0.222 μs (0.18%), N = 15, StdDev = 0.860 μs
Min = 120.363 μs, Q1 = 121.711 μs, Median = 122.171 μs, Q3 = 122.653 μs, Max = 123.631 μs
IQR = 0.942 μs, LowerFence = 120.298 μs, UpperFence = 124.066 μs
ConfidenceInterval = [121.234 μs; 123.072 μs] (CI 99.9%), Margin = 0.919 μs (0.75% of Mean)
Skewness = -0.31, Kurtosis = 2.39, MValue = 2
-------------------- Histogram --------------------
[119.905 μs ; 124.088 μs) | @@@@@@@@@@@@@@@
---------------------------------------------------

VisualTreeBenchmark.OptimizedEnumerator: DefaultJob
Runtime = .NET 10.0.0 (10.0.0, 10.0.25.52411), X64 RyuJIT x86-64-v3; GC = Concurrent Workstation
Mean = 118.714 μs, StdErr = 0.271 μs (0.23%), N = 15, StdDev = 1.048 μs
Min = 117.199 μs, Q1 = 117.992 μs, Median = 118.480 μs, Q3 = 119.515 μs, Max = 120.871 μs
IQR = 1.523 μs, LowerFence = 115.708 μs, UpperFence = 121.799 μs
ConfidenceInterval = [117.593 μs; 119.834 μs] (CI 99.9%), Margin = 1.120 μs (0.94% of Mean)
Skewness = 0.37, Kurtosis = 2.04, MValue = 2
-------------------- Histogram --------------------
[116.901 μs ; 121.429 μs) | @@@@@@@@@@@@@@@
---------------------------------------------------

VisualTreeBenchmark.CurrentImplementation: DefaultJob
Runtime = .NET 10.0.0 (10.0.0, 10.0.25.52411), X64 RyuJIT x86-64-v3; GC = Concurrent Workstation
Mean = 121.385 μs, StdErr = 0.253 μs (0.21%), N = 14, StdDev = 0.945 μs
Min = 119.811 μs, Q1 = 120.706 μs, Median = 121.578 μs, Q3 = 121.902 μs, Max = 122.884 μs
IQR = 1.197 μs, LowerFence = 118.911 μs, UpperFence = 123.698 μs
ConfidenceInterval = [120.318 μs; 122.451 μs] (CI 99.9%), Margin = 1.066 μs (0.88% of Mean)
Skewness = -0.01, Kurtosis = 1.73, MValue = 2
-------------------- Histogram --------------------
[119.296 μs ; 123.075 μs) | @@@@@@@@@@@@@@
---------------------------------------------------

// * Summary *

BenchmarkDotNet v0.15.8, Linux Ubuntu 24.04.3 LTS (Noble Numbat)
Intel Xeon Processor 2.30GHz, 1 CPU, 4 logical and 4 physical cores
.NET SDK 10.0.100
  [Host]     : .NET 10.0.0 (10.0.0, 10.0.25.52411), X64 RyuJIT x86-64-v3
  DefaultJob : .NET 10.0.0 (10.0.0, 10.0.25.52411), X64 RyuJIT x86-64-v3


| Method                | Mean     | Error   | StdDev  | Ratio | Gen0   | Gen1   | Allocated | Alloc Ratio |
|---------------------- |---------:|--------:|--------:|------:|-------:|-------:|----------:|------------:|
| IterativeYield        | 119.5 μs | 0.75 μs | 1.15 μs |  1.00 |      - |      - |    4280 B |        1.00 |
| RecursiveList         | 122.2 μs | 0.92 μs | 0.86 μs |  1.02 | 2.9297 | 0.2441 |   70240 B |       16.41 |
| OptimizedEnumerator   | 118.7 μs | 1.12 μs | 1.05 μs |  0.99 |      - |      - |    4208 B |        0.98 |
| CurrentImplementation | 121.4 μs | 1.07 μs | 0.95 μs |  1.02 |      - |      - |     144 B |        0.03 |

// * Hints *
Outliers
  VisualTreeBenchmark.IterativeYield: Default        -> 10 outliers were removed (151.72 μs..218.57 μs)
  VisualTreeBenchmark.CurrentImplementation: Default -> 1 outlier  was  removed (129.45 μs)

// * Legends *
  Mean        : Arithmetic mean of all measurements
  Error       : Half of 99.9% confidence interval
  StdDev      : Standard deviation of all measurements
  Ratio       : Mean of the ratio distribution ([Current]/[Baseline])
  Gen0        : GC Generation 0 collects per 1000 operations
  Gen1        : GC Generation 1 collects per 1000 operations
  Allocated   : Allocated memory per single operation (managed only, inclusive, 1KB = 1024B)
  Alloc Ratio : Allocated memory ratio distribution ([Current]/[Baseline])
  1 μs        : 1 Microsecond (0.000001 sec)

// * Diagnostic Output - MemoryDiagnoser *


// ***** BenchmarkRunner: End *****
Run time: 00:01:31 (91.37 sec), executed benchmarks: 4

Global total time: 00:01:59 (119.26 sec), executed benchmarks: 4
// * Artifacts cleanup *
Artifacts cleanup is finished
