// Validating benchmarks:
// ***** BenchmarkRunner: Start   *****
// ***** Found 2 benchmark(s) in total *****
// ***** Building 1 exe(s) in Parallel: Start   *****
// start dotnet  restore /p:UseSharedCompilation=false /p:BuildInParallel=false /m:1 /p:Deterministic=true /p:Optimize=true in /app/src/Tedd.TUI.Benchmarks/bin/Release/net10.0/579f2201-1eb5-4901-a3ec-22439e5b0543
// command took 2.66 sec and exited with 0
// start dotnet  build -c Release --no-restore /p:UseSharedCompilation=false /p:BuildInParallel=false /m:1 /p:Deterministic=true /p:Optimize=true in /app/src/Tedd.TUI.Benchmarks/bin/Release/net10.0/579f2201-1eb5-4901-a3ec-22439e5b0543
// command took 6.56 sec and exited with 0
// ***** Done, took 00:00:09 (9.33 sec)   *****
// Found 2 benchmarks:
//   ConsoleRendererBenchmarks.LegacyRender: DefaultJob
//   ConsoleRendererBenchmarks.ModernRender: DefaultJob

// **************************
// Benchmark: ConsoleRendererBenchmarks.LegacyRender: DefaultJob
// *** Execute ***
// Launch: 1 / 1
// Execute: dotnet 579f2201-1eb5-4901-a3ec-22439e5b0543.dll --anonymousPipes 118 119 --benchmarkName Tedd.TUI.Benchmarks.ConsoleRendererBenchmarks.LegacyRender --job Default --benchmarkId 0 in /app/src/Tedd.TUI.Benchmarks/bin/Release/net10.0/579f2201-1eb5-4901-a3ec-22439e5b0543/bin/Release/net10.0
// Failed to set up high priority (Permission denied). In order to run benchmarks with high priority, make sure you have the right permissions.
// BeforeAnythingElse

// Benchmark Process Environment Information:
// BenchmarkDotNet v0.13.12
// Runtime=.NET 10.0.0 (10.0.25.52411), X64 RyuJIT AVX2
// GC=Concurrent Workstation
// HardwareIntrinsics=AVX2,AES,BMI1,BMI2,FMA,LZCNT,PCLMUL,POPCNT VectorSize=256
// Job: DefaultJob

OverheadJitting  1: 1 op, 422509.00 ns, 422.5090 us/op
WorkloadJitting  1: 1 op, 530851.00 ns, 530.8510 us/op

OverheadJitting  2: 16 op, 324042.00 ns, 20.2526 us/op
WorkloadJitting  2: 16 op, 6016565.00 ns, 376.0353 us/op

WorkloadPilot    1: 16 op, 895160.00 ns, 55.9475 us/op
WorkloadPilot    2: 32 op, 1732681.00 ns, 54.1463 us/op
WorkloadPilot    3: 64 op, 3365672.00 ns, 52.5886 us/op
WorkloadPilot    4: 128 op, 6929484.00 ns, 54.1366 us/op
WorkloadPilot    5: 256 op, 13281081.00 ns, 51.8792 us/op
WorkloadPilot    6: 512 op, 26331534.00 ns, 51.4288 us/op
WorkloadPilot    7: 1024 op, 53243258.00 ns, 51.9954 us/op
WorkloadPilot    8: 2048 op, 85928050.00 ns, 41.9571 us/op
WorkloadPilot    9: 4096 op, 71120892.00 ns, 17.3635 us/op
WorkloadPilot   10: 8192 op, 141172929.00 ns, 17.2330 us/op
WorkloadPilot   11: 16384 op, 285896060.00 ns, 17.4497 us/op
WorkloadPilot   12: 32768 op, 571958990.00 ns, 17.4548 us/op

OverheadWarmup   1: 32768 op, 116354.00 ns, 3.5508 ns/op
OverheadWarmup   2: 32768 op, 114688.00 ns, 3.5000 ns/op
OverheadWarmup   3: 32768 op, 153801.00 ns, 4.6936 ns/op
OverheadWarmup   4: 32768 op, 114409.00 ns, 3.4915 ns/op
OverheadWarmup   5: 32768 op, 147203.00 ns, 4.4923 ns/op
OverheadWarmup   6: 32768 op, 157064.00 ns, 4.7932 ns/op
OverheadWarmup   7: 32768 op, 115943.00 ns, 3.5383 ns/op

OverheadActual   1: 32768 op, 114520.00 ns, 3.4949 ns/op
OverheadActual   2: 32768 op, 154905.00 ns, 4.7273 ns/op
OverheadActual   3: 32768 op, 121434.00 ns, 3.7059 ns/op
OverheadActual   4: 32768 op, 116806.00 ns, 3.5646 ns/op
OverheadActual   5: 32768 op, 115337.00 ns, 3.5198 ns/op
OverheadActual   6: 32768 op, 115590.00 ns, 3.5275 ns/op
OverheadActual   7: 32768 op, 114488.00 ns, 3.4939 ns/op
OverheadActual   8: 32768 op, 115505.00 ns, 3.5249 ns/op
OverheadActual   9: 32768 op, 120755.00 ns, 3.6852 ns/op
OverheadActual  10: 32768 op, 115521.00 ns, 3.5254 ns/op
OverheadActual  11: 32768 op, 142304.00 ns, 4.3428 ns/op
OverheadActual  12: 32768 op, 115429.00 ns, 3.5226 ns/op
OverheadActual  13: 32768 op, 114627.00 ns, 3.4981 ns/op
OverheadActual  14: 32768 op, 115468.00 ns, 3.5238 ns/op
OverheadActual  15: 32768 op, 121207.00 ns, 3.6989 ns/op

WorkloadWarmup   1: 32768 op, 571517460.00 ns, 17.4413 us/op
WorkloadWarmup   2: 32768 op, 568194905.00 ns, 17.3399 us/op
WorkloadWarmup   3: 32768 op, 566834814.00 ns, 17.2984 us/op
WorkloadWarmup   4: 32768 op, 571915389.00 ns, 17.4535 us/op
WorkloadWarmup   5: 32768 op, 565750361.00 ns, 17.2653 us/op
WorkloadWarmup   6: 32768 op, 571452891.00 ns, 17.4394 us/op
WorkloadWarmup   7: 32768 op, 572218105.00 ns, 17.4627 us/op
WorkloadWarmup   8: 32768 op, 577579063.00 ns, 17.6263 us/op
WorkloadWarmup   9: 32768 op, 572156713.00 ns, 17.4608 us/op

// BeforeActualRun
WorkloadActual   1: 32768 op, 575058179.00 ns, 17.5494 us/op
WorkloadActual   2: 32768 op, 573192363.00 ns, 17.4924 us/op
WorkloadActual   3: 32768 op, 571186983.00 ns, 17.4312 us/op
WorkloadActual   4: 32768 op, 571620215.00 ns, 17.4445 us/op
WorkloadActual   5: 32768 op, 570030717.00 ns, 17.3960 us/op
WorkloadActual   6: 32768 op, 567644768.00 ns, 17.3231 us/op
WorkloadActual   7: 32768 op, 572822832.00 ns, 17.4812 us/op
WorkloadActual   8: 32768 op, 568746835.00 ns, 17.3568 us/op
WorkloadActual   9: 32768 op, 570308841.00 ns, 17.4044 us/op
WorkloadActual  10: 32768 op, 573659675.00 ns, 17.5067 us/op
WorkloadActual  11: 32768 op, 574127124.00 ns, 17.5210 us/op
WorkloadActual  12: 32768 op, 574299675.00 ns, 17.5262 us/op
WorkloadActual  13: 32768 op, 575448446.00 ns, 17.5613 us/op
WorkloadActual  14: 32768 op, 574452252.00 ns, 17.5309 us/op
WorkloadActual  15: 32768 op, 575515629.00 ns, 17.5633 us/op

// AfterActualRun
WorkloadResult   1: 32768 op, 574942658.00 ns, 17.5459 us/op
WorkloadResult   2: 32768 op, 573076842.00 ns, 17.4889 us/op
WorkloadResult   3: 32768 op, 571071462.00 ns, 17.4277 us/op
WorkloadResult   4: 32768 op, 571504694.00 ns, 17.4409 us/op
WorkloadResult   5: 32768 op, 569915196.00 ns, 17.3924 us/op
WorkloadResult   6: 32768 op, 567529247.00 ns, 17.3196 us/op
WorkloadResult   7: 32768 op, 572707311.00 ns, 17.4776 us/op
WorkloadResult   8: 32768 op, 568631314.00 ns, 17.3533 us/op
WorkloadResult   9: 32768 op, 570193320.00 ns, 17.4009 us/op
WorkloadResult  10: 32768 op, 573544154.00 ns, 17.5032 us/op
WorkloadResult  11: 32768 op, 574011603.00 ns, 17.5174 us/op
WorkloadResult  12: 32768 op, 574184154.00 ns, 17.5227 us/op
WorkloadResult  13: 32768 op, 575332925.00 ns, 17.5578 us/op
WorkloadResult  14: 32768 op, 574336731.00 ns, 17.5274 us/op
WorkloadResult  15: 32768 op, 575400108.00 ns, 17.5598 us/op
// GC:  0 0 0 3408608 32768
// Threading:  0 0 32768

// AfterAll
// Benchmark Process 6227 has exited with code 0.

Mean = 17.469 μs, StdErr = 0.020 μs (0.11%), N = 15, StdDev = 0.076 μs
Min = 17.320 μs, Q1 = 17.414 μs, Median = 17.489 μs, Q3 = 17.525 μs, Max = 17.560 μs
IQR = 0.111 μs, LowerFence = 17.248 μs, UpperFence = 17.691 μs
ConfidenceInterval = [17.388 μs; 17.550 μs] (CI 99.9%), Margin = 0.081 μs (0.47% of Mean)
Skewness = -0.5, Kurtosis = 1.85, MValue = 2

// ** Remained 1 (50.0 %) benchmark(s) to run. Estimated finish 2026-02-28 4:32 (0h 0m from now) **
// **************************
// Benchmark: ConsoleRendererBenchmarks.ModernRender: DefaultJob
// *** Execute ***
// Launch: 1 / 1
// Execute: dotnet 579f2201-1eb5-4901-a3ec-22439e5b0543.dll --anonymousPipes 118 119 --benchmarkName Tedd.TUI.Benchmarks.ConsoleRendererBenchmarks.ModernRender --job Default --benchmarkId 1 in /app/src/Tedd.TUI.Benchmarks/bin/Release/net10.0/579f2201-1eb5-4901-a3ec-22439e5b0543/bin/Release/net10.0
// Failed to set up high priority (Permission denied). In order to run benchmarks with high priority, make sure you have the right permissions.
// BeforeAnythingElse

// Benchmark Process Environment Information:
// BenchmarkDotNet v0.13.12
// Runtime=.NET 10.0.0 (10.0.25.52411), X64 RyuJIT AVX2
// GC=Concurrent Workstation
// HardwareIntrinsics=AVX2,AES,BMI1,BMI2,FMA,LZCNT,PCLMUL,POPCNT VectorSize=256
// Job: DefaultJob

OverheadJitting  1: 1 op, 381333.00 ns, 381.3330 us/op
WorkloadJitting  1: 1 op, 458385.00 ns, 458.3850 us/op

OverheadJitting  2: 16 op, 429422.00 ns, 26.8389 us/op
WorkloadJitting  2: 16 op, 6753530.00 ns, 422.0956 us/op

WorkloadPilot    1: 16 op, 630827.00 ns, 39.4267 us/op
WorkloadPilot    2: 32 op, 1390527.00 ns, 43.4540 us/op
WorkloadPilot    3: 64 op, 2204479.00 ns, 34.4450 us/op
WorkloadPilot    4: 128 op, 4349257.00 ns, 33.9786 us/op
WorkloadPilot    5: 256 op, 8311293.00 ns, 32.4660 us/op
WorkloadPilot    6: 512 op, 17099934.00 ns, 33.3983 us/op
WorkloadPilot    7: 1024 op, 32764614.00 ns, 31.9967 us/op
WorkloadPilot    8: 2048 op, 66656670.00 ns, 32.5472 us/op
WorkloadPilot    9: 4096 op, 87205705.00 ns, 21.2905 us/op
WorkloadPilot   10: 8192 op, 108116022.00 ns, 13.1978 us/op
WorkloadPilot   11: 16384 op, 216337473.00 ns, 13.2042 us/op
WorkloadPilot   12: 32768 op, 426938149.00 ns, 13.0291 us/op
WorkloadPilot   13: 65536 op, 862091829.00 ns, 13.1545 us/op

OverheadWarmup   1: 65536 op, 232087.00 ns, 3.5414 ns/op
OverheadWarmup   2: 65536 op, 236157.00 ns, 3.6035 ns/op
OverheadWarmup   3: 65536 op, 264759.00 ns, 4.0399 ns/op
OverheadWarmup   4: 65536 op, 291902.00 ns, 4.4541 ns/op
OverheadWarmup   5: 65536 op, 232845.00 ns, 3.5529 ns/op
OverheadWarmup   6: 65536 op, 229147.00 ns, 3.4965 ns/op
OverheadWarmup   7: 65536 op, 266122.00 ns, 4.0607 ns/op
OverheadWarmup   8: 65536 op, 230248.00 ns, 3.5133 ns/op

OverheadActual   1: 65536 op, 351300.00 ns, 5.3604 ns/op
OverheadActual   2: 65536 op, 397396.00 ns, 6.0638 ns/op
OverheadActual   3: 65536 op, 228468.00 ns, 3.4861 ns/op
OverheadActual   4: 65536 op, 289220.00 ns, 4.4131 ns/op
OverheadActual   5: 65536 op, 268637.00 ns, 4.0991 ns/op
OverheadActual   6: 65536 op, 228946.00 ns, 3.4934 ns/op
OverheadActual   7: 65536 op, 263983.00 ns, 4.0281 ns/op
OverheadActual   8: 65536 op, 247456.00 ns, 3.7759 ns/op
OverheadActual   9: 65536 op, 239280.00 ns, 3.6511 ns/op
OverheadActual  10: 65536 op, 229127.00 ns, 3.4962 ns/op
OverheadActual  11: 65536 op, 229149.00 ns, 3.4965 ns/op
OverheadActual  12: 65536 op, 229262.00 ns, 3.4983 ns/op
OverheadActual  13: 65536 op, 229201.00 ns, 3.4973 ns/op
OverheadActual  14: 65536 op, 229128.00 ns, 3.4962 ns/op
OverheadActual  15: 65536 op, 229200.00 ns, 3.4973 ns/op
OverheadActual  16: 65536 op, 230495.00 ns, 3.5171 ns/op
OverheadActual  17: 65536 op, 237202.00 ns, 3.6194 ns/op
OverheadActual  18: 65536 op, 229400.00 ns, 3.5004 ns/op
OverheadActual  19: 65536 op, 231821.00 ns, 3.5373 ns/op
OverheadActual  20: 65536 op, 286722.00 ns, 4.3750 ns/op

WorkloadWarmup   1: 65536 op, 866143950.00 ns, 13.2163 us/op
WorkloadWarmup   2: 65536 op, 858136696.00 ns, 13.0941 us/op
WorkloadWarmup   3: 65536 op, 864150946.00 ns, 13.1859 us/op
WorkloadWarmup   4: 65536 op, 855729358.00 ns, 13.0574 us/op
WorkloadWarmup   5: 65536 op, 858162627.00 ns, 13.0945 us/op
WorkloadWarmup   6: 65536 op, 856503569.00 ns, 13.0692 us/op

// BeforeActualRun
WorkloadActual   1: 65536 op, 850629608.00 ns, 12.9796 us/op
WorkloadActual   2: 65536 op, 847173786.00 ns, 12.9268 us/op
WorkloadActual   3: 65536 op, 847315931.00 ns, 12.9290 us/op
WorkloadActual   4: 65536 op, 847974900.00 ns, 12.9391 us/op
WorkloadActual   5: 65536 op, 855922078.00 ns, 13.0603 us/op
WorkloadActual   6: 65536 op, 848548980.00 ns, 12.9478 us/op
WorkloadActual   7: 65536 op, 851704310.00 ns, 12.9960 us/op
WorkloadActual   8: 65536 op, 846960063.00 ns, 12.9236 us/op
WorkloadActual   9: 65536 op, 852850988.00 ns, 13.0135 us/op
WorkloadActual  10: 65536 op, 850914819.00 ns, 12.9839 us/op
WorkloadActual  11: 65536 op, 849182156.00 ns, 12.9575 us/op
WorkloadActual  12: 65536 op, 852621262.00 ns, 13.0100 us/op
WorkloadActual  13: 65536 op, 853196222.00 ns, 13.0187 us/op
WorkloadActual  14: 65536 op, 851836171.00 ns, 12.9980 us/op
WorkloadActual  15: 65536 op, 850438773.00 ns, 12.9767 us/op

// AfterActualRun
WorkloadResult   1: 65536 op, 850398450.00 ns, 12.9761 us/op
WorkloadResult   2: 65536 op, 846942628.00 ns, 12.9233 us/op
WorkloadResult   3: 65536 op, 847084773.00 ns, 12.9255 us/op
WorkloadResult   4: 65536 op, 847743742.00 ns, 12.9355 us/op
WorkloadResult   5: 65536 op, 855690920.00 ns, 13.0568 us/op
WorkloadResult   6: 65536 op, 848317822.00 ns, 12.9443 us/op
WorkloadResult   7: 65536 op, 851473152.00 ns, 12.9924 us/op
WorkloadResult   8: 65536 op, 846728905.00 ns, 12.9201 us/op
WorkloadResult   9: 65536 op, 852619830.00 ns, 13.0099 us/op
WorkloadResult  10: 65536 op, 850683661.00 ns, 12.9804 us/op
WorkloadResult  11: 65536 op, 848950998.00 ns, 12.9540 us/op
WorkloadResult  12: 65536 op, 852390104.00 ns, 13.0064 us/op
WorkloadResult  13: 65536 op, 852965064.00 ns, 13.0152 us/op
WorkloadResult  14: 65536 op, 851605013.00 ns, 12.9945 us/op
WorkloadResult  15: 65536 op, 850207615.00 ns, 12.9731 us/op
// GC:  0 0 0 736 65536
// Threading:  0 0 65536

// AfterAll
// Benchmark Process 6240 has exited with code 0.

Mean = 12.974 μs, StdErr = 0.010 μs (0.08%), N = 15, StdDev = 0.040 μs
Min = 12.920 μs, Q1 = 12.940 μs, Median = 12.976 μs, Q3 = 13.000 μs, Max = 13.057 μs
IQR = 0.061 μs, LowerFence = 12.849 μs, UpperFence = 13.091 μs
ConfidenceInterval = [12.931 μs; 13.017 μs] (CI 99.9%), Margin = 0.043 μs (0.33% of Mean)
Skewness = 0.26, Kurtosis = 2.02, MValue = 2

// ** Remained 0 (0.0 %) benchmark(s) to run. Estimated finish 2026-02-28 4:32 (0h 0m from now) **
// ***** BenchmarkRunner: Finish  *****

// * Export *
  BenchmarkDotNet.Artifacts/results/Tedd.TUI.Benchmarks.ConsoleRendererBenchmarks-report.csv
  BenchmarkDotNet.Artifacts/results/Tedd.TUI.Benchmarks.ConsoleRendererBenchmarks-report-github.md
  BenchmarkDotNet.Artifacts/results/Tedd.TUI.Benchmarks.ConsoleRendererBenchmarks-report.html

// * Detailed results *
ConsoleRendererBenchmarks.LegacyRender: DefaultJob
Runtime = .NET 10.0.0 (10.0.25.52411), X64 RyuJIT AVX2; GC = Concurrent Workstation
Mean = 17.469 μs, StdErr = 0.020 μs (0.11%), N = 15, StdDev = 0.076 μs
Min = 17.320 μs, Q1 = 17.414 μs, Median = 17.489 μs, Q3 = 17.525 μs, Max = 17.560 μs
IQR = 0.111 μs, LowerFence = 17.248 μs, UpperFence = 17.691 μs
ConfidenceInterval = [17.388 μs; 17.550 μs] (CI 99.9%), Margin = 0.081 μs (0.47% of Mean)
Skewness = -0.5, Kurtosis = 1.85, MValue = 2
-------------------- Histogram --------------------
[17.279 μs ; 17.600 μs) | @@@@@@@@@@@@@@@
---------------------------------------------------

ConsoleRendererBenchmarks.ModernRender: DefaultJob
Runtime = .NET 10.0.0 (10.0.25.52411), X64 RyuJIT AVX2; GC = Concurrent Workstation
Mean = 12.974 μs, StdErr = 0.010 μs (0.08%), N = 15, StdDev = 0.040 μs
Min = 12.920 μs, Q1 = 12.940 μs, Median = 12.976 μs, Q3 = 13.000 μs, Max = 13.057 μs
IQR = 0.061 μs, LowerFence = 12.849 μs, UpperFence = 13.091 μs
ConfidenceInterval = [12.931 μs; 13.017 μs] (CI 99.9%), Margin = 0.043 μs (0.33% of Mean)
Skewness = 0.26, Kurtosis = 2.02, MValue = 2
-------------------- Histogram --------------------
[12.899 μs ; 13.078 μs) | @@@@@@@@@@@@@@@
---------------------------------------------------

// * Summary *

BenchmarkDotNet v0.13.12, Ubuntu 24.04.3 LTS (Noble Numbat)
Intel Xeon Processor 2.30GHz, 1 CPU, 4 logical and 4 physical cores
.NET SDK 10.0.100
  [Host]     : .NET 10.0.0 (10.0.25.52411), X64 RyuJIT AVX2
  DefaultJob : .NET 10.0.0 (10.0.25.52411), X64 RyuJIT AVX2


| Method       | Mean     | Error    | StdDev   | Ratio | Allocated | Alloc Ratio |
|------------- |---------:|---------:|---------:|------:|----------:|------------:|
| LegacyRender | 17.47 μs | 0.081 μs | 0.076 μs |  1.00 |     104 B |        1.00 |
| ModernRender | 12.97 μs | 0.043 μs | 0.040 μs |  0.74 |         - |        0.00 |

// * Legends *
  Mean        : Arithmetic mean of all measurements
  Error       : Half of 99.9% confidence interval
  StdDev      : Standard deviation of all measurements
  Ratio       : Mean of the ratio distribution ([Current]/[Baseline])
  Allocated   : Allocated memory per single operation (managed only, inclusive, 1KB = 1024B)
  Alloc Ratio : Allocated memory ratio distribution ([Current]/[Baseline])
  1 μs        : 1 Microsecond (0.000001 sec)

// * Diagnostic Output - MemoryDiagnoser *


// ***** BenchmarkRunner: End *****
Run time: 00:00:37 (37.15 sec), executed benchmarks: 2

Global total time: 00:00:46 (46.66 sec), executed benchmarks: 2
// * Artifacts cleanup *
Artifacts cleanup is finished
