// Validating benchmarks:
// ***** BenchmarkRunner: Start   *****
// ***** Found 2 benchmark(s) in total *****
// ***** Building 1 exe(s) in Parallel: Start   *****
// start dotnet  restore /p:UseSharedCompilation=false /p:BuildInParallel=false /m:1 /p:Deterministic=true /p:Optimize=true in /app/src/Tedd.TUI.Benchmarks/bin/Release/net10.0/807cdf8c-2684-4557-a4f4-44b2977ee19e
// command took 2.43 sec and exited with 0
// start dotnet  build -c Release --no-restore /p:UseSharedCompilation=false /p:BuildInParallel=false /m:1 /p:Deterministic=true /p:Optimize=true in /app/src/Tedd.TUI.Benchmarks/bin/Release/net10.0/807cdf8c-2684-4557-a4f4-44b2977ee19e
// command took 6.4 sec and exited with 0
// ***** Done, took 00:00:08 (8.93 sec)   *****
// Found 2 benchmarks:
//   ConsoleRendererBenchmarks.LegacyRender: DefaultJob
//   ConsoleRendererBenchmarks.ModernRender: DefaultJob

// **************************
// Benchmark: ConsoleRendererBenchmarks.LegacyRender: DefaultJob
// *** Execute ***
// Launch: 1 / 1
// Execute: dotnet 807cdf8c-2684-4557-a4f4-44b2977ee19e.dll --anonymousPipes 118 119 --benchmarkName Tedd.TUI.Benchmarks.ConsoleRendererBenchmarks.LegacyRender --job Default --benchmarkId 0 in /app/src/Tedd.TUI.Benchmarks/bin/Release/net10.0/807cdf8c-2684-4557-a4f4-44b2977ee19e/bin/Release/net10.0
// Failed to set up high priority (Permission denied). In order to run benchmarks with high priority, make sure you have the right permissions.
// BeforeAnythingElse

// Benchmark Process Environment Information:
// BenchmarkDotNet v0.13.12
// Runtime=.NET 10.0.0 (10.0.25.52411), X64 RyuJIT AVX2
// GC=Concurrent Workstation
// HardwareIntrinsics=AVX2,AES,BMI1,BMI2,FMA,LZCNT,PCLMUL,POPCNT VectorSize=256
// Job: DefaultJob

OverheadJitting  1: 1 op, 452003.00 ns, 452.0030 us/op
WorkloadJitting  1: 1 op, 479104.00 ns, 479.1040 us/op

OverheadJitting  2: 16 op, 360429.00 ns, 22.5268 us/op
WorkloadJitting  2: 16 op, 5862815.00 ns, 366.4259 us/op

WorkloadPilot    1: 16 op, 999967.00 ns, 62.4979 us/op
WorkloadPilot    2: 32 op, 1675036.00 ns, 52.3449 us/op
WorkloadPilot    3: 64 op, 3402416.00 ns, 53.1628 us/op
WorkloadPilot    4: 128 op, 6712795.00 ns, 52.4437 us/op
WorkloadPilot    5: 256 op, 13210249.00 ns, 51.6025 us/op
WorkloadPilot    6: 512 op, 26306765.00 ns, 51.3804 us/op
WorkloadPilot    7: 1024 op, 53296738.00 ns, 52.0476 us/op
WorkloadPilot    8: 2048 op, 93481756.00 ns, 45.6454 us/op
WorkloadPilot    9: 4096 op, 88266781.00 ns, 21.5495 us/op
WorkloadPilot   10: 8192 op, 175415233.00 ns, 21.4130 us/op
WorkloadPilot   11: 16384 op, 353525557.00 ns, 21.5775 us/op
WorkloadPilot   12: 32768 op, 710922974.00 ns, 21.6956 us/op

OverheadWarmup   1: 32768 op, 117361.00 ns, 3.5816 ns/op
OverheadWarmup   2: 32768 op, 115046.00 ns, 3.5109 ns/op
OverheadWarmup   3: 32768 op, 115563.00 ns, 3.5267 ns/op
OverheadWarmup   4: 32768 op, 114566.00 ns, 3.4963 ns/op
OverheadWarmup   5: 32768 op, 117947.00 ns, 3.5995 ns/op
OverheadWarmup   6: 32768 op, 114598.00 ns, 3.4973 ns/op

OverheadActual   1: 32768 op, 116996.00 ns, 3.5704 ns/op
OverheadActual   2: 32768 op, 115154.00 ns, 3.5142 ns/op
OverheadActual   3: 32768 op, 169293.00 ns, 5.1664 ns/op
OverheadActual   4: 32768 op, 160821.00 ns, 4.9079 ns/op
OverheadActual   5: 32768 op, 117199.00 ns, 3.5766 ns/op
OverheadActual   6: 32768 op, 114422.00 ns, 3.4919 ns/op
OverheadActual   7: 32768 op, 115225.00 ns, 3.5164 ns/op
OverheadActual   8: 32768 op, 177707.00 ns, 5.4232 ns/op
OverheadActual   9: 32768 op, 119279.00 ns, 3.6401 ns/op
OverheadActual  10: 32768 op, 114343.00 ns, 3.4895 ns/op
OverheadActual  11: 32768 op, 159515.00 ns, 4.8680 ns/op
OverheadActual  12: 32768 op, 114332.00 ns, 3.4891 ns/op
OverheadActual  13: 32768 op, 115300.00 ns, 3.5187 ns/op
OverheadActual  14: 32768 op, 140614.00 ns, 4.2912 ns/op
OverheadActual  15: 32768 op, 115458.00 ns, 3.5235 ns/op
OverheadActual  16: 32768 op, 114566.00 ns, 3.4963 ns/op
OverheadActual  17: 32768 op, 115508.00 ns, 3.5250 ns/op
OverheadActual  18: 32768 op, 114531.00 ns, 3.4952 ns/op
OverheadActual  19: 32768 op, 121645.00 ns, 3.7123 ns/op
OverheadActual  20: 32768 op, 142556.00 ns, 4.3505 ns/op

WorkloadWarmup   1: 32768 op, 714705113.00 ns, 21.8111 us/op
WorkloadWarmup   2: 32768 op, 703858556.00 ns, 21.4801 us/op
WorkloadWarmup   3: 32768 op, 704445182.00 ns, 21.4980 us/op
WorkloadWarmup   4: 32768 op, 701791408.00 ns, 21.4170 us/op
WorkloadWarmup   5: 32768 op, 703874986.00 ns, 21.4806 us/op
WorkloadWarmup   6: 32768 op, 706649205.00 ns, 21.5652 us/op
WorkloadWarmup   7: 32768 op, 702343378.00 ns, 21.4338 us/op

// BeforeActualRun
WorkloadActual   1: 32768 op, 711774961.00 ns, 21.7216 us/op
WorkloadActual   2: 32768 op, 708732756.00 ns, 21.6288 us/op
WorkloadActual   3: 32768 op, 704297889.00 ns, 21.4935 us/op
WorkloadActual   4: 32768 op, 701049535.00 ns, 21.3943 us/op
WorkloadActual   5: 32768 op, 700724390.00 ns, 21.3844 us/op
WorkloadActual   6: 32768 op, 699464493.00 ns, 21.3460 us/op
WorkloadActual   7: 32768 op, 707511993.00 ns, 21.5916 us/op
WorkloadActual   8: 32768 op, 703880136.00 ns, 21.4807 us/op
WorkloadActual   9: 32768 op, 703743878.00 ns, 21.4766 us/op
WorkloadActual  10: 32768 op, 703230417.00 ns, 21.4609 us/op
WorkloadActual  11: 32768 op, 702179010.00 ns, 21.4288 us/op
WorkloadActual  12: 32768 op, 703190929.00 ns, 21.4597 us/op
WorkloadActual  13: 32768 op, 701292674.00 ns, 21.4018 us/op
WorkloadActual  14: 32768 op, 704369591.00 ns, 21.4957 us/op
WorkloadActual  15: 32768 op, 704305656.00 ns, 21.4937 us/op

// AfterActualRun
WorkloadResult   1: 32768 op, 704181637.00 ns, 21.4899 us/op
WorkloadResult   2: 32768 op, 700933283.00 ns, 21.3908 us/op
WorkloadResult   3: 32768 op, 700608138.00 ns, 21.3809 us/op
WorkloadResult   4: 32768 op, 699348241.00 ns, 21.3424 us/op
WorkloadResult   5: 32768 op, 707395741.00 ns, 21.5880 us/op
WorkloadResult   6: 32768 op, 703763884.00 ns, 21.4772 us/op
WorkloadResult   7: 32768 op, 703627626.00 ns, 21.4730 us/op
WorkloadResult   8: 32768 op, 703114165.00 ns, 21.4573 us/op
WorkloadResult   9: 32768 op, 702062758.00 ns, 21.4253 us/op
WorkloadResult  10: 32768 op, 703074677.00 ns, 21.4561 us/op
WorkloadResult  11: 32768 op, 701176422.00 ns, 21.3982 us/op
WorkloadResult  12: 32768 op, 704253339.00 ns, 21.4921 us/op
WorkloadResult  13: 32768 op, 704189404.00 ns, 21.4902 us/op
// GC:  0 0 0 3408608 32768
// Threading:  0 0 32768

// AfterAll
// Benchmark Process 3845 has exited with code 0.

Mean = 21.451 μs, StdErr = 0.018 μs (0.08%), N = 13, StdDev = 0.064 μs
Min = 21.342 μs, Q1 = 21.398 μs, Median = 21.457 μs, Q3 = 21.490 μs, Max = 21.588 μs
IQR = 0.092 μs, LowerFence = 21.261 μs, UpperFence = 21.627 μs
ConfidenceInterval = [21.375 μs; 21.527 μs] (CI 99.9%), Margin = 0.076 μs (0.36% of Mean)
Skewness = 0.24, Kurtosis = 2.57, MValue = 2

// ** Remained 1 (50.0 %) benchmark(s) to run. Estimated finish 2026-02-28 4:24 (0h 0m from now) **
// **************************
// Benchmark: ConsoleRendererBenchmarks.ModernRender: DefaultJob
// *** Execute ***
// Launch: 1 / 1
// Execute: dotnet 807cdf8c-2684-4557-a4f4-44b2977ee19e.dll --anonymousPipes 118 119 --benchmarkName Tedd.TUI.Benchmarks.ConsoleRendererBenchmarks.ModernRender --job Default --benchmarkId 1 in /app/src/Tedd.TUI.Benchmarks/bin/Release/net10.0/807cdf8c-2684-4557-a4f4-44b2977ee19e/bin/Release/net10.0
// Failed to set up high priority (Permission denied). In order to run benchmarks with high priority, make sure you have the right permissions.
// BeforeAnythingElse

// Benchmark Process Environment Information:
// BenchmarkDotNet v0.13.12
// Runtime=.NET 10.0.0 (10.0.25.52411), X64 RyuJIT AVX2
// GC=Concurrent Workstation
// HardwareIntrinsics=AVX2,AES,BMI1,BMI2,FMA,LZCNT,PCLMUL,POPCNT VectorSize=256
// Job: DefaultJob

OverheadJitting  1: 1 op, 555455.00 ns, 555.4550 us/op
WorkloadJitting  1: 1 op, 515582.00 ns, 515.5820 us/op

OverheadJitting  2: 16 op, 367544.00 ns, 22.9715 us/op
WorkloadJitting  2: 16 op, 5514183.00 ns, 344.6364 us/op

WorkloadPilot    1: 16 op, 589256.00 ns, 36.8285 us/op
WorkloadPilot    2: 32 op, 1191253.00 ns, 37.2267 us/op
WorkloadPilot    3: 64 op, 2183704.00 ns, 34.1204 us/op
WorkloadPilot    4: 128 op, 3806254.00 ns, 29.7364 us/op
WorkloadPilot    5: 256 op, 7573200.00 ns, 29.5828 us/op
WorkloadPilot    6: 512 op, 14914369.00 ns, 29.1296 us/op
WorkloadPilot    7: 1024 op, 30334997.00 ns, 29.6240 us/op
WorkloadPilot    8: 2048 op, 59276259.00 ns, 28.9435 us/op
WorkloadPilot    9: 4096 op, 94892755.00 ns, 23.1672 us/op
WorkloadPilot   10: 8192 op, 107301138.00 ns, 13.0983 us/op
WorkloadPilot   11: 16384 op, 212416923.00 ns, 12.9649 us/op
WorkloadPilot   12: 32768 op, 424958376.00 ns, 12.9687 us/op
WorkloadPilot   13: 65536 op, 860470282.00 ns, 13.1297 us/op

OverheadWarmup   1: 65536 op, 230036.00 ns, 3.5101 ns/op
OverheadWarmup   2: 65536 op, 274050.00 ns, 4.1817 ns/op
OverheadWarmup   3: 65536 op, 230017.00 ns, 3.5098 ns/op
OverheadWarmup   4: 65536 op, 236742.00 ns, 3.6124 ns/op
OverheadWarmup   5: 65536 op, 229724.00 ns, 3.5053 ns/op

OverheadActual   1: 65536 op, 230183.00 ns, 3.5123 ns/op
OverheadActual   2: 65536 op, 229688.00 ns, 3.5048 ns/op
OverheadActual   3: 65536 op, 238715.00 ns, 3.6425 ns/op
OverheadActual   4: 65536 op, 235662.00 ns, 3.5959 ns/op
OverheadActual   5: 65536 op, 230030.00 ns, 3.5100 ns/op
OverheadActual   6: 65536 op, 244561.00 ns, 3.7317 ns/op
OverheadActual   7: 65536 op, 258564.00 ns, 3.9454 ns/op
OverheadActual   8: 65536 op, 229720.00 ns, 3.5052 ns/op
OverheadActual   9: 65536 op, 268127.00 ns, 4.0913 ns/op
OverheadActual  10: 65536 op, 271353.00 ns, 4.1405 ns/op
OverheadActual  11: 65536 op, 229583.00 ns, 3.5032 ns/op
OverheadActual  12: 65536 op, 237440.00 ns, 3.6230 ns/op
OverheadActual  13: 65536 op, 231184.00 ns, 3.5276 ns/op
OverheadActual  14: 65536 op, 237929.00 ns, 3.6305 ns/op
OverheadActual  15: 65536 op, 230836.00 ns, 3.5223 ns/op

WorkloadWarmup   1: 65536 op, 847729809.00 ns, 12.9353 us/op
WorkloadWarmup   2: 65536 op, 848504130.00 ns, 12.9471 us/op
WorkloadWarmup   3: 65536 op, 854797225.00 ns, 13.0432 us/op
WorkloadWarmup   4: 65536 op, 849245783.00 ns, 12.9585 us/op
WorkloadWarmup   5: 65536 op, 847812948.00 ns, 12.9366 us/op
WorkloadWarmup   6: 65536 op, 847311701.00 ns, 12.9290 us/op
WorkloadWarmup   7: 65536 op, 849480082.00 ns, 12.9620 us/op
WorkloadWarmup   8: 65536 op, 851919009.00 ns, 12.9993 us/op
WorkloadWarmup   9: 65536 op, 849233062.00 ns, 12.9583 us/op

// BeforeActualRun
WorkloadActual   1: 65536 op, 846854194.00 ns, 12.9220 us/op
WorkloadActual   2: 65536 op, 846927498.00 ns, 12.9231 us/op
WorkloadActual   3: 65536 op, 848963294.00 ns, 12.9542 us/op
WorkloadActual   4: 65536 op, 845523052.00 ns, 12.9017 us/op
WorkloadActual   5: 65536 op, 850669804.00 ns, 12.9802 us/op
WorkloadActual   6: 65536 op, 847620527.00 ns, 12.9337 us/op
WorkloadActual   7: 65536 op, 848481784.00 ns, 12.9468 us/op
WorkloadActual   8: 65536 op, 848372745.00 ns, 12.9451 us/op
WorkloadActual   9: 65536 op, 845581102.00 ns, 12.9025 us/op
WorkloadActual  10: 65536 op, 849545396.00 ns, 12.9630 us/op
WorkloadActual  11: 65536 op, 845895979.00 ns, 12.9073 us/op
WorkloadActual  12: 65536 op, 848337415.00 ns, 12.9446 us/op
WorkloadActual  13: 65536 op, 849517101.00 ns, 12.9626 us/op
WorkloadActual  14: 65536 op, 847886971.00 ns, 12.9377 us/op
WorkloadActual  15: 65536 op, 848996653.00 ns, 12.9547 us/op

// AfterActualRun
WorkloadResult   1: 65536 op, 846618532.00 ns, 12.9184 us/op
WorkloadResult   2: 65536 op, 846691836.00 ns, 12.9195 us/op
WorkloadResult   3: 65536 op, 848727632.00 ns, 12.9506 us/op
WorkloadResult   4: 65536 op, 845287390.00 ns, 12.8981 us/op
WorkloadResult   5: 65536 op, 850434142.00 ns, 12.9766 us/op
WorkloadResult   6: 65536 op, 847384865.00 ns, 12.9301 us/op
WorkloadResult   7: 65536 op, 848246122.00 ns, 12.9432 us/op
WorkloadResult   8: 65536 op, 848137083.00 ns, 12.9415 us/op
WorkloadResult   9: 65536 op, 845345440.00 ns, 12.8989 us/op
WorkloadResult  10: 65536 op, 849309734.00 ns, 12.9594 us/op
WorkloadResult  11: 65536 op, 845660317.00 ns, 12.9038 us/op
WorkloadResult  12: 65536 op, 848101753.00 ns, 12.9410 us/op
WorkloadResult  13: 65536 op, 849281439.00 ns, 12.9590 us/op
WorkloadResult  14: 65536 op, 847651309.00 ns, 12.9341 us/op
WorkloadResult  15: 65536 op, 848760991.00 ns, 12.9511 us/op
// GC:  0 0 0 736 65536
// Threading:  0 0 65536

// AfterAll
// Benchmark Process 3859 has exited with code 0.

Mean = 12.935 μs, StdErr = 0.006 μs (0.05%), N = 15, StdDev = 0.024 μs
Min = 12.898 μs, Q1 = 12.919 μs, Median = 12.941 μs, Q3 = 12.951 μs, Max = 12.977 μs
IQR = 0.032 μs, LowerFence = 12.871 μs, UpperFence = 12.999 μs
ConfidenceInterval = [12.910 μs; 12.960 μs] (CI 99.9%), Margin = 0.025 μs (0.19% of Mean)
Skewness = -0.14, Kurtosis = 1.85, MValue = 2

// ** Remained 0 (0.0 %) benchmark(s) to run. Estimated finish 2026-02-28 4:24 (0h 0m from now) **
// ***** BenchmarkRunner: Finish  *****

// * Export *
  BenchmarkDotNet.Artifacts/results/Tedd.TUI.Benchmarks.ConsoleRendererBenchmarks-report.csv
  BenchmarkDotNet.Artifacts/results/Tedd.TUI.Benchmarks.ConsoleRendererBenchmarks-report-github.md
  BenchmarkDotNet.Artifacts/results/Tedd.TUI.Benchmarks.ConsoleRendererBenchmarks-report.html

// * Detailed results *
ConsoleRendererBenchmarks.LegacyRender: DefaultJob
Runtime = .NET 10.0.0 (10.0.25.52411), X64 RyuJIT AVX2; GC = Concurrent Workstation
Mean = 21.451 μs, StdErr = 0.018 μs (0.08%), N = 13, StdDev = 0.064 μs
Min = 21.342 μs, Q1 = 21.398 μs, Median = 21.457 μs, Q3 = 21.490 μs, Max = 21.588 μs
IQR = 0.092 μs, LowerFence = 21.261 μs, UpperFence = 21.627 μs
ConfidenceInterval = [21.375 μs; 21.527 μs] (CI 99.9%), Margin = 0.076 μs (0.36% of Mean)
Skewness = 0.24, Kurtosis = 2.57, MValue = 2
-------------------- Histogram --------------------
[21.307 μs ; 21.624 μs) | @@@@@@@@@@@@@
---------------------------------------------------

ConsoleRendererBenchmarks.ModernRender: DefaultJob
Runtime = .NET 10.0.0 (10.0.25.52411), X64 RyuJIT AVX2; GC = Concurrent Workstation
Mean = 12.935 μs, StdErr = 0.006 μs (0.05%), N = 15, StdDev = 0.024 μs
Min = 12.898 μs, Q1 = 12.919 μs, Median = 12.941 μs, Q3 = 12.951 μs, Max = 12.977 μs
IQR = 0.032 μs, LowerFence = 12.871 μs, UpperFence = 12.999 μs
ConfidenceInterval = [12.910 μs; 12.960 μs] (CI 99.9%), Margin = 0.025 μs (0.19% of Mean)
Skewness = -0.14, Kurtosis = 1.85, MValue = 2
-------------------- Histogram --------------------
[12.886 μs ; 12.989 μs) | @@@@@@@@@@@@@@@
---------------------------------------------------

// * Summary *

BenchmarkDotNet v0.13.12, Ubuntu 24.04.3 LTS (Noble Numbat)
Intel Xeon Processor 2.30GHz, 1 CPU, 4 logical and 4 physical cores
.NET SDK 10.0.100
  [Host]     : .NET 10.0.0 (10.0.25.52411), X64 RyuJIT AVX2
  DefaultJob : .NET 10.0.0 (10.0.25.52411), X64 RyuJIT AVX2


| Method       | Mean     | Error    | StdDev   | Ratio | Allocated | Alloc Ratio |
|------------- |---------:|---------:|---------:|------:|----------:|------------:|
| LegacyRender | 21.45 μs | 0.076 μs | 0.064 μs |  1.00 |     104 B |        1.00 |
| ModernRender | 12.94 μs | 0.025 μs | 0.024 μs |  0.60 |         - |        0.00 |

// * Hints *
Outliers
  ConsoleRendererBenchmarks.LegacyRender: Default -> 2 outliers were removed (21.63 μs, 21.72 μs)

// * Legends *
  Mean        : Arithmetic mean of all measurements
  Error       : Half of 99.9% confidence interval
  StdDev      : Standard deviation of all measurements
  Ratio       : Mean of the ratio distribution ([Current]/[Baseline])
  Allocated   : Allocated memory per single operation (managed only, inclusive, 1KB = 1024B)
  Alloc Ratio : Allocated memory ratio distribution ([Current]/[Baseline])
  1 μs        : 1 Microsecond (0.000001 sec)

// * Diagnostic Output - MemoryDiagnoser *


// ***** BenchmarkRunner: End *****
Run time: 00:00:41 (41.74 sec), executed benchmarks: 2

Global total time: 00:00:50 (50.85 sec), executed benchmarks: 2
// * Artifacts cleanup *
Artifacts cleanup is finished
