// Validating benchmarks:
// ***** BenchmarkRunner: Start   *****
// ***** Found 4 benchmark(s) in total *****
// ***** Building 1 exe(s) in Parallel: Start   *****
// start dotnet  restore --nodeReuse:false /p:UseSharedCompilation=false /p:Deterministic=true /p:Optimize=true /p:ArtifactsPath="/app/src/Tedd.TUI.Benchmarks/bin/Release/net10.0/Tedd.TUI.Benchmarks-DefaultJob-1/" /p:OutDir="/app/src/Tedd.TUI.Benchmarks/bin/Release/net10.0/Tedd.TUI.Benchmarks-DefaultJob-1/bin/Release/net10.0/" /p:OutputPath="/app/src/Tedd.TUI.Benchmarks/bin/Release/net10.0/Tedd.TUI.Benchmarks-DefaultJob-1/bin/Release/net10.0/" /p:PublishDir="/app/src/Tedd.TUI.Benchmarks/bin/Release/net10.0/Tedd.TUI.Benchmarks-DefaultJob-1/publish/" in /app/src/Tedd.TUI.Benchmarks/bin/Release/net10.0/Tedd.TUI.Benchmarks-DefaultJob-1
// command took 2.13 sec and exited with 0
// start dotnet  build -c Release --no-restore --nodeReuse:false /p:UseSharedCompilation=false /p:Deterministic=true /p:Optimize=true /p:ArtifactsPath="/app/src/Tedd.TUI.Benchmarks/bin/Release/net10.0/Tedd.TUI.Benchmarks-DefaultJob-1/" /p:OutDir="/app/src/Tedd.TUI.Benchmarks/bin/Release/net10.0/Tedd.TUI.Benchmarks-DefaultJob-1/bin/Release/net10.0/" /p:OutputPath="/app/src/Tedd.TUI.Benchmarks/bin/Release/net10.0/Tedd.TUI.Benchmarks-DefaultJob-1/bin/Release/net10.0/" /p:PublishDir="/app/src/Tedd.TUI.Benchmarks/bin/Release/net10.0/Tedd.TUI.Benchmarks-DefaultJob-1/publish/" --output "/app/src/Tedd.TUI.Benchmarks/bin/Release/net10.0/Tedd.TUI.Benchmarks-DefaultJob-1/bin/Release/net10.0/" in /app/src/Tedd.TUI.Benchmarks/bin/Release/net10.0/Tedd.TUI.Benchmarks-DefaultJob-1
// command took 15.46 sec and exited with 0
// ***** Done, took 00:00:17 (17.69 sec)   *****
// Found 4 benchmarks:
//   VirtualBufferBenchmark.Legacy_SetPixel_NoClip: DefaultJob
//   VirtualBufferBenchmark.Optimized_SetPixel_NoClip: DefaultJob
//   VirtualBufferBenchmark.Legacy_SetPixel_WithClip: DefaultJob
//   VirtualBufferBenchmark.Optimized_SetPixel_WithClip: DefaultJob

// **************************
// Benchmark: VirtualBufferBenchmark.Legacy_SetPixel_NoClip: DefaultJob
// *** Execute ***
// Launch: 1 / 1
// Execute: dotnet Tedd.TUI.Benchmarks-DefaultJob-1.dll --anonymousPipes 117 118 --benchmarkName Tedd.TUI.Benchmarks.VirtualBufferBenchmark.Legacy_SetPixel_NoClip --job Default --benchmarkId 0 in /app/src/Tedd.TUI.Benchmarks/bin/Release/net10.0/Tedd.TUI.Benchmarks-DefaultJob-1/bin/Release/net10.0
// Failed to set up high priority (Permission denied). In order to run benchmarks with high priority, make sure you have the right permissions.
// BeforeAnythingElse

// Benchmark Process Environment Information:
// BenchmarkDotNet v0.15.8
// Runtime=.NET 10.0.0 (10.0.0, 10.0.25.52411), X64 RyuJIT x86-64-v3
// GC=Concurrent Workstation
// HardwareIntrinsics=AVX2+BMI1+BMI2+F16C+FMA+LZCNT+MOVBE,AVX,SSE3+SSSE3+SSE4.1+SSE4.2+POPCNT,X86Base+SSE+SSE2,AES+PCLMUL VectorSize=256
// Job: DefaultJob

OverheadJitting  1: 1 op, 238683.00 ns, 238.6830 us/op
WorkloadJitting  1: 1 op, 2103159.00 ns, 2.1032 ms/op

OverheadJitting  2: 16 op, 305780.00 ns, 19.1113 us/op
WorkloadJitting  2: 16 op, 2201868.00 ns, 137.6168 us/op

WorkloadPilot    1: 16 op, 1806740.00 ns, 112.9213 us/op
WorkloadPilot    2: 32 op, 3568852.00 ns, 111.5266 us/op
WorkloadPilot    3: 64 op, 7069697.00 ns, 110.4640 us/op
WorkloadPilot    4: 128 op, 14113858.00 ns, 110.2645 us/op
WorkloadPilot    5: 256 op, 28183046.00 ns, 110.0900 us/op
WorkloadPilot    6: 512 op, 56028650.00 ns, 109.4310 us/op
WorkloadPilot    7: 1024 op, 87492874.00 ns, 85.4423 us/op
WorkloadPilot    8: 2048 op, 82969830.00 ns, 40.5126 us/op
WorkloadPilot    9: 4096 op, 166064168.00 ns, 40.5430 us/op
WorkloadPilot   10: 8192 op, 331481263.00 ns, 40.4640 us/op
WorkloadPilot   11: 16384 op, 664575616.00 ns, 40.5625 us/op

OverheadWarmup   1: 16384 op, 53872.00 ns, 3.2881 ns/op
OverheadWarmup   2: 16384 op, 51492.00 ns, 3.1428 ns/op
OverheadWarmup   3: 16384 op, 51683.00 ns, 3.1545 ns/op
OverheadWarmup   4: 16384 op, 51437.00 ns, 3.1395 ns/op
OverheadWarmup   5: 16384 op, 52498.00 ns, 3.2042 ns/op
OverheadWarmup   6: 16384 op, 51459.00 ns, 3.1408 ns/op

OverheadActual   1: 16384 op, 51612.00 ns, 3.1501 ns/op
OverheadActual   2: 16384 op, 51632.00 ns, 3.1514 ns/op
OverheadActual   3: 16384 op, 52633.00 ns, 3.2125 ns/op
OverheadActual   4: 16384 op, 51496.00 ns, 3.1431 ns/op
OverheadActual   5: 16384 op, 59504.00 ns, 3.6318 ns/op
OverheadActual   6: 16384 op, 60048.00 ns, 3.6650 ns/op
OverheadActual   7: 16384 op, 52642.00 ns, 3.2130 ns/op
OverheadActual   8: 16384 op, 51489.00 ns, 3.1426 ns/op
OverheadActual   9: 16384 op, 51482.00 ns, 3.1422 ns/op
OverheadActual  10: 16384 op, 51564.00 ns, 3.1472 ns/op
OverheadActual  11: 16384 op, 52816.00 ns, 3.2236 ns/op
OverheadActual  12: 16384 op, 51562.00 ns, 3.1471 ns/op
OverheadActual  13: 16384 op, 57649.00 ns, 3.5186 ns/op
OverheadActual  14: 16384 op, 51552.00 ns, 3.1465 ns/op
OverheadActual  15: 16384 op, 52604.00 ns, 3.2107 ns/op

WorkloadWarmup   1: 16384 op, 663824993.00 ns, 40.5167 us/op
WorkloadWarmup   2: 16384 op, 662354594.00 ns, 40.4269 us/op
WorkloadWarmup   3: 16384 op, 665406853.00 ns, 40.6132 us/op
WorkloadWarmup   4: 16384 op, 666106897.00 ns, 40.6559 us/op
WorkloadWarmup   5: 16384 op, 663094728.00 ns, 40.4721 us/op
WorkloadWarmup   6: 16384 op, 663809004.00 ns, 40.5157 us/op
WorkloadWarmup   7: 16384 op, 665147244.00 ns, 40.5974 us/op
WorkloadWarmup   8: 16384 op, 662722422.00 ns, 40.4494 us/op

// BeforeActualRun
WorkloadActual   1: 16384 op, 663761209.00 ns, 40.5128 us/op
WorkloadActual   2: 16384 op, 663590098.00 ns, 40.5023 us/op
WorkloadActual   3: 16384 op, 664256608.00 ns, 40.5430 us/op
WorkloadActual   4: 16384 op, 663439564.00 ns, 40.4931 us/op
WorkloadActual   5: 16384 op, 664588033.00 ns, 40.5632 us/op
WorkloadActual   6: 16384 op, 667638700.00 ns, 40.7494 us/op
WorkloadActual   7: 16384 op, 664516963.00 ns, 40.5589 us/op
WorkloadActual   8: 16384 op, 665546290.00 ns, 40.6217 us/op
WorkloadActual   9: 16384 op, 662806838.00 ns, 40.4545 us/op
WorkloadActual  10: 16384 op, 663458970.00 ns, 40.4943 us/op
WorkloadActual  11: 16384 op, 662620000.00 ns, 40.4431 us/op
WorkloadActual  12: 16384 op, 662521892.00 ns, 40.4371 us/op
WorkloadActual  13: 16384 op, 662841317.00 ns, 40.4566 us/op
WorkloadActual  14: 16384 op, 662614357.00 ns, 40.4428 us/op
WorkloadActual  15: 16384 op, 662985812.00 ns, 40.4654 us/op

// AfterActualRun
WorkloadResult   1: 16384 op, 663709577.00 ns, 40.5096 us/op
WorkloadResult   2: 16384 op, 663538466.00 ns, 40.4992 us/op
WorkloadResult   3: 16384 op, 664204976.00 ns, 40.5399 us/op
WorkloadResult   4: 16384 op, 663387932.00 ns, 40.4900 us/op
WorkloadResult   5: 16384 op, 664536401.00 ns, 40.5601 us/op
WorkloadResult   6: 16384 op, 664465331.00 ns, 40.5557 us/op
WorkloadResult   7: 16384 op, 665494658.00 ns, 40.6186 us/op
WorkloadResult   8: 16384 op, 662755206.00 ns, 40.4514 us/op
WorkloadResult   9: 16384 op, 663407338.00 ns, 40.4912 us/op
WorkloadResult  10: 16384 op, 662568368.00 ns, 40.4400 us/op
WorkloadResult  11: 16384 op, 662470260.00 ns, 40.4340 us/op
WorkloadResult  12: 16384 op, 662789685.00 ns, 40.4535 us/op
WorkloadResult  13: 16384 op, 662562725.00 ns, 40.4396 us/op
WorkloadResult  14: 16384 op, 662934180.00 ns, 40.4623 us/op
// GC:  0 0 0 0 16384
// Threading:  0 0 16384

// AfterAll
// Benchmark Process 2696 has exited with code 0.

Mean = 40.496 μs, StdErr = 0.015 μs (0.04%), N = 14, StdDev = 0.055 μs
Min = 40.434 μs, Q1 = 40.452 μs, Median = 40.491 μs, Q3 = 40.532 μs, Max = 40.619 μs
IQR = 0.080 μs, LowerFence = 40.331 μs, UpperFence = 40.653 μs
ConfidenceInterval = [40.434 μs; 40.559 μs] (CI 99.9%), Margin = 0.063 μs (0.15% of Mean)
Skewness = 0.67, Kurtosis = 2.28, MValue = 2

// ** Remained 3 (75.0 %) benchmark(s) to run. Estimated finish 2026-02-21 17:08 (0h 0m from now) **
// **************************
// Benchmark: VirtualBufferBenchmark.Optimized_SetPixel_NoClip: DefaultJob
// *** Execute ***
// Launch: 1 / 1
// Execute: dotnet Tedd.TUI.Benchmarks-DefaultJob-1.dll --anonymousPipes 117 118 --benchmarkName Tedd.TUI.Benchmarks.VirtualBufferBenchmark.Optimized_SetPixel_NoClip --job Default --benchmarkId 1 in /app/src/Tedd.TUI.Benchmarks/bin/Release/net10.0/Tedd.TUI.Benchmarks-DefaultJob-1/bin/Release/net10.0
// Failed to set up high priority (Permission denied). In order to run benchmarks with high priority, make sure you have the right permissions.
// BeforeAnythingElse

// Benchmark Process Environment Information:
// BenchmarkDotNet v0.15.8
// Runtime=.NET 10.0.0 (10.0.0, 10.0.25.52411), X64 RyuJIT x86-64-v3
// GC=Concurrent Workstation
// HardwareIntrinsics=AVX2+BMI1+BMI2+F16C+FMA+LZCNT+MOVBE,AVX,SSE3+SSSE3+SSE4.1+SSE4.2+POPCNT,X86Base+SSE+SSE2,AES+PCLMUL VectorSize=256
// Job: DefaultJob

OverheadJitting  1: 1 op, 295396.00 ns, 295.3960 us/op
WorkloadJitting  1: 1 op, 1679600.00 ns, 1.6796 ms/op

OverheadJitting  2: 16 op, 300834.00 ns, 18.8021 us/op
WorkloadJitting  2: 16 op, 1479787.00 ns, 92.4867 us/op

WorkloadPilot    1: 16 op, 1126616.00 ns, 70.4135 us/op
WorkloadPilot    2: 32 op, 2204122.00 ns, 68.8788 us/op
WorkloadPilot    3: 64 op, 4292549.00 ns, 67.0711 us/op
WorkloadPilot    4: 128 op, 8610153.00 ns, 67.2668 us/op
WorkloadPilot    5: 256 op, 17031390.00 ns, 66.5289 us/op
WorkloadPilot    6: 512 op, 33969485.00 ns, 66.3467 us/op
WorkloadPilot    7: 1024 op, 67725108.00 ns, 66.1378 us/op
WorkloadPilot    8: 2048 op, 103290803.00 ns, 50.4350 us/op
WorkloadPilot    9: 4096 op, 147597695.00 ns, 36.0346 us/op
WorkloadPilot   10: 8192 op, 295477869.00 ns, 36.0691 us/op
WorkloadPilot   11: 16384 op, 590877944.00 ns, 36.0643 us/op

OverheadWarmup   1: 16384 op, 53700.00 ns, 3.2776 ns/op
OverheadWarmup   2: 16384 op, 51644.00 ns, 3.1521 ns/op
OverheadWarmup   3: 16384 op, 51676.00 ns, 3.1541 ns/op
OverheadWarmup   4: 16384 op, 58953.00 ns, 3.5982 ns/op
OverheadWarmup   5: 16384 op, 60602.00 ns, 3.6989 ns/op
OverheadWarmup   6: 16384 op, 51491.00 ns, 3.1428 ns/op
OverheadWarmup   7: 16384 op, 51495.00 ns, 3.1430 ns/op
OverheadWarmup   8: 16384 op, 51385.00 ns, 3.1363 ns/op

OverheadActual   1: 16384 op, 53059.00 ns, 3.2385 ns/op
OverheadActual   2: 16384 op, 51570.00 ns, 3.1476 ns/op
OverheadActual   3: 16384 op, 51520.00 ns, 3.1445 ns/op
OverheadActual   4: 16384 op, 51470.00 ns, 3.1415 ns/op
OverheadActual   5: 16384 op, 52763.00 ns, 3.2204 ns/op
OverheadActual   6: 16384 op, 51503.00 ns, 3.1435 ns/op
OverheadActual   7: 16384 op, 51418.00 ns, 3.1383 ns/op
OverheadActual   8: 16384 op, 51478.00 ns, 3.1420 ns/op
OverheadActual   9: 16384 op, 52811.00 ns, 3.2233 ns/op
OverheadActual  10: 16384 op, 51451.00 ns, 3.1403 ns/op
OverheadActual  11: 16384 op, 51466.00 ns, 3.1412 ns/op
OverheadActual  12: 16384 op, 51388.00 ns, 3.1365 ns/op
OverheadActual  13: 16384 op, 52796.00 ns, 3.2224 ns/op
OverheadActual  14: 16384 op, 51420.00 ns, 3.1384 ns/op
OverheadActual  15: 16384 op, 51392.00 ns, 3.1367 ns/op

WorkloadWarmup   1: 16384 op, 590615543.00 ns, 36.0483 us/op
WorkloadWarmup   2: 16384 op, 589352445.00 ns, 35.9712 us/op
WorkloadWarmup   3: 16384 op, 591235762.00 ns, 36.0862 us/op
WorkloadWarmup   4: 16384 op, 589486302.00 ns, 35.9794 us/op
WorkloadWarmup   5: 16384 op, 592636377.00 ns, 36.1717 us/op
WorkloadWarmup   6: 16384 op, 590977117.00 ns, 36.0704 us/op

// BeforeActualRun
WorkloadActual   1: 16384 op, 591416605.00 ns, 36.0972 us/op
WorkloadActual   2: 16384 op, 589443474.00 ns, 35.9768 us/op
WorkloadActual   3: 16384 op, 588999600.00 ns, 35.9497 us/op
WorkloadActual   4: 16384 op, 588536910.00 ns, 35.9214 us/op
WorkloadActual   5: 16384 op, 588666048.00 ns, 35.9293 us/op
WorkloadActual   6: 16384 op, 590880096.00 ns, 36.0645 us/op
WorkloadActual   7: 16384 op, 589609189.00 ns, 35.9869 us/op
WorkloadActual   8: 16384 op, 588634907.00 ns, 35.9274 us/op
WorkloadActual   9: 16384 op, 589332488.00 ns, 35.9700 us/op
WorkloadActual  10: 16384 op, 589206848.00 ns, 35.9623 us/op
WorkloadActual  11: 16384 op, 588756195.00 ns, 35.9348 us/op
WorkloadActual  12: 16384 op, 589440772.00 ns, 35.9766 us/op
WorkloadActual  13: 16384 op, 589669247.00 ns, 35.9906 us/op
WorkloadActual  14: 16384 op, 591207504.00 ns, 36.0844 us/op
WorkloadActual  15: 16384 op, 589613601.00 ns, 35.9872 us/op

// AfterActualRun
WorkloadResult   1: 16384 op, 589391996.00 ns, 35.9736 us/op
WorkloadResult   2: 16384 op, 588948122.00 ns, 35.9465 us/op
WorkloadResult   3: 16384 op, 588485432.00 ns, 35.9183 us/op
WorkloadResult   4: 16384 op, 588614570.00 ns, 35.9262 us/op
WorkloadResult   5: 16384 op, 589557711.00 ns, 35.9837 us/op
WorkloadResult   6: 16384 op, 588583429.00 ns, 35.9243 us/op
WorkloadResult   7: 16384 op, 589281010.00 ns, 35.9669 us/op
WorkloadResult   8: 16384 op, 589155370.00 ns, 35.9592 us/op
WorkloadResult   9: 16384 op, 588704717.00 ns, 35.9317 us/op
WorkloadResult  10: 16384 op, 589389294.00 ns, 35.9735 us/op
WorkloadResult  11: 16384 op, 589617769.00 ns, 35.9874 us/op
WorkloadResult  12: 16384 op, 589562123.00 ns, 35.9840 us/op
// GC:  0 0 0 0 16384
// Threading:  0 0 16384

// AfterAll
// Benchmark Process 2709 has exited with code 0.

Mean = 35.956 μs, StdErr = 0.007 μs (0.02%), N = 12, StdDev = 0.026 μs
Min = 35.918 μs, Q1 = 35.930 μs, Median = 35.963 μs, Q3 = 35.976 μs, Max = 35.987 μs
IQR = 0.046 μs, LowerFence = 35.862 μs, UpperFence = 36.045 μs
ConfidenceInterval = [35.923 μs; 35.989 μs] (CI 99.9%), Margin = 0.033 μs (0.09% of Mean)
Skewness = -0.23, Kurtosis = 1.26, MValue = 2

// ** Remained 2 (50.0 %) benchmark(s) to run. Estimated finish 2026-02-21 17:08 (0h 0m from now) **
// **************************
// Benchmark: VirtualBufferBenchmark.Legacy_SetPixel_WithClip: DefaultJob
// *** Execute ***
// Launch: 1 / 1
// Execute: dotnet Tedd.TUI.Benchmarks-DefaultJob-1.dll --anonymousPipes 117 118 --benchmarkName Tedd.TUI.Benchmarks.VirtualBufferBenchmark.Legacy_SetPixel_WithClip --job Default --benchmarkId 2 in /app/src/Tedd.TUI.Benchmarks/bin/Release/net10.0/Tedd.TUI.Benchmarks-DefaultJob-1/bin/Release/net10.0
// Failed to set up high priority (Permission denied). In order to run benchmarks with high priority, make sure you have the right permissions.
// BeforeAnythingElse

// Benchmark Process Environment Information:
// BenchmarkDotNet v0.15.8
// Runtime=.NET 10.0.0 (10.0.0, 10.0.25.52411), X64 RyuJIT x86-64-v3
// GC=Concurrent Workstation
// HardwareIntrinsics=AVX2+BMI1+BMI2+F16C+FMA+LZCNT+MOVBE,AVX,SSE3+SSSE3+SSE4.1+SSE4.2+POPCNT,X86Base+SSE+SSE2,AES+PCLMUL VectorSize=256
// Job: DefaultJob

OverheadJitting  1: 1 op, 229093.00 ns, 229.0930 us/op
WorkloadJitting  1: 1 op, 3588418.00 ns, 3.5884 ms/op

OverheadJitting  2: 16 op, 335814.00 ns, 20.9884 us/op
WorkloadJitting  2: 16 op, 1713649.00 ns, 107.1031 us/op

WorkloadPilot    1: 16 op, 1356430.00 ns, 84.7769 us/op
WorkloadPilot    2: 32 op, 2550433.00 ns, 79.7010 us/op
WorkloadPilot    3: 64 op, 5105594.00 ns, 79.7749 us/op
WorkloadPilot    4: 128 op, 10220745.00 ns, 79.8496 us/op
WorkloadPilot    5: 256 op, 20247750.00 ns, 79.0928 us/op
WorkloadPilot    6: 512 op, 40393439.00 ns, 78.8934 us/op
WorkloadPilot    7: 1024 op, 80220921.00 ns, 78.3407 us/op
WorkloadPilot    8: 2048 op, 164018310.00 ns, 80.0871 us/op
WorkloadPilot    9: 4096 op, 324279124.00 ns, 79.1697 us/op
WorkloadPilot   10: 8192 op, 645381296.00 ns, 78.7819 us/op

OverheadWarmup   1: 8192 op, 28376.00 ns, 3.4639 ns/op
OverheadWarmup   2: 8192 op, 26692.00 ns, 3.2583 ns/op
OverheadWarmup   3: 8192 op, 26046.00 ns, 3.1794 ns/op
OverheadWarmup   4: 8192 op, 26002.00 ns, 3.1741 ns/op
OverheadWarmup   5: 8192 op, 26029.00 ns, 3.1774 ns/op
OverheadWarmup   6: 8192 op, 25972.00 ns, 3.1704 ns/op
OverheadWarmup   7: 8192 op, 25952.00 ns, 3.1680 ns/op
OverheadWarmup   8: 8192 op, 25998.00 ns, 3.1736 ns/op
OverheadWarmup   9: 8192 op, 27396.00 ns, 3.3442 ns/op
OverheadWarmup  10: 8192 op, 25999.00 ns, 3.1737 ns/op

OverheadActual   1: 8192 op, 26462.00 ns, 3.2302 ns/op
OverheadActual   2: 8192 op, 26251.00 ns, 3.2045 ns/op
OverheadActual   3: 8192 op, 26234.00 ns, 3.2024 ns/op
OverheadActual   4: 8192 op, 26098.00 ns, 3.1858 ns/op
OverheadActual   5: 8192 op, 26213.00 ns, 3.1998 ns/op
OverheadActual   6: 8192 op, 26002.00 ns, 3.1741 ns/op
OverheadActual   7: 8192 op, 27183.00 ns, 3.3182 ns/op
OverheadActual   8: 8192 op, 25985.00 ns, 3.1720 ns/op
OverheadActual   9: 8192 op, 25989.00 ns, 3.1725 ns/op
OverheadActual  10: 8192 op, 26010.00 ns, 3.1750 ns/op
OverheadActual  11: 8192 op, 26018.00 ns, 3.1760 ns/op
OverheadActual  12: 8192 op, 25997.00 ns, 3.1735 ns/op
OverheadActual  13: 8192 op, 26053.00 ns, 3.1803 ns/op
OverheadActual  14: 8192 op, 25992.00 ns, 3.1729 ns/op
OverheadActual  15: 8192 op, 27083.00 ns, 3.3060 ns/op

WorkloadWarmup   1: 8192 op, 645466287.00 ns, 78.7923 us/op
WorkloadWarmup   2: 8192 op, 646467357.00 ns, 78.9145 us/op
WorkloadWarmup   3: 8192 op, 649915171.00 ns, 79.3353 us/op
WorkloadWarmup   4: 8192 op, 645463431.00 ns, 78.7919 us/op
WorkloadWarmup   5: 8192 op, 643492803.00 ns, 78.5514 us/op
WorkloadWarmup   6: 8192 op, 643649397.00 ns, 78.5705 us/op
WorkloadWarmup   7: 8192 op, 642801355.00 ns, 78.4670 us/op

// BeforeActualRun
WorkloadActual   1: 8192 op, 644665252.00 ns, 78.6945 us/op
WorkloadActual   2: 8192 op, 647110109.00 ns, 78.9929 us/op
WorkloadActual   3: 8192 op, 652370432.00 ns, 79.6351 us/op
WorkloadActual   4: 8192 op, 645381771.00 ns, 78.7820 us/op
WorkloadActual   5: 8192 op, 646301542.00 ns, 78.8942 us/op
WorkloadActual   6: 8192 op, 643754273.00 ns, 78.5833 us/op
WorkloadActual   7: 8192 op, 643098384.00 ns, 78.5032 us/op
WorkloadActual   8: 8192 op, 642561394.00 ns, 78.4377 us/op
WorkloadActual   9: 8192 op, 642213269.00 ns, 78.3952 us/op
WorkloadActual  10: 8192 op, 642812871.00 ns, 78.4684 us/op
WorkloadActual  11: 8192 op, 641749522.00 ns, 78.3386 us/op
WorkloadActual  12: 8192 op, 641436020.00 ns, 78.3003 us/op
WorkloadActual  13: 8192 op, 641800464.00 ns, 78.3448 us/op
WorkloadActual  14: 8192 op, 642248506.00 ns, 78.3995 us/op
WorkloadActual  15: 8192 op, 642237476.00 ns, 78.3981 us/op

// AfterActualRun
WorkloadResult   1: 8192 op, 644639199.00 ns, 78.6913 us/op
WorkloadResult   2: 8192 op, 647084056.00 ns, 78.9898 us/op
WorkloadResult   3: 8192 op, 645355718.00 ns, 78.7788 us/op
WorkloadResult   4: 8192 op, 646275489.00 ns, 78.8911 us/op
WorkloadResult   5: 8192 op, 643728220.00 ns, 78.5801 us/op
WorkloadResult   6: 8192 op, 643072331.00 ns, 78.5000 us/op
WorkloadResult   7: 8192 op, 642535341.00 ns, 78.4345 us/op
WorkloadResult   8: 8192 op, 642187216.00 ns, 78.3920 us/op
WorkloadResult   9: 8192 op, 642786818.00 ns, 78.4652 us/op
WorkloadResult  10: 8192 op, 641723469.00 ns, 78.3354 us/op
WorkloadResult  11: 8192 op, 641409967.00 ns, 78.2971 us/op
WorkloadResult  12: 8192 op, 641774411.00 ns, 78.3416 us/op
WorkloadResult  13: 8192 op, 642222453.00 ns, 78.3963 us/op
WorkloadResult  14: 8192 op, 642211423.00 ns, 78.3949 us/op
// GC:  0 0 0 0 8192
// Threading:  0 0 8192

// AfterAll
// Benchmark Process 2719 has exited with code 0.

Mean = 78.535 μs, StdErr = 0.059 μs (0.07%), N = 14, StdDev = 0.220 μs
Min = 78.297 μs, Q1 = 78.393 μs, Median = 78.450 μs, Q3 = 78.664 μs, Max = 78.990 μs
IQR = 0.271 μs, LowerFence = 77.987 μs, UpperFence = 79.070 μs
ConfidenceInterval = [78.287 μs; 78.783 μs] (CI 99.9%), Margin = 0.248 μs (0.32% of Mean)
Skewness = 0.8, Kurtosis = 2.15, MValue = 2

// ** Remained 1 (25.0 %) benchmark(s) to run. Estimated finish 2026-02-21 17:08 (0h 0m from now) **
// **************************
// Benchmark: VirtualBufferBenchmark.Optimized_SetPixel_WithClip: DefaultJob
// *** Execute ***
// Launch: 1 / 1
// Execute: dotnet Tedd.TUI.Benchmarks-DefaultJob-1.dll --anonymousPipes 117 118 --benchmarkName Tedd.TUI.Benchmarks.VirtualBufferBenchmark.Optimized_SetPixel_WithClip --job Default --benchmarkId 3 in /app/src/Tedd.TUI.Benchmarks/bin/Release/net10.0/Tedd.TUI.Benchmarks-DefaultJob-1/bin/Release/net10.0
// Failed to set up high priority (Permission denied). In order to run benchmarks with high priority, make sure you have the right permissions.
// BeforeAnythingElse

// Benchmark Process Environment Information:
// BenchmarkDotNet v0.15.8
// Runtime=.NET 10.0.0 (10.0.0, 10.0.25.52411), X64 RyuJIT x86-64-v3
// GC=Concurrent Workstation
// HardwareIntrinsics=AVX2+BMI1+BMI2+F16C+FMA+LZCNT+MOVBE,AVX,SSE3+SSSE3+SSE4.1+SSE4.2+POPCNT,X86Base+SSE+SSE2,AES+PCLMUL VectorSize=256
// Job: DefaultJob

OverheadJitting  1: 1 op, 235721.00 ns, 235.7210 us/op
WorkloadJitting  1: 1 op, 3555611.00 ns, 3.5556 ms/op

OverheadJitting  2: 16 op, 317029.00 ns, 19.8143 us/op
WorkloadJitting  2: 16 op, 1340826.00 ns, 83.8016 us/op

WorkloadPilot    1: 16 op, 963294.00 ns, 60.2059 us/op
WorkloadPilot    2: 32 op, 1892300.00 ns, 59.1344 us/op
WorkloadPilot    3: 64 op, 3673279.00 ns, 57.3950 us/op
WorkloadPilot    4: 128 op, 7183512.00 ns, 56.1212 us/op
WorkloadPilot    5: 256 op, 14344788.00 ns, 56.0343 us/op
WorkloadPilot    6: 512 op, 28249877.00 ns, 55.1755 us/op
WorkloadPilot    7: 1024 op, 57028739.00 ns, 55.6921 us/op
WorkloadPilot    8: 2048 op, 105953885.00 ns, 51.7353 us/op
WorkloadPilot    9: 4096 op, 149506090.00 ns, 36.5005 us/op
WorkloadPilot   10: 8192 op, 298391098.00 ns, 36.4247 us/op
WorkloadPilot   11: 16384 op, 600840869.00 ns, 36.6724 us/op

OverheadWarmup   1: 16384 op, 53601.00 ns, 3.2715 ns/op
OverheadWarmup   2: 16384 op, 76762.00 ns, 4.6852 ns/op
OverheadWarmup   3: 16384 op, 51471.00 ns, 3.1415 ns/op
OverheadWarmup   4: 16384 op, 51483.00 ns, 3.1423 ns/op
OverheadWarmup   5: 16384 op, 52749.00 ns, 3.2195 ns/op
OverheadWarmup   6: 16384 op, 51464.00 ns, 3.1411 ns/op

OverheadActual   1: 16384 op, 59175.00 ns, 3.6118 ns/op
OverheadActual   2: 16384 op, 95102.00 ns, 5.8046 ns/op
OverheadActual   3: 16384 op, 52942.00 ns, 3.2313 ns/op
OverheadActual   4: 16384 op, 51603.00 ns, 3.1496 ns/op
OverheadActual   5: 16384 op, 51585.00 ns, 3.1485 ns/op
OverheadActual   6: 16384 op, 51464.00 ns, 3.1411 ns/op
OverheadActual   7: 16384 op, 52662.00 ns, 3.2142 ns/op
OverheadActual   8: 16384 op, 62833.00 ns, 3.8350 ns/op
OverheadActual   9: 16384 op, 100293.00 ns, 6.1214 ns/op
OverheadActual  10: 16384 op, 76100.00 ns, 4.6448 ns/op
OverheadActual  11: 16384 op, 52605.00 ns, 3.2108 ns/op
OverheadActual  12: 16384 op, 51460.00 ns, 3.1409 ns/op
OverheadActual  13: 16384 op, 51487.00 ns, 3.1425 ns/op
OverheadActual  14: 16384 op, 51467.00 ns, 3.1413 ns/op
OverheadActual  15: 16384 op, 52568.00 ns, 3.2085 ns/op
OverheadActual  16: 16384 op, 51478.00 ns, 3.1420 ns/op
OverheadActual  17: 16384 op, 51475.00 ns, 3.1418 ns/op
OverheadActual  18: 16384 op, 51551.00 ns, 3.1464 ns/op
OverheadActual  19: 16384 op, 60249.00 ns, 3.6773 ns/op
OverheadActual  20: 16384 op, 51508.00 ns, 3.1438 ns/op

WorkloadWarmup   1: 16384 op, 597900621.00 ns, 36.4930 us/op
WorkloadWarmup   2: 16384 op, 596457851.00 ns, 36.4049 us/op
WorkloadWarmup   3: 16384 op, 596820083.00 ns, 36.4270 us/op
WorkloadWarmup   4: 16384 op, 595726740.00 ns, 36.3603 us/op
WorkloadWarmup   5: 16384 op, 595793111.00 ns, 36.3643 us/op
WorkloadWarmup   6: 16384 op, 600693600.00 ns, 36.6634 us/op
WorkloadWarmup   7: 16384 op, 595531181.00 ns, 36.3483 us/op

// BeforeActualRun
WorkloadActual   1: 16384 op, 596268866.00 ns, 36.3934 us/op
WorkloadActual   2: 16384 op, 595507035.00 ns, 36.3469 us/op
WorkloadActual   3: 16384 op, 597024133.00 ns, 36.4395 us/op
WorkloadActual   4: 16384 op, 599317584.00 ns, 36.5794 us/op
WorkloadActual   5: 16384 op, 599574515.00 ns, 36.5951 us/op
WorkloadActual   6: 16384 op, 600787751.00 ns, 36.6692 us/op
WorkloadActual   7: 16384 op, 599349297.00 ns, 36.5814 us/op
WorkloadActual   8: 16384 op, 613446166.00 ns, 37.4418 us/op
WorkloadActual   9: 16384 op, 597235847.00 ns, 36.4524 us/op
WorkloadActual  10: 16384 op, 595637816.00 ns, 36.3548 us/op
WorkloadActual  11: 16384 op, 597462874.00 ns, 36.4662 us/op
WorkloadActual  12: 16384 op, 596135243.00 ns, 36.3852 us/op
WorkloadActual  13: 16384 op, 596779098.00 ns, 36.4245 us/op
WorkloadActual  14: 16384 op, 597641546.00 ns, 36.4771 us/op
WorkloadActual  15: 16384 op, 595942104.00 ns, 36.3734 us/op

// AfterActualRun
WorkloadResult   1: 16384 op, 596216780.50 ns, 36.3902 us/op
WorkloadResult   2: 16384 op, 595454949.50 ns, 36.3437 us/op
WorkloadResult   3: 16384 op, 596972047.50 ns, 36.4363 us/op
WorkloadResult   4: 16384 op, 599265498.50 ns, 36.5763 us/op
WorkloadResult   5: 16384 op, 599522429.50 ns, 36.5919 us/op
WorkloadResult   6: 16384 op, 600735665.50 ns, 36.6660 us/op
WorkloadResult   7: 16384 op, 599297211.50 ns, 36.5782 us/op
WorkloadResult   8: 16384 op, 597183761.50 ns, 36.4492 us/op
WorkloadResult   9: 16384 op, 595585730.50 ns, 36.3517 us/op
WorkloadResult  10: 16384 op, 597410788.50 ns, 36.4631 us/op
WorkloadResult  11: 16384 op, 596083157.50 ns, 36.3820 us/op
WorkloadResult  12: 16384 op, 596727012.50 ns, 36.4213 us/op
WorkloadResult  13: 16384 op, 597589460.50 ns, 36.4740 us/op
WorkloadResult  14: 16384 op, 595890018.50 ns, 36.3702 us/op
// GC:  0 0 0 0 16384
// Threading:  0 0 16384

// AfterAll
// Benchmark Process 2730 has exited with code 0.

Mean = 36.464 μs, StdErr = 0.027 μs (0.07%), N = 14, StdDev = 0.101 μs
Min = 36.344 μs, Q1 = 36.384 μs, Median = 36.443 μs, Q3 = 36.551 μs, Max = 36.666 μs
IQR = 0.167 μs, LowerFence = 36.134 μs, UpperFence = 36.801 μs
ConfidenceInterval = [36.349 μs; 36.578 μs] (CI 99.9%), Margin = 0.114 μs (0.31% of Mean)
Skewness = 0.57, Kurtosis = 1.88, MValue = 2

// ** Remained 0 (0.0 %) benchmark(s) to run. Estimated finish 2026-02-21 17:08 (0h 0m from now) **
// ***** BenchmarkRunner: Finish  *****

// * Export *
  BenchmarkDotNet.Artifacts/results/Tedd.TUI.Benchmarks.VirtualBufferBenchmark-report.csv
  BenchmarkDotNet.Artifacts/results/Tedd.TUI.Benchmarks.VirtualBufferBenchmark-report-github.md
  BenchmarkDotNet.Artifacts/results/Tedd.TUI.Benchmarks.VirtualBufferBenchmark-report.html

// * Detailed results *
VirtualBufferBenchmark.Legacy_SetPixel_NoClip: DefaultJob
Runtime = .NET 10.0.0 (10.0.0, 10.0.25.52411), X64 RyuJIT x86-64-v3; GC = Concurrent Workstation
Mean = 40.496 μs, StdErr = 0.015 μs (0.04%), N = 14, StdDev = 0.055 μs
Min = 40.434 μs, Q1 = 40.452 μs, Median = 40.491 μs, Q3 = 40.532 μs, Max = 40.619 μs
IQR = 0.080 μs, LowerFence = 40.331 μs, UpperFence = 40.653 μs
ConfidenceInterval = [40.434 μs; 40.559 μs] (CI 99.9%), Margin = 0.063 μs (0.15% of Mean)
Skewness = 0.67, Kurtosis = 2.28, MValue = 2
-------------------- Histogram --------------------
[40.404 μs ; 40.649 μs) | @@@@@@@@@@@@@@
---------------------------------------------------

VirtualBufferBenchmark.Optimized_SetPixel_NoClip: DefaultJob
Runtime = .NET 10.0.0 (10.0.0, 10.0.25.52411), X64 RyuJIT x86-64-v3; GC = Concurrent Workstation
Mean = 35.956 μs, StdErr = 0.007 μs (0.02%), N = 12, StdDev = 0.026 μs
Min = 35.918 μs, Q1 = 35.930 μs, Median = 35.963 μs, Q3 = 35.976 μs, Max = 35.987 μs
IQR = 0.046 μs, LowerFence = 35.862 μs, UpperFence = 36.045 μs
ConfidenceInterval = [35.923 μs; 35.989 μs] (CI 99.9%), Margin = 0.033 μs (0.09% of Mean)
Skewness = -0.23, Kurtosis = 1.26, MValue = 2
-------------------- Histogram --------------------
[35.904 μs ; 36.002 μs) | @@@@@@@@@@@@
---------------------------------------------------

VirtualBufferBenchmark.Legacy_SetPixel_WithClip: DefaultJob
Runtime = .NET 10.0.0 (10.0.0, 10.0.25.52411), X64 RyuJIT x86-64-v3; GC = Concurrent Workstation
Mean = 78.535 μs, StdErr = 0.059 μs (0.07%), N = 14, StdDev = 0.220 μs
Min = 78.297 μs, Q1 = 78.393 μs, Median = 78.450 μs, Q3 = 78.664 μs, Max = 78.990 μs
IQR = 0.271 μs, LowerFence = 77.987 μs, UpperFence = 79.070 μs
ConfidenceInterval = [78.287 μs; 78.783 μs] (CI 99.9%), Margin = 0.248 μs (0.32% of Mean)
Skewness = 0.8, Kurtosis = 2.15, MValue = 2
-------------------- Histogram --------------------
[78.177 μs ; 79.110 μs) | @@@@@@@@@@@@@@
---------------------------------------------------

VirtualBufferBenchmark.Optimized_SetPixel_WithClip: DefaultJob
Runtime = .NET 10.0.0 (10.0.0, 10.0.25.52411), X64 RyuJIT x86-64-v3; GC = Concurrent Workstation
Mean = 36.464 μs, StdErr = 0.027 μs (0.07%), N = 14, StdDev = 0.101 μs
Min = 36.344 μs, Q1 = 36.384 μs, Median = 36.443 μs, Q3 = 36.551 μs, Max = 36.666 μs
IQR = 0.167 μs, LowerFence = 36.134 μs, UpperFence = 36.801 μs
ConfidenceInterval = [36.349 μs; 36.578 μs] (CI 99.9%), Margin = 0.114 μs (0.31% of Mean)
Skewness = 0.57, Kurtosis = 1.88, MValue = 2
-------------------- Histogram --------------------
[36.288 μs ; 36.721 μs) | @@@@@@@@@@@@@@
---------------------------------------------------

// * Summary *

BenchmarkDotNet v0.15.8, Linux Ubuntu 24.04.3 LTS (Noble Numbat)
Intel Xeon Processor 2.30GHz, 1 CPU, 4 logical and 4 physical cores
.NET SDK 10.0.100
  [Host]     : .NET 10.0.0 (10.0.0, 10.0.25.52411), X64 RyuJIT x86-64-v3
  DefaultJob : .NET 10.0.0 (10.0.0, 10.0.25.52411), X64 RyuJIT x86-64-v3


| Method                      | Mean     | Error    | StdDev   | Ratio | Allocated | Alloc Ratio |
|---------------------------- |---------:|---------:|---------:|------:|----------:|------------:|
| Legacy_SetPixel_NoClip      | 40.50 μs | 0.063 μs | 0.055 μs |  1.00 |         - |          NA |
| Optimized_SetPixel_NoClip   | 35.96 μs | 0.033 μs | 0.026 μs |  0.89 |         - |          NA |
| Legacy_SetPixel_WithClip    | 78.53 μs | 0.248 μs | 0.220 μs |  1.94 |         - |          NA |
| Optimized_SetPixel_WithClip | 36.46 μs | 0.114 μs | 0.101 μs |  0.90 |         - |          NA |

// * Hints *
Outliers
  VirtualBufferBenchmark.Legacy_SetPixel_NoClip: Default      -> 1 outlier  was  removed (40.75 μs)
  VirtualBufferBenchmark.Optimized_SetPixel_NoClip: Default   -> 3 outliers were removed (36.06 μs..36.10 μs)
  VirtualBufferBenchmark.Legacy_SetPixel_WithClip: Default    -> 1 outlier  was  removed (79.64 μs)
  VirtualBufferBenchmark.Optimized_SetPixel_WithClip: Default -> 1 outlier  was  removed (37.44 μs)

// * Legends *
  Mean        : Arithmetic mean of all measurements
  Error       : Half of 99.9% confidence interval
  StdDev      : Standard deviation of all measurements
  Ratio       : Mean of the ratio distribution ([Current]/[Baseline])
  Allocated   : Allocated memory per single operation (managed only, inclusive, 1KB = 1024B)
  Alloc Ratio : Allocated memory ratio distribution ([Current]/[Baseline])
  1 μs        : 1 Microsecond (0.000001 sec)

// * Diagnostic Output - MemoryDiagnoser *


// ***** BenchmarkRunner: End *****
Run time: 00:01:04 (64.41 sec), executed benchmarks: 4

Global total time: 00:01:22 (82.33 sec), executed benchmarks: 4
// * Artifacts cleanup *
Artifacts cleanup is finished
