// Validating benchmarks:
// ***** BenchmarkRunner: Start   *****
// ***** Found 6 benchmark(s) in total *****
// ***** Building 1 exe(s) in Parallel: Start   *****
// start dotnet  restore --nodeReuse:false /p:UseSharedCompilation=false /p:Deterministic=true /p:Optimize=true /p:ArtifactsPath="/app/src/Tedd.TUI.Benchmarks/bin/Release/net10.0/Tedd.TUI.Benchmarks-DefaultJob-1/" /p:OutDir="/app/src/Tedd.TUI.Benchmarks/bin/Release/net10.0/Tedd.TUI.Benchmarks-DefaultJob-1/bin/Release/net10.0/" /p:OutputPath="/app/src/Tedd.TUI.Benchmarks/bin/Release/net10.0/Tedd.TUI.Benchmarks-DefaultJob-1/bin/Release/net10.0/" /p:PublishDir="/app/src/Tedd.TUI.Benchmarks/bin/Release/net10.0/Tedd.TUI.Benchmarks-DefaultJob-1/publish/" in /app/src/Tedd.TUI.Benchmarks/bin/Release/net10.0/Tedd.TUI.Benchmarks-DefaultJob-1
// command took 5.19 sec and exited with 0
// start dotnet  build -c Release --no-restore --nodeReuse:false /p:UseSharedCompilation=false /p:Deterministic=true /p:Optimize=true /p:ArtifactsPath="/app/src/Tedd.TUI.Benchmarks/bin/Release/net10.0/Tedd.TUI.Benchmarks-DefaultJob-1/" /p:OutDir="/app/src/Tedd.TUI.Benchmarks/bin/Release/net10.0/Tedd.TUI.Benchmarks-DefaultJob-1/bin/Release/net10.0/" /p:OutputPath="/app/src/Tedd.TUI.Benchmarks/bin/Release/net10.0/Tedd.TUI.Benchmarks-DefaultJob-1/bin/Release/net10.0/" /p:PublishDir="/app/src/Tedd.TUI.Benchmarks/bin/Release/net10.0/Tedd.TUI.Benchmarks-DefaultJob-1/publish/" --output "/app/src/Tedd.TUI.Benchmarks/bin/Release/net10.0/Tedd.TUI.Benchmarks-DefaultJob-1/bin/Release/net10.0/" in /app/src/Tedd.TUI.Benchmarks/bin/Release/net10.0/Tedd.TUI.Benchmarks-DefaultJob-1
// command took 27.67 sec and exited with 0
// ***** Done, took 00:00:33 (33.01 sec)   *****
// Found 6 benchmarks:
//   ConsoleRendererBenchmark.Archive_Render_Full: DefaultJob
//   ConsoleRendererBenchmark.Optimized_Render_Full: DefaultJob
//   ConsoleRendererBenchmark.Archive_Render_NoChange: DefaultJob
//   ConsoleRendererBenchmark.Optimized_Render_NoChange: DefaultJob
//   ConsoleRendererBenchmark.Archive_Render_SmallChange: DefaultJob
//   ConsoleRendererBenchmark.Optimized_Render_SmallChange: DefaultJob

// **************************
// Benchmark: ConsoleRendererBenchmark.Archive_Render_Full: DefaultJob
// *** Execute ***
// Launch: 1 / 1
// Execute: dotnet Tedd.TUI.Benchmarks-DefaultJob-1.dll --anonymousPipes 129 130 --benchmarkName Tedd.TUI.Benchmarks.ConsoleRendererBenchmark.Archive_Render_Full --job Default --benchmarkId 0 in /app/src/Tedd.TUI.Benchmarks/bin/Release/net10.0/Tedd.TUI.Benchmarks-DefaultJob-1/bin/Release/net10.0
// Failed to set up high priority (Permission denied). In order to run benchmarks with high priority, make sure you have the right permissions.
// BeforeAnythingElse

// Benchmark Process Environment Information:
// BenchmarkDotNet v0.15.8
// Runtime=.NET 10.0.0 (10.0.0, 10.0.25.52411), X64 RyuJIT x86-64-v3
// GC=Concurrent Workstation
// HardwareIntrinsics=AVX2+BMI1+BMI2+F16C+FMA+LZCNT+MOVBE,AVX,SSE3+SSSE3+SSE4.1+SSE4.2+POPCNT,X86Base+SSE+SSE2,AES+PCLMUL VectorSize=256
// Job: DefaultJob

OverheadJitting  1: 1 op, 333916.00 ns, 333.9160 us/op
WorkloadJitting  1: 1 op, 2456178.00 ns, 2.4562 ms/op

OverheadJitting  2: 16 op, 356631.00 ns, 22.2894 us/op
WorkloadJitting  2: 16 op, 10771483.00 ns, 673.2177 us/op

WorkloadPilot    1: 16 op, 1648031.00 ns, 103.0019 us/op
WorkloadPilot    2: 32 op, 2783455.00 ns, 86.9830 us/op
WorkloadPilot    3: 64 op, 5757526.00 ns, 89.9613 us/op
WorkloadPilot    4: 128 op, 11014591.00 ns, 86.0515 us/op
WorkloadPilot    5: 256 op, 21577184.00 ns, 84.2859 us/op
WorkloadPilot    6: 512 op, 42838279.00 ns, 83.6685 us/op
WorkloadPilot    7: 1024 op, 80622069.00 ns, 78.7325 us/op
WorkloadPilot    8: 2048 op, 58144761.00 ns, 28.3910 us/op
WorkloadPilot    9: 4096 op, 98801759.00 ns, 24.1215 us/op
WorkloadPilot   10: 8192 op, 197855862.00 ns, 24.1523 us/op
WorkloadPilot   11: 16384 op, 398351421.00 ns, 24.3134 us/op
WorkloadPilot   12: 32768 op, 790970234.00 ns, 24.1385 us/op

OverheadWarmup   1: 32768 op, 129572.00 ns, 3.9542 ns/op
OverheadWarmup   2: 32768 op, 126427.00 ns, 3.8582 ns/op
OverheadWarmup   3: 32768 op, 139272.00 ns, 4.2502 ns/op
OverheadWarmup   4: 32768 op, 126252.00 ns, 3.8529 ns/op
OverheadWarmup   5: 32768 op, 134163.00 ns, 4.0943 ns/op
OverheadWarmup   6: 32768 op, 126342.00 ns, 3.8557 ns/op

OverheadActual   1: 32768 op, 127621.00 ns, 3.8947 ns/op
OverheadActual   2: 32768 op, 126524.00 ns, 3.8612 ns/op
OverheadActual   3: 32768 op, 127713.00 ns, 3.8975 ns/op
OverheadActual   4: 32768 op, 126307.00 ns, 3.8546 ns/op
OverheadActual   5: 32768 op, 155510.00 ns, 4.7458 ns/op
OverheadActual   6: 32768 op, 126382.00 ns, 3.8569 ns/op
OverheadActual   7: 32768 op, 127495.00 ns, 3.8908 ns/op
OverheadActual   8: 32768 op, 243140.00 ns, 7.4200 ns/op
OverheadActual   9: 32768 op, 127398.00 ns, 3.8879 ns/op
OverheadActual  10: 32768 op, 136144.00 ns, 4.1548 ns/op
OverheadActual  11: 32768 op, 158173.00 ns, 4.8271 ns/op
OverheadActual  12: 32768 op, 126402.00 ns, 3.8575 ns/op
OverheadActual  13: 32768 op, 127891.00 ns, 3.9029 ns/op
OverheadActual  14: 32768 op, 126335.00 ns, 3.8554 ns/op
OverheadActual  15: 32768 op, 128004.00 ns, 3.9064 ns/op

WorkloadWarmup   1: 32768 op, 805948607.00 ns, 24.5956 us/op
WorkloadWarmup   2: 32768 op, 795668373.00 ns, 24.2819 us/op
WorkloadWarmup   3: 32768 op, 791749589.00 ns, 24.1623 us/op
WorkloadWarmup   4: 32768 op, 790730719.00 ns, 24.1312 us/op
WorkloadWarmup   5: 32768 op, 789772720.00 ns, 24.1020 us/op
WorkloadWarmup   6: 32768 op, 792238791.00 ns, 24.1772 us/op
WorkloadWarmup   7: 32768 op, 787347276.00 ns, 24.0279 us/op
WorkloadWarmup   8: 32768 op, 791521989.00 ns, 24.1553 us/op
WorkloadWarmup   9: 32768 op, 785116763.00 ns, 23.9599 us/op

// BeforeActualRun
WorkloadActual   1: 32768 op, 790565631.00 ns, 24.1261 us/op
WorkloadActual   2: 32768 op, 786129576.00 ns, 23.9908 us/op
WorkloadActual   3: 32768 op, 789063334.00 ns, 24.0803 us/op
WorkloadActual   4: 32768 op, 795414666.00 ns, 24.2741 us/op
WorkloadActual   5: 32768 op, 791769582.00 ns, 24.1629 us/op
WorkloadActual   6: 32768 op, 785714350.00 ns, 23.9781 us/op
WorkloadActual   7: 32768 op, 786106050.00 ns, 23.9901 us/op
WorkloadActual   8: 32768 op, 789689753.00 ns, 24.0994 us/op
WorkloadActual   9: 32768 op, 788258155.00 ns, 24.0557 us/op
WorkloadActual  10: 32768 op, 793182715.00 ns, 24.2060 us/op
WorkloadActual  11: 32768 op, 792504124.00 ns, 24.1853 us/op
WorkloadActual  12: 32768 op, 781873662.00 ns, 23.8609 us/op
WorkloadActual  13: 32768 op, 783444971.00 ns, 23.9088 us/op
WorkloadActual  14: 32768 op, 786486927.00 ns, 24.0017 us/op
WorkloadActual  15: 32768 op, 782954743.00 ns, 23.8939 us/op

// AfterActualRun
WorkloadResult   1: 32768 op, 790438010.00 ns, 24.1223 us/op
WorkloadResult   2: 32768 op, 786001955.00 ns, 23.9869 us/op
WorkloadResult   3: 32768 op, 788935713.00 ns, 24.0764 us/op
WorkloadResult   4: 32768 op, 795287045.00 ns, 24.2702 us/op
WorkloadResult   5: 32768 op, 791641961.00 ns, 24.1590 us/op
WorkloadResult   6: 32768 op, 785586729.00 ns, 23.9742 us/op
WorkloadResult   7: 32768 op, 785978429.00 ns, 23.9862 us/op
WorkloadResult   8: 32768 op, 789562132.00 ns, 24.0955 us/op
WorkloadResult   9: 32768 op, 788130534.00 ns, 24.0518 us/op
WorkloadResult  10: 32768 op, 793055094.00 ns, 24.2021 us/op
WorkloadResult  11: 32768 op, 792376503.00 ns, 24.1814 us/op
WorkloadResult  12: 32768 op, 781746041.00 ns, 23.8570 us/op
WorkloadResult  13: 32768 op, 783317350.00 ns, 23.9049 us/op
WorkloadResult  14: 32768 op, 786359306.00 ns, 23.9978 us/op
WorkloadResult  15: 32768 op, 782827122.00 ns, 23.8900 us/op
// GC:  40 3 0 964952064 32768
// Threading:  0 0 32768

// AfterAll
// Benchmark Process 3950 has exited with code 0.

Mean = 24.050 μs, StdErr = 0.032 μs (0.13%), N = 15, StdDev = 0.122 μs
Min = 23.857 μs, Q1 = 23.980 μs, Median = 24.052 μs, Q3 = 24.141 μs, Max = 24.270 μs
IQR = 0.160 μs, LowerFence = 23.740 μs, UpperFence = 24.381 μs
ConfidenceInterval = [23.920 μs; 24.181 μs] (CI 99.9%), Margin = 0.131 μs (0.54% of Mean)
Skewness = 0.09, Kurtosis = 1.77, MValue = 2

// ** Remained 5 (83.3 %) benchmark(s) to run. Estimated finish 2026-02-27 4:30 (0h 1m from now) **
// **************************
// Benchmark: ConsoleRendererBenchmark.Optimized_Render_Full: DefaultJob
// *** Execute ***
// Launch: 1 / 1
// Execute: dotnet Tedd.TUI.Benchmarks-DefaultJob-1.dll --anonymousPipes 129 130 --benchmarkName Tedd.TUI.Benchmarks.ConsoleRendererBenchmark.Optimized_Render_Full --job Default --benchmarkId 1 in /app/src/Tedd.TUI.Benchmarks/bin/Release/net10.0/Tedd.TUI.Benchmarks-DefaultJob-1/bin/Release/net10.0
// Failed to set up high priority (Permission denied). In order to run benchmarks with high priority, make sure you have the right permissions.
// BeforeAnythingElse

// Benchmark Process Environment Information:
// BenchmarkDotNet v0.15.8
// Runtime=.NET 10.0.0 (10.0.0, 10.0.25.52411), X64 RyuJIT x86-64-v3
// GC=Concurrent Workstation
// HardwareIntrinsics=AVX2+BMI1+BMI2+F16C+FMA+LZCNT+MOVBE,AVX,SSE3+SSSE3+SSE4.1+SSE4.2+POPCNT,X86Base+SSE+SSE2,AES+PCLMUL VectorSize=256
// Job: DefaultJob

OverheadJitting  1: 1 op, 247425.00 ns, 247.4250 us/op
WorkloadJitting  1: 1 op, 2989481.00 ns, 2.9895 ms/op

OverheadJitting  2: 16 op, 364846.00 ns, 22.8029 us/op
WorkloadJitting  2: 16 op, 7207172.00 ns, 450.4483 us/op

WorkloadPilot    1: 16 op, 1101347.00 ns, 68.8342 us/op
WorkloadPilot    2: 32 op, 2133183.00 ns, 66.6620 us/op
WorkloadPilot    3: 64 op, 4382706.00 ns, 68.4798 us/op
WorkloadPilot    4: 128 op, 8546029.00 ns, 66.7659 us/op
WorkloadPilot    5: 256 op, 16801554.00 ns, 65.6311 us/op
WorkloadPilot    6: 512 op, 33893415.00 ns, 66.1981 us/op
WorkloadPilot    7: 1024 op, 62868480.00 ns, 61.3950 us/op
WorkloadPilot    8: 2048 op, 80549195.00 ns, 39.3307 us/op
WorkloadPilot    9: 4096 op, 89162006.00 ns, 21.7681 us/op
WorkloadPilot   10: 8192 op, 177043946.00 ns, 21.6118 us/op
WorkloadPilot   11: 16384 op, 352397165.00 ns, 21.5086 us/op
WorkloadPilot   12: 32768 op, 703344413.00 ns, 21.4644 us/op

OverheadWarmup   1: 32768 op, 156491.00 ns, 4.7757 ns/op
OverheadWarmup   2: 32768 op, 126477.00 ns, 3.8598 ns/op
OverheadWarmup   3: 32768 op, 127443.00 ns, 3.8893 ns/op
OverheadWarmup   4: 32768 op, 164396.00 ns, 5.0170 ns/op
OverheadWarmup   5: 32768 op, 164373.00 ns, 5.0163 ns/op
OverheadWarmup   6: 32768 op, 164416.00 ns, 5.0176 ns/op
OverheadWarmup   7: 32768 op, 144200.00 ns, 4.4006 ns/op

OverheadActual   1: 32768 op, 126514.00 ns, 3.8609 ns/op
OverheadActual   2: 32768 op, 127820.00 ns, 3.9008 ns/op
OverheadActual   3: 32768 op, 133171.00 ns, 4.0641 ns/op
OverheadActual   4: 32768 op, 127632.00 ns, 3.8950 ns/op
OverheadActual   5: 32768 op, 162799.00 ns, 4.9682 ns/op
OverheadActual   6: 32768 op, 197290.00 ns, 6.0208 ns/op
OverheadActual   7: 32768 op, 190944.00 ns, 5.8271 ns/op
OverheadActual   8: 32768 op, 183539.00 ns, 5.6012 ns/op
OverheadActual   9: 32768 op, 176487.00 ns, 5.3860 ns/op
OverheadActual  10: 32768 op, 162996.00 ns, 4.9742 ns/op
OverheadActual  11: 32768 op, 134235.00 ns, 4.0965 ns/op
OverheadActual  12: 32768 op, 133718.00 ns, 4.0807 ns/op
OverheadActual  13: 32768 op, 164440.00 ns, 5.0183 ns/op
OverheadActual  14: 32768 op, 153284.00 ns, 4.6779 ns/op
OverheadActual  15: 32768 op, 126374.00 ns, 3.8566 ns/op
OverheadActual  16: 32768 op, 144039.00 ns, 4.3957 ns/op
OverheadActual  17: 32768 op, 126569.00 ns, 3.8626 ns/op
OverheadActual  18: 32768 op, 127609.00 ns, 3.8943 ns/op
OverheadActual  19: 32768 op, 164355.00 ns, 5.0157 ns/op
OverheadActual  20: 32768 op, 185644.00 ns, 5.6654 ns/op

WorkloadWarmup   1: 32768 op, 726750906.00 ns, 22.1787 us/op
WorkloadWarmup   2: 32768 op, 722679139.00 ns, 22.0544 us/op
WorkloadWarmup   3: 32768 op, 709431746.00 ns, 21.6501 us/op
WorkloadWarmup   4: 32768 op, 704594885.00 ns, 21.5025 us/op
WorkloadWarmup   5: 32768 op, 704094221.00 ns, 21.4873 us/op
WorkloadWarmup   6: 32768 op, 704797746.00 ns, 21.5087 us/op
WorkloadWarmup   7: 32768 op, 780363296.00 ns, 23.8148 us/op
WorkloadWarmup   8: 32768 op, 1030520935.00 ns, 31.4490 us/op
WorkloadWarmup   9: 32768 op, 899169669.00 ns, 27.4405 us/op
WorkloadWarmup  10: 32768 op, 964869691.00 ns, 29.4455 us/op
WorkloadWarmup  11: 32768 op, 1012353104.00 ns, 30.8946 us/op
WorkloadWarmup  12: 32768 op, 1061949646.00 ns, 32.4081 us/op
WorkloadWarmup  13: 32768 op, 1047274766.00 ns, 31.9603 us/op

// BeforeActualRun
WorkloadActual   1: 32768 op, 1065152481.00 ns, 32.5059 us/op
WorkloadActual   2: 32768 op, 1043716559.00 ns, 31.8517 us/op
WorkloadActual   3: 32768 op, 706811357.00 ns, 21.5702 us/op
WorkloadActual   4: 32768 op, 706747675.00 ns, 21.5682 us/op
WorkloadActual   5: 32768 op, 702741569.00 ns, 21.4460 us/op
WorkloadActual   6: 32768 op, 707721815.00 ns, 21.5980 us/op
WorkloadActual   7: 32768 op, 700385541.00 ns, 21.3741 us/op
WorkloadActual   8: 32768 op, 702876281.00 ns, 21.4501 us/op
WorkloadActual   9: 32768 op, 703510244.00 ns, 21.4694 us/op
WorkloadActual  10: 32768 op, 704542687.00 ns, 21.5009 us/op
WorkloadActual  11: 32768 op, 706099185.00 ns, 21.5484 us/op
WorkloadActual  12: 32768 op, 706598128.00 ns, 21.5637 us/op
WorkloadActual  13: 32768 op, 709639785.00 ns, 21.6565 us/op
WorkloadActual  14: 32768 op, 710055651.00 ns, 21.6692 us/op
WorkloadActual  15: 32768 op, 704082191.00 ns, 21.4869 us/op

// AfterActualRun
WorkloadResult   1: 32768 op, 706662695.50 ns, 21.5656 us/op
WorkloadResult   2: 32768 op, 706599013.50 ns, 21.5637 us/op
WorkloadResult   3: 32768 op, 702592907.50 ns, 21.4414 us/op
WorkloadResult   4: 32768 op, 707573153.50 ns, 21.5934 us/op
WorkloadResult   5: 32768 op, 700236879.50 ns, 21.3695 us/op
WorkloadResult   6: 32768 op, 702727619.50 ns, 21.4455 us/op
WorkloadResult   7: 32768 op, 703361582.50 ns, 21.4649 us/op
WorkloadResult   8: 32768 op, 704394025.50 ns, 21.4964 us/op
WorkloadResult   9: 32768 op, 705950523.50 ns, 21.5439 us/op
WorkloadResult  10: 32768 op, 706449466.50 ns, 21.5591 us/op
WorkloadResult  11: 32768 op, 709491123.50 ns, 21.6520 us/op
WorkloadResult  12: 32768 op, 709906989.50 ns, 21.6646 us/op
WorkloadResult  13: 32768 op, 703933529.50 ns, 21.4823 us/op
// GC:  36 3 0 857735168 32768
// Threading:  0 0 32768

// AfterAll
// Benchmark Process 3961 has exited with code 0.

Mean = 21.526 μs, StdErr = 0.024 μs (0.11%), N = 13, StdDev = 0.086 μs
Min = 21.370 μs, Q1 = 21.465 μs, Median = 21.544 μs, Q3 = 21.566 μs, Max = 21.665 μs
IQR = 0.101 μs, LowerFence = 21.314 μs, UpperFence = 21.717 μs
ConfidenceInterval = [21.423 μs; 21.629 μs] (CI 99.9%), Margin = 0.103 μs (0.48% of Mean)
Skewness = -0.03, Kurtosis = 1.91, MValue = 2

// ** Remained 4 (66.7 %) benchmark(s) to run. Estimated finish 2026-02-27 4:30 (0h 1m from now) **
// **************************
// Benchmark: ConsoleRendererBenchmark.Archive_Render_NoChange: DefaultJob
// *** Execute ***
// Launch: 1 / 1
// Execute: dotnet Tedd.TUI.Benchmarks-DefaultJob-1.dll --anonymousPipes 129 130 --benchmarkName Tedd.TUI.Benchmarks.ConsoleRendererBenchmark.Archive_Render_NoChange --job Default --benchmarkId 2 in /app/src/Tedd.TUI.Benchmarks/bin/Release/net10.0/Tedd.TUI.Benchmarks-DefaultJob-1/bin/Release/net10.0
// Failed to set up high priority (Permission denied). In order to run benchmarks with high priority, make sure you have the right permissions.
// BeforeAnythingElse

// Benchmark Process Environment Information:
// BenchmarkDotNet v0.15.8
// Runtime=.NET 10.0.0 (10.0.0, 10.0.25.52411), X64 RyuJIT x86-64-v3
// GC=Concurrent Workstation
// HardwareIntrinsics=AVX2+BMI1+BMI2+F16C+FMA+LZCNT+MOVBE,AVX,SSE3+SSSE3+SSE4.1+SSE4.2+POPCNT,X86Base+SSE+SSE2,AES+PCLMUL VectorSize=256
// Job: DefaultJob

OverheadJitting  1: 1 op, 309776.00 ns, 309.7760 us/op
WorkloadJitting  1: 1 op, 2803835.00 ns, 2.8038 ms/op

OverheadJitting  2: 16 op, 363624.00 ns, 22.7265 us/op
WorkloadJitting  2: 16 op, 6550671.00 ns, 409.4169 us/op

WorkloadPilot    1: 16 op, 1396571.00 ns, 87.2857 us/op
WorkloadPilot    2: 32 op, 2735551.00 ns, 85.4860 us/op
WorkloadPilot    3: 64 op, 5376232.00 ns, 84.0036 us/op
WorkloadPilot    4: 128 op, 10967520.00 ns, 85.6838 us/op
WorkloadPilot    5: 256 op, 21417630.00 ns, 83.6626 us/op
WorkloadPilot    6: 512 op, 42355231.00 ns, 82.7251 us/op
WorkloadPilot    7: 1024 op, 87236856.00 ns, 85.1922 us/op
WorkloadPilot    8: 2048 op, 40939566.00 ns, 19.9900 us/op
WorkloadPilot    9: 4096 op, 80319547.00 ns, 19.6093 us/op
WorkloadPilot   10: 8192 op, 162663182.00 ns, 19.8563 us/op
WorkloadPilot   11: 16384 op, 325277623.00 ns, 19.8534 us/op
WorkloadPilot   12: 32768 op, 644968860.00 ns, 19.6829 us/op

OverheadWarmup   1: 32768 op, 139088.00 ns, 4.2446 ns/op
OverheadWarmup   2: 32768 op, 127301.00 ns, 3.8849 ns/op
OverheadWarmup   3: 32768 op, 131688.00 ns, 4.0188 ns/op
OverheadWarmup   4: 32768 op, 133061.00 ns, 4.0607 ns/op
OverheadWarmup   5: 32768 op, 128228.00 ns, 3.9132 ns/op
OverheadWarmup   6: 32768 op, 126593.00 ns, 3.8633 ns/op
OverheadWarmup   7: 32768 op, 127894.00 ns, 3.9030 ns/op
OverheadWarmup   8: 32768 op, 126373.00 ns, 3.8566 ns/op

OverheadActual   1: 32768 op, 128343.00 ns, 3.9167 ns/op
OverheadActual   2: 32768 op, 126700.00 ns, 3.8666 ns/op
OverheadActual   3: 32768 op, 128291.00 ns, 3.9151 ns/op
OverheadActual   4: 32768 op, 126694.00 ns, 3.8664 ns/op
OverheadActual   5: 32768 op, 162172.00 ns, 4.9491 ns/op
OverheadActual   6: 32768 op, 126799.00 ns, 3.8696 ns/op
OverheadActual   7: 32768 op, 185962.00 ns, 5.6751 ns/op
OverheadActual   8: 32768 op, 126409.00 ns, 3.8577 ns/op
OverheadActual   9: 32768 op, 127637.00 ns, 3.8952 ns/op
OverheadActual  10: 32768 op, 129664.00 ns, 3.9570 ns/op
OverheadActual  11: 32768 op, 127589.00 ns, 3.8937 ns/op
OverheadActual  12: 32768 op, 147770.00 ns, 4.5096 ns/op
OverheadActual  13: 32768 op, 127694.00 ns, 3.8969 ns/op
OverheadActual  14: 32768 op, 131994.00 ns, 4.0281 ns/op
OverheadActual  15: 32768 op, 127794.00 ns, 3.9000 ns/op

WorkloadWarmup   1: 32768 op, 651617923.00 ns, 19.8858 us/op
WorkloadWarmup   2: 32768 op, 644898036.00 ns, 19.6807 us/op
WorkloadWarmup   3: 32768 op, 646150624.00 ns, 19.7190 us/op
WorkloadWarmup   4: 32768 op, 639813753.00 ns, 19.5256 us/op
WorkloadWarmup   5: 32768 op, 639464967.00 ns, 19.5149 us/op
WorkloadWarmup   6: 32768 op, 640002727.00 ns, 19.5313 us/op
WorkloadWarmup   7: 32768 op, 639498315.00 ns, 19.5159 us/op

// BeforeActualRun
WorkloadActual   1: 32768 op, 647602842.00 ns, 19.7633 us/op
WorkloadActual   2: 32768 op, 643593272.00 ns, 19.6409 us/op
WorkloadActual   3: 32768 op, 640777894.00 ns, 19.5550 us/op
WorkloadActual   4: 32768 op, 637383570.00 ns, 19.4514 us/op
WorkloadActual   5: 32768 op, 638393427.00 ns, 19.4822 us/op
WorkloadActual   6: 32768 op, 639266331.00 ns, 19.5089 us/op
WorkloadActual   7: 32768 op, 639955229.00 ns, 19.5299 us/op
WorkloadActual   8: 32768 op, 641584630.00 ns, 19.5796 us/op
WorkloadActual   9: 32768 op, 640492990.00 ns, 19.5463 us/op
WorkloadActual  10: 32768 op, 639288944.00 ns, 19.5096 us/op
WorkloadActual  11: 32768 op, 641198727.00 ns, 19.5678 us/op
WorkloadActual  12: 32768 op, 641746140.00 ns, 19.5845 us/op
WorkloadActual  13: 32768 op, 639187002.00 ns, 19.5064 us/op
WorkloadActual  14: 32768 op, 642692873.00 ns, 19.6134 us/op
WorkloadActual  15: 32768 op, 640008010.00 ns, 19.5315 us/op

// AfterActualRun
WorkloadResult   1: 32768 op, 643465478.00 ns, 19.6370 us/op
WorkloadResult   2: 32768 op, 640650100.00 ns, 19.5511 us/op
WorkloadResult   3: 32768 op, 637255776.00 ns, 19.4475 us/op
WorkloadResult   4: 32768 op, 638265633.00 ns, 19.4783 us/op
WorkloadResult   5: 32768 op, 639138537.00 ns, 19.5050 us/op
WorkloadResult   6: 32768 op, 639827435.00 ns, 19.5260 us/op
WorkloadResult   7: 32768 op, 641456836.00 ns, 19.5757 us/op
WorkloadResult   8: 32768 op, 640365196.00 ns, 19.5424 us/op
WorkloadResult   9: 32768 op, 639161150.00 ns, 19.5057 us/op
WorkloadResult  10: 32768 op, 641070933.00 ns, 19.5639 us/op
WorkloadResult  11: 32768 op, 641618346.00 ns, 19.5806 us/op
WorkloadResult  12: 32768 op, 639059208.00 ns, 19.5025 us/op
WorkloadResult  13: 32768 op, 642565079.00 ns, 19.6095 us/op
WorkloadResult  14: 32768 op, 639880216.00 ns, 19.5276 us/op
// GC:  0 0 0 6815744 32768
// Threading:  0 0 32768

// AfterAll
// Benchmark Process 3974 has exited with code 0.

Mean = 19.539 μs, StdErr = 0.014 μs (0.07%), N = 14, StdDev = 0.051 μs
Min = 19.448 μs, Q1 = 19.505 μs, Median = 19.535 μs, Q3 = 19.573 μs, Max = 19.637 μs
IQR = 0.068 μs, LowerFence = 19.404 μs, UpperFence = 19.674 μs
ConfidenceInterval = [19.481 μs; 19.598 μs] (CI 99.9%), Margin = 0.058 μs (0.30% of Mean)
Skewness = 0.14, Kurtosis = 2.14, MValue = 2

// ** Remained 3 (50.0 %) benchmark(s) to run. Estimated finish 2026-02-27 4:30 (0h 1m from now) **
// **************************
// Benchmark: ConsoleRendererBenchmark.Optimized_Render_NoChange: DefaultJob
// *** Execute ***
// Launch: 1 / 1
// Execute: dotnet Tedd.TUI.Benchmarks-DefaultJob-1.dll --anonymousPipes 129 130 --benchmarkName Tedd.TUI.Benchmarks.ConsoleRendererBenchmark.Optimized_Render_NoChange --job Default --benchmarkId 3 in /app/src/Tedd.TUI.Benchmarks/bin/Release/net10.0/Tedd.TUI.Benchmarks-DefaultJob-1/bin/Release/net10.0
// Failed to set up high priority (Permission denied). In order to run benchmarks with high priority, make sure you have the right permissions.
// BeforeAnythingElse

// Benchmark Process Environment Information:
// BenchmarkDotNet v0.15.8
// Runtime=.NET 10.0.0 (10.0.0, 10.0.25.52411), X64 RyuJIT x86-64-v3
// GC=Concurrent Workstation
// HardwareIntrinsics=AVX2+BMI1+BMI2+F16C+FMA+LZCNT+MOVBE,AVX,SSE3+SSSE3+SSE4.1+SSE4.2+POPCNT,X86Base+SSE+SSE2,AES+PCLMUL VectorSize=256
// Job: DefaultJob

OverheadJitting  1: 1 op, 255064.00 ns, 255.0640 us/op
WorkloadJitting  1: 1 op, 2990429.00 ns, 2.9904 ms/op

OverheadJitting  2: 16 op, 354792.00 ns, 22.1745 us/op
WorkloadJitting  2: 16 op, 6495108.00 ns, 405.9443 us/op

WorkloadPilot    1: 16 op, 887381.00 ns, 55.4613 us/op
WorkloadPilot    2: 32 op, 1764593.00 ns, 55.1435 us/op
WorkloadPilot    3: 64 op, 3214261.00 ns, 50.2228 us/op
WorkloadPilot    4: 128 op, 6375552.00 ns, 49.8090 us/op
WorkloadPilot    5: 256 op, 12730338.00 ns, 49.7279 us/op
WorkloadPilot    6: 512 op, 24911812.00 ns, 48.6559 us/op
WorkloadPilot    7: 1024 op, 49299374.00 ns, 48.1439 us/op
WorkloadPilot    8: 2048 op, 93069558.00 ns, 45.4441 us/op
WorkloadPilot    9: 4096 op, 78899557.00 ns, 19.2626 us/op
WorkloadPilot   10: 8192 op, 156356743.00 ns, 19.0865 us/op
WorkloadPilot   11: 16384 op, 313216697.00 ns, 19.1172 us/op
WorkloadPilot   12: 32768 op, 628531620.00 ns, 19.1813 us/op

OverheadWarmup   1: 32768 op, 128983.00 ns, 3.9362 ns/op
OverheadWarmup   2: 32768 op, 127067.00 ns, 3.8778 ns/op
OverheadWarmup   3: 32768 op, 183710.00 ns, 5.6064 ns/op
OverheadWarmup   4: 32768 op, 126619.00 ns, 3.8641 ns/op
OverheadWarmup   5: 32768 op, 127704.00 ns, 3.8972 ns/op
OverheadWarmup   6: 32768 op, 126899.00 ns, 3.8727 ns/op

OverheadActual   1: 32768 op, 128139.00 ns, 3.9105 ns/op
OverheadActual   2: 32768 op, 126819.00 ns, 3.8702 ns/op
OverheadActual   3: 32768 op, 127742.00 ns, 3.8984 ns/op
OverheadActual   4: 32768 op, 126612.00 ns, 3.8639 ns/op
OverheadActual   5: 32768 op, 127883.00 ns, 3.9027 ns/op
OverheadActual   6: 32768 op, 126748.00 ns, 3.8680 ns/op
OverheadActual   7: 32768 op, 158694.00 ns, 4.8430 ns/op
OverheadActual   8: 32768 op, 126417.00 ns, 3.8579 ns/op
OverheadActual   9: 32768 op, 127624.00 ns, 3.8948 ns/op
OverheadActual  10: 32768 op, 126417.00 ns, 3.8579 ns/op
OverheadActual  11: 32768 op, 127502.00 ns, 3.8911 ns/op
OverheadActual  12: 32768 op, 129023.00 ns, 3.9375 ns/op
OverheadActual  13: 32768 op, 130108.00 ns, 3.9706 ns/op
OverheadActual  14: 32768 op, 126325.00 ns, 3.8551 ns/op
OverheadActual  15: 32768 op, 169313.00 ns, 5.1670 ns/op

WorkloadWarmup   1: 32768 op, 626017895.00 ns, 19.1046 us/op
WorkloadWarmup   2: 32768 op, 626935589.00 ns, 19.1326 us/op
WorkloadWarmup   3: 32768 op, 625318390.00 ns, 19.0832 us/op
WorkloadWarmup   4: 32768 op, 625281420.00 ns, 19.0821 us/op
WorkloadWarmup   5: 32768 op, 626059494.00 ns, 19.1058 us/op
WorkloadWarmup   6: 32768 op, 625649727.00 ns, 19.0933 us/op

// BeforeActualRun
WorkloadActual   1: 32768 op, 625230061.00 ns, 19.0805 us/op
WorkloadActual   2: 32768 op, 624381499.00 ns, 19.0546 us/op
WorkloadActual   3: 32768 op, 622470996.00 ns, 18.9963 us/op
WorkloadActual   4: 32768 op, 623280236.00 ns, 19.0210 us/op
WorkloadActual   5: 32768 op, 622617088.00 ns, 19.0008 us/op
WorkloadActual   6: 32768 op, 625172744.00 ns, 19.0788 us/op
WorkloadActual   7: 32768 op, 622660928.00 ns, 19.0021 us/op
WorkloadActual   8: 32768 op, 621765402.00 ns, 18.9748 us/op
WorkloadActual   9: 32768 op, 625282813.00 ns, 19.0821 us/op
WorkloadActual  10: 32768 op, 628860936.00 ns, 19.1913 us/op
WorkloadActual  11: 32768 op, 625996294.00 ns, 19.1039 us/op
WorkloadActual  12: 32768 op, 625356930.00 ns, 19.0844 us/op
WorkloadActual  13: 32768 op, 627165154.00 ns, 19.1396 us/op
WorkloadActual  14: 32768 op, 627322798.00 ns, 19.1444 us/op
WorkloadActual  15: 32768 op, 631645416.00 ns, 19.2763 us/op

// AfterActualRun
WorkloadResult   1: 32768 op, 625102437.00 ns, 19.0766 us/op
WorkloadResult   2: 32768 op, 624253875.00 ns, 19.0507 us/op
WorkloadResult   3: 32768 op, 622343372.00 ns, 18.9924 us/op
WorkloadResult   4: 32768 op, 623152612.00 ns, 19.0171 us/op
WorkloadResult   5: 32768 op, 622489464.00 ns, 18.9969 us/op
WorkloadResult   6: 32768 op, 625045120.00 ns, 19.0749 us/op
WorkloadResult   7: 32768 op, 622533304.00 ns, 18.9982 us/op
WorkloadResult   8: 32768 op, 621637778.00 ns, 18.9709 us/op
WorkloadResult   9: 32768 op, 625155189.00 ns, 19.0782 us/op
WorkloadResult  10: 32768 op, 628733312.00 ns, 19.1874 us/op
WorkloadResult  11: 32768 op, 625868670.00 ns, 19.1000 us/op
WorkloadResult  12: 32768 op, 625229306.00 ns, 19.0805 us/op
WorkloadResult  13: 32768 op, 627037530.00 ns, 19.1357 us/op
WorkloadResult  14: 32768 op, 627195174.00 ns, 19.1405 us/op
WorkloadResult  15: 32768 op, 631517792.00 ns, 19.2724 us/op
// GC:  0 0 0 0 32768
// Threading:  0 0 32768

// AfterAll
// Benchmark Process 3987 has exited with code 0.

Mean = 19.078 μs, StdErr = 0.021 μs (0.11%), N = 15, StdDev = 0.082 μs
Min = 18.971 μs, Q1 = 19.008 μs, Median = 19.077 μs, Q3 = 19.118 μs, Max = 19.272 μs
IQR = 0.110 μs, LowerFence = 18.842 μs, UpperFence = 19.283 μs
ConfidenceInterval = [18.991 μs; 19.166 μs] (CI 99.9%), Margin = 0.087 μs (0.46% of Mean)
Skewness = 0.72, Kurtosis = 2.79, MValue = 2

// ** Remained 2 (33.3 %) benchmark(s) to run. Estimated finish 2026-02-27 4:30 (0h 0m from now) **
// **************************
// Benchmark: ConsoleRendererBenchmark.Archive_Render_SmallChange: DefaultJob
// *** Execute ***
// Launch: 1 / 1
// Execute: dotnet Tedd.TUI.Benchmarks-DefaultJob-1.dll --anonymousPipes 129 130 --benchmarkName Tedd.TUI.Benchmarks.ConsoleRendererBenchmark.Archive_Render_SmallChange --job Default --benchmarkId 4 in /app/src/Tedd.TUI.Benchmarks/bin/Release/net10.0/Tedd.TUI.Benchmarks-DefaultJob-1/bin/Release/net10.0
// Failed to set up high priority (Permission denied). In order to run benchmarks with high priority, make sure you have the right permissions.
// BeforeAnythingElse

// Benchmark Process Environment Information:
// BenchmarkDotNet v0.15.8
// Runtime=.NET 10.0.0 (10.0.0, 10.0.25.52411), X64 RyuJIT x86-64-v3
// GC=Concurrent Workstation
// HardwareIntrinsics=AVX2+BMI1+BMI2+F16C+FMA+LZCNT+MOVBE,AVX,SSE3+SSSE3+SSE4.1+SSE4.2+POPCNT,X86Base+SSE+SSE2,AES+PCLMUL VectorSize=256
// Job: DefaultJob

OverheadJitting  1: 1 op, 243040.00 ns, 243.0400 us/op
WorkloadJitting  1: 1 op, 2863311.00 ns, 2.8633 ms/op

OverheadJitting  2: 16 op, 341834.00 ns, 21.3646 us/op
WorkloadJitting  2: 16 op, 6171614.00 ns, 385.7259 us/op

WorkloadPilot    1: 16 op, 1452471.00 ns, 90.7794 us/op
WorkloadPilot    2: 32 op, 2757157.00 ns, 86.1612 us/op
WorkloadPilot    3: 64 op, 5327501.00 ns, 83.2422 us/op
WorkloadPilot    4: 128 op, 10687204.00 ns, 83.4938 us/op
WorkloadPilot    5: 256 op, 21120546.00 ns, 82.5021 us/op
WorkloadPilot    6: 512 op, 42358679.00 ns, 82.7318 us/op
WorkloadPilot    7: 1024 op, 84525973.00 ns, 82.5449 us/op
WorkloadPilot    8: 2048 op, 61645027.00 ns, 30.1001 us/op
WorkloadPilot    9: 4096 op, 87390259.00 ns, 21.3355 us/op
WorkloadPilot   10: 8192 op, 172182582.00 ns, 21.0184 us/op
WorkloadPilot   11: 16384 op, 345053134.00 ns, 21.0604 us/op
WorkloadPilot   12: 32768 op, 692531235.00 ns, 21.1344 us/op

OverheadWarmup   1: 32768 op, 129597.00 ns, 3.9550 ns/op
OverheadWarmup   2: 32768 op, 126720.00 ns, 3.8672 ns/op
OverheadWarmup   3: 32768 op, 128513.00 ns, 3.9219 ns/op
OverheadWarmup   4: 32768 op, 126567.00 ns, 3.8625 ns/op
OverheadWarmup   5: 32768 op, 135192.00 ns, 4.1257 ns/op
OverheadWarmup   6: 32768 op, 168623.00 ns, 5.1460 ns/op
OverheadWarmup   7: 32768 op, 128649.00 ns, 3.9261 ns/op

OverheadActual   1: 32768 op, 190938.00 ns, 5.8270 ns/op
OverheadActual   2: 32768 op, 128881.00 ns, 3.9331 ns/op
OverheadActual   3: 32768 op, 159023.00 ns, 4.8530 ns/op
OverheadActual   4: 32768 op, 128143.00 ns, 3.9106 ns/op
OverheadActual   5: 32768 op, 126552.00 ns, 3.8621 ns/op
OverheadActual   6: 32768 op, 134865.00 ns, 4.1158 ns/op
OverheadActual   7: 32768 op, 126478.00 ns, 3.8598 ns/op
OverheadActual   8: 32768 op, 133978.00 ns, 4.0887 ns/op
OverheadActual   9: 32768 op, 126330.00 ns, 3.8553 ns/op
OverheadActual  10: 32768 op, 127592.00 ns, 3.8938 ns/op
OverheadActual  11: 32768 op, 126324.00 ns, 3.8551 ns/op
OverheadActual  12: 32768 op, 127344.00 ns, 3.8862 ns/op
OverheadActual  13: 32768 op, 126445.00 ns, 3.8588 ns/op
OverheadActual  14: 32768 op, 127407.00 ns, 3.8882 ns/op
OverheadActual  15: 32768 op, 126480.00 ns, 3.8599 ns/op

WorkloadWarmup   1: 32768 op, 701032304.00 ns, 21.3938 us/op
WorkloadWarmup   2: 32768 op, 694312757.00 ns, 21.1887 us/op
WorkloadWarmup   3: 32768 op, 685529125.00 ns, 20.9207 us/op
WorkloadWarmup   4: 32768 op, 682675589.00 ns, 20.8336 us/op
WorkloadWarmup   5: 32768 op, 686170361.00 ns, 20.9403 us/op
WorkloadWarmup   6: 32768 op, 682795856.00 ns, 20.8373 us/op
WorkloadWarmup   7: 32768 op, 683825421.00 ns, 20.8687 us/op
WorkloadWarmup   8: 32768 op, 684571587.00 ns, 20.8915 us/op
WorkloadWarmup   9: 32768 op, 685712487.00 ns, 20.9263 us/op
WorkloadWarmup  10: 32768 op, 682087235.00 ns, 20.8157 us/op

// BeforeActualRun
WorkloadActual   1: 32768 op, 708746593.00 ns, 21.6292 us/op
WorkloadActual   2: 32768 op, 683752024.00 ns, 20.8665 us/op
WorkloadActual   3: 32768 op, 683660408.00 ns, 20.8637 us/op
WorkloadActual   4: 32768 op, 683393140.00 ns, 20.8555 us/op
WorkloadActual   5: 32768 op, 684134132.00 ns, 20.8781 us/op
WorkloadActual   6: 32768 op, 683895122.00 ns, 20.8708 us/op
WorkloadActual   7: 32768 op, 682772848.00 ns, 20.8366 us/op
WorkloadActual   8: 32768 op, 685270994.00 ns, 20.9128 us/op
WorkloadActual   9: 32768 op, 686207627.00 ns, 20.9414 us/op
WorkloadActual  10: 32768 op, 687836834.00 ns, 20.9911 us/op
WorkloadActual  11: 32768 op, 688256336.00 ns, 21.0039 us/op
WorkloadActual  12: 32768 op, 684914255.00 ns, 20.9019 us/op
WorkloadActual  13: 32768 op, 687320649.00 ns, 20.9754 us/op
WorkloadActual  14: 32768 op, 686587271.00 ns, 20.9530 us/op
WorkloadActual  15: 32768 op, 687074869.00 ns, 20.9679 us/op

// AfterActualRun
WorkloadResult   1: 32768 op, 683624617.00 ns, 20.8626 us/op
WorkloadResult   2: 32768 op, 683533001.00 ns, 20.8598 us/op
WorkloadResult   3: 32768 op, 683265733.00 ns, 20.8516 us/op
WorkloadResult   4: 32768 op, 684006725.00 ns, 20.8742 us/op
WorkloadResult   5: 32768 op, 683767715.00 ns, 20.8669 us/op
WorkloadResult   6: 32768 op, 682645441.00 ns, 20.8327 us/op
WorkloadResult   7: 32768 op, 685143587.00 ns, 20.9089 us/op
WorkloadResult   8: 32768 op, 686080220.00 ns, 20.9375 us/op
WorkloadResult   9: 32768 op, 687709427.00 ns, 20.9872 us/op
WorkloadResult  10: 32768 op, 688128929.00 ns, 21.0000 us/op
WorkloadResult  11: 32768 op, 684786848.00 ns, 20.8980 us/op
WorkloadResult  12: 32768 op, 687193242.00 ns, 20.9715 us/op
WorkloadResult  13: 32768 op, 686459864.00 ns, 20.9491 us/op
WorkloadResult  14: 32768 op, 686947462.00 ns, 20.9640 us/op
// GC:  0 0 0 8388608 32768
// Threading:  0 0 32768

// AfterAll
// Benchmark Process 3997 has exited with code 0.

Mean = 20.912 μs, StdErr = 0.015 μs (0.07%), N = 14, StdDev = 0.056 μs
Min = 20.833 μs, Q1 = 20.864 μs, Median = 20.903 μs, Q3 = 20.960 μs, Max = 21.000 μs
IQR = 0.097 μs, LowerFence = 20.719 μs, UpperFence = 21.105 μs
ConfidenceInterval = [20.849 μs; 20.975 μs] (CI 99.9%), Margin = 0.063 μs (0.30% of Mean)
Skewness = 0.18, Kurtosis = 1.38, MValue = 2

// ** Remained 1 (16.7 %) benchmark(s) to run. Estimated finish 2026-02-27 4:30 (0h 0m from now) **
// **************************
// Benchmark: ConsoleRendererBenchmark.Optimized_Render_SmallChange: DefaultJob
// *** Execute ***
// Launch: 1 / 1
// Execute: dotnet Tedd.TUI.Benchmarks-DefaultJob-1.dll --anonymousPipes 129 130 --benchmarkName Tedd.TUI.Benchmarks.ConsoleRendererBenchmark.Optimized_Render_SmallChange --job Default --benchmarkId 5 in /app/src/Tedd.TUI.Benchmarks/bin/Release/net10.0/Tedd.TUI.Benchmarks-DefaultJob-1/bin/Release/net10.0
// Failed to set up high priority (Permission denied). In order to run benchmarks with high priority, make sure you have the right permissions.
// BeforeAnythingElse

// Benchmark Process Environment Information:
// BenchmarkDotNet v0.15.8
// Runtime=.NET 10.0.0 (10.0.0, 10.0.25.52411), X64 RyuJIT x86-64-v3
// GC=Concurrent Workstation
// HardwareIntrinsics=AVX2+BMI1+BMI2+F16C+FMA+LZCNT+MOVBE,AVX,SSE3+SSSE3+SSE4.1+SSE4.2+POPCNT,X86Base+SSE+SSE2,AES+PCLMUL VectorSize=256
// Job: DefaultJob

OverheadJitting  1: 1 op, 257674.00 ns, 257.6740 us/op
WorkloadJitting  1: 1 op, 3040293.00 ns, 3.0403 ms/op

OverheadJitting  2: 16 op, 337240.00 ns, 21.0775 us/op
WorkloadJitting  2: 16 op, 6430365.00 ns, 401.8978 us/op

WorkloadPilot    1: 16 op, 843488.00 ns, 52.7180 us/op
WorkloadPilot    2: 32 op, 1589620.00 ns, 49.6756 us/op
WorkloadPilot    3: 64 op, 3061456.00 ns, 47.8353 us/op
WorkloadPilot    4: 128 op, 6051064.00 ns, 47.2739 us/op
WorkloadPilot    5: 256 op, 12125877.00 ns, 47.3667 us/op
WorkloadPilot    6: 512 op, 24204589.00 ns, 47.2746 us/op
WorkloadPilot    7: 1024 op, 53233289.00 ns, 51.9856 us/op
WorkloadPilot    8: 2048 op, 87107526.00 ns, 42.5330 us/op
WorkloadPilot    9: 4096 op, 79805422.00 ns, 19.4837 us/op
WorkloadPilot   10: 8192 op, 162762174.00 ns, 19.8684 us/op
WorkloadPilot   11: 16384 op, 320548000.00 ns, 19.5647 us/op
WorkloadPilot   12: 32768 op, 637702739.00 ns, 19.4611 us/op

OverheadWarmup   1: 32768 op, 135374.00 ns, 4.1313 ns/op
OverheadWarmup   2: 32768 op, 183767.00 ns, 5.6081 ns/op
OverheadWarmup   3: 32768 op, 127720.00 ns, 3.8977 ns/op
OverheadWarmup   4: 32768 op, 126464.00 ns, 3.8594 ns/op
OverheadWarmup   5: 32768 op, 127752.00 ns, 3.8987 ns/op
OverheadWarmup   6: 32768 op, 126431.00 ns, 3.8584 ns/op

OverheadActual   1: 32768 op, 127636.00 ns, 3.8951 ns/op
OverheadActual   2: 32768 op, 126619.00 ns, 3.8641 ns/op
OverheadActual   3: 32768 op, 128116.00 ns, 3.9098 ns/op
OverheadActual   4: 32768 op, 126301.00 ns, 3.8544 ns/op
OverheadActual   5: 32768 op, 127429.00 ns, 3.8888 ns/op
OverheadActual   6: 32768 op, 126256.00 ns, 3.8530 ns/op
OverheadActual   7: 32768 op, 127205.00 ns, 3.8820 ns/op
OverheadActual   8: 32768 op, 126319.00 ns, 3.8549 ns/op
OverheadActual   9: 32768 op, 127359.00 ns, 3.8867 ns/op
OverheadActual  10: 32768 op, 126230.00 ns, 3.8522 ns/op
OverheadActual  11: 32768 op, 132673.00 ns, 4.0489 ns/op
OverheadActual  12: 32768 op, 208181.00 ns, 6.3532 ns/op
OverheadActual  13: 32768 op, 127384.00 ns, 3.8875 ns/op
OverheadActual  14: 32768 op, 126518.00 ns, 3.8610 ns/op
OverheadActual  15: 32768 op, 154788.00 ns, 4.7238 ns/op

WorkloadWarmup   1: 32768 op, 637319893.00 ns, 19.4495 us/op
WorkloadWarmup   2: 32768 op, 630556704.00 ns, 19.2431 us/op
WorkloadWarmup   3: 32768 op, 629437983.00 ns, 19.2089 us/op
WorkloadWarmup   4: 32768 op, 631371263.00 ns, 19.2679 us/op
WorkloadWarmup   5: 32768 op, 629429441.00 ns, 19.2087 us/op
WorkloadWarmup   6: 32768 op, 630010371.00 ns, 19.2264 us/op
WorkloadWarmup   7: 32768 op, 630293064.00 ns, 19.2350 us/op
WorkloadWarmup   8: 32768 op, 630167787.00 ns, 19.2312 us/op

// BeforeActualRun
WorkloadActual   1: 32768 op, 630011843.00 ns, 19.2264 us/op
WorkloadActual   2: 32768 op, 631166817.00 ns, 19.2617 us/op
WorkloadActual   3: 32768 op, 630748589.00 ns, 19.2489 us/op
WorkloadActual   4: 32768 op, 630953864.00 ns, 19.2552 us/op
WorkloadActual   5: 32768 op, 635464887.00 ns, 19.3928 us/op
WorkloadActual   6: 32768 op, 661823518.00 ns, 20.1973 us/op
WorkloadActual   7: 32768 op, 653231171.00 ns, 19.9350 us/op
WorkloadActual   8: 32768 op, 645891829.00 ns, 19.7111 us/op
WorkloadActual   9: 32768 op, 650237890.00 ns, 19.8437 us/op
WorkloadActual  10: 32768 op, 643101920.00 ns, 19.6259 us/op
WorkloadActual  11: 32768 op, 642431477.00 ns, 19.6055 us/op
WorkloadActual  12: 32768 op, 635382747.00 ns, 19.3903 us/op
WorkloadActual  13: 32768 op, 650855769.00 ns, 19.8625 us/op
WorkloadActual  14: 32768 op, 717569140.00 ns, 21.8985 us/op
WorkloadActual  15: 32768 op, 649584957.00 ns, 19.8238 us/op

// AfterActualRun
WorkloadResult   1: 32768 op, 629884484.00 ns, 19.2225 us/op
WorkloadResult   2: 32768 op, 631039458.00 ns, 19.2578 us/op
WorkloadResult   3: 32768 op, 630621230.00 ns, 19.2450 us/op
WorkloadResult   4: 32768 op, 630826505.00 ns, 19.2513 us/op
WorkloadResult   5: 32768 op, 635337528.00 ns, 19.3890 us/op
WorkloadResult   6: 32768 op, 661696159.00 ns, 20.1934 us/op
WorkloadResult   7: 32768 op, 653103812.00 ns, 19.9311 us/op
WorkloadResult   8: 32768 op, 645764470.00 ns, 19.7072 us/op
WorkloadResult   9: 32768 op, 650110531.00 ns, 19.8398 us/op
WorkloadResult  10: 32768 op, 642974561.00 ns, 19.6220 us/op
WorkloadResult  11: 32768 op, 642304118.00 ns, 19.6016 us/op
WorkloadResult  12: 32768 op, 635255388.00 ns, 19.3865 us/op
WorkloadResult  13: 32768 op, 650728410.00 ns, 19.8587 us/op
WorkloadResult  14: 32768 op, 649457598.00 ns, 19.8199 us/op
// GC:  0 0 0 0 32768
// Threading:  0 0 32768

// AfterAll
// Benchmark Process 4010 has exited with code 0.

Mean = 19.595 μs, StdErr = 0.083 μs (0.42%), N = 14, StdDev = 0.309 μs
Min = 19.223 μs, Q1 = 19.290 μs, Median = 19.612 μs, Q3 = 19.835 μs, Max = 20.193 μs
IQR = 0.545 μs, LowerFence = 18.473 μs, UpperFence = 20.652 μs
ConfidenceInterval = [19.246 μs; 19.944 μs] (CI 99.9%), Margin = 0.349 μs (1.78% of Mean)
Skewness = 0.26, Kurtosis = 1.69, MValue = 2

// ** Remained 0 (0.0 %) benchmark(s) to run. Estimated finish 2026-02-27 4:30 (0h 0m from now) **
// ***** BenchmarkRunner: Finish  *****

// * Export *
  BenchmarkDotNet.Artifacts/results/Tedd.TUI.Benchmarks.ConsoleRendererBenchmark-report.csv
  BenchmarkDotNet.Artifacts/results/Tedd.TUI.Benchmarks.ConsoleRendererBenchmark-report-github.md
  BenchmarkDotNet.Artifacts/results/Tedd.TUI.Benchmarks.ConsoleRendererBenchmark-report.html

// * Detailed results *
ConsoleRendererBenchmark.Archive_Render_Full: DefaultJob
Runtime = .NET 10.0.0 (10.0.0, 10.0.25.52411), X64 RyuJIT x86-64-v3; GC = Concurrent Workstation
Mean = 24.050 μs, StdErr = 0.032 μs (0.13%), N = 15, StdDev = 0.122 μs
Min = 23.857 μs, Q1 = 23.980 μs, Median = 24.052 μs, Q3 = 24.141 μs, Max = 24.270 μs
IQR = 0.160 μs, LowerFence = 23.740 μs, UpperFence = 24.381 μs
ConfidenceInterval = [23.920 μs; 24.181 μs] (CI 99.9%), Margin = 0.131 μs (0.54% of Mean)
Skewness = 0.09, Kurtosis = 1.77, MValue = 2
-------------------- Histogram --------------------
[23.792 μs ; 24.275 μs) | @@@@@@@@@@@@@@@
---------------------------------------------------

ConsoleRendererBenchmark.Optimized_Render_Full: DefaultJob
Runtime = .NET 10.0.0 (10.0.0, 10.0.25.52411), X64 RyuJIT x86-64-v3; GC = Concurrent Workstation
Mean = 21.526 μs, StdErr = 0.024 μs (0.11%), N = 13, StdDev = 0.086 μs
Min = 21.370 μs, Q1 = 21.465 μs, Median = 21.544 μs, Q3 = 21.566 μs, Max = 21.665 μs
IQR = 0.101 μs, LowerFence = 21.314 μs, UpperFence = 21.717 μs
ConfidenceInterval = [21.423 μs; 21.629 μs] (CI 99.9%), Margin = 0.103 μs (0.48% of Mean)
Skewness = -0.03, Kurtosis = 1.91, MValue = 2
-------------------- Histogram --------------------
[21.322 μs ; 21.713 μs) | @@@@@@@@@@@@@
---------------------------------------------------

ConsoleRendererBenchmark.Archive_Render_NoChange: DefaultJob
Runtime = .NET 10.0.0 (10.0.0, 10.0.25.52411), X64 RyuJIT x86-64-v3; GC = Concurrent Workstation
Mean = 19.539 μs, StdErr = 0.014 μs (0.07%), N = 14, StdDev = 0.051 μs
Min = 19.448 μs, Q1 = 19.505 μs, Median = 19.535 μs, Q3 = 19.573 μs, Max = 19.637 μs
IQR = 0.068 μs, LowerFence = 19.404 μs, UpperFence = 19.674 μs
ConfidenceInterval = [19.481 μs; 19.598 μs] (CI 99.9%), Margin = 0.058 μs (0.30% of Mean)
Skewness = 0.14, Kurtosis = 2.14, MValue = 2
-------------------- Histogram --------------------
[19.419 μs ; 19.665 μs) | @@@@@@@@@@@@@@
---------------------------------------------------

ConsoleRendererBenchmark.Optimized_Render_NoChange: DefaultJob
Runtime = .NET 10.0.0 (10.0.0, 10.0.25.52411), X64 RyuJIT x86-64-v3; GC = Concurrent Workstation
Mean = 19.078 μs, StdErr = 0.021 μs (0.11%), N = 15, StdDev = 0.082 μs
Min = 18.971 μs, Q1 = 19.008 μs, Median = 19.077 μs, Q3 = 19.118 μs, Max = 19.272 μs
IQR = 0.110 μs, LowerFence = 18.842 μs, UpperFence = 19.283 μs
ConfidenceInterval = [18.991 μs; 19.166 μs] (CI 99.9%), Margin = 0.087 μs (0.46% of Mean)
Skewness = 0.72, Kurtosis = 2.79, MValue = 2
-------------------- Histogram --------------------
[18.927 μs ; 19.316 μs) | @@@@@@@@@@@@@@@
---------------------------------------------------

ConsoleRendererBenchmark.Archive_Render_SmallChange: DefaultJob
Runtime = .NET 10.0.0 (10.0.0, 10.0.25.52411), X64 RyuJIT x86-64-v3; GC = Concurrent Workstation
Mean = 20.912 μs, StdErr = 0.015 μs (0.07%), N = 14, StdDev = 0.056 μs
Min = 20.833 μs, Q1 = 20.864 μs, Median = 20.903 μs, Q3 = 20.960 μs, Max = 21.000 μs
IQR = 0.097 μs, LowerFence = 20.719 μs, UpperFence = 21.105 μs
ConfidenceInterval = [20.849 μs; 20.975 μs] (CI 99.9%), Margin = 0.063 μs (0.30% of Mean)
Skewness = 0.18, Kurtosis = 1.38, MValue = 2
-------------------- Histogram --------------------
[20.802 μs ; 21.030 μs) | @@@@@@@@@@@@@@
---------------------------------------------------

ConsoleRendererBenchmark.Optimized_Render_SmallChange: DefaultJob
Runtime = .NET 10.0.0 (10.0.0, 10.0.25.52411), X64 RyuJIT x86-64-v3; GC = Concurrent Workstation
Mean = 19.595 μs, StdErr = 0.083 μs (0.42%), N = 14, StdDev = 0.309 μs
Min = 19.223 μs, Q1 = 19.290 μs, Median = 19.612 μs, Q3 = 19.835 μs, Max = 20.193 μs
IQR = 0.545 μs, LowerFence = 18.473 μs, UpperFence = 20.652 μs
ConfidenceInterval = [19.246 μs; 19.944 μs] (CI 99.9%), Margin = 0.349 μs (1.78% of Mean)
Skewness = 0.26, Kurtosis = 1.69, MValue = 2
-------------------- Histogram --------------------
[19.113 μs ; 19.569 μs) | @@@@@@
[19.569 μs ; 20.362 μs) | @@@@@@@@
---------------------------------------------------

// * Summary *

BenchmarkDotNet v0.15.8, Linux Ubuntu 24.04.3 LTS (Noble Numbat)
Intel Xeon Processor 2.30GHz, 1 CPU, 4 logical and 4 physical cores
.NET SDK 10.0.100
  [Host]     : .NET 10.0.0 (10.0.0, 10.0.25.52411), X64 RyuJIT x86-64-v3
  DefaultJob : .NET 10.0.0 (10.0.0, 10.0.25.52411), X64 RyuJIT x86-64-v3


| Method                       | Mean     | Error    | StdDev   | Ratio | Gen0   | Gen1   | Allocated | Alloc Ratio |
|----------------------------- |---------:|---------:|---------:|------:|-------:|-------:|----------:|------------:|
| Archive_Render_Full          | 24.05 μs | 0.131 μs | 0.122 μs |  1.00 | 1.2207 | 0.0916 |   29448 B |       1.000 |
| Optimized_Render_Full        | 21.53 μs | 0.103 μs | 0.086 μs |  0.90 | 1.0986 | 0.0916 |   26176 B |       0.889 |
| Archive_Render_NoChange      | 19.54 μs | 0.058 μs | 0.051 μs |  0.81 |      - |      - |     208 B |       0.007 |
| Optimized_Render_NoChange    | 19.08 μs | 0.087 μs | 0.082 μs |  0.79 |      - |      - |         - |       0.000 |
| Archive_Render_SmallChange   | 20.91 μs | 0.063 μs | 0.056 μs |  0.87 |      - |      - |     256 B |       0.009 |
| Optimized_Render_SmallChange | 19.59 μs | 0.349 μs | 0.309 μs |  0.81 |      - |      - |         - |       0.000 |

// * Hints *
Outliers
  ConsoleRendererBenchmark.Optimized_Render_Full: Default        -> 2 outliers were removed (31.85 μs, 32.51 μs)
  ConsoleRendererBenchmark.Archive_Render_NoChange: Default      -> 1 outlier  was  removed (19.76 μs)
  ConsoleRendererBenchmark.Archive_Render_SmallChange: Default   -> 1 outlier  was  removed (21.63 μs)
  ConsoleRendererBenchmark.Optimized_Render_SmallChange: Default -> 1 outlier  was  removed (21.90 μs)

// * Legends *
  Mean        : Arithmetic mean of all measurements
  Error       : Half of 99.9% confidence interval
  StdDev      : Standard deviation of all measurements
  Ratio       : Mean of the ratio distribution ([Current]/[Baseline])
  Gen0        : GC Generation 0 collects per 1000 operations
  Gen1        : GC Generation 1 collects per 1000 operations
  Allocated   : Allocated memory per single operation (managed only, inclusive, 1KB = 1024B)
  Alloc Ratio : Allocated memory ratio distribution ([Current]/[Baseline])
  1 μs        : 1 Microsecond (0.000001 sec)

// * Diagnostic Output - MemoryDiagnoser *


// ***** BenchmarkRunner: End *****
Run time: 00:01:56 (116.27 sec), executed benchmarks: 6

Global total time: 00:02:29 (149.59 sec), executed benchmarks: 6
// * Artifacts cleanup *
Artifacts cleanup is finished
