// Validating benchmarks:
// ***** BenchmarkRunner: Start   *****
// ***** Found 2 benchmark(s) in total *****
// ***** Building 1 exe(s) in Parallel: Start   *****
// start dotnet  restore /p:UseSharedCompilation=false /p:BuildInParallel=false /m:1 /p:Deterministic=true /p:Optimize=true in /app/src/Tedd.TUI.Benchmarks/bin/Release/net10.0/4e974ca5-cdb2-4194-944c-0ce3c7f0f5ff
// command took 2.36 sec and exited with 0
// start dotnet  build -c Release --no-restore /p:UseSharedCompilation=false /p:BuildInParallel=false /m:1 /p:Deterministic=true /p:Optimize=true in /app/src/Tedd.TUI.Benchmarks/bin/Release/net10.0/4e974ca5-cdb2-4194-944c-0ce3c7f0f5ff
// command took 6.47 sec and exited with 0
// ***** Done, took 00:00:08 (8.94 sec)   *****
// Found 2 benchmarks:
//   ConsoleRendererBenchmarks.LegacyRender: Job-AGUJHT(InvocationCount=1, UnrollFactor=1)
//   ConsoleRendererBenchmarks.ModernRender: Job-AGUJHT(InvocationCount=1, UnrollFactor=1)

// **************************
// Benchmark: ConsoleRendererBenchmarks.LegacyRender: Job-AGUJHT(InvocationCount=1, UnrollFactor=1)
// *** Execute ***
// Launch: 1 / 1
// Execute: dotnet 4e974ca5-cdb2-4194-944c-0ce3c7f0f5ff.dll --anonymousPipes 120 121 --benchmarkName Tedd.TUI.Benchmarks.ConsoleRendererBenchmarks.LegacyRender --job "InvocationCount=1, UnrollFactor=1" --benchmarkId 0 in /app/src/Tedd.TUI.Benchmarks/bin/Release/net10.0/4e974ca5-cdb2-4194-944c-0ce3c7f0f5ff/bin/Release/net10.0
// Failed to set up high priority (Permission denied). In order to run benchmarks with high priority, make sure you have the right permissions.
// BeforeAnythingElse

// Benchmark Process Environment Information:
// BenchmarkDotNet v0.13.12
// Runtime=.NET 10.0.0 (10.0.25.52411), X64 RyuJIT AVX2
// GC=Concurrent Workstation
// HardwareIntrinsics=AVX2,AES,BMI1,BMI2,FMA,LZCNT,PCLMUL,POPCNT VectorSize=256
// Job: Job-OPGFYW(InvocationCount=1, UnrollFactor=1)

OverheadJitting  1: 1 op, 433664.00 ns, 433.6640 us/op
WorkloadJitting  1: 1 op, 458669.00 ns, 458.6690 us/op

OverheadWarmup   1: 1 op, 1140.00 ns, 1.1400 us/op
OverheadWarmup   2: 1 op, 897.00 ns, 897.0000 ns/op
OverheadWarmup   3: 1 op, 552.00 ns, 552.0000 ns/op
OverheadWarmup   4: 1 op, 823.00 ns, 823.0000 ns/op
OverheadWarmup   5: 1 op, 483.00 ns, 483.0000 ns/op
OverheadWarmup   6: 1 op, 495.00 ns, 495.0000 ns/op
OverheadWarmup   7: 1 op, 486.00 ns, 486.0000 ns/op

OverheadActual   1: 1 op, 450.00 ns, 450.0000 ns/op
OverheadActual   2: 1 op, 444.00 ns, 444.0000 ns/op
OverheadActual   3: 1 op, 419.00 ns, 419.0000 ns/op
OverheadActual   4: 1 op, 611.00 ns, 611.0000 ns/op
OverheadActual   5: 1 op, 498.00 ns, 498.0000 ns/op
OverheadActual   6: 1 op, 573.00 ns, 573.0000 ns/op
OverheadActual   7: 1 op, 467.00 ns, 467.0000 ns/op
OverheadActual   8: 1 op, 467.00 ns, 467.0000 ns/op
OverheadActual   9: 1 op, 473.00 ns, 473.0000 ns/op
OverheadActual  10: 1 op, 496.00 ns, 496.0000 ns/op
OverheadActual  11: 1 op, 516.00 ns, 516.0000 ns/op
OverheadActual  12: 1 op, 544.00 ns, 544.0000 ns/op
OverheadActual  13: 1 op, 488.00 ns, 488.0000 ns/op
OverheadActual  14: 1 op, 553.00 ns, 553.0000 ns/op
OverheadActual  15: 1 op, 451.00 ns, 451.0000 ns/op
OverheadActual  16: 1 op, 501.00 ns, 501.0000 ns/op
OverheadActual  17: 1 op, 454.00 ns, 454.0000 ns/op
OverheadActual  18: 1 op, 976.00 ns, 976.0000 ns/op
OverheadActual  19: 1 op, 441.00 ns, 441.0000 ns/op
OverheadActual  20: 1 op, 477.00 ns, 477.0000 ns/op

WorkloadWarmup   1: 1 op, 140284.00 ns, 140.2840 us/op
WorkloadWarmup   2: 1 op, 4732041.00 ns, 4.7320 ms/op
WorkloadWarmup   3: 1 op, 67011.00 ns, 67.0110 us/op
WorkloadWarmup   4: 1 op, 64026.00 ns, 64.0260 us/op
WorkloadWarmup   5: 1 op, 72384.00 ns, 72.3840 us/op
WorkloadWarmup   6: 1 op, 70714.00 ns, 70.7140 us/op

// BeforeActualRun
WorkloadActual   1: 1 op, 63140.00 ns, 63.1400 us/op
WorkloadActual   2: 1 op, 59175.00 ns, 59.1750 us/op
WorkloadActual   3: 1 op, 60419.00 ns, 60.4190 us/op
WorkloadActual   4: 1 op, 60703.00 ns, 60.7030 us/op
WorkloadActual   5: 1 op, 60064.00 ns, 60.0640 us/op
WorkloadActual   6: 1 op, 59456.00 ns, 59.4560 us/op
WorkloadActual   7: 1 op, 58405.00 ns, 58.4050 us/op
WorkloadActual   8: 1 op, 59563.00 ns, 59.5630 us/op
WorkloadActual   9: 1 op, 59845.00 ns, 59.8450 us/op
WorkloadActual  10: 1 op, 58741.00 ns, 58.7410 us/op
WorkloadActual  11: 1 op, 58968.00 ns, 58.9680 us/op
WorkloadActual  12: 1 op, 58808.00 ns, 58.8080 us/op
WorkloadActual  13: 1 op, 58028.00 ns, 58.0280 us/op
WorkloadActual  14: 1 op, 64939.00 ns, 64.9390 us/op
WorkloadActual  15: 1 op, 85979.00 ns, 85.9790 us/op
WorkloadActual  16: 1 op, 59584.00 ns, 59.5840 us/op

// AfterActualRun
WorkloadResult   1: 1 op, 58692.50 ns, 58.6925 us/op
WorkloadResult   2: 1 op, 59936.50 ns, 59.9365 us/op
WorkloadResult   3: 1 op, 60220.50 ns, 60.2205 us/op
WorkloadResult   4: 1 op, 59581.50 ns, 59.5815 us/op
WorkloadResult   5: 1 op, 58973.50 ns, 58.9735 us/op
WorkloadResult   6: 1 op, 57922.50 ns, 57.9225 us/op
WorkloadResult   7: 1 op, 59080.50 ns, 59.0805 us/op
WorkloadResult   8: 1 op, 59362.50 ns, 59.3625 us/op
WorkloadResult   9: 1 op, 58258.50 ns, 58.2585 us/op
WorkloadResult  10: 1 op, 58485.50 ns, 58.4855 us/op
WorkloadResult  11: 1 op, 58325.50 ns, 58.3255 us/op
WorkloadResult  12: 1 op, 57545.50 ns, 57.5455 us/op
WorkloadResult  13: 1 op, 59101.50 ns, 59.1015 us/op
// GC:  0 0 0 840 1
// Threading:  0 0 1

// AfterAll
// Benchmark Process 3346 has exited with code 0.

Mean = 58.884 μs, StdErr = 0.217 μs (0.37%), N = 13, StdDev = 0.781 μs
Min = 57.545 μs, Q1 = 58.325 μs, Median = 58.974 μs, Q3 = 59.362 μs, Max = 60.221 μs
IQR = 1.037 μs, LowerFence = 56.770 μs, UpperFence = 60.918 μs
ConfidenceInterval = [57.948 μs; 59.819 μs] (CI 99.9%), Margin = 0.935 μs (1.59% of Mean)
Skewness = 0.04, Kurtosis = 1.87, MValue = 2

// ** Remained 1 (50.0 %) benchmark(s) to run. Estimated finish 2026-02-28 4:22 (0h 0m from now) **
// **************************
// Benchmark: ConsoleRendererBenchmarks.ModernRender: Job-AGUJHT(InvocationCount=1, UnrollFactor=1)
// *** Execute ***
// Launch: 1 / 1
// Execute: dotnet 4e974ca5-cdb2-4194-944c-0ce3c7f0f5ff.dll --anonymousPipes 120 121 --benchmarkName Tedd.TUI.Benchmarks.ConsoleRendererBenchmarks.ModernRender --job "InvocationCount=1, UnrollFactor=1" --benchmarkId 1 in /app/src/Tedd.TUI.Benchmarks/bin/Release/net10.0/4e974ca5-cdb2-4194-944c-0ce3c7f0f5ff/bin/Release/net10.0
// Failed to set up high priority (Permission denied). In order to run benchmarks with high priority, make sure you have the right permissions.
// BeforeAnythingElse

// Benchmark Process Environment Information:
// BenchmarkDotNet v0.13.12
// Runtime=.NET 10.0.0 (10.0.25.52411), X64 RyuJIT AVX2
// GC=Concurrent Workstation
// HardwareIntrinsics=AVX2,AES,BMI1,BMI2,FMA,LZCNT,PCLMUL,POPCNT VectorSize=256
// Job: Job-PIWWZH(InvocationCount=1, UnrollFactor=1)

OverheadJitting  1: 1 op, 378466.00 ns, 378.4660 us/op
WorkloadJitting  1: 1 op, 390874.00 ns, 390.8740 us/op

OverheadWarmup   1: 1 op, 748.00 ns, 748.0000 ns/op
OverheadWarmup   2: 1 op, 433.00 ns, 433.0000 ns/op
OverheadWarmup   3: 1 op, 458.00 ns, 458.0000 ns/op
OverheadWarmup   4: 1 op, 432.00 ns, 432.0000 ns/op
OverheadWarmup   5: 1 op, 427.00 ns, 427.0000 ns/op
OverheadWarmup   6: 1 op, 446.00 ns, 446.0000 ns/op
OverheadWarmup   7: 1 op, 497.00 ns, 497.0000 ns/op
OverheadWarmup   8: 1 op, 428.00 ns, 428.0000 ns/op

OverheadActual   1: 1 op, 471.00 ns, 471.0000 ns/op
OverheadActual   2: 1 op, 441.00 ns, 441.0000 ns/op
OverheadActual   3: 1 op, 448.00 ns, 448.0000 ns/op
OverheadActual   4: 1 op, 460.00 ns, 460.0000 ns/op
OverheadActual   5: 1 op, 511.00 ns, 511.0000 ns/op
OverheadActual   6: 1 op, 495.00 ns, 495.0000 ns/op
OverheadActual   7: 1 op, 445.00 ns, 445.0000 ns/op
OverheadActual   8: 1 op, 458.00 ns, 458.0000 ns/op
OverheadActual   9: 1 op, 348.00 ns, 348.0000 ns/op
OverheadActual  10: 1 op, 451.00 ns, 451.0000 ns/op
OverheadActual  11: 1 op, 485.00 ns, 485.0000 ns/op
OverheadActual  12: 1 op, 554.00 ns, 554.0000 ns/op
OverheadActual  13: 1 op, 499.00 ns, 499.0000 ns/op
OverheadActual  14: 1 op, 448.00 ns, 448.0000 ns/op
OverheadActual  15: 1 op, 459.00 ns, 459.0000 ns/op
OverheadActual  16: 1 op, 471.00 ns, 471.0000 ns/op
OverheadActual  17: 1 op, 411.00 ns, 411.0000 ns/op
OverheadActual  18: 1 op, 1063.00 ns, 1.0630 us/op
OverheadActual  19: 1 op, 385.00 ns, 385.0000 ns/op
OverheadActual  20: 1 op, 442.00 ns, 442.0000 ns/op

WorkloadWarmup   1: 1 op, 138151.00 ns, 138.1510 us/op
WorkloadWarmup   2: 1 op, 5941337.00 ns, 5.9413 ms/op
WorkloadWarmup   3: 1 op, 49368.00 ns, 49.3680 us/op
WorkloadWarmup   4: 1 op, 47723.00 ns, 47.7230 us/op
WorkloadWarmup   5: 1 op, 47484.00 ns, 47.4840 us/op
WorkloadWarmup   6: 1 op, 46588.00 ns, 46.5880 us/op
WorkloadWarmup   7: 1 op, 45237.00 ns, 45.2370 us/op
WorkloadWarmup   8: 1 op, 43029.00 ns, 43.0290 us/op
WorkloadWarmup   9: 1 op, 43340.00 ns, 43.3400 us/op
WorkloadWarmup  10: 1 op, 42429.00 ns, 42.4290 us/op

// BeforeActualRun
WorkloadActual   1: 1 op, 42605.00 ns, 42.6050 us/op
WorkloadActual   2: 1 op, 42518.00 ns, 42.5180 us/op
WorkloadActual   3: 1 op, 42488.00 ns, 42.4880 us/op
WorkloadActual   4: 1 op, 42907.00 ns, 42.9070 us/op
WorkloadActual   5: 1 op, 43232.00 ns, 43.2320 us/op
WorkloadActual   6: 1 op, 42603.00 ns, 42.6030 us/op
WorkloadActual   7: 1 op, 42317.00 ns, 42.3170 us/op
WorkloadActual   8: 1 op, 42793.00 ns, 42.7930 us/op
WorkloadActual   9: 1 op, 83656.00 ns, 83.6560 us/op
WorkloadActual  10: 1 op, 42324.00 ns, 42.3240 us/op
WorkloadActual  11: 1 op, 42554.00 ns, 42.5540 us/op
WorkloadActual  12: 1 op, 46155.00 ns, 46.1550 us/op
WorkloadActual  13: 1 op, 42620.00 ns, 42.6200 us/op
WorkloadActual  14: 1 op, 40453.00 ns, 40.4530 us/op
WorkloadActual  15: 1 op, 39473.00 ns, 39.4730 us/op
WorkloadActual  16: 1 op, 40277.00 ns, 40.2770 us/op
WorkloadActual  17: 1 op, 39773.00 ns, 39.7730 us/op
WorkloadActual  18: 1 op, 39839.00 ns, 39.8390 us/op
WorkloadActual  19: 1 op, 46891.00 ns, 46.8910 us/op
WorkloadActual  20: 1 op, 40287.00 ns, 40.2870 us/op
WorkloadActual  21: 1 op, 39649.00 ns, 39.6490 us/op
WorkloadActual  22: 1 op, 74779.00 ns, 74.7790 us/op
WorkloadActual  23: 1 op, 40198.00 ns, 40.1980 us/op
WorkloadActual  24: 1 op, 39098.00 ns, 39.0980 us/op
WorkloadActual  25: 1 op, 39195.00 ns, 39.1950 us/op
WorkloadActual  26: 1 op, 39813.00 ns, 39.8130 us/op
WorkloadActual  27: 1 op, 82620.00 ns, 82.6200 us/op
WorkloadActual  28: 1 op, 39893.00 ns, 39.8930 us/op
WorkloadActual  29: 1 op, 41767.00 ns, 41.7670 us/op
WorkloadActual  30: 1 op, 39509.00 ns, 39.5090 us/op
WorkloadActual  31: 1 op, 39461.00 ns, 39.4610 us/op
WorkloadActual  32: 1 op, 44717.00 ns, 44.7170 us/op
WorkloadActual  33: 1 op, 41178.00 ns, 41.1780 us/op
WorkloadActual  34: 1 op, 39472.00 ns, 39.4720 us/op
WorkloadActual  35: 1 op, 39161.00 ns, 39.1610 us/op
WorkloadActual  36: 1 op, 39733.00 ns, 39.7330 us/op
WorkloadActual  37: 1 op, 38789.00 ns, 38.7890 us/op
WorkloadActual  38: 1 op, 41039.00 ns, 41.0390 us/op
WorkloadActual  39: 1 op, 39650.00 ns, 39.6500 us/op
WorkloadActual  40: 1 op, 38888.00 ns, 38.8880 us/op
WorkloadActual  41: 1 op, 39007.00 ns, 39.0070 us/op
WorkloadActual  42: 1 op, 47334.00 ns, 47.3340 us/op
WorkloadActual  43: 1 op, 40121.00 ns, 40.1210 us/op
WorkloadActual  44: 1 op, 39409.00 ns, 39.4090 us/op
WorkloadActual  45: 1 op, 47424.00 ns, 47.4240 us/op
WorkloadActual  46: 1 op, 45139.00 ns, 45.1390 us/op
WorkloadActual  47: 1 op, 39540.00 ns, 39.5400 us/op
WorkloadActual  48: 1 op, 39090.00 ns, 39.0900 us/op
WorkloadActual  49: 1 op, 38540.00 ns, 38.5400 us/op
WorkloadActual  50: 1 op, 38271.00 ns, 38.2710 us/op
WorkloadActual  51: 1 op, 38105.00 ns, 38.1050 us/op
WorkloadActual  52: 1 op, 38526.00 ns, 38.5260 us/op
WorkloadActual  53: 1 op, 39458.00 ns, 39.4580 us/op
WorkloadActual  54: 1 op, 39000.00 ns, 39.0000 us/op
WorkloadActual  55: 1 op, 38574.00 ns, 38.5740 us/op
WorkloadActual  56: 1 op, 38244.00 ns, 38.2440 us/op
WorkloadActual  57: 1 op, 39279.00 ns, 39.2790 us/op
WorkloadActual  58: 1 op, 38810.00 ns, 38.8100 us/op
WorkloadActual  59: 1 op, 81824.00 ns, 81.8240 us/op
WorkloadActual  60: 1 op, 38674.00 ns, 38.6740 us/op
WorkloadActual  61: 1 op, 38691.00 ns, 38.6910 us/op
WorkloadActual  62: 1 op, 39012.00 ns, 39.0120 us/op
WorkloadActual  63: 1 op, 43627.00 ns, 43.6270 us/op
WorkloadActual  64: 1 op, 38730.00 ns, 38.7300 us/op
WorkloadActual  65: 1 op, 38597.00 ns, 38.5970 us/op
WorkloadActual  66: 1 op, 38412.00 ns, 38.4120 us/op
WorkloadActual  67: 1 op, 38973.00 ns, 38.9730 us/op
WorkloadActual  68: 1 op, 40000.00 ns, 40.0000 us/op
WorkloadActual  69: 1 op, 38485.00 ns, 38.4850 us/op
WorkloadActual  70: 1 op, 39420.00 ns, 39.4200 us/op
WorkloadActual  71: 1 op, 38469.00 ns, 38.4690 us/op
WorkloadActual  72: 1 op, 39207.00 ns, 39.2070 us/op
WorkloadActual  73: 1 op, 38701.00 ns, 38.7010 us/op
WorkloadActual  74: 1 op, 39013.00 ns, 39.0130 us/op
WorkloadActual  75: 1 op, 44932.00 ns, 44.9320 us/op
WorkloadActual  76: 1 op, 38619.00 ns, 38.6190 us/op
WorkloadActual  77: 1 op, 38741.00 ns, 38.7410 us/op
WorkloadActual  78: 1 op, 38156.00 ns, 38.1560 us/op
WorkloadActual  79: 1 op, 38736.00 ns, 38.7360 us/op
WorkloadActual  80: 1 op, 39284.00 ns, 39.2840 us/op
WorkloadActual  81: 1 op, 45735.00 ns, 45.7350 us/op
WorkloadActual  82: 1 op, 38418.00 ns, 38.4180 us/op
WorkloadActual  83: 1 op, 39005.00 ns, 39.0050 us/op
WorkloadActual  84: 1 op, 38879.00 ns, 38.8790 us/op
WorkloadActual  85: 1 op, 38251.00 ns, 38.2510 us/op
WorkloadActual  86: 1 op, 38751.00 ns, 38.7510 us/op
WorkloadActual  87: 1 op, 38316.00 ns, 38.3160 us/op
WorkloadActual  88: 1 op, 46043.00 ns, 46.0430 us/op
WorkloadActual  89: 1 op, 39016.00 ns, 39.0160 us/op
WorkloadActual  90: 1 op, 38532.00 ns, 38.5320 us/op
WorkloadActual  91: 1 op, 38549.00 ns, 38.5490 us/op
WorkloadActual  92: 1 op, 38324.00 ns, 38.3240 us/op
WorkloadActual  93: 1 op, 39046.00 ns, 39.0460 us/op
WorkloadActual  94: 1 op, 38612.00 ns, 38.6120 us/op
WorkloadActual  95: 1 op, 38994.00 ns, 38.9940 us/op
WorkloadActual  96: 1 op, 39145.00 ns, 39.1450 us/op
WorkloadActual  97: 1 op, 39224.00 ns, 39.2240 us/op
WorkloadActual  98: 1 op, 39873.00 ns, 39.8730 us/op
WorkloadActual  99: 1 op, 38578.00 ns, 38.5780 us/op

// AfterActualRun
WorkloadResult   1: 1 op, 42146.50 ns, 42.1465 us/op
WorkloadResult   2: 1 op, 42059.50 ns, 42.0595 us/op
WorkloadResult   3: 1 op, 42029.50 ns, 42.0295 us/op
WorkloadResult   4: 1 op, 42448.50 ns, 42.4485 us/op
WorkloadResult   5: 1 op, 42773.50 ns, 42.7735 us/op
WorkloadResult   6: 1 op, 42144.50 ns, 42.1445 us/op
WorkloadResult   7: 1 op, 41858.50 ns, 41.8585 us/op
WorkloadResult   8: 1 op, 42334.50 ns, 42.3345 us/op
WorkloadResult   9: 1 op, 41865.50 ns, 41.8655 us/op
WorkloadResult  10: 1 op, 42095.50 ns, 42.0955 us/op
WorkloadResult  11: 1 op, 45696.50 ns, 45.6965 us/op
WorkloadResult  12: 1 op, 42161.50 ns, 42.1615 us/op
WorkloadResult  13: 1 op, 39994.50 ns, 39.9945 us/op
WorkloadResult  14: 1 op, 39014.50 ns, 39.0145 us/op
WorkloadResult  15: 1 op, 39818.50 ns, 39.8185 us/op
WorkloadResult  16: 1 op, 39314.50 ns, 39.3145 us/op
WorkloadResult  17: 1 op, 39380.50 ns, 39.3805 us/op
WorkloadResult  18: 1 op, 46432.50 ns, 46.4325 us/op
WorkloadResult  19: 1 op, 39828.50 ns, 39.8285 us/op
WorkloadResult  20: 1 op, 39190.50 ns, 39.1905 us/op
WorkloadResult  21: 1 op, 39739.50 ns, 39.7395 us/op
WorkloadResult  22: 1 op, 38639.50 ns, 38.6395 us/op
WorkloadResult  23: 1 op, 38736.50 ns, 38.7365 us/op
WorkloadResult  24: 1 op, 39354.50 ns, 39.3545 us/op
WorkloadResult  25: 1 op, 39434.50 ns, 39.4345 us/op
WorkloadResult  26: 1 op, 41308.50 ns, 41.3085 us/op
WorkloadResult  27: 1 op, 39050.50 ns, 39.0505 us/op
WorkloadResult  28: 1 op, 39002.50 ns, 39.0025 us/op
WorkloadResult  29: 1 op, 44258.50 ns, 44.2585 us/op
WorkloadResult  30: 1 op, 40719.50 ns, 40.7195 us/op
WorkloadResult  31: 1 op, 39013.50 ns, 39.0135 us/op
WorkloadResult  32: 1 op, 38702.50 ns, 38.7025 us/op
WorkloadResult  33: 1 op, 39274.50 ns, 39.2745 us/op
WorkloadResult  34: 1 op, 38330.50 ns, 38.3305 us/op
WorkloadResult  35: 1 op, 40580.50 ns, 40.5805 us/op
WorkloadResult  36: 1 op, 39191.50 ns, 39.1915 us/op
WorkloadResult  37: 1 op, 38429.50 ns, 38.4295 us/op
WorkloadResult  38: 1 op, 38548.50 ns, 38.5485 us/op
WorkloadResult  39: 1 op, 39662.50 ns, 39.6625 us/op
WorkloadResult  40: 1 op, 38950.50 ns, 38.9505 us/op
WorkloadResult  41: 1 op, 44680.50 ns, 44.6805 us/op
WorkloadResult  42: 1 op, 39081.50 ns, 39.0815 us/op
WorkloadResult  43: 1 op, 38631.50 ns, 38.6315 us/op
WorkloadResult  44: 1 op, 38081.50 ns, 38.0815 us/op
WorkloadResult  45: 1 op, 37812.50 ns, 37.8125 us/op
WorkloadResult  46: 1 op, 37646.50 ns, 37.6465 us/op
WorkloadResult  47: 1 op, 38067.50 ns, 38.0675 us/op
WorkloadResult  48: 1 op, 38999.50 ns, 38.9995 us/op
WorkloadResult  49: 1 op, 38541.50 ns, 38.5415 us/op
WorkloadResult  50: 1 op, 38115.50 ns, 38.1155 us/op
WorkloadResult  51: 1 op, 37785.50 ns, 37.7855 us/op
WorkloadResult  52: 1 op, 38820.50 ns, 38.8205 us/op
WorkloadResult  53: 1 op, 38351.50 ns, 38.3515 us/op
WorkloadResult  54: 1 op, 38215.50 ns, 38.2155 us/op
WorkloadResult  55: 1 op, 38232.50 ns, 38.2325 us/op
WorkloadResult  56: 1 op, 38553.50 ns, 38.5535 us/op
WorkloadResult  57: 1 op, 43168.50 ns, 43.1685 us/op
WorkloadResult  58: 1 op, 38271.50 ns, 38.2715 us/op
WorkloadResult  59: 1 op, 38138.50 ns, 38.1385 us/op
WorkloadResult  60: 1 op, 37953.50 ns, 37.9535 us/op
WorkloadResult  61: 1 op, 38514.50 ns, 38.5145 us/op
WorkloadResult  62: 1 op, 39541.50 ns, 39.5415 us/op
WorkloadResult  63: 1 op, 38026.50 ns, 38.0265 us/op
WorkloadResult  64: 1 op, 38961.50 ns, 38.9615 us/op
WorkloadResult  65: 1 op, 38010.50 ns, 38.0105 us/op
WorkloadResult  66: 1 op, 38748.50 ns, 38.7485 us/op
WorkloadResult  67: 1 op, 38242.50 ns, 38.2425 us/op
WorkloadResult  68: 1 op, 38554.50 ns, 38.5545 us/op
WorkloadResult  69: 1 op, 44473.50 ns, 44.4735 us/op
WorkloadResult  70: 1 op, 38160.50 ns, 38.1605 us/op
WorkloadResult  71: 1 op, 38282.50 ns, 38.2825 us/op
WorkloadResult  72: 1 op, 37697.50 ns, 37.6975 us/op
WorkloadResult  73: 1 op, 38277.50 ns, 38.2775 us/op
WorkloadResult  74: 1 op, 38825.50 ns, 38.8255 us/op
WorkloadResult  75: 1 op, 45276.50 ns, 45.2765 us/op
WorkloadResult  76: 1 op, 37959.50 ns, 37.9595 us/op
WorkloadResult  77: 1 op, 38546.50 ns, 38.5465 us/op
WorkloadResult  78: 1 op, 38420.50 ns, 38.4205 us/op
WorkloadResult  79: 1 op, 37792.50 ns, 37.7925 us/op
WorkloadResult  80: 1 op, 38292.50 ns, 38.2925 us/op
WorkloadResult  81: 1 op, 37857.50 ns, 37.8575 us/op
WorkloadResult  82: 1 op, 45584.50 ns, 45.5845 us/op
WorkloadResult  83: 1 op, 38557.50 ns, 38.5575 us/op
WorkloadResult  84: 1 op, 38073.50 ns, 38.0735 us/op
WorkloadResult  85: 1 op, 38090.50 ns, 38.0905 us/op
WorkloadResult  86: 1 op, 37865.50 ns, 37.8655 us/op
WorkloadResult  87: 1 op, 38587.50 ns, 38.5875 us/op
WorkloadResult  88: 1 op, 38153.50 ns, 38.1535 us/op
WorkloadResult  89: 1 op, 38535.50 ns, 38.5355 us/op
WorkloadResult  90: 1 op, 38686.50 ns, 38.6865 us/op
WorkloadResult  91: 1 op, 38765.50 ns, 38.7655 us/op
WorkloadResult  92: 1 op, 39414.50 ns, 39.4145 us/op
WorkloadResult  93: 1 op, 38119.50 ns, 38.1195 us/op
// GC:  0 0 0 736 1
// Threading:  0 0 1

// AfterAll
// Benchmark Process 3356 has exited with code 0.

Mean = 39.651 μs, StdErr = 0.218 μs (0.55%), N = 93, StdDev = 2.104 μs
Min = 37.647 μs, Q1 = 38.272 μs, Median = 38.766 μs, Q3 = 39.828 μs, Max = 46.432 μs
IQR = 1.557 μs, LowerFence = 35.936 μs, UpperFence = 42.164 μs
ConfidenceInterval = [38.910 μs; 40.393 μs] (CI 99.9%), Margin = 0.742 μs (1.87% of Mean)
Skewness = 1.55, Kurtosis = 4.5, MValue = 2.21

// ** Remained 0 (0.0 %) benchmark(s) to run. Estimated finish 2026-02-28 4:22 (0h 0m from now) **
// ***** BenchmarkRunner: Finish  *****

// * Export *
  BenchmarkDotNet.Artifacts/results/Tedd.TUI.Benchmarks.ConsoleRendererBenchmarks-report.csv
  BenchmarkDotNet.Artifacts/results/Tedd.TUI.Benchmarks.ConsoleRendererBenchmarks-report-github.md
  BenchmarkDotNet.Artifacts/results/Tedd.TUI.Benchmarks.ConsoleRendererBenchmarks-report.html

// * Detailed results *
ConsoleRendererBenchmarks.LegacyRender: Job-AGUJHT(InvocationCount=1, UnrollFactor=1)
Runtime = .NET 10.0.0 (10.0.25.52411), X64 RyuJIT AVX2; GC = Concurrent Workstation
Mean = 58.884 μs, StdErr = 0.217 μs (0.37%), N = 13, StdDev = 0.781 μs
Min = 57.545 μs, Q1 = 58.325 μs, Median = 58.974 μs, Q3 = 59.362 μs, Max = 60.221 μs
IQR = 1.037 μs, LowerFence = 56.770 μs, UpperFence = 60.918 μs
ConfidenceInterval = [57.948 μs; 59.819 μs] (CI 99.9%), Margin = 0.935 μs (1.59% of Mean)
Skewness = 0.04, Kurtosis = 1.87, MValue = 2
-------------------- Histogram --------------------
[57.110 μs ; 60.389 μs) | @@@@@@@@@@@@@
---------------------------------------------------

ConsoleRendererBenchmarks.ModernRender: Job-AGUJHT(InvocationCount=1, UnrollFactor=1)
Runtime = .NET 10.0.0 (10.0.25.52411), X64 RyuJIT AVX2; GC = Concurrent Workstation
Mean = 39.651 μs, StdErr = 0.218 μs (0.55%), N = 93, StdDev = 2.104 μs
Min = 37.647 μs, Q1 = 38.272 μs, Median = 38.766 μs, Q3 = 39.828 μs, Max = 46.432 μs
IQR = 1.557 μs, LowerFence = 35.936 μs, UpperFence = 42.164 μs
ConfidenceInterval = [38.910 μs; 40.393 μs] (CI 99.9%), Margin = 0.742 μs (1.87% of Mean)
Skewness = 1.55, Kurtosis = 4.5, MValue = 2.21
-------------------- Histogram --------------------
[37.037 μs ; 37.845 μs) | @@@@@
[37.845 μs ; 39.063 μs) | @@@@@@@@@@@@@@@@@@@@@@@@@@@@@@@@@@@@@@@@@@@@@@@@@@@
[39.063 μs ; 40.335 μs) | @@@@@@@@@@@@@@@
[40.335 μs ; 41.707 μs) | @@@
[41.707 μs ; 42.925 μs) | @@@@@@@@@@@
[42.925 μs ; 44.579 μs) | @@@
[44.579 μs ; 45.798 μs) | @@@@
[45.798 μs ; 47.042 μs) | @
---------------------------------------------------

// * Summary *

BenchmarkDotNet v0.13.12, Ubuntu 24.04.3 LTS (Noble Numbat)
Intel Xeon Processor 2.30GHz, 1 CPU, 4 logical and 4 physical cores
.NET SDK 10.0.100
  [Host]     : .NET 10.0.0 (10.0.25.52411), X64 RyuJIT AVX2
  Job-AGUJHT : .NET 10.0.0 (10.0.25.52411), X64 RyuJIT AVX2

InvocationCount=1  UnrollFactor=1

| Method       | Mean     | Error    | StdDev   | Median   | Ratio | RatioSD | Allocated | Alloc Ratio |
|------------- |---------:|---------:|---------:|---------:|------:|--------:|----------:|------------:|
| LegacyRender | 58.88 μs | 0.935 μs | 0.781 μs | 58.97 μs |  1.00 |    0.00 |         - |          NA |
| ModernRender | 39.65 μs | 0.742 μs | 2.104 μs | 38.77 μs |  0.72 |    0.02 |         - |          NA |

// * Warnings *
MinIterationTime
  ConsoleRendererBenchmarks.LegacyRender: InvocationCount=1, UnrollFactor=1 -> The minimum observed iteration time is 58.0280 μs which is very small. It's recommended to increase it to at least 100.0000 ms using more operations.
  ConsoleRendererBenchmarks.ModernRender: InvocationCount=1, UnrollFactor=1 -> The minimum observed iteration time is 38.1050 μs which is very small. It's recommended to increase it to at least 100.0000 ms using more operations.

// * Hints *
Outliers
  ConsoleRendererBenchmarks.LegacyRender: InvocationCount=1, UnrollFactor=1 -> 3 outliers were removed (63.14 μs..85.98 μs)
  ConsoleRendererBenchmarks.ModernRender: InvocationCount=1, UnrollFactor=1 -> 6 outliers were removed (47.33 μs..83.66 μs)

// * Legends *
  Mean        : Arithmetic mean of all measurements
  Error       : Half of 99.9% confidence interval
  StdDev      : Standard deviation of all measurements
  Median      : Value separating the higher half of all measurements (50th percentile)
  Ratio       : Mean of the ratio distribution ([Current]/[Baseline])
  RatioSD     : Standard deviation of the ratio distribution ([Current]/[Baseline])
  Allocated   : Allocated memory per single operation (managed only, inclusive, 1KB = 1024B)
  Alloc Ratio : Allocated memory ratio distribution ([Current]/[Baseline])
  1 μs        : 1 Microsecond (0.000001 sec)

// * Diagnostic Output - MemoryDiagnoser *


// ***** BenchmarkRunner: End *****
Run time: 00:00:00 (1 sec), executed benchmarks: 2

Global total time: 00:00:10 (10.13 sec), executed benchmarks: 2
// * Artifacts cleanup *
Artifacts cleanup is finished
