// Validating benchmarks:
// ***** BenchmarkRunner: Start   *****
// ***** Found 2 benchmark(s) in total *****
// ***** Building 1 exe(s) in Parallel: Start   *****
// start dotnet  restore --nodeReuse:false /p:UseSharedCompilation=false /p:Deterministic=true /p:Optimize=true /p:ArtifactsPath="/app/src/Tedd.TUI.Benchmarks/bin/Release/net10.0/Tedd.TUI.Benchmarks-DefaultJob-1/" /p:OutDir="/app/src/Tedd.TUI.Benchmarks/bin/Release/net10.0/Tedd.TUI.Benchmarks-DefaultJob-1/bin/Release/net10.0/" /p:OutputPath="/app/src/Tedd.TUI.Benchmarks/bin/Release/net10.0/Tedd.TUI.Benchmarks-DefaultJob-1/bin/Release/net10.0/" /p:PublishDir="/app/src/Tedd.TUI.Benchmarks/bin/Release/net10.0/Tedd.TUI.Benchmarks-DefaultJob-1/publish/" in /app/src/Tedd.TUI.Benchmarks/bin/Release/net10.0/Tedd.TUI.Benchmarks-DefaultJob-1
// command took 2.86 sec and exited with 0
// start dotnet  build -c Release --no-restore --nodeReuse:false /p:UseSharedCompilation=false /p:Deterministic=true /p:Optimize=true /p:ArtifactsPath="/app/src/Tedd.TUI.Benchmarks/bin/Release/net10.0/Tedd.TUI.Benchmarks-DefaultJob-1/" /p:OutDir="/app/src/Tedd.TUI.Benchmarks/bin/Release/net10.0/Tedd.TUI.Benchmarks-DefaultJob-1/bin/Release/net10.0/" /p:OutputPath="/app/src/Tedd.TUI.Benchmarks/bin/Release/net10.0/Tedd.TUI.Benchmarks-DefaultJob-1/bin/Release/net10.0/" /p:PublishDir="/app/src/Tedd.TUI.Benchmarks/bin/Release/net10.0/Tedd.TUI.Benchmarks-DefaultJob-1/publish/" --output "/app/src/Tedd.TUI.Benchmarks/bin/Release/net10.0/Tedd.TUI.Benchmarks-DefaultJob-1/bin/Release/net10.0/" in /app/src/Tedd.TUI.Benchmarks/bin/Release/net10.0/Tedd.TUI.Benchmarks-DefaultJob-1
// command took 17.31 sec and exited with 0
// ***** Done, took 00:00:20 (20.28 sec)   *****
// Found 2 benchmarks:
//   GridBenchmark.Legacy_Measure_ImplicitDefinitions: DefaultJob
//   GridBenchmark.Optimized_Measure_ImplicitDefinitions: DefaultJob

// **************************
// Benchmark: GridBenchmark.Legacy_Measure_ImplicitDefinitions: DefaultJob
// *** Execute ***
// Launch: 1 / 1
// Execute: dotnet Tedd.TUI.Benchmarks-DefaultJob-1.dll --anonymousPipes 115 116 --benchmarkName Tedd.TUI.Benchmarks.GridBenchmark.Legacy_Measure_ImplicitDefinitions --job Default --benchmarkId 0 in /app/src/Tedd.TUI.Benchmarks/bin/Release/net10.0/Tedd.TUI.Benchmarks-DefaultJob-1/bin/Release/net10.0
// Failed to set up high priority (Permission denied). In order to run benchmarks with high priority, make sure you have the right permissions.
// BeforeAnythingElse

// Benchmark Process Environment Information:
// BenchmarkDotNet v0.15.8
// Runtime=.NET 10.0.0 (10.0.0, 10.0.25.52411), X64 RyuJIT x86-64-v3
// GC=Concurrent Workstation
// HardwareIntrinsics=AVX2+BMI1+BMI2+F16C+FMA+LZCNT+MOVBE,AVX,SSE3+SSSE3+SSE4.1+SSE4.2+POPCNT,X86Base+SSE+SSE2,AES+PCLMUL VectorSize=256
// Job: DefaultJob

OverheadJitting  1: 1 op, 383798.00 ns, 383.7980 us/op
WorkloadJitting  1: 1 op, 8943874.00 ns, 8.9439 ms/op

OverheadJitting  2: 16 op, 316658.00 ns, 19.7911 us/op
WorkloadJitting  2: 16 op, 445003.00 ns, 27.8127 us/op

WorkloadPilot    1: 16 op, 103160.00 ns, 6.4475 us/op
WorkloadPilot    2: 32 op, 223830.00 ns, 6.9947 us/op
WorkloadPilot    3: 64 op, 310406.00 ns, 4.8501 us/op
WorkloadPilot    4: 128 op, 601101.00 ns, 4.6961 us/op
WorkloadPilot    5: 256 op, 1252770.00 ns, 4.8936 us/op
WorkloadPilot    6: 512 op, 2365897.00 ns, 4.6209 us/op
WorkloadPilot    7: 1024 op, 4725737.00 ns, 4.6150 us/op
WorkloadPilot    8: 2048 op, 9741935.00 ns, 4.7568 us/op
WorkloadPilot    9: 4096 op, 20215323.00 ns, 4.9354 us/op
WorkloadPilot   10: 8192 op, 41876769.00 ns, 5.1119 us/op
WorkloadPilot   11: 16384 op, 80192569.00 ns, 4.8946 us/op
WorkloadPilot   12: 32768 op, 99107078.00 ns, 3.0245 us/op
WorkloadPilot   13: 65536 op, 61414194.00 ns, 937.1062 ns/op
WorkloadPilot   14: 131072 op, 109975025.00 ns, 839.0429 ns/op
WorkloadPilot   15: 262144 op, 221705031.00 ns, 845.7376 ns/op
WorkloadPilot   16: 524288 op, 465730531.00 ns, 888.3105 ns/op
WorkloadPilot   17: 1048576 op, 954247916.00 ns, 910.0417 ns/op

OverheadWarmup   1: 1048576 op, 3916480.00 ns, 3.7350 ns/op
OverheadWarmup   2: 1048576 op, 4081603.00 ns, 3.8925 ns/op
OverheadWarmup   3: 1048576 op, 4237693.00 ns, 4.0414 ns/op
OverheadWarmup   4: 1048576 op, 3932562.00 ns, 3.7504 ns/op
OverheadWarmup   5: 1048576 op, 3935403.00 ns, 3.7531 ns/op
OverheadWarmup   6: 1048576 op, 4175077.00 ns, 3.9817 ns/op
OverheadWarmup   7: 1048576 op, 4081790.00 ns, 3.8927 ns/op

OverheadActual   1: 1048576 op, 4120425.00 ns, 3.9295 ns/op
OverheadActual   2: 1048576 op, 4126995.00 ns, 3.9358 ns/op
OverheadActual   3: 1048576 op, 4125240.00 ns, 3.9341 ns/op
OverheadActual   4: 1048576 op, 4004704.00 ns, 3.8192 ns/op
OverheadActual   5: 1048576 op, 4150611.00 ns, 3.9583 ns/op
OverheadActual   6: 1048576 op, 3974533.00 ns, 3.7904 ns/op
OverheadActual   7: 1048576 op, 3894748.00 ns, 3.7143 ns/op
OverheadActual   8: 1048576 op, 3901359.00 ns, 3.7206 ns/op
OverheadActual   9: 1048576 op, 3932201.00 ns, 3.7500 ns/op
OverheadActual  10: 1048576 op, 3911360.00 ns, 3.7302 ns/op
OverheadActual  11: 1048576 op, 3917140.00 ns, 3.7357 ns/op
OverheadActual  12: 1048576 op, 3956251.00 ns, 3.7730 ns/op
OverheadActual  13: 1048576 op, 3997344.00 ns, 3.8122 ns/op
OverheadActual  14: 1048576 op, 3874420.00 ns, 3.6949 ns/op
OverheadActual  15: 1048576 op, 4049151.00 ns, 3.8616 ns/op

WorkloadWarmup   1: 1048576 op, 1002449611.00 ns, 956.0104 ns/op
WorkloadWarmup   2: 1048576 op, 969849522.00 ns, 924.9206 ns/op
WorkloadWarmup   3: 1048576 op, 888197409.00 ns, 847.0511 ns/op
WorkloadWarmup   4: 1048576 op, 853298532.00 ns, 813.7689 ns/op
WorkloadWarmup   5: 1048576 op, 915907983.00 ns, 873.4779 ns/op
WorkloadWarmup   6: 1048576 op, 961738629.00 ns, 917.1854 ns/op
WorkloadWarmup   7: 1048576 op, 978786561.00 ns, 933.4436 ns/op
WorkloadWarmup   8: 1048576 op, 911332087.00 ns, 869.1140 ns/op
WorkloadWarmup   9: 1048576 op, 907992435.00 ns, 865.9291 ns/op
WorkloadWarmup  10: 1048576 op, 913340524.00 ns, 871.0294 ns/op
WorkloadWarmup  11: 1048576 op, 899688572.00 ns, 858.0099 ns/op

// BeforeActualRun
WorkloadActual   1: 1048576 op, 898012617.00 ns, 856.4116 ns/op
WorkloadActual   2: 1048576 op, 894258914.00 ns, 852.8318 ns/op
WorkloadActual   3: 1048576 op, 889893834.00 ns, 848.6689 ns/op
WorkloadActual   4: 1048576 op, 882905154.00 ns, 842.0040 ns/op
WorkloadActual   5: 1048576 op, 882165341.00 ns, 841.2984 ns/op
WorkloadActual   6: 1048576 op, 879417679.00 ns, 838.6781 ns/op
WorkloadActual   7: 1048576 op, 876024964.00 ns, 835.4425 ns/op
WorkloadActual   8: 1048576 op, 880153397.00 ns, 839.3797 ns/op
WorkloadActual   9: 1048576 op, 1135571973.00 ns, 1.0830 us/op
WorkloadActual  10: 1048576 op, 904390541.00 ns, 862.4940 ns/op
WorkloadActual  11: 1048576 op, 882921761.00 ns, 842.0198 ns/op
WorkloadActual  12: 1048576 op, 868431151.00 ns, 828.2005 ns/op
WorkloadActual  13: 1048576 op, 870824267.00 ns, 830.4827 ns/op
WorkloadActual  14: 1048576 op, 877379555.00 ns, 836.7343 ns/op
WorkloadActual  15: 1048576 op, 862561791.00 ns, 822.6030 ns/op

// AfterActualRun
WorkloadResult   1: 1048576 op, 894038084.00 ns, 852.6212 ns/op
WorkloadResult   2: 1048576 op, 890284381.00 ns, 849.0413 ns/op
WorkloadResult   3: 1048576 op, 885919301.00 ns, 844.8785 ns/op
WorkloadResult   4: 1048576 op, 878930621.00 ns, 838.2136 ns/op
WorkloadResult   5: 1048576 op, 878190808.00 ns, 837.5080 ns/op
WorkloadResult   6: 1048576 op, 875443146.00 ns, 834.8876 ns/op
WorkloadResult   7: 1048576 op, 872050431.00 ns, 831.6521 ns/op
WorkloadResult   8: 1048576 op, 876178864.00 ns, 835.5893 ns/op
WorkloadResult   9: 1048576 op, 900416008.00 ns, 858.7036 ns/op
WorkloadResult  10: 1048576 op, 878947228.00 ns, 838.2294 ns/op
WorkloadResult  11: 1048576 op, 864456618.00 ns, 824.4101 ns/op
WorkloadResult  12: 1048576 op, 866849734.00 ns, 826.6923 ns/op
WorkloadResult  13: 1048576 op, 873405022.00 ns, 832.9439 ns/op
WorkloadResult  14: 1048576 op, 858587258.00 ns, 818.8126 ns/op
// GC:  25 0 0 603979776 1048576
// Threading:  0 0 1048576

// AfterAll
// Benchmark Process 1981 has exited with code 0.

Mean = 837.442 ns, StdErr = 2.937 ns (0.35%), N = 14, StdDev = 10.988 ns
Min = 818.813 ns, Q1 = 831.975 ns, Median = 836.549 ns, Q3 = 843.216 ns, Max = 858.704 ns
IQR = 11.241 ns, LowerFence = 815.113 ns, UpperFence = 860.078 ns
ConfidenceInterval = [825.046 ns; 849.837 ns] (CI 99.9%), Margin = 12.396 ns (1.48% of Mean)
Skewness = 0.26, Kurtosis = 2.17, MValue = 2

// ** Remained 1 (50.0 %) benchmark(s) to run. Estimated finish 2026-02-24 4:27 (0h 0m from now) **
// **************************
// Benchmark: GridBenchmark.Optimized_Measure_ImplicitDefinitions: DefaultJob
// *** Execute ***
// Launch: 1 / 1
// Execute: dotnet Tedd.TUI.Benchmarks-DefaultJob-1.dll --anonymousPipes 115 116 --benchmarkName Tedd.TUI.Benchmarks.GridBenchmark.Optimized_Measure_ImplicitDefinitions --job Default --benchmarkId 1 in /app/src/Tedd.TUI.Benchmarks/bin/Release/net10.0/Tedd.TUI.Benchmarks-DefaultJob-1/bin/Release/net10.0
// Failed to set up high priority (Permission denied). In order to run benchmarks with high priority, make sure you have the right permissions.
// BeforeAnythingElse

// Benchmark Process Environment Information:
// BenchmarkDotNet v0.15.8
// Runtime=.NET 10.0.0 (10.0.0, 10.0.25.52411), X64 RyuJIT x86-64-v3
// GC=Concurrent Workstation
// HardwareIntrinsics=AVX2+BMI1+BMI2+F16C+FMA+LZCNT+MOVBE,AVX,SSE3+SSSE3+SSE4.1+SSE4.2+POPCNT,X86Base+SSE+SSE2,AES+PCLMUL VectorSize=256
// Job: DefaultJob

OverheadJitting  1: 1 op, 230661.00 ns, 230.6610 us/op
WorkloadJitting  1: 1 op, 8822790.00 ns, 8.8228 ms/op

OverheadJitting  2: 16 op, 300862.00 ns, 18.8039 us/op
WorkloadJitting  2: 16 op, 463621.00 ns, 28.9763 us/op

WorkloadPilot    1: 16 op, 96255.00 ns, 6.0159 us/op
WorkloadPilot    2: 32 op, 164360.00 ns, 5.1363 us/op
WorkloadPilot    3: 64 op, 340201.00 ns, 5.3156 us/op
WorkloadPilot    4: 128 op, 527366.00 ns, 4.1200 us/op
WorkloadPilot    5: 256 op, 1146169.00 ns, 4.4772 us/op
WorkloadPilot    6: 512 op, 2120614.00 ns, 4.1418 us/op
WorkloadPilot    7: 1024 op, 4294215.00 ns, 4.1936 us/op
WorkloadPilot    8: 2048 op, 8679252.00 ns, 4.2379 us/op
WorkloadPilot    9: 4096 op, 18025242.00 ns, 4.4007 us/op
WorkloadPilot   10: 8192 op, 36935774.00 ns, 4.5088 us/op
WorkloadPilot   11: 16384 op, 70489635.00 ns, 4.3023 us/op
WorkloadPilot   12: 32768 op, 104583670.00 ns, 3.1916 us/op
WorkloadPilot   13: 65536 op, 75318972.00 ns, 1.1493 us/op
WorkloadPilot   14: 131072 op, 101000417.00 ns, 770.5720 ns/op
WorkloadPilot   15: 262144 op, 199313722.00 ns, 760.3215 ns/op
WorkloadPilot   16: 524288 op, 395701377.00 ns, 754.7405 ns/op
WorkloadPilot   17: 1048576 op, 789767848.00 ns, 753.1813 ns/op

OverheadWarmup   1: 1048576 op, 4750953.00 ns, 4.5309 ns/op
OverheadWarmup   2: 1048576 op, 4663326.00 ns, 4.4473 ns/op
OverheadWarmup   3: 1048576 op, 4745499.00 ns, 4.5257 ns/op
OverheadWarmup   4: 1048576 op, 4868002.00 ns, 4.6425 ns/op
OverheadWarmup   5: 1048576 op, 4480353.00 ns, 4.2728 ns/op
OverheadWarmup   6: 1048576 op, 4960977.00 ns, 4.7312 ns/op
OverheadWarmup   7: 1048576 op, 4930982.00 ns, 4.7026 ns/op

OverheadActual   1: 1048576 op, 4650112.00 ns, 4.4347 ns/op
OverheadActual   2: 1048576 op, 4483236.00 ns, 4.2755 ns/op
OverheadActual   3: 1048576 op, 4949224.00 ns, 4.7199 ns/op
OverheadActual   4: 1048576 op, 4849603.00 ns, 4.6249 ns/op
OverheadActual   5: 1048576 op, 4884802.00 ns, 4.6585 ns/op
OverheadActual   6: 1048576 op, 4844532.00 ns, 4.6201 ns/op
OverheadActual   7: 1048576 op, 4557778.00 ns, 4.3466 ns/op
OverheadActual   8: 1048576 op, 4628527.00 ns, 4.4141 ns/op
OverheadActual   9: 1048576 op, 4748657.00 ns, 4.5287 ns/op
OverheadActual  10: 1048576 op, 4752296.00 ns, 4.5321 ns/op
OverheadActual  11: 1048576 op, 4668404.00 ns, 4.4521 ns/op
OverheadActual  12: 1048576 op, 4777953.00 ns, 4.5566 ns/op
OverheadActual  13: 1048576 op, 4968536.00 ns, 4.7384 ns/op
OverheadActual  14: 1048576 op, 4233732.00 ns, 4.0376 ns/op
OverheadActual  15: 1048576 op, 5462923.00 ns, 5.2098 ns/op

WorkloadWarmup   1: 1048576 op, 809416582.00 ns, 771.9198 ns/op
WorkloadWarmup   2: 1048576 op, 795016145.00 ns, 758.1865 ns/op
WorkloadWarmup   3: 1048576 op, 781925849.00 ns, 745.7026 ns/op
WorkloadWarmup   4: 1048576 op, 782980706.00 ns, 746.7086 ns/op
WorkloadWarmup   5: 1048576 op, 779907157.00 ns, 743.7774 ns/op
WorkloadWarmup   6: 1048576 op, 776966445.00 ns, 740.9729 ns/op
WorkloadWarmup   7: 1048576 op, 774541777.00 ns, 738.6606 ns/op
WorkloadWarmup   8: 1048576 op, 779162989.00 ns, 743.0677 ns/op
WorkloadWarmup   9: 1048576 op, 786538550.00 ns, 750.1016 ns/op
WorkloadWarmup  10: 1048576 op, 778711186.00 ns, 742.6369 ns/op

// BeforeActualRun
WorkloadActual   1: 1048576 op, 782034637.00 ns, 745.8063 ns/op
WorkloadActual   2: 1048576 op, 782075368.00 ns, 745.8452 ns/op
WorkloadActual   3: 1048576 op, 789851873.00 ns, 753.2614 ns/op
WorkloadActual   4: 1048576 op, 781099922.00 ns, 744.9149 ns/op
WorkloadActual   5: 1048576 op, 778507304.00 ns, 742.4424 ns/op
WorkloadActual   6: 1048576 op, 780197324.00 ns, 744.0541 ns/op
WorkloadActual   7: 1048576 op, 781406659.00 ns, 745.2075 ns/op
WorkloadActual   8: 1048576 op, 781361203.00 ns, 745.1641 ns/op
WorkloadActual   9: 1048576 op, 787650080.00 ns, 751.1617 ns/op
WorkloadActual  10: 1048576 op, 780809428.00 ns, 744.6379 ns/op
WorkloadActual  11: 1048576 op, 778516630.00 ns, 742.4513 ns/op
WorkloadActual  12: 1048576 op, 782847171.00 ns, 746.5812 ns/op
WorkloadActual  13: 1048576 op, 783637559.00 ns, 747.3350 ns/op
WorkloadActual  14: 1048576 op, 782967571.00 ns, 746.6961 ns/op
WorkloadActual  15: 1048576 op, 781424926.00 ns, 745.2249 ns/op

// AfterActualRun
WorkloadResult   1: 1048576 op, 777282341.00 ns, 741.2742 ns/op
WorkloadResult   2: 1048576 op, 777323072.00 ns, 741.3130 ns/op
WorkloadResult   3: 1048576 op, 776347626.00 ns, 740.3828 ns/op
WorkloadResult   4: 1048576 op, 773755008.00 ns, 737.9103 ns/op
WorkloadResult   5: 1048576 op, 775445028.00 ns, 739.5220 ns/op
WorkloadResult   6: 1048576 op, 776654363.00 ns, 740.6753 ns/op
WorkloadResult   7: 1048576 op, 776608907.00 ns, 740.6320 ns/op
WorkloadResult   8: 1048576 op, 776057132.00 ns, 740.1058 ns/op
WorkloadResult   9: 1048576 op, 773764334.00 ns, 737.9192 ns/op
WorkloadResult  10: 1048576 op, 778094875.00 ns, 742.0491 ns/op
WorkloadResult  11: 1048576 op, 778885263.00 ns, 742.8029 ns/op
WorkloadResult  12: 1048576 op, 778215275.00 ns, 742.1639 ns/op
WorkloadResult  13: 1048576 op, 776672630.00 ns, 740.6927 ns/op
// GC:  13 0 0 318767104 1048576
// Threading:  0 0 1048576

// AfterAll
// Benchmark Process 1997 has exited with code 0.

Mean = 740.573 ns, StdErr = 0.410 ns (0.06%), N = 13, StdDev = 1.479 ns
Min = 737.910 ns, Q1 = 740.106 ns, Median = 740.675 ns, Q3 = 741.313 ns, Max = 742.803 ns
IQR = 1.207 ns, LowerFence = 738.295 ns, UpperFence = 743.124 ns
ConfidenceInterval = [738.802 ns; 742.343 ns] (CI 99.9%), Margin = 1.771 ns (0.24% of Mean)
Skewness = -0.47, Kurtosis = 2.21, MValue = 2

// ** Remained 0 (0.0 %) benchmark(s) to run. Estimated finish 2026-02-24 4:26 (0h 0m from now) **
// ***** BenchmarkRunner: Finish  *****

// * Export *
  BenchmarkDotNet.Artifacts/results/Tedd.TUI.Benchmarks.GridBenchmark-report.csv
  BenchmarkDotNet.Artifacts/results/Tedd.TUI.Benchmarks.GridBenchmark-report-github.md
  BenchmarkDotNet.Artifacts/results/Tedd.TUI.Benchmarks.GridBenchmark-report.html

// * Detailed results *
GridBenchmark.Legacy_Measure_ImplicitDefinitions: DefaultJob
Runtime = .NET 10.0.0 (10.0.0, 10.0.25.52411), X64 RyuJIT x86-64-v3; GC = Concurrent Workstation
Mean = 837.442 ns, StdErr = 2.937 ns (0.35%), N = 14, StdDev = 10.988 ns
Min = 818.813 ns, Q1 = 831.975 ns, Median = 836.549 ns, Q3 = 843.216 ns, Max = 858.704 ns
IQR = 11.241 ns, LowerFence = 815.113 ns, UpperFence = 860.078 ns
ConfidenceInterval = [825.046 ns; 849.837 ns] (CI 99.9%), Margin = 12.396 ns (1.48% of Mean)
Skewness = 0.26, Kurtosis = 2.17, MValue = 2
-------------------- Histogram --------------------
[812.829 ns ; 840.785 ns) | @@@@@@@@@@
[840.785 ns ; 864.688 ns) | @@@@
---------------------------------------------------

GridBenchmark.Optimized_Measure_ImplicitDefinitions: DefaultJob
Runtime = .NET 10.0.0 (10.0.0, 10.0.25.52411), X64 RyuJIT x86-64-v3; GC = Concurrent Workstation
Mean = 740.573 ns, StdErr = 0.410 ns (0.06%), N = 13, StdDev = 1.479 ns
Min = 737.910 ns, Q1 = 740.106 ns, Median = 740.675 ns, Q3 = 741.313 ns, Max = 742.803 ns
IQR = 1.207 ns, LowerFence = 738.295 ns, UpperFence = 743.124 ns
ConfidenceInterval = [738.802 ns; 742.343 ns] (CI 99.9%), Margin = 1.771 ns (0.24% of Mean)
Skewness = -0.47, Kurtosis = 2.21, MValue = 2
-------------------- Histogram --------------------
[737.085 ns ; 743.628 ns) | @@@@@@@@@@@@@
---------------------------------------------------

// * Summary *

BenchmarkDotNet v0.15.8, Linux Ubuntu 24.04.3 LTS (Noble Numbat)
Intel Xeon Processor 2.30GHz, 1 CPU, 4 logical and 4 physical cores
.NET SDK 10.0.100
  [Host]     : .NET 10.0.0 (10.0.0, 10.0.25.52411), X64 RyuJIT x86-64-v3
  DefaultJob : .NET 10.0.0 (10.0.0, 10.0.25.52411), X64 RyuJIT x86-64-v3


| Method                                | Mean     | Error    | StdDev   | Ratio | RatioSD | Gen0   | Allocated | Alloc Ratio |
|-------------------------------------- |---------:|---------:|---------:|------:|--------:|-------:|----------:|------------:|
| Legacy_Measure_ImplicitDefinitions    | 837.4 ns | 12.40 ns | 10.99 ns |  1.00 |    0.02 | 0.0238 |     576 B |        1.00 |
| Optimized_Measure_ImplicitDefinitions | 740.6 ns |  1.77 ns |  1.48 ns |  0.88 |    0.01 | 0.0124 |     304 B |        0.53 |

// * Hints *
Outliers
  GridBenchmark.Legacy_Measure_ImplicitDefinitions: Default    -> 1 outlier  was  removed (1.08 μs)
  GridBenchmark.Optimized_Measure_ImplicitDefinitions: Default -> 2 outliers were removed (751.16 ns, 753.26 ns)

// * Legends *
  Mean        : Arithmetic mean of all measurements
  Error       : Half of 99.9% confidence interval
  StdDev      : Standard deviation of all measurements
  Ratio       : Mean of the ratio distribution ([Current]/[Baseline])
  RatioSD     : Standard deviation of the ratio distribution ([Current]/[Baseline])
  Gen0        : GC Generation 0 collects per 1000 operations
  Allocated   : Allocated memory per single operation (managed only, inclusive, 1KB = 1024B)
  Alloc Ratio : Allocated memory ratio distribution ([Current]/[Baseline])
  1 ns        : 1 Nanosecond (0.000000001 sec)

// * Diagnostic Output - MemoryDiagnoser *


// ***** BenchmarkRunner: End *****
Run time: 00:00:49 (49.98 sec), executed benchmarks: 2

Global total time: 00:01:10 (70.54 sec), executed benchmarks: 2
// * Artifacts cleanup *
Artifacts cleanup is finished
