// Validating benchmarks:
// ***** BenchmarkRunner: Start   *****
// ***** Found 6 benchmark(s) in total *****
// ***** Building 1 exe(s) in Parallel: Start   *****
// start dotnet  restore --nodeReuse:false /p:UseSharedCompilation=false /p:Deterministic=true /p:Optimize=true /p:ArtifactsPath="/app/src/Tedd.TUI.Benchmarks/bin/Release/net10.0/Tedd.TUI.Benchmarks-DefaultJob-1/" /p:OutDir="/app/src/Tedd.TUI.Benchmarks/bin/Release/net10.0/Tedd.TUI.Benchmarks-DefaultJob-1/bin/Release/net10.0/" /p:OutputPath="/app/src/Tedd.TUI.Benchmarks/bin/Release/net10.0/Tedd.TUI.Benchmarks-DefaultJob-1/bin/Release/net10.0/" /p:PublishDir="/app/src/Tedd.TUI.Benchmarks/bin/Release/net10.0/Tedd.TUI.Benchmarks-DefaultJob-1/publish/" in /app/src/Tedd.TUI.Benchmarks/bin/Release/net10.0/Tedd.TUI.Benchmarks-DefaultJob-1
// command took 4.94 sec and exited with 0
// start dotnet  build -c Release --no-restore --nodeReuse:false /p:UseSharedCompilation=false /p:Deterministic=true /p:Optimize=true /p:ArtifactsPath="/app/src/Tedd.TUI.Benchmarks/bin/Release/net10.0/Tedd.TUI.Benchmarks-DefaultJob-1/" /p:OutDir="/app/src/Tedd.TUI.Benchmarks/bin/Release/net10.0/Tedd.TUI.Benchmarks-DefaultJob-1/bin/Release/net10.0/" /p:OutputPath="/app/src/Tedd.TUI.Benchmarks/bin/Release/net10.0/Tedd.TUI.Benchmarks-DefaultJob-1/bin/Release/net10.0/" /p:PublishDir="/app/src/Tedd.TUI.Benchmarks/bin/Release/net10.0/Tedd.TUI.Benchmarks-DefaultJob-1/publish/" --output "/app/src/Tedd.TUI.Benchmarks/bin/Release/net10.0/Tedd.TUI.Benchmarks-DefaultJob-1/bin/Release/net10.0/" in /app/src/Tedd.TUI.Benchmarks/bin/Release/net10.0/Tedd.TUI.Benchmarks-DefaultJob-1
// command took 31.95 sec and exited with 0
// ***** Done, took 00:00:37 (37.05 sec)   *****
// Found 6 benchmarks:
//   ConsoleRendererBenchmark.Archive_Render_Full: DefaultJob
//   ConsoleRendererBenchmark.Optimized_Render_Full: DefaultJob
//   ConsoleRendererBenchmark.Archive_Render_NoChange: DefaultJob
//   ConsoleRendererBenchmark.Optimized_Render_NoChange: DefaultJob
//   ConsoleRendererBenchmark.Archive_Render_SmallChange: DefaultJob
//   ConsoleRendererBenchmark.Optimized_Render_SmallChange: DefaultJob

// **************************
// Benchmark: ConsoleRendererBenchmark.Archive_Render_Full: DefaultJob
// *** Execute ***
// Launch: 1 / 1
// Execute: dotnet Tedd.TUI.Benchmarks-DefaultJob-1.dll --anonymousPipes 129 130 --benchmarkName Tedd.TUI.Benchmarks.ConsoleRendererBenchmark.Archive_Render_Full --job Default --benchmarkId 0 in /app/src/Tedd.TUI.Benchmarks/bin/Release/net10.0/Tedd.TUI.Benchmarks-DefaultJob-1/bin/Release/net10.0
// Failed to set up high priority (Permission denied). In order to run benchmarks with high priority, make sure you have the right permissions.
// BeforeAnythingElse

// Benchmark Process Environment Information:
// BenchmarkDotNet v0.15.8
// Runtime=.NET 10.0.0 (10.0.0, 10.0.25.52411), X64 RyuJIT x86-64-v3
// GC=Concurrent Workstation
// HardwareIntrinsics=AVX2+BMI1+BMI2+F16C+FMA+LZCNT+MOVBE,AVX,SSE3+SSSE3+SSE4.1+SSE4.2+POPCNT,X86Base+SSE+SSE2,AES+PCLMUL VectorSize=256
// Job: DefaultJob

OverheadJitting  1: 1 op, 315451.00 ns, 315.4510 us/op
WorkloadJitting  1: 1 op, 3117195.00 ns, 3.1172 ms/op

OverheadJitting  2: 16 op, 471054.00 ns, 29.4409 us/op
WorkloadJitting  2: 16 op, 8116497.00 ns, 507.2811 us/op

WorkloadPilot    1: 16 op, 1451008.00 ns, 90.6880 us/op
WorkloadPilot    2: 32 op, 2767132.00 ns, 86.4729 us/op
WorkloadPilot    3: 64 op, 7531461.00 ns, 117.6791 us/op
WorkloadPilot    4: 128 op, 13824570.00 ns, 108.0045 us/op
WorkloadPilot    5: 256 op, 31321970.00 ns, 122.3514 us/op
WorkloadPilot    6: 512 op, 55429695.00 ns, 108.2611 us/op
WorkloadPilot    7: 1024 op, 52142977.00 ns, 50.9209 us/op
WorkloadPilot    8: 2048 op, 53880794.00 ns, 26.3090 us/op
WorkloadPilot    9: 4096 op, 111652416.00 ns, 27.2589 us/op
WorkloadPilot   10: 8192 op, 218622715.00 ns, 26.6873 us/op
WorkloadPilot   11: 16384 op, 440760158.00 ns, 26.9019 us/op
WorkloadPilot   12: 32768 op, 864623705.00 ns, 26.3862 us/op

OverheadWarmup   1: 32768 op, 141468.00 ns, 4.3173 ns/op
OverheadWarmup   2: 32768 op, 126645.00 ns, 3.8649 ns/op
OverheadWarmup   3: 32768 op, 142240.00 ns, 4.3408 ns/op
OverheadWarmup   4: 32768 op, 126506.00 ns, 3.8607 ns/op
OverheadWarmup   5: 32768 op, 127795.00 ns, 3.9000 ns/op
OverheadWarmup   6: 32768 op, 126690.00 ns, 3.8663 ns/op

OverheadActual   1: 32768 op, 127939.00 ns, 3.9044 ns/op
OverheadActual   2: 32768 op, 133319.00 ns, 4.0686 ns/op
OverheadActual   3: 32768 op, 136146.00 ns, 4.1548 ns/op
OverheadActual   4: 32768 op, 127095.00 ns, 3.8786 ns/op
OverheadActual   5: 32768 op, 218338.00 ns, 6.6631 ns/op
OverheadActual   6: 32768 op, 133736.00 ns, 4.0813 ns/op
OverheadActual   7: 32768 op, 128782.00 ns, 3.9301 ns/op
OverheadActual   8: 32768 op, 127687.00 ns, 3.8967 ns/op
OverheadActual   9: 32768 op, 133296.00 ns, 4.0679 ns/op
OverheadActual  10: 32768 op, 129364.00 ns, 3.9479 ns/op
OverheadActual  11: 32768 op, 128116.00 ns, 3.9098 ns/op
OverheadActual  12: 32768 op, 133201.00 ns, 4.0650 ns/op
OverheadActual  13: 32768 op, 127770.00 ns, 3.8992 ns/op
OverheadActual  14: 32768 op, 126646.00 ns, 3.8649 ns/op
OverheadActual  15: 32768 op, 127682.00 ns, 3.8965 ns/op

WorkloadWarmup   1: 32768 op, 913114778.00 ns, 27.8661 us/op
WorkloadWarmup   2: 32768 op, 948988943.00 ns, 28.9608 us/op
WorkloadWarmup   3: 32768 op, 901807617.00 ns, 27.5210 us/op
WorkloadWarmup   4: 32768 op, 874007652.00 ns, 26.6726 us/op
WorkloadWarmup   5: 32768 op, 915408540.00 ns, 27.9361 us/op
WorkloadWarmup   6: 32768 op, 893395629.00 ns, 27.2643 us/op

// BeforeActualRun
WorkloadActual   1: 32768 op, 878299292.00 ns, 26.8036 us/op
WorkloadActual   2: 32768 op, 861327420.00 ns, 26.2856 us/op
WorkloadActual   3: 32768 op, 884667706.00 ns, 26.9979 us/op
WorkloadActual   4: 32768 op, 844116436.00 ns, 25.7604 us/op
WorkloadActual   5: 32768 op, 848876579.00 ns, 25.9057 us/op
WorkloadActual   6: 32768 op, 866877199.00 ns, 26.4550 us/op
WorkloadActual   7: 32768 op, 1045804682.00 ns, 31.9154 us/op
WorkloadActual   8: 32768 op, 874034049.00 ns, 26.6734 us/op
WorkloadActual   9: 32768 op, 870875848.00 ns, 26.5770 us/op
WorkloadActual  10: 32768 op, 867324133.00 ns, 26.4686 us/op
WorkloadActual  11: 32768 op, 849651104.00 ns, 25.9293 us/op
WorkloadActual  12: 32768 op, 852634701.00 ns, 26.0203 us/op
WorkloadActual  13: 32768 op, 872659153.00 ns, 26.6314 us/op
WorkloadActual  14: 32768 op, 1182450248.00 ns, 36.0855 us/op
WorkloadActual  15: 32768 op, 1157816532.00 ns, 35.3338 us/op

// AfterActualRun
WorkloadResult   1: 32768 op, 878170510.00 ns, 26.7996 us/op
WorkloadResult   2: 32768 op, 861198638.00 ns, 26.2817 us/op
WorkloadResult   3: 32768 op, 884538924.00 ns, 26.9940 us/op
WorkloadResult   4: 32768 op, 843987654.00 ns, 25.7565 us/op
WorkloadResult   5: 32768 op, 848747797.00 ns, 25.9017 us/op
WorkloadResult   6: 32768 op, 866748417.00 ns, 26.4511 us/op
WorkloadResult   7: 32768 op, 873905267.00 ns, 26.6695 us/op
WorkloadResult   8: 32768 op, 870747066.00 ns, 26.5731 us/op
WorkloadResult   9: 32768 op, 867195351.00 ns, 26.4647 us/op
WorkloadResult  10: 32768 op, 849522322.00 ns, 25.9254 us/op
WorkloadResult  11: 32768 op, 852505919.00 ns, 26.0164 us/op
WorkloadResult  12: 32768 op, 872530371.00 ns, 26.6275 us/op
// GC:  40 3 0 964952064 32768
// Threading:  0 0 32768

// AfterAll
// Benchmark Process 2880 has exited with code 0.

Mean = 26.372 μs, StdErr = 0.114 μs (0.43%), N = 12, StdDev = 0.395 μs
Min = 25.756 μs, Q1 = 25.994 μs, Median = 26.458 μs, Q3 = 26.638 μs, Max = 26.994 μs
IQR = 0.644 μs, LowerFence = 25.027 μs, UpperFence = 27.605 μs
ConfidenceInterval = [25.866 μs; 26.877 μs] (CI 99.9%), Margin = 0.505 μs (1.92% of Mean)
Skewness = -0.13, Kurtosis = 1.53, MValue = 2

// ** Remained 5 (83.3 %) benchmark(s) to run. Estimated finish 2026-02-27 4:24 (0h 1m from now) **
// **************************
// Benchmark: ConsoleRendererBenchmark.Optimized_Render_Full: DefaultJob
// *** Execute ***
// Launch: 1 / 1
// Execute: dotnet Tedd.TUI.Benchmarks-DefaultJob-1.dll --anonymousPipes 129 130 --benchmarkName Tedd.TUI.Benchmarks.ConsoleRendererBenchmark.Optimized_Render_Full --job Default --benchmarkId 1 in /app/src/Tedd.TUI.Benchmarks/bin/Release/net10.0/Tedd.TUI.Benchmarks-DefaultJob-1/bin/Release/net10.0
// Failed to set up high priority (Permission denied). In order to run benchmarks with high priority, make sure you have the right permissions.
// BeforeAnythingElse

// Benchmark Process Environment Information:
// BenchmarkDotNet v0.15.8
// Runtime=.NET 10.0.0 (10.0.0, 10.0.25.52411), X64 RyuJIT x86-64-v3
// GC=Concurrent Workstation
// HardwareIntrinsics=AVX2+BMI1+BMI2+F16C+FMA+LZCNT+MOVBE,AVX,SSE3+SSSE3+SSE4.1+SSE4.2+POPCNT,X86Base+SSE+SSE2,AES+PCLMUL VectorSize=256
// Job: DefaultJob

OverheadJitting  1: 1 op, 490019.00 ns, 490.0190 us/op
WorkloadJitting  1: 1 op, 6567032.00 ns, 6.5670 ms/op

OverheadJitting  2: 16 op, 407006.00 ns, 25.4379 us/op
WorkloadJitting  2: 16 op, 10546759.00 ns, 659.1724 us/op

WorkloadPilot    1: 16 op, 1678612.00 ns, 104.9133 us/op
WorkloadPilot    2: 32 op, 3162536.00 ns, 98.8293 us/op
WorkloadPilot    3: 64 op, 8484830.00 ns, 132.5755 us/op
WorkloadPilot    4: 128 op, 19214126.00 ns, 150.1104 us/op
WorkloadPilot    5: 256 op, 28020984.00 ns, 109.4570 us/op
WorkloadPilot    6: 512 op, 62532378.00 ns, 122.1336 us/op
WorkloadPilot    7: 1024 op, 68445289.00 ns, 66.8411 us/op
WorkloadPilot    8: 2048 op, 59226729.00 ns, 28.9193 us/op
WorkloadPilot    9: 4096 op, 117267954.00 ns, 28.6299 us/op
WorkloadPilot   10: 8192 op, 219312841.00 ns, 26.7716 us/op
WorkloadPilot   11: 16384 op, 453861300.00 ns, 27.7015 us/op
WorkloadPilot   12: 32768 op, 950607764.00 ns, 29.0102 us/op

OverheadWarmup   1: 32768 op, 133044.00 ns, 4.0602 ns/op
OverheadWarmup   2: 32768 op, 126935.00 ns, 3.8737 ns/op
OverheadWarmup   3: 32768 op, 127807.00 ns, 3.9004 ns/op
OverheadWarmup   4: 32768 op, 144806.00 ns, 4.4191 ns/op
OverheadWarmup   5: 32768 op, 127567.00 ns, 3.8930 ns/op
OverheadWarmup   6: 32768 op, 126285.00 ns, 3.8539 ns/op
OverheadWarmup   7: 32768 op, 127305.00 ns, 3.8850 ns/op
OverheadWarmup   8: 32768 op, 126237.00 ns, 3.8524 ns/op

OverheadActual   1: 32768 op, 127947.00 ns, 3.9046 ns/op
OverheadActual   2: 32768 op, 132366.00 ns, 4.0395 ns/op
OverheadActual   3: 32768 op, 128371.00 ns, 3.9176 ns/op
OverheadActual   4: 32768 op, 134770.00 ns, 4.1129 ns/op
OverheadActual   5: 32768 op, 177687.00 ns, 5.4226 ns/op
OverheadActual   6: 32768 op, 133434.00 ns, 4.0721 ns/op
OverheadActual   7: 32768 op, 127617.00 ns, 3.8946 ns/op
OverheadActual   8: 32768 op, 154792.00 ns, 4.7239 ns/op
OverheadActual   9: 32768 op, 127595.00 ns, 3.8939 ns/op
OverheadActual  10: 32768 op, 158102.00 ns, 4.8249 ns/op
OverheadActual  11: 32768 op, 127907.00 ns, 3.9034 ns/op
OverheadActual  12: 32768 op, 126319.00 ns, 3.8549 ns/op
OverheadActual  13: 32768 op, 127691.00 ns, 3.8968 ns/op
OverheadActual  14: 32768 op, 126397.00 ns, 3.8573 ns/op
OverheadActual  15: 32768 op, 127293.00 ns, 3.8847 ns/op

WorkloadWarmup   1: 32768 op, 890930419.00 ns, 27.1890 us/op
WorkloadWarmup   2: 32768 op, 889535764.00 ns, 27.1465 us/op
WorkloadWarmup   3: 32768 op, 889245728.00 ns, 27.1376 us/op
WorkloadWarmup   4: 32768 op, 909183213.00 ns, 27.7461 us/op
WorkloadWarmup   5: 32768 op, 876366238.00 ns, 26.7446 us/op
WorkloadWarmup   6: 32768 op, 905075520.00 ns, 27.6207 us/op
WorkloadWarmup   7: 32768 op, 879747233.00 ns, 26.8478 us/op

// BeforeActualRun
WorkloadActual   1: 32768 op, 862635087.00 ns, 26.3255 us/op
WorkloadActual   2: 32768 op, 878152495.00 ns, 26.7991 us/op
WorkloadActual   3: 32768 op, 1060396042.00 ns, 32.3607 us/op
WorkloadActual   4: 32768 op, 966082113.00 ns, 29.4825 us/op
WorkloadActual   5: 32768 op, 867237535.00 ns, 26.4660 us/op
WorkloadActual   6: 32768 op, 859173332.00 ns, 26.2199 us/op
WorkloadActual   7: 32768 op, 877783628.00 ns, 26.7878 us/op
WorkloadActual   8: 32768 op, 877093981.00 ns, 26.7668 us/op
WorkloadActual   9: 32768 op, 894230525.00 ns, 27.2897 us/op
WorkloadActual  10: 32768 op, 881217059.00 ns, 26.8926 us/op
WorkloadActual  11: 32768 op, 882632984.00 ns, 26.9358 us/op
WorkloadActual  12: 32768 op, 890996152.00 ns, 27.1910 us/op
WorkloadActual  13: 32768 op, 1091455021.00 ns, 33.3086 us/op
WorkloadActual  14: 32768 op, 1123458945.00 ns, 34.2852 us/op
WorkloadActual  15: 32768 op, 1082612739.00 ns, 33.0387 us/op
WorkloadActual  16: 32768 op, 1129278908.00 ns, 34.4629 us/op
WorkloadActual  17: 32768 op, 1187552219.00 ns, 36.2412 us/op
WorkloadActual  18: 32768 op, 1224643200.00 ns, 37.3731 us/op
WorkloadActual  19: 32768 op, 1466888491.00 ns, 44.7659 us/op
WorkloadActual  20: 32768 op, 884114006.00 ns, 26.9810 us/op
WorkloadActual  21: 32768 op, 890813541.00 ns, 27.1855 us/op
WorkloadActual  22: 32768 op, 1356250268.00 ns, 41.3895 us/op
WorkloadActual  23: 32768 op, 857920449.00 ns, 26.1817 us/op
WorkloadActual  24: 32768 op, 864880528.00 ns, 26.3941 us/op
WorkloadActual  25: 32768 op, 869851211.00 ns, 26.5458 us/op
WorkloadActual  26: 32768 op, 1036641639.00 ns, 31.6358 us/op
WorkloadActual  27: 32768 op, 1469421098.00 ns, 44.8432 us/op
WorkloadActual  28: 32768 op, 1081444453.00 ns, 33.0031 us/op
WorkloadActual  29: 32768 op, 868204312.00 ns, 26.4955 us/op
WorkloadActual  30: 32768 op, 856672793.00 ns, 26.1436 us/op
WorkloadActual  31: 32768 op, 851037308.00 ns, 25.9716 us/op
WorkloadActual  32: 32768 op, 845326261.00 ns, 25.7973 us/op
WorkloadActual  33: 32768 op, 845713932.00 ns, 25.8091 us/op
WorkloadActual  34: 32768 op, 842472213.00 ns, 25.7102 us/op
WorkloadActual  35: 32768 op, 840150507.00 ns, 25.6394 us/op
WorkloadActual  36: 32768 op, 849314523.00 ns, 25.9190 us/op
WorkloadActual  37: 32768 op, 855645509.00 ns, 26.1122 us/op
WorkloadActual  38: 32768 op, 863954473.00 ns, 26.3658 us/op
WorkloadActual  39: 32768 op, 848809017.00 ns, 25.9036 us/op
WorkloadActual  40: 32768 op, 846698863.00 ns, 25.8392 us/op
WorkloadActual  41: 32768 op, 1051302536.00 ns, 32.0832 us/op
WorkloadActual  42: 32768 op, 1006430800.00 ns, 30.7138 us/op
WorkloadActual  43: 32768 op, 846065260.00 ns, 25.8199 us/op
WorkloadActual  44: 32768 op, 851028603.00 ns, 25.9713 us/op
WorkloadActual  45: 32768 op, 845726724.00 ns, 25.8095 us/op
WorkloadActual  46: 32768 op, 1038403988.00 ns, 31.6896 us/op
WorkloadActual  47: 32768 op, 1218723308.00 ns, 37.1925 us/op
WorkloadActual  48: 32768 op, 1082086242.00 ns, 33.0227 us/op
WorkloadActual  49: 32768 op, 848989467.00 ns, 25.9091 us/op
WorkloadActual  50: 32768 op, 845065657.00 ns, 25.7894 us/op
WorkloadActual  51: 32768 op, 844973717.00 ns, 25.7866 us/op
WorkloadActual  52: 32768 op, 903699169.00 ns, 27.5787 us/op
WorkloadActual  53: 32768 op, 878583598.00 ns, 26.8122 us/op
WorkloadActual  54: 32768 op, 853238775.00 ns, 26.0388 us/op
WorkloadActual  55: 32768 op, 863805962.00 ns, 26.3613 us/op
WorkloadActual  56: 32768 op, 855634273.00 ns, 26.1119 us/op
WorkloadActual  57: 32768 op, 981628975.00 ns, 29.9569 us/op
WorkloadActual  58: 32768 op, 944073195.00 ns, 28.8108 us/op
WorkloadActual  59: 32768 op, 864426217.00 ns, 26.3802 us/op
WorkloadActual  60: 32768 op, 854567849.00 ns, 26.0793 us/op
WorkloadActual  61: 32768 op, 861937662.00 ns, 26.3042 us/op
WorkloadActual  62: 32768 op, 847799147.00 ns, 25.8728 us/op
WorkloadActual  63: 32768 op, 849052606.00 ns, 25.9110 us/op
WorkloadActual  64: 32768 op, 851492543.00 ns, 25.9855 us/op
WorkloadActual  65: 32768 op, 849871951.00 ns, 25.9360 us/op
WorkloadActual  66: 32768 op, 861672399.00 ns, 26.2962 us/op
WorkloadActual  67: 32768 op, 850347285.00 ns, 25.9505 us/op
WorkloadActual  68: 32768 op, 849042442.00 ns, 25.9107 us/op
WorkloadActual  69: 32768 op, 851336932.00 ns, 25.9807 us/op
WorkloadActual  70: 32768 op, 844018635.00 ns, 25.7574 us/op
WorkloadActual  71: 32768 op, 842114494.00 ns, 25.6993 us/op
WorkloadActual  72: 32768 op, 844177854.00 ns, 25.7623 us/op
WorkloadActual  73: 32768 op, 957928075.00 ns, 29.2336 us/op
WorkloadActual  74: 32768 op, 1170433301.00 ns, 35.7188 us/op
WorkloadActual  75: 32768 op, 942660585.00 ns, 28.7677 us/op
WorkloadActual  76: 32768 op, 914891483.00 ns, 27.9203 us/op
WorkloadActual  77: 32768 op, 846971699.00 ns, 25.8475 us/op
WorkloadActual  78: 32768 op, 841476118.00 ns, 25.6798 us/op
WorkloadActual  79: 32768 op, 841049162.00 ns, 25.6668 us/op
WorkloadActual  80: 32768 op, 840958887.00 ns, 25.6640 us/op
WorkloadActual  81: 32768 op, 838011465.00 ns, 25.5741 us/op
WorkloadActual  82: 32768 op, 837185875.00 ns, 25.5489 us/op
WorkloadActual  83: 32768 op, 839204616.00 ns, 25.6105 us/op
WorkloadActual  84: 32768 op, 831136726.00 ns, 25.3643 us/op
WorkloadActual  85: 32768 op, 841431063.00 ns, 25.6784 us/op
WorkloadActual  86: 32768 op, 841611427.00 ns, 25.6839 us/op
WorkloadActual  87: 32768 op, 858754073.00 ns, 26.2071 us/op
WorkloadActual  88: 32768 op, 854025768.00 ns, 26.0628 us/op
WorkloadActual  89: 32768 op, 874764861.00 ns, 26.6957 us/op
WorkloadActual  90: 32768 op, 847207954.00 ns, 25.8547 us/op
WorkloadActual  91: 32768 op, 849041084.00 ns, 25.9107 us/op

// AfterActualRun
WorkloadResult   1: 32768 op, 862507140.00 ns, 26.3216 us/op
WorkloadResult   2: 32768 op, 878024548.00 ns, 26.7952 us/op
WorkloadResult   3: 32768 op, 965954166.00 ns, 29.4786 us/op
WorkloadResult   4: 32768 op, 867109588.00 ns, 26.4621 us/op
WorkloadResult   5: 32768 op, 859045385.00 ns, 26.2160 us/op
WorkloadResult   6: 32768 op, 877655681.00 ns, 26.7839 us/op
WorkloadResult   7: 32768 op, 876966034.00 ns, 26.7629 us/op
WorkloadResult   8: 32768 op, 894102578.00 ns, 27.2858 us/op
WorkloadResult   9: 32768 op, 881089112.00 ns, 26.8887 us/op
WorkloadResult  10: 32768 op, 882505037.00 ns, 26.9319 us/op
WorkloadResult  11: 32768 op, 890868205.00 ns, 27.1871 us/op
WorkloadResult  12: 32768 op, 883986059.00 ns, 26.9771 us/op
WorkloadResult  13: 32768 op, 890685594.00 ns, 27.1816 us/op
WorkloadResult  14: 32768 op, 857792502.00 ns, 26.1777 us/op
WorkloadResult  15: 32768 op, 864752581.00 ns, 26.3902 us/op
WorkloadResult  16: 32768 op, 869723264.00 ns, 26.5418 us/op
WorkloadResult  17: 32768 op, 1036513692.00 ns, 31.6319 us/op
WorkloadResult  18: 32768 op, 868076365.00 ns, 26.4916 us/op
WorkloadResult  19: 32768 op, 856544846.00 ns, 26.1397 us/op
WorkloadResult  20: 32768 op, 850909361.00 ns, 25.9677 us/op
WorkloadResult  21: 32768 op, 845198314.00 ns, 25.7934 us/op
WorkloadResult  22: 32768 op, 845585985.00 ns, 25.8052 us/op
WorkloadResult  23: 32768 op, 842344266.00 ns, 25.7063 us/op
WorkloadResult  24: 32768 op, 840022560.00 ns, 25.6355 us/op
WorkloadResult  25: 32768 op, 849186576.00 ns, 25.9151 us/op
WorkloadResult  26: 32768 op, 855517562.00 ns, 26.1083 us/op
WorkloadResult  27: 32768 op, 863826526.00 ns, 26.3619 us/op
WorkloadResult  28: 32768 op, 848681070.00 ns, 25.8997 us/op
WorkloadResult  29: 32768 op, 846570916.00 ns, 25.8353 us/op
WorkloadResult  30: 32768 op, 1006302853.00 ns, 30.7099 us/op
WorkloadResult  31: 32768 op, 845937313.00 ns, 25.8160 us/op
WorkloadResult  32: 32768 op, 850900656.00 ns, 25.9674 us/op
WorkloadResult  33: 32768 op, 845598777.00 ns, 25.8056 us/op
WorkloadResult  34: 32768 op, 1038276041.00 ns, 31.6857 us/op
WorkloadResult  35: 32768 op, 848861520.00 ns, 25.9052 us/op
WorkloadResult  36: 32768 op, 844937710.00 ns, 25.7855 us/op
WorkloadResult  37: 32768 op, 844845770.00 ns, 25.7826 us/op
WorkloadResult  38: 32768 op, 903571222.00 ns, 27.5748 us/op
WorkloadResult  39: 32768 op, 878455651.00 ns, 26.8083 us/op
WorkloadResult  40: 32768 op, 853110828.00 ns, 26.0349 us/op
WorkloadResult  41: 32768 op, 863678015.00 ns, 26.3574 us/op
WorkloadResult  42: 32768 op, 855506326.00 ns, 26.1080 us/op
WorkloadResult  43: 32768 op, 981501028.00 ns, 29.9530 us/op
WorkloadResult  44: 32768 op, 943945248.00 ns, 28.8069 us/op
WorkloadResult  45: 32768 op, 864298270.00 ns, 26.3763 us/op
WorkloadResult  46: 32768 op, 854439902.00 ns, 26.0754 us/op
WorkloadResult  47: 32768 op, 861809715.00 ns, 26.3003 us/op
WorkloadResult  48: 32768 op, 847671200.00 ns, 25.8689 us/op
WorkloadResult  49: 32768 op, 848924659.00 ns, 25.9071 us/op
WorkloadResult  50: 32768 op, 851364596.00 ns, 25.9816 us/op
WorkloadResult  51: 32768 op, 849744004.00 ns, 25.9321 us/op
WorkloadResult  52: 32768 op, 861544452.00 ns, 26.2923 us/op
WorkloadResult  53: 32768 op, 850219338.00 ns, 25.9466 us/op
WorkloadResult  54: 32768 op, 848914495.00 ns, 25.9068 us/op
WorkloadResult  55: 32768 op, 851208985.00 ns, 25.9768 us/op
WorkloadResult  56: 32768 op, 843890688.00 ns, 25.7535 us/op
WorkloadResult  57: 32768 op, 841986547.00 ns, 25.6954 us/op
WorkloadResult  58: 32768 op, 844049907.00 ns, 25.7584 us/op
WorkloadResult  59: 32768 op, 957800128.00 ns, 29.2297 us/op
WorkloadResult  60: 32768 op, 942532638.00 ns, 28.7638 us/op
WorkloadResult  61: 32768 op, 914763536.00 ns, 27.9164 us/op
WorkloadResult  62: 32768 op, 846843752.00 ns, 25.8436 us/op
WorkloadResult  63: 32768 op, 841348171.00 ns, 25.6759 us/op
WorkloadResult  64: 32768 op, 840921215.00 ns, 25.6629 us/op
WorkloadResult  65: 32768 op, 840830940.00 ns, 25.6601 us/op
WorkloadResult  66: 32768 op, 837883518.00 ns, 25.5702 us/op
WorkloadResult  67: 32768 op, 837057928.00 ns, 25.5450 us/op
WorkloadResult  68: 32768 op, 839076669.00 ns, 25.6066 us/op
WorkloadResult  69: 32768 op, 831008779.00 ns, 25.3604 us/op
WorkloadResult  70: 32768 op, 841303116.00 ns, 25.6745 us/op
WorkloadResult  71: 32768 op, 841483480.00 ns, 25.6800 us/op
WorkloadResult  72: 32768 op, 858626126.00 ns, 26.2032 us/op
WorkloadResult  73: 32768 op, 853897821.00 ns, 26.0589 us/op
WorkloadResult  74: 32768 op, 874636914.00 ns, 26.6918 us/op
WorkloadResult  75: 32768 op, 847080007.00 ns, 25.8508 us/op
WorkloadResult  76: 32768 op, 848913137.00 ns, 25.9068 us/op
// GC:  36 3 0 857735168 32768
// Threading:  0 0 32768

// AfterAll
// Benchmark Process 2897 has exited with code 0.

Mean = 26.572 μs, StdErr = 0.154 μs (0.58%), N = 76, StdDev = 1.343 μs
Min = 25.360 μs, Q1 = 25.813 μs, Median = 26.067 μs, Q3 = 26.768 μs, Max = 31.686 μs
IQR = 0.955 μs, LowerFence = 24.381 μs, UpperFence = 28.200 μs
ConfidenceInterval = [26.044 μs; 27.099 μs] (CI 99.9%), Margin = 0.528 μs (1.99% of Mean)
Skewness = 2.29, Kurtosis = 7.9, MValue = 2

// ** Remained 4 (66.7 %) benchmark(s) to run. Estimated finish 2026-02-27 4:27 (0h 3m from now) **
// **************************
// Benchmark: ConsoleRendererBenchmark.Archive_Render_NoChange: DefaultJob
// *** Execute ***
// Launch: 1 / 1
// Execute: dotnet Tedd.TUI.Benchmarks-DefaultJob-1.dll --anonymousPipes 129 130 --benchmarkName Tedd.TUI.Benchmarks.ConsoleRendererBenchmark.Archive_Render_NoChange --job Default --benchmarkId 2 in /app/src/Tedd.TUI.Benchmarks/bin/Release/net10.0/Tedd.TUI.Benchmarks-DefaultJob-1/bin/Release/net10.0
// Failed to set up high priority (Permission denied). In order to run benchmarks with high priority, make sure you have the right permissions.
// BeforeAnythingElse

// Benchmark Process Environment Information:
// BenchmarkDotNet v0.15.8
// Runtime=.NET 10.0.0 (10.0.0, 10.0.25.52411), X64 RyuJIT x86-64-v3
// GC=Concurrent Workstation
// HardwareIntrinsics=AVX2+BMI1+BMI2+F16C+FMA+LZCNT+MOVBE,AVX,SSE3+SSSE3+SSE4.1+SSE4.2+POPCNT,X86Base+SSE+SSE2,AES+PCLMUL VectorSize=256
// Job: DefaultJob

OverheadJitting  1: 1 op, 292674.00 ns, 292.6740 us/op
WorkloadJitting  1: 1 op, 2610765.00 ns, 2.6108 ms/op

OverheadJitting  2: 16 op, 313541.00 ns, 19.5963 us/op
WorkloadJitting  2: 16 op, 6061622.00 ns, 378.8514 us/op

WorkloadPilot    1: 16 op, 1423909.00 ns, 88.9943 us/op
WorkloadPilot    2: 32 op, 2730586.00 ns, 85.3308 us/op
WorkloadPilot    3: 64 op, 5392913.00 ns, 84.2643 us/op
WorkloadPilot    4: 128 op, 10753235.00 ns, 84.0096 us/op
WorkloadPilot    5: 256 op, 21531157.00 ns, 84.1061 us/op
WorkloadPilot    6: 512 op, 42911323.00 ns, 83.8112 us/op
WorkloadPilot    7: 1024 op, 86243752.00 ns, 84.2224 us/op
WorkloadPilot    8: 2048 op, 48196303.00 ns, 23.5334 us/op
WorkloadPilot    9: 4096 op, 81280430.00 ns, 19.8439 us/op
WorkloadPilot   10: 8192 op, 160416975.00 ns, 19.5822 us/op
WorkloadPilot   11: 16384 op, 319797141.00 ns, 19.5189 us/op
WorkloadPilot   12: 32768 op, 641704930.00 ns, 19.5833 us/op

OverheadWarmup   1: 32768 op, 128291.00 ns, 3.9151 ns/op
OverheadWarmup   2: 32768 op, 126518.00 ns, 3.8610 ns/op
OverheadWarmup   3: 32768 op, 127378.00 ns, 3.8873 ns/op
OverheadWarmup   4: 32768 op, 126411.00 ns, 3.8578 ns/op
OverheadWarmup   5: 32768 op, 127295.00 ns, 3.8847 ns/op
OverheadWarmup   6: 32768 op, 126331.00 ns, 3.8553 ns/op

OverheadActual   1: 32768 op, 127623.00 ns, 3.8947 ns/op
OverheadActual   2: 32768 op, 126570.00 ns, 3.8626 ns/op
OverheadActual   3: 32768 op, 127710.00 ns, 3.8974 ns/op
OverheadActual   4: 32768 op, 126483.00 ns, 3.8600 ns/op
OverheadActual   5: 32768 op, 127604.00 ns, 3.8942 ns/op
OverheadActual   6: 32768 op, 126340.00 ns, 3.8556 ns/op
OverheadActual   7: 32768 op, 133988.00 ns, 4.0890 ns/op
OverheadActual   8: 32768 op, 132529.00 ns, 4.0445 ns/op
OverheadActual   9: 32768 op, 133867.00 ns, 4.0853 ns/op
OverheadActual  10: 32768 op, 126356.00 ns, 3.8561 ns/op
OverheadActual  11: 32768 op, 127146.00 ns, 3.8802 ns/op
OverheadActual  12: 32768 op, 126358.00 ns, 3.8561 ns/op
OverheadActual  13: 32768 op, 127293.00 ns, 3.8847 ns/op
OverheadActual  14: 32768 op, 152978.00 ns, 4.6685 ns/op
OverheadActual  15: 32768 op, 153646.00 ns, 4.6889 ns/op

WorkloadWarmup   1: 32768 op, 641062747.00 ns, 19.5637 us/op
WorkloadWarmup   2: 32768 op, 636892109.00 ns, 19.4364 us/op
WorkloadWarmup   3: 32768 op, 635671788.00 ns, 19.3992 us/op
WorkloadWarmup   4: 32768 op, 634510417.00 ns, 19.3637 us/op
WorkloadWarmup   5: 32768 op, 635629584.00 ns, 19.3979 us/op
WorkloadWarmup   6: 32768 op, 639667240.00 ns, 19.5211 us/op
WorkloadWarmup   7: 32768 op, 634672969.00 ns, 19.3687 us/op
WorkloadWarmup   8: 32768 op, 636025850.00 ns, 19.4100 us/op
WorkloadWarmup   9: 32768 op, 635936684.00 ns, 19.4072 us/op

// BeforeActualRun
WorkloadActual   1: 32768 op, 640052431.00 ns, 19.5329 us/op
WorkloadActual   2: 32768 op, 640162760.00 ns, 19.5362 us/op
WorkloadActual   3: 32768 op, 638946442.00 ns, 19.4991 us/op
WorkloadActual   4: 32768 op, 633433382.00 ns, 19.3309 us/op
WorkloadActual   5: 32768 op, 635613855.00 ns, 19.3974 us/op
WorkloadActual   6: 32768 op, 633800364.00 ns, 19.3421 us/op
WorkloadActual   7: 32768 op, 636057089.00 ns, 19.4109 us/op
WorkloadActual   8: 32768 op, 633699694.00 ns, 19.3390 us/op
WorkloadActual   9: 32768 op, 635771305.00 ns, 19.4022 us/op
WorkloadActual  10: 32768 op, 633249729.00 ns, 19.3252 us/op
WorkloadActual  11: 32768 op, 634142080.00 ns, 19.3525 us/op
WorkloadActual  12: 32768 op, 638752994.00 ns, 19.4932 us/op
WorkloadActual  13: 32768 op, 636798614.00 ns, 19.4336 us/op
WorkloadActual  14: 32768 op, 634468685.00 ns, 19.3624 us/op
WorkloadActual  15: 32768 op, 636828097.00 ns, 19.4345 us/op

// AfterActualRun
WorkloadResult   1: 32768 op, 639924827.00 ns, 19.5290 us/op
WorkloadResult   2: 32768 op, 640035156.00 ns, 19.5323 us/op
WorkloadResult   3: 32768 op, 638818838.00 ns, 19.4952 us/op
WorkloadResult   4: 32768 op, 633305778.00 ns, 19.3270 us/op
WorkloadResult   5: 32768 op, 635486251.00 ns, 19.3935 us/op
WorkloadResult   6: 32768 op, 633672760.00 ns, 19.3382 us/op
WorkloadResult   7: 32768 op, 635929485.00 ns, 19.4070 us/op
WorkloadResult   8: 32768 op, 633572090.00 ns, 19.3351 us/op
WorkloadResult   9: 32768 op, 635643701.00 ns, 19.3983 us/op
WorkloadResult  10: 32768 op, 633122125.00 ns, 19.3214 us/op
WorkloadResult  11: 32768 op, 634014476.00 ns, 19.3486 us/op
WorkloadResult  12: 32768 op, 638625390.00 ns, 19.4893 us/op
WorkloadResult  13: 32768 op, 636671010.00 ns, 19.4297 us/op
WorkloadResult  14: 32768 op, 634341081.00 ns, 19.3586 us/op
WorkloadResult  15: 32768 op, 636700493.00 ns, 19.4306 us/op
// GC:  0 0 0 6815744 32768
// Threading:  0 0 32768

// AfterAll
// Benchmark Process 2916 has exited with code 0.

Mean = 19.409 μs, StdErr = 0.019 μs (0.10%), N = 15, StdDev = 0.074 μs
Min = 19.321 μs, Q1 = 19.343 μs, Median = 19.398 μs, Q3 = 19.460 μs, Max = 19.532 μs
IQR = 0.117 μs, LowerFence = 19.169 μs, UpperFence = 19.635 μs
ConfidenceInterval = [19.330 μs; 19.488 μs] (CI 99.9%), Margin = 0.079 μs (0.41% of Mean)
Skewness = 0.41, Kurtosis = 1.63, MValue = 2

// ** Remained 3 (50.0 %) benchmark(s) to run. Estimated finish 2026-02-27 4:26 (0h 2m from now) **
// **************************
// Benchmark: ConsoleRendererBenchmark.Optimized_Render_NoChange: DefaultJob
// *** Execute ***
// Launch: 1 / 1
// Execute: dotnet Tedd.TUI.Benchmarks-DefaultJob-1.dll --anonymousPipes 129 130 --benchmarkName Tedd.TUI.Benchmarks.ConsoleRendererBenchmark.Optimized_Render_NoChange --job Default --benchmarkId 3 in /app/src/Tedd.TUI.Benchmarks/bin/Release/net10.0/Tedd.TUI.Benchmarks-DefaultJob-1/bin/Release/net10.0
// Failed to set up high priority (Permission denied). In order to run benchmarks with high priority, make sure you have the right permissions.
// BeforeAnythingElse

// Benchmark Process Environment Information:
// BenchmarkDotNet v0.15.8
// Runtime=.NET 10.0.0 (10.0.0, 10.0.25.52411), X64 RyuJIT x86-64-v3
// GC=Concurrent Workstation
// HardwareIntrinsics=AVX2+BMI1+BMI2+F16C+FMA+LZCNT+MOVBE,AVX,SSE3+SSSE3+SSE4.1+SSE4.2+POPCNT,X86Base+SSE+SSE2,AES+PCLMUL VectorSize=256
// Job: DefaultJob

OverheadJitting  1: 1 op, 245283.00 ns, 245.2830 us/op
WorkloadJitting  1: 1 op, 3125000.00 ns, 3.1250 ms/op

OverheadJitting  2: 16 op, 353518.00 ns, 22.0949 us/op
WorkloadJitting  2: 16 op, 7324948.00 ns, 457.8093 us/op

WorkloadPilot    1: 16 op, 1388128.00 ns, 86.7580 us/op
WorkloadPilot    2: 32 op, 2469402.00 ns, 77.1688 us/op
WorkloadPilot    3: 64 op, 5078555.00 ns, 79.3524 us/op
WorkloadPilot    4: 128 op, 9549401.00 ns, 74.6047 us/op
WorkloadPilot    5: 256 op, 18875254.00 ns, 73.7315 us/op
WorkloadPilot    6: 512 op, 37865040.00 ns, 73.9552 us/op
WorkloadPilot    7: 1024 op, 74976510.00 ns, 73.2192 us/op
WorkloadPilot    8: 2048 op, 69919720.00 ns, 34.1405 us/op
WorkloadPilot    9: 4096 op, 91196538.00 ns, 22.2648 us/op
WorkloadPilot   10: 8192 op, 182212705.00 ns, 22.2428 us/op
WorkloadPilot   11: 16384 op, 364883191.00 ns, 22.2707 us/op
WorkloadPilot   12: 32768 op, 733356424.00 ns, 22.3803 us/op

OverheadWarmup   1: 32768 op, 129060.00 ns, 3.9386 ns/op
OverheadWarmup   2: 32768 op, 133559.00 ns, 4.0759 ns/op
OverheadWarmup   3: 32768 op, 134541.00 ns, 4.1059 ns/op
OverheadWarmup   4: 32768 op, 134224.00 ns, 4.0962 ns/op
OverheadWarmup   5: 32768 op, 135746.00 ns, 4.1426 ns/op
OverheadWarmup   6: 32768 op, 126313.00 ns, 3.8548 ns/op

OverheadActual   1: 32768 op, 186842.00 ns, 5.7020 ns/op
OverheadActual   2: 32768 op, 126584.00 ns, 3.8630 ns/op
OverheadActual   3: 32768 op, 148060.00 ns, 4.5184 ns/op
OverheadActual   4: 32768 op, 126288.00 ns, 3.8540 ns/op
OverheadActual   5: 32768 op, 134822.00 ns, 4.1144 ns/op
OverheadActual   6: 32768 op, 126348.00 ns, 3.8558 ns/op
OverheadActual   7: 32768 op, 174134.00 ns, 5.3141 ns/op
OverheadActual   8: 32768 op, 126257.00 ns, 3.8531 ns/op
OverheadActual   9: 32768 op, 130458.00 ns, 3.9813 ns/op
OverheadActual  10: 32768 op, 126296.00 ns, 3.8542 ns/op
OverheadActual  11: 32768 op, 167729.00 ns, 5.1187 ns/op
OverheadActual  12: 32768 op, 126282.00 ns, 3.8538 ns/op
OverheadActual  13: 32768 op, 127563.00 ns, 3.8929 ns/op
OverheadActual  14: 32768 op, 126347.00 ns, 3.8558 ns/op
OverheadActual  15: 32768 op, 134417.00 ns, 4.1021 ns/op
OverheadActual  16: 32768 op, 173120.00 ns, 5.2832 ns/op
OverheadActual  17: 32768 op, 170331.00 ns, 5.1981 ns/op
OverheadActual  18: 32768 op, 130239.00 ns, 3.9746 ns/op
OverheadActual  19: 32768 op, 134364.00 ns, 4.1005 ns/op
OverheadActual  20: 32768 op, 126362.00 ns, 3.8563 ns/op

WorkloadWarmup   1: 32768 op, 733462269.00 ns, 22.3835 us/op
WorkloadWarmup   2: 32768 op, 734912726.00 ns, 22.4278 us/op
WorkloadWarmup   3: 32768 op, 732004220.00 ns, 22.3390 us/op
WorkloadWarmup   4: 32768 op, 730287897.00 ns, 22.2866 us/op
WorkloadWarmup   5: 32768 op, 732569393.00 ns, 22.3562 us/op
WorkloadWarmup   6: 32768 op, 731045941.00 ns, 22.3098 us/op

// BeforeActualRun
WorkloadActual   1: 32768 op, 731985143.00 ns, 22.3384 us/op
WorkloadActual   2: 32768 op, 727376122.00 ns, 22.1978 us/op
WorkloadActual   3: 32768 op, 725659731.00 ns, 22.1454 us/op
WorkloadActual   4: 32768 op, 728963506.00 ns, 22.2462 us/op
WorkloadActual   5: 32768 op, 729255768.00 ns, 22.2551 us/op
WorkloadActual   6: 32768 op, 736804380.00 ns, 22.4855 us/op
WorkloadActual   7: 32768 op, 736492910.00 ns, 22.4760 us/op
WorkloadActual   8: 32768 op, 734947478.00 ns, 22.4288 us/op
WorkloadActual   9: 32768 op, 728841377.00 ns, 22.2425 us/op
WorkloadActual  10: 32768 op, 731397456.00 ns, 22.3205 us/op
WorkloadActual  11: 32768 op, 729967610.00 ns, 22.2768 us/op
WorkloadActual  12: 32768 op, 731412286.00 ns, 22.3209 us/op
WorkloadActual  13: 32768 op, 726088342.00 ns, 22.1585 us/op
WorkloadActual  14: 32768 op, 743422725.00 ns, 22.6875 us/op
WorkloadActual  15: 32768 op, 726484819.00 ns, 22.1706 us/op

// AfterActualRun
WorkloadResult   1: 32768 op, 731854794.50 ns, 22.3344 us/op
WorkloadResult   2: 32768 op, 727245773.50 ns, 22.1938 us/op
WorkloadResult   3: 32768 op, 725529382.50 ns, 22.1414 us/op
WorkloadResult   4: 32768 op, 728833157.50 ns, 22.2422 us/op
WorkloadResult   5: 32768 op, 729125419.50 ns, 22.2511 us/op
WorkloadResult   6: 32768 op, 736674031.50 ns, 22.4815 us/op
WorkloadResult   7: 32768 op, 736362561.50 ns, 22.4720 us/op
WorkloadResult   8: 32768 op, 734817129.50 ns, 22.4248 us/op
WorkloadResult   9: 32768 op, 728711028.50 ns, 22.2385 us/op
WorkloadResult  10: 32768 op, 731267107.50 ns, 22.3165 us/op
WorkloadResult  11: 32768 op, 729837261.50 ns, 22.2729 us/op
WorkloadResult  12: 32768 op, 731281937.50 ns, 22.3170 us/op
WorkloadResult  13: 32768 op, 725957993.50 ns, 22.1545 us/op
WorkloadResult  14: 32768 op, 726354470.50 ns, 22.1666 us/op
// GC:  0 0 0 0 32768
// Threading:  0 0 32768

// AfterAll
// Benchmark Process 2927 has exited with code 0.

Mean = 22.286 μs, StdErr = 0.030 μs (0.13%), N = 14, StdDev = 0.112 μs
Min = 22.141 μs, Q1 = 22.205 μs, Median = 22.262 μs, Q3 = 22.330 μs, Max = 22.482 μs
IQR = 0.125 μs, LowerFence = 22.017 μs, UpperFence = 22.518 μs
ConfidenceInterval = [22.160 μs; 22.412 μs] (CI 99.9%), Margin = 0.126 μs (0.57% of Mean)
Skewness = 0.44, Kurtosis = 1.84, MValue = 2

// ** Remained 2 (33.3 %) benchmark(s) to run. Estimated finish 2026-02-27 4:25 (0h 1m from now) **
// **************************
// Benchmark: ConsoleRendererBenchmark.Archive_Render_SmallChange: DefaultJob
// *** Execute ***
// Launch: 1 / 1
// Execute: dotnet Tedd.TUI.Benchmarks-DefaultJob-1.dll --anonymousPipes 129 130 --benchmarkName Tedd.TUI.Benchmarks.ConsoleRendererBenchmark.Archive_Render_SmallChange --job Default --benchmarkId 4 in /app/src/Tedd.TUI.Benchmarks/bin/Release/net10.0/Tedd.TUI.Benchmarks-DefaultJob-1/bin/Release/net10.0
// Failed to set up high priority (Permission denied). In order to run benchmarks with high priority, make sure you have the right permissions.
// BeforeAnythingElse

// Benchmark Process Environment Information:
// BenchmarkDotNet v0.15.8
// Runtime=.NET 10.0.0 (10.0.0, 10.0.25.52411), X64 RyuJIT x86-64-v3
// GC=Concurrent Workstation
// HardwareIntrinsics=AVX2+BMI1+BMI2+F16C+FMA+LZCNT+MOVBE,AVX,SSE3+SSSE3+SSE4.1+SSE4.2+POPCNT,X86Base+SSE+SSE2,AES+PCLMUL VectorSize=256
// Job: DefaultJob

OverheadJitting  1: 1 op, 246931.00 ns, 246.9310 us/op
WorkloadJitting  1: 1 op, 2762897.00 ns, 2.7629 ms/op

OverheadJitting  2: 16 op, 316245.00 ns, 19.7653 us/op
WorkloadJitting  2: 16 op, 6053305.00 ns, 378.3316 us/op

WorkloadPilot    1: 16 op, 1386924.00 ns, 86.6828 us/op
WorkloadPilot    2: 32 op, 2666309.00 ns, 83.3222 us/op
WorkloadPilot    3: 64 op, 5385946.00 ns, 84.1554 us/op
WorkloadPilot    4: 128 op, 10646030.00 ns, 83.1721 us/op
WorkloadPilot    5: 256 op, 21934424.00 ns, 85.6813 us/op
WorkloadPilot    6: 512 op, 42783851.00 ns, 83.5622 us/op
WorkloadPilot    7: 1024 op, 83992483.00 ns, 82.0239 us/op
WorkloadPilot    8: 2048 op, 60971123.00 ns, 29.7711 us/op
WorkloadPilot    9: 4096 op, 86352111.00 ns, 21.0821 us/op
WorkloadPilot   10: 8192 op, 173428503.00 ns, 21.1705 us/op
WorkloadPilot   11: 16384 op, 345658214.00 ns, 21.0973 us/op
WorkloadPilot   12: 32768 op, 691821573.00 ns, 21.1127 us/op

OverheadWarmup   1: 32768 op, 129452.00 ns, 3.9506 ns/op
OverheadWarmup   2: 32768 op, 126583.00 ns, 3.8630 ns/op
OverheadWarmup   3: 32768 op, 127993.00 ns, 3.9060 ns/op
OverheadWarmup   4: 32768 op, 126447.00 ns, 3.8589 ns/op
OverheadWarmup   5: 32768 op, 127746.00 ns, 3.8985 ns/op
OverheadWarmup   6: 32768 op, 126397.00 ns, 3.8573 ns/op

OverheadActual   1: 32768 op, 127695.00 ns, 3.8969 ns/op
OverheadActual   2: 32768 op, 128624.00 ns, 3.9253 ns/op
OverheadActual   3: 32768 op, 127846.00 ns, 3.9016 ns/op
OverheadActual   4: 32768 op, 133318.00 ns, 4.0685 ns/op
OverheadActual   5: 32768 op, 128964.00 ns, 3.9357 ns/op
OverheadActual   6: 32768 op, 126308.00 ns, 3.8546 ns/op
OverheadActual   7: 32768 op, 127440.00 ns, 3.8892 ns/op
OverheadActual   8: 32768 op, 126405.00 ns, 3.8576 ns/op
OverheadActual   9: 32768 op, 127236.00 ns, 3.8829 ns/op
OverheadActual  10: 32768 op, 126346.00 ns, 3.8558 ns/op
OverheadActual  11: 32768 op, 127248.00 ns, 3.8833 ns/op
OverheadActual  12: 32768 op, 126296.00 ns, 3.8542 ns/op
OverheadActual  13: 32768 op, 154397.00 ns, 4.7118 ns/op
OverheadActual  14: 32768 op, 126369.00 ns, 3.8565 ns/op
OverheadActual  15: 32768 op, 153885.00 ns, 4.6962 ns/op

WorkloadWarmup   1: 32768 op, 700310171.00 ns, 21.3718 us/op
WorkloadWarmup   2: 32768 op, 683082195.00 ns, 20.8460 us/op
WorkloadWarmup   3: 32768 op, 684183099.00 ns, 20.8796 us/op
WorkloadWarmup   4: 32768 op, 681646135.00 ns, 20.8022 us/op
WorkloadWarmup   5: 32768 op, 680440501.00 ns, 20.7654 us/op
WorkloadWarmup   6: 32768 op, 683563513.00 ns, 20.8607 us/op
WorkloadWarmup   7: 32768 op, 682116142.00 ns, 20.8165 us/op

// BeforeActualRun
WorkloadActual   1: 32768 op, 688459145.00 ns, 21.0101 us/op
WorkloadActual   2: 32768 op, 682547228.00 ns, 20.8297 us/op
WorkloadActual   3: 32768 op, 681438327.00 ns, 20.7958 us/op
WorkloadActual   4: 32768 op, 678011223.00 ns, 20.6913 us/op
WorkloadActual   5: 32768 op, 678219308.00 ns, 20.6976 us/op
WorkloadActual   6: 32768 op, 679511681.00 ns, 20.7371 us/op
WorkloadActual   7: 32768 op, 680350384.00 ns, 20.7626 us/op
WorkloadActual   8: 32768 op, 678433346.00 ns, 20.7041 us/op
WorkloadActual   9: 32768 op, 681579545.00 ns, 20.8002 us/op
WorkloadActual  10: 32768 op, 681723155.00 ns, 20.8045 us/op
WorkloadActual  11: 32768 op, 679379621.00 ns, 20.7330 us/op
WorkloadActual  12: 32768 op, 678959199.00 ns, 20.7202 us/op
WorkloadActual  13: 32768 op, 679431187.00 ns, 20.7346 us/op
WorkloadActual  14: 32768 op, 683066122.00 ns, 20.8455 us/op
WorkloadActual  15: 32768 op, 680976302.00 ns, 20.7817 us/op

// AfterActualRun
WorkloadResult   1: 32768 op, 682419788.00 ns, 20.8258 us/op
WorkloadResult   2: 32768 op, 681310887.00 ns, 20.7920 us/op
WorkloadResult   3: 32768 op, 677883783.00 ns, 20.6874 us/op
WorkloadResult   4: 32768 op, 678091868.00 ns, 20.6937 us/op
WorkloadResult   5: 32768 op, 679384241.00 ns, 20.7332 us/op
WorkloadResult   6: 32768 op, 680222944.00 ns, 20.7588 us/op
WorkloadResult   7: 32768 op, 678305906.00 ns, 20.7003 us/op
WorkloadResult   8: 32768 op, 681452105.00 ns, 20.7963 us/op
WorkloadResult   9: 32768 op, 681595715.00 ns, 20.8007 us/op
WorkloadResult  10: 32768 op, 679252181.00 ns, 20.7291 us/op
WorkloadResult  11: 32768 op, 678831759.00 ns, 20.7163 us/op
WorkloadResult  12: 32768 op, 679303747.00 ns, 20.7307 us/op
WorkloadResult  13: 32768 op, 682938682.00 ns, 20.8416 us/op
WorkloadResult  14: 32768 op, 680848862.00 ns, 20.7779 us/op
// GC:  0 0 0 8388608 32768
// Threading:  0 0 32768

// AfterAll
// Benchmark Process 2938 has exited with code 0.

Mean = 20.756 μs, StdErr = 0.013 μs (0.06%), N = 14, StdDev = 0.050 μs
Min = 20.687 μs, Q1 = 20.720 μs, Median = 20.746 μs, Q3 = 20.795 μs, Max = 20.842 μs
IQR = 0.076 μs, LowerFence = 20.606 μs, UpperFence = 20.909 μs
ConfidenceInterval = [20.699 μs; 20.813 μs] (CI 99.9%), Margin = 0.057 μs (0.27% of Mean)
Skewness = 0.19, Kurtosis = 1.54, MValue = 2

// ** Remained 1 (16.7 %) benchmark(s) to run. Estimated finish 2026-02-27 4:25 (0h 0m from now) **
// **************************
// Benchmark: ConsoleRendererBenchmark.Optimized_Render_SmallChange: DefaultJob
// *** Execute ***
// Launch: 1 / 1
// Execute: dotnet Tedd.TUI.Benchmarks-DefaultJob-1.dll --anonymousPipes 129 130 --benchmarkName Tedd.TUI.Benchmarks.ConsoleRendererBenchmark.Optimized_Render_SmallChange --job Default --benchmarkId 5 in /app/src/Tedd.TUI.Benchmarks/bin/Release/net10.0/Tedd.TUI.Benchmarks-DefaultJob-1/bin/Release/net10.0
// Failed to set up high priority (Permission denied). In order to run benchmarks with high priority, make sure you have the right permissions.
// BeforeAnythingElse

// Benchmark Process Environment Information:
// BenchmarkDotNet v0.15.8
// Runtime=.NET 10.0.0 (10.0.0, 10.0.25.52411), X64 RyuJIT x86-64-v3
// GC=Concurrent Workstation
// HardwareIntrinsics=AVX2+BMI1+BMI2+F16C+FMA+LZCNT+MOVBE,AVX,SSE3+SSSE3+SSE4.1+SSE4.2+POPCNT,X86Base+SSE+SSE2,AES+PCLMUL VectorSize=256
// Job: DefaultJob

OverheadJitting  1: 1 op, 255425.00 ns, 255.4250 us/op
WorkloadJitting  1: 1 op, 3341073.00 ns, 3.3411 ms/op

OverheadJitting  2: 16 op, 348663.00 ns, 21.7914 us/op
WorkloadJitting  2: 16 op, 7183686.00 ns, 448.9804 us/op

WorkloadPilot    1: 16 op, 1442431.00 ns, 90.1519 us/op
WorkloadPilot    2: 32 op, 2578012.00 ns, 80.5629 us/op
WorkloadPilot    3: 64 op, 5103282.00 ns, 79.7388 us/op
WorkloadPilot    4: 128 op, 9857658.00 ns, 77.0130 us/op
WorkloadPilot    5: 256 op, 19353378.00 ns, 75.5991 us/op
WorkloadPilot    6: 512 op, 38875740.00 ns, 75.9292 us/op
WorkloadPilot    7: 1024 op, 77612742.00 ns, 75.7937 us/op
WorkloadPilot    8: 2048 op, 67348794.00 ns, 32.8852 us/op
WorkloadPilot    9: 4096 op, 92859658.00 ns, 22.6708 us/op
WorkloadPilot   10: 8192 op, 214982978.00 ns, 26.2430 us/op
WorkloadPilot   11: 16384 op, 460664719.00 ns, 28.1167 us/op
WorkloadPilot   12: 32768 op, 934111057.00 ns, 28.5068 us/op

OverheadWarmup   1: 32768 op, 133099.00 ns, 4.0619 ns/op
OverheadWarmup   2: 32768 op, 146901.00 ns, 4.4831 ns/op
OverheadWarmup   3: 32768 op, 178483.00 ns, 5.4469 ns/op
OverheadWarmup   4: 32768 op, 133999.00 ns, 4.0893 ns/op
OverheadWarmup   5: 32768 op, 176460.00 ns, 5.3851 ns/op
OverheadWarmup   6: 32768 op, 147897.00 ns, 4.5135 ns/op

OverheadActual   1: 32768 op, 165203.00 ns, 5.0416 ns/op
OverheadActual   2: 32768 op, 147852.00 ns, 4.5121 ns/op
OverheadActual   3: 32768 op, 195883.00 ns, 5.9779 ns/op
OverheadActual   4: 32768 op, 147023.00 ns, 4.4868 ns/op
OverheadActual   5: 32768 op, 206050.00 ns, 6.2881 ns/op
OverheadActual   6: 32768 op, 142807.00 ns, 4.3581 ns/op
OverheadActual   7: 32768 op, 197631.00 ns, 6.0312 ns/op
OverheadActual   8: 32768 op, 208370.00 ns, 6.3589 ns/op
OverheadActual   9: 32768 op, 160424.00 ns, 4.8958 ns/op
OverheadActual  10: 32768 op, 152597.00 ns, 4.6569 ns/op
OverheadActual  11: 32768 op, 167367.00 ns, 5.1076 ns/op
OverheadActual  12: 32768 op, 208187.00 ns, 6.3534 ns/op
OverheadActual  13: 32768 op, 258773.00 ns, 7.8971 ns/op
OverheadActual  14: 32768 op, 172199.00 ns, 5.2551 ns/op
OverheadActual  15: 32768 op, 169860.00 ns, 5.1837 ns/op
OverheadActual  16: 32768 op, 178271.00 ns, 5.4404 ns/op
OverheadActual  17: 32768 op, 217287.00 ns, 6.6311 ns/op
OverheadActual  18: 32768 op, 153105.00 ns, 4.6724 ns/op
OverheadActual  19: 32768 op, 194070.00 ns, 5.9225 ns/op
OverheadActual  20: 32768 op, 186726.00 ns, 5.6984 ns/op

WorkloadWarmup   1: 32768 op, 901517449.00 ns, 27.5121 us/op
WorkloadWarmup   2: 32768 op, 917775186.00 ns, 28.0083 us/op
WorkloadWarmup   3: 32768 op, 892190151.00 ns, 27.2275 us/op
WorkloadWarmup   4: 32768 op, 952401922.00 ns, 29.0650 us/op
WorkloadWarmup   5: 32768 op, 1018885563.00 ns, 31.0939 us/op
WorkloadWarmup   6: 32768 op, 901747099.00 ns, 27.5191 us/op

// BeforeActualRun
WorkloadActual   1: 32768 op, 962494132.00 ns, 29.3730 us/op
WorkloadActual   2: 32768 op, 998216809.00 ns, 30.4632 us/op
WorkloadActual   3: 32768 op, 968087032.00 ns, 29.5437 us/op
WorkloadActual   4: 32768 op, 980648192.00 ns, 29.9270 us/op
WorkloadActual   5: 32768 op, 806536381.00 ns, 24.6135 us/op
WorkloadActual   6: 32768 op, 753645259.00 ns, 22.9994 us/op
WorkloadActual   7: 32768 op, 756630490.00 ns, 23.0905 us/op
WorkloadActual   8: 32768 op, 763318898.00 ns, 23.2946 us/op
WorkloadActual   9: 32768 op, 764421157.00 ns, 23.3283 us/op
WorkloadActual  10: 32768 op, 750535580.00 ns, 22.9045 us/op
WorkloadActual  11: 32768 op, 744114073.00 ns, 22.7086 us/op
WorkloadActual  12: 32768 op, 739704847.00 ns, 22.5740 us/op
WorkloadActual  13: 32768 op, 741141862.00 ns, 22.6179 us/op
WorkloadActual  14: 32768 op, 735223147.00 ns, 22.4372 us/op
WorkloadActual  15: 32768 op, 739784346.00 ns, 22.5764 us/op
WorkloadActual  16: 32768 op, 881631040.00 ns, 26.9052 us/op
WorkloadActual  17: 32768 op, 805520692.00 ns, 24.5825 us/op
WorkloadActual  18: 32768 op, 774473682.00 ns, 23.6351 us/op
WorkloadActual  19: 32768 op, 733368086.00 ns, 22.3806 us/op
WorkloadActual  20: 32768 op, 730976063.00 ns, 22.3076 us/op
WorkloadActual  21: 32768 op, 732053484.00 ns, 22.3405 us/op
WorkloadActual  22: 32768 op, 731500101.00 ns, 22.3236 us/op
WorkloadActual  23: 32768 op, 729456348.00 ns, 22.2612 us/op
WorkloadActual  24: 32768 op, 728406625.00 ns, 22.2292 us/op
WorkloadActual  25: 32768 op, 728181433.00 ns, 22.2223 us/op
WorkloadActual  26: 32768 op, 726415810.00 ns, 22.1685 us/op
WorkloadActual  27: 32768 op, 728318307.00 ns, 22.2265 us/op
WorkloadActual  28: 32768 op, 727573717.00 ns, 22.2038 us/op
WorkloadActual  29: 32768 op, 727855996.00 ns, 22.2124 us/op
WorkloadActual  30: 32768 op, 773511883.00 ns, 23.6057 us/op
WorkloadActual  31: 32768 op, 746533955.00 ns, 22.7824 us/op
WorkloadActual  32: 32768 op, 748020498.00 ns, 22.8278 us/op
WorkloadActual  33: 32768 op, 742411335.00 ns, 22.6566 us/op
WorkloadActual  34: 32768 op, 727466730.00 ns, 22.2005 us/op

// AfterActualRun
WorkloadResult   1: 32768 op, 806361146.00 ns, 24.6082 us/op
WorkloadResult   2: 32768 op, 753470024.00 ns, 22.9941 us/op
WorkloadResult   3: 32768 op, 756455255.00 ns, 23.0852 us/op
WorkloadResult   4: 32768 op, 763143663.00 ns, 23.2893 us/op
WorkloadResult   5: 32768 op, 764245922.00 ns, 23.3229 us/op
WorkloadResult   6: 32768 op, 750360345.00 ns, 22.8992 us/op
WorkloadResult   7: 32768 op, 743938838.00 ns, 22.7032 us/op
WorkloadResult   8: 32768 op, 739529612.00 ns, 22.5687 us/op
WorkloadResult   9: 32768 op, 740966627.00 ns, 22.6125 us/op
WorkloadResult  10: 32768 op, 735047912.00 ns, 22.4319 us/op
WorkloadResult  11: 32768 op, 739609111.00 ns, 22.5711 us/op
WorkloadResult  12: 32768 op, 805345457.00 ns, 24.5772 us/op
WorkloadResult  13: 32768 op, 774298447.00 ns, 23.6297 us/op
WorkloadResult  14: 32768 op, 733192851.00 ns, 22.3753 us/op
WorkloadResult  15: 32768 op, 730800828.00 ns, 22.3023 us/op
WorkloadResult  16: 32768 op, 731878249.00 ns, 22.3352 us/op
WorkloadResult  17: 32768 op, 731324866.00 ns, 22.3183 us/op
WorkloadResult  18: 32768 op, 729281113.00 ns, 22.2559 us/op
WorkloadResult  19: 32768 op, 728231390.00 ns, 22.2239 us/op
WorkloadResult  20: 32768 op, 728006198.00 ns, 22.2170 us/op
WorkloadResult  21: 32768 op, 726240575.00 ns, 22.1631 us/op
WorkloadResult  22: 32768 op, 728143072.00 ns, 22.2212 us/op
WorkloadResult  23: 32768 op, 727398482.00 ns, 22.1984 us/op
WorkloadResult  24: 32768 op, 727680761.00 ns, 22.2071 us/op
WorkloadResult  25: 32768 op, 773336648.00 ns, 23.6004 us/op
WorkloadResult  26: 32768 op, 746358720.00 ns, 22.7771 us/op
WorkloadResult  27: 32768 op, 747845263.00 ns, 22.8224 us/op
WorkloadResult  28: 32768 op, 742236100.00 ns, 22.6512 us/op
WorkloadResult  29: 32768 op, 727291495.00 ns, 22.1952 us/op
// GC:  0 0 0 0 32768
// Threading:  0 0 32768

// AfterAll
// Benchmark Process 2948 has exited with code 0.

Mean = 22.764 μs, StdErr = 0.123 μs (0.54%), N = 29, StdDev = 0.664 μs
Min = 22.163 μs, Q1 = 22.256 μs, Median = 22.571 μs, Q3 = 22.994 μs, Max = 24.608 μs
IQR = 0.738 μs, LowerFence = 21.149 μs, UpperFence = 24.101 μs
ConfidenceInterval = [22.311 μs; 23.217 μs] (CI 99.9%), Margin = 0.453 μs (1.99% of Mean)
Skewness = 1.43, Kurtosis = 4.36, MValue = 2

// ** Remained 0 (0.0 %) benchmark(s) to run. Estimated finish 2026-02-27 4:25 (0h 0m from now) **
// ***** BenchmarkRunner: Finish  *****

// * Export *
  BenchmarkDotNet.Artifacts/results/Tedd.TUI.Benchmarks.ConsoleRendererBenchmark-report.csv
  BenchmarkDotNet.Artifacts/results/Tedd.TUI.Benchmarks.ConsoleRendererBenchmark-report-github.md
  BenchmarkDotNet.Artifacts/results/Tedd.TUI.Benchmarks.ConsoleRendererBenchmark-report.html

// * Detailed results *
ConsoleRendererBenchmark.Archive_Render_Full: DefaultJob
Runtime = .NET 10.0.0 (10.0.0, 10.0.25.52411), X64 RyuJIT x86-64-v3; GC = Concurrent Workstation
Mean = 26.372 μs, StdErr = 0.114 μs (0.43%), N = 12, StdDev = 0.395 μs
Min = 25.756 μs, Q1 = 25.994 μs, Median = 26.458 μs, Q3 = 26.638 μs, Max = 26.994 μs
IQR = 0.644 μs, LowerFence = 25.027 μs, UpperFence = 27.605 μs
ConfidenceInterval = [25.866 μs; 26.877 μs] (CI 99.9%), Margin = 0.505 μs (1.92% of Mean)
Skewness = -0.13, Kurtosis = 1.53, MValue = 2
-------------------- Histogram --------------------
[25.628 μs ; 26.359 μs) | @@@@@
[26.359 μs ; 27.220 μs) | @@@@@@@
---------------------------------------------------

ConsoleRendererBenchmark.Optimized_Render_Full: DefaultJob
Runtime = .NET 10.0.0 (10.0.0, 10.0.25.52411), X64 RyuJIT x86-64-v3; GC = Concurrent Workstation
Mean = 26.572 μs, StdErr = 0.154 μs (0.58%), N = 76, StdDev = 1.343 μs
Min = 25.360 μs, Q1 = 25.813 μs, Median = 26.067 μs, Q3 = 26.768 μs, Max = 31.686 μs
IQR = 0.955 μs, LowerFence = 24.381 μs, UpperFence = 28.200 μs
ConfidenceInterval = [26.044 μs; 27.099 μs] (CI 99.9%), Margin = 0.528 μs (1.99% of Mean)
Skewness = 2.29, Kurtosis = 7.9, MValue = 2
-------------------- Histogram --------------------
[24.944 μs ; 25.564 μs) | @@
[25.564 μs ; 26.396 μs) | @@@@@@@@@@@@@@@@@@@@@@@@@@@@@@@@@@@@@@@@@@@@@@@@@@
[26.396 μs ; 27.290 μs) | @@@@@@@@@@@@@@
[27.290 μs ; 28.162 μs) | @@
[28.162 μs ; 29.537 μs) | @@@@
[29.537 μs ; 30.748 μs) | @@
[30.748 μs ; 32.102 μs) | @@
---------------------------------------------------

ConsoleRendererBenchmark.Archive_Render_NoChange: DefaultJob
Runtime = .NET 10.0.0 (10.0.0, 10.0.25.52411), X64 RyuJIT x86-64-v3; GC = Concurrent Workstation
Mean = 19.409 μs, StdErr = 0.019 μs (0.10%), N = 15, StdDev = 0.074 μs
Min = 19.321 μs, Q1 = 19.343 μs, Median = 19.398 μs, Q3 = 19.460 μs, Max = 19.532 μs
IQR = 0.117 μs, LowerFence = 19.169 μs, UpperFence = 19.635 μs
ConfidenceInterval = [19.330 μs; 19.488 μs] (CI 99.9%), Margin = 0.079 μs (0.41% of Mean)
Skewness = 0.41, Kurtosis = 1.63, MValue = 2
-------------------- Histogram --------------------
[19.282 μs ; 19.571 μs) | @@@@@@@@@@@@@@@
---------------------------------------------------

ConsoleRendererBenchmark.Optimized_Render_NoChange: DefaultJob
Runtime = .NET 10.0.0 (10.0.0, 10.0.25.52411), X64 RyuJIT x86-64-v3; GC = Concurrent Workstation
Mean = 22.286 μs, StdErr = 0.030 μs (0.13%), N = 14, StdDev = 0.112 μs
Min = 22.141 μs, Q1 = 22.205 μs, Median = 22.262 μs, Q3 = 22.330 μs, Max = 22.482 μs
IQR = 0.125 μs, LowerFence = 22.017 μs, UpperFence = 22.518 μs
ConfidenceInterval = [22.160 μs; 22.412 μs] (CI 99.9%), Margin = 0.126 μs (0.57% of Mean)
Skewness = 0.44, Kurtosis = 1.84, MValue = 2
-------------------- Histogram --------------------
[22.080 μs ; 22.509 μs) | @@@@@@@@@@@@@@
---------------------------------------------------

ConsoleRendererBenchmark.Archive_Render_SmallChange: DefaultJob
Runtime = .NET 10.0.0 (10.0.0, 10.0.25.52411), X64 RyuJIT x86-64-v3; GC = Concurrent Workstation
Mean = 20.756 μs, StdErr = 0.013 μs (0.06%), N = 14, StdDev = 0.050 μs
Min = 20.687 μs, Q1 = 20.720 μs, Median = 20.746 μs, Q3 = 20.795 μs, Max = 20.842 μs
IQR = 0.076 μs, LowerFence = 20.606 μs, UpperFence = 20.909 μs
ConfidenceInterval = [20.699 μs; 20.813 μs] (CI 99.9%), Margin = 0.057 μs (0.27% of Mean)
Skewness = 0.19, Kurtosis = 1.54, MValue = 2
-------------------- Histogram --------------------
[20.660 μs ; 20.869 μs) | @@@@@@@@@@@@@@
---------------------------------------------------

ConsoleRendererBenchmark.Optimized_Render_SmallChange: DefaultJob
Runtime = .NET 10.0.0 (10.0.0, 10.0.25.52411), X64 RyuJIT x86-64-v3; GC = Concurrent Workstation
Mean = 22.764 μs, StdErr = 0.123 μs (0.54%), N = 29, StdDev = 0.664 μs
Min = 22.163 μs, Q1 = 22.256 μs, Median = 22.571 μs, Q3 = 22.994 μs, Max = 24.608 μs
IQR = 0.738 μs, LowerFence = 21.149 μs, UpperFence = 24.101 μs
ConfidenceInterval = [22.311 μs; 23.217 μs] (CI 99.9%), Margin = 0.453 μs (1.99% of Mean)
Skewness = 1.43, Kurtosis = 4.36, MValue = 2
-------------------- Histogram --------------------
[22.150 μs ; 22.717 μs) | @@@@@@@@@@@@@@@@@@
[22.717 μs ; 23.334 μs) | @@@@@@@
[23.334 μs ; 24.309 μs) | @@
[24.309 μs ; 24.892 μs) | @@
---------------------------------------------------

// * Summary *

BenchmarkDotNet v0.15.8, Linux Ubuntu 24.04.3 LTS (Noble Numbat)
Intel Xeon Processor 2.30GHz, 1 CPU, 4 logical and 4 physical cores
.NET SDK 10.0.100
  [Host]     : .NET 10.0.0 (10.0.0, 10.0.25.52411), X64 RyuJIT x86-64-v3
  DefaultJob : .NET 10.0.0 (10.0.0, 10.0.25.52411), X64 RyuJIT x86-64-v3


| Method                       | Mean     | Error    | StdDev   | Median   | Ratio | RatioSD | Gen0   | Gen1   | Allocated | Alloc Ratio |
|----------------------------- |---------:|---------:|---------:|---------:|------:|--------:|-------:|-------:|----------:|------------:|
| Archive_Render_Full          | 26.37 μs | 0.505 μs | 0.395 μs | 26.46 μs |  1.00 |    0.02 | 1.2207 | 0.0916 |   29448 B |       1.000 |
| Optimized_Render_Full        | 26.57 μs | 0.528 μs | 1.343 μs | 26.07 μs |  1.01 |    0.05 | 1.0986 | 0.0916 |   26176 B |       0.889 |
| Archive_Render_NoChange      | 19.41 μs | 0.079 μs | 0.074 μs | 19.40 μs |  0.74 |    0.01 |      - |      - |     208 B |       0.007 |
| Optimized_Render_NoChange    | 22.29 μs | 0.126 μs | 0.112 μs | 22.26 μs |  0.85 |    0.01 |      - |      - |         - |       0.000 |
| Archive_Render_SmallChange   | 20.76 μs | 0.057 μs | 0.050 μs | 20.75 μs |  0.79 |    0.01 |      - |      - |     256 B |       0.009 |
| Optimized_Render_SmallChange | 22.76 μs | 0.453 μs | 0.664 μs | 22.57 μs |  0.86 |    0.03 |      - |      - |         - |       0.000 |

// * Hints *
Outliers
  ConsoleRendererBenchmark.Archive_Render_Full: Default          -> 3 outliers were removed (31.92 μs..36.09 μs)
  ConsoleRendererBenchmark.Optimized_Render_Full: Default        -> 15 outliers were removed (32.08 μs..44.84 μs)
  ConsoleRendererBenchmark.Optimized_Render_NoChange: Default    -> 1 outlier  was  removed (22.69 μs)
  ConsoleRendererBenchmark.Archive_Render_SmallChange: Default   -> 1 outlier  was  removed (21.01 μs)
  ConsoleRendererBenchmark.Optimized_Render_SmallChange: Default -> 5 outliers were removed (26.91 μs..30.46 μs)

// * Legends *
  Mean        : Arithmetic mean of all measurements
  Error       : Half of 99.9% confidence interval
  StdDev      : Standard deviation of all measurements
  Median      : Value separating the higher half of all measurements (50th percentile)
  Ratio       : Mean of the ratio distribution ([Current]/[Baseline])
  RatioSD     : Standard deviation of the ratio distribution ([Current]/[Baseline])
  Gen0        : GC Generation 0 collects per 1000 operations
  Gen1        : GC Generation 1 collects per 1000 operations
  Allocated   : Allocated memory per single operation (managed only, inclusive, 1KB = 1024B)
  Alloc Ratio : Allocated memory ratio distribution ([Current]/[Baseline])
  1 μs        : 1 Microsecond (0.000001 sec)

// * Diagnostic Output - MemoryDiagnoser *


// ***** BenchmarkRunner: End *****
Run time: 00:03:25 (205.5 sec), executed benchmarks: 6

Global total time: 00:04:02 (242.93 sec), executed benchmarks: 6
// * Artifacts cleanup *
Artifacts cleanup is finished
