// Validating benchmarks:
// ***** BenchmarkRunner: Start   *****
// ***** Found 4 benchmark(s) in total *****
// ***** Building 1 exe(s) in Parallel: Start   *****
// start dotnet  restore --nodeReuse:false /p:UseSharedCompilation=false /p:Deterministic=true /p:Optimize=true /p:ArtifactsPath="/app/src/Tedd.TUI.Benchmarks/bin/Release/net10.0/Tedd.TUI.Benchmarks-DefaultJob-1/" /p:OutDir="/app/src/Tedd.TUI.Benchmarks/bin/Release/net10.0/Tedd.TUI.Benchmarks-DefaultJob-1/bin/Release/net10.0/" /p:OutputPath="/app/src/Tedd.TUI.Benchmarks/bin/Release/net10.0/Tedd.TUI.Benchmarks-DefaultJob-1/bin/Release/net10.0/" /p:PublishDir="/app/src/Tedd.TUI.Benchmarks/bin/Release/net10.0/Tedd.TUI.Benchmarks-DefaultJob-1/publish/" in /app/src/Tedd.TUI.Benchmarks/bin/Release/net10.0/Tedd.TUI.Benchmarks-DefaultJob-1
// command took 4.24 sec and exited with 0
// start dotnet  build -c Release --no-restore --nodeReuse:false /p:UseSharedCompilation=false /p:Deterministic=true /p:Optimize=true /p:ArtifactsPath="/app/src/Tedd.TUI.Benchmarks/bin/Release/net10.0/Tedd.TUI.Benchmarks-DefaultJob-1/" /p:OutDir="/app/src/Tedd.TUI.Benchmarks/bin/Release/net10.0/Tedd.TUI.Benchmarks-DefaultJob-1/bin/Release/net10.0/" /p:OutputPath="/app/src/Tedd.TUI.Benchmarks/bin/Release/net10.0/Tedd.TUI.Benchmarks-DefaultJob-1/bin/Release/net10.0/" /p:PublishDir="/app/src/Tedd.TUI.Benchmarks/bin/Release/net10.0/Tedd.TUI.Benchmarks-DefaultJob-1/publish/" --output "/app/src/Tedd.TUI.Benchmarks/bin/Release/net10.0/Tedd.TUI.Benchmarks-DefaultJob-1/bin/Release/net10.0/" in /app/src/Tedd.TUI.Benchmarks/bin/Release/net10.0/Tedd.TUI.Benchmarks-DefaultJob-1
// command took 27.56 sec and exited with 0
// ***** Done, took 00:00:31 (31.92 sec)   *****
// Found 4 benchmarks:
//   VisualTreeBenchmark.IterativeYield: DefaultJob
//   VisualTreeBenchmark.RecursiveList: DefaultJob
//   VisualTreeBenchmark.OptimizedEnumerator: DefaultJob
//   VisualTreeBenchmark.CurrentImplementation: DefaultJob

// **************************
// Benchmark: VisualTreeBenchmark.IterativeYield: DefaultJob
// *** Execute ***
// Launch: 1 / 1
// Execute: dotnet Tedd.TUI.Benchmarks-DefaultJob-1.dll --anonymousPipes 127 128 --benchmarkName Tedd.TUI.Benchmarks.VisualTreeBenchmark.IterativeYield --job Default --benchmarkId 0 in /app/src/Tedd.TUI.Benchmarks/bin/Release/net10.0/Tedd.TUI.Benchmarks-DefaultJob-1/bin/Release/net10.0
// Failed to set up high priority (Permission denied). In order to run benchmarks with high priority, make sure you have the right permissions.
// BeforeAnythingElse

// Benchmark Process Environment Information:
// BenchmarkDotNet v0.15.8
// Runtime=.NET 10.0.0 (10.0.0, 10.0.25.52411), X64 RyuJIT x86-64-v3
// GC=Concurrent Workstation
// HardwareIntrinsics=AVX2+BMI1+BMI2+F16C+FMA+LZCNT+MOVBE,AVX,SSE3+SSSE3+SSE4.1+SSE4.2+POPCNT,X86Base+SSE+SSE2,AES+PCLMUL VectorSize=256
// Job: DefaultJob

OverheadJitting  1: 1 op, 325834.00 ns, 325.8340 us/op
WorkloadJitting  1: 1 op, 4451292.00 ns, 4.4513 ms/op

OverheadJitting  2: 16 op, 345512.00 ns, 21.5945 us/op
WorkloadJitting  2: 16 op, 15560141.00 ns, 972.5088 us/op

WorkloadPilot    1: 16 op, 12878056.00 ns, 804.8785 us/op
WorkloadPilot    2: 32 op, 25392597.00 ns, 793.5187 us/op
WorkloadPilot    3: 64 op, 49000869.00 ns, 765.6386 us/op
WorkloadPilot    4: 128 op, 32676233.00 ns, 255.2831 us/op
WorkloadPilot    5: 256 op, 32712990.00 ns, 127.7851 us/op
WorkloadPilot    6: 512 op, 65610788.00 ns, 128.1461 us/op
WorkloadPilot    7: 1024 op, 126910784.00 ns, 123.9363 us/op
WorkloadPilot    8: 2048 op, 254417242.00 ns, 124.2272 us/op
WorkloadPilot    9: 4096 op, 503601189.00 ns, 122.9495 us/op

OverheadWarmup   1: 4096 op, 17972.00 ns, 4.3877 ns/op
OverheadWarmup   2: 4096 op, 16251.00 ns, 3.9675 ns/op
OverheadWarmup   3: 4096 op, 15714.00 ns, 3.8364 ns/op
OverheadWarmup   4: 4096 op, 16111.00 ns, 3.9333 ns/op
OverheadWarmup   5: 4096 op, 16124.00 ns, 3.9365 ns/op
OverheadWarmup   6: 4096 op, 15836.00 ns, 3.8662 ns/op
OverheadWarmup   7: 4096 op, 15710.00 ns, 3.8354 ns/op
OverheadWarmup   8: 4096 op, 16060.00 ns, 3.9209 ns/op
OverheadWarmup   9: 4096 op, 15567.00 ns, 3.8005 ns/op

OverheadActual   1: 4096 op, 45198.00 ns, 11.0347 ns/op
OverheadActual   2: 4096 op, 15870.00 ns, 3.8745 ns/op
OverheadActual   3: 4096 op, 15682.00 ns, 3.8286 ns/op
OverheadActual   4: 4096 op, 15788.00 ns, 3.8545 ns/op
OverheadActual   5: 4096 op, 15492.00 ns, 3.7822 ns/op
OverheadActual   6: 4096 op, 15654.00 ns, 3.8218 ns/op
OverheadActual   7: 4096 op, 15673.00 ns, 3.8264 ns/op
OverheadActual   8: 4096 op, 17704.00 ns, 4.3223 ns/op
OverheadActual   9: 4096 op, 16096.00 ns, 3.9297 ns/op
OverheadActual  10: 4096 op, 16000.00 ns, 3.9063 ns/op
OverheadActual  11: 4096 op, 15792.00 ns, 3.8555 ns/op
OverheadActual  12: 4096 op, 16179.00 ns, 3.9500 ns/op
OverheadActual  13: 4096 op, 15600.00 ns, 3.8086 ns/op
OverheadActual  14: 4096 op, 16106.00 ns, 3.9321 ns/op
OverheadActual  15: 4096 op, 15844.00 ns, 3.8682 ns/op

WorkloadWarmup   1: 4096 op, 682181416.00 ns, 166.5482 us/op
WorkloadWarmup   2: 4096 op, 671896464.00 ns, 164.0372 us/op
WorkloadWarmup   3: 4096 op, 493337036.00 ns, 120.4436 us/op
WorkloadWarmup   4: 4096 op, 495647351.00 ns, 121.0077 us/op
WorkloadWarmup   5: 4096 op, 490108861.00 ns, 119.6555 us/op
WorkloadWarmup   6: 4096 op, 498286623.00 ns, 121.6520 us/op
WorkloadWarmup   7: 4096 op, 496157784.00 ns, 121.1323 us/op

// BeforeActualRun
WorkloadActual   1: 4096 op, 501338311.00 ns, 122.3970 us/op
WorkloadActual   2: 4096 op, 489950388.00 ns, 119.6168 us/op
WorkloadActual   3: 4096 op, 496743089.00 ns, 121.2752 us/op
WorkloadActual   4: 4096 op, 498300039.00 ns, 121.6553 us/op
WorkloadActual   5: 4096 op, 500377820.00 ns, 122.1626 us/op
WorkloadActual   6: 4096 op, 488367616.00 ns, 119.2304 us/op
WorkloadActual   7: 4096 op, 491728314.00 ns, 120.0509 us/op
WorkloadActual   8: 4096 op, 493801209.00 ns, 120.5569 us/op
WorkloadActual   9: 4096 op, 622549133.00 ns, 151.9895 us/op
WorkloadActual  10: 4096 op, 726908240.00 ns, 177.4678 us/op
WorkloadActual  11: 4096 op, 623808127.00 ns, 152.2969 us/op
WorkloadActual  12: 4096 op, 580167640.00 ns, 141.6425 us/op
WorkloadActual  13: 4096 op, 579464511.00 ns, 141.4708 us/op
WorkloadActual  14: 4096 op, 496751517.00 ns, 121.2772 us/op
WorkloadActual  15: 4096 op, 487092654.00 ns, 118.9191 us/op
WorkloadActual  16: 4096 op, 491032839.00 ns, 119.8811 us/op
WorkloadActual  17: 4096 op, 496646270.00 ns, 121.2515 us/op
WorkloadActual  18: 4096 op, 487941840.00 ns, 119.1264 us/op
WorkloadActual  19: 4096 op, 492885640.00 ns, 120.3334 us/op
WorkloadActual  20: 4096 op, 483034291.00 ns, 117.9283 us/op
WorkloadActual  21: 4096 op, 582234451.00 ns, 142.1471 us/op
WorkloadActual  22: 4096 op, 629704714.00 ns, 153.7365 us/op
WorkloadActual  23: 4096 op, 485437653.00 ns, 118.5151 us/op
WorkloadActual  24: 4096 op, 479177624.00 ns, 116.9867 us/op
WorkloadActual  25: 4096 op, 483565868.00 ns, 118.0581 us/op
WorkloadActual  26: 4096 op, 479181067.00 ns, 116.9876 us/op
WorkloadActual  27: 4096 op, 482190854.00 ns, 117.7224 us/op
WorkloadActual  28: 4096 op, 479037485.00 ns, 116.9525 us/op
WorkloadActual  29: 4096 op, 483153096.00 ns, 117.9573 us/op

// AfterActualRun
WorkloadResult   1: 4096 op, 501322467.00 ns, 122.3932 us/op
WorkloadResult   2: 4096 op, 489934544.00 ns, 119.6129 us/op
WorkloadResult   3: 4096 op, 496727245.00 ns, 121.2713 us/op
WorkloadResult   4: 4096 op, 498284195.00 ns, 121.6514 us/op
WorkloadResult   5: 4096 op, 500361976.00 ns, 122.1587 us/op
WorkloadResult   6: 4096 op, 488351772.00 ns, 119.2265 us/op
WorkloadResult   7: 4096 op, 491712470.00 ns, 120.0470 us/op
WorkloadResult   8: 4096 op, 493785365.00 ns, 120.5531 us/op
WorkloadResult   9: 4096 op, 496735673.00 ns, 121.2734 us/op
WorkloadResult  10: 4096 op, 487076810.00 ns, 118.9152 us/op
WorkloadResult  11: 4096 op, 491016995.00 ns, 119.8772 us/op
WorkloadResult  12: 4096 op, 496630426.00 ns, 121.2477 us/op
WorkloadResult  13: 4096 op, 487925996.00 ns, 119.1226 us/op
WorkloadResult  14: 4096 op, 492869796.00 ns, 120.3295 us/op
WorkloadResult  15: 4096 op, 483018447.00 ns, 117.9244 us/op
WorkloadResult  16: 4096 op, 485421809.00 ns, 118.5112 us/op
WorkloadResult  17: 4096 op, 479161780.00 ns, 116.9829 us/op
WorkloadResult  18: 4096 op, 483550024.00 ns, 118.0542 us/op
WorkloadResult  19: 4096 op, 479165223.00 ns, 116.9837 us/op
WorkloadResult  20: 4096 op, 482175010.00 ns, 117.7185 us/op
WorkloadResult  21: 4096 op, 479021641.00 ns, 116.9486 us/op
WorkloadResult  22: 4096 op, 483137252.00 ns, 117.9534 us/op
// GC:  0 0 0 17530880 4096
// Threading:  0 0 4096

// AfterAll
// Benchmark Process 2116 has exited with code 0.

Mean = 119.489 μs, StdErr = 0.368 μs (0.31%), N = 22, StdDev = 1.725 μs
Min = 116.949 μs, Q1 = 117.979 μs, Median = 119.420 μs, Q3 = 121.074 μs, Max = 122.393 μs
IQR = 3.095 μs, LowerFence = 113.336 μs, UpperFence = 125.717 μs
ConfidenceInterval = [118.084 μs; 120.894 μs] (CI 99.9%), Margin = 1.405 μs (1.18% of Mean)
Skewness = 0.07, Kurtosis = 1.66, MValue = 2

// ** Remained 3 (75.0 %) benchmark(s) to run. Estimated finish 2026-02-27 11:15 (0h 1m from now) **
// **************************
// Benchmark: VisualTreeBenchmark.RecursiveList: DefaultJob
// *** Execute ***
// Launch: 1 / 1
// Execute: dotnet Tedd.TUI.Benchmarks-DefaultJob-1.dll --anonymousPipes 127 128 --benchmarkName Tedd.TUI.Benchmarks.VisualTreeBenchmark.RecursiveList --job Default --benchmarkId 1 in /app/src/Tedd.TUI.Benchmarks/bin/Release/net10.0/Tedd.TUI.Benchmarks-DefaultJob-1/bin/Release/net10.0
// Failed to set up high priority (Permission denied). In order to run benchmarks with high priority, make sure you have the right permissions.
// BeforeAnythingElse

// Benchmark Process Environment Information:
// BenchmarkDotNet v0.15.8
// Runtime=.NET 10.0.0 (10.0.0, 10.0.25.52411), X64 RyuJIT x86-64-v3
// GC=Concurrent Workstation
// HardwareIntrinsics=AVX2+BMI1+BMI2+F16C+FMA+LZCNT+MOVBE,AVX,SSE3+SSSE3+SSE4.1+SSE4.2+POPCNT,X86Base+SSE+SSE2,AES+PCLMUL VectorSize=256
// Job: DefaultJob

OverheadJitting  1: 1 op, 305223.00 ns, 305.2230 us/op
WorkloadJitting  1: 1 op, 2247386.00 ns, 2.2474 ms/op

OverheadJitting  2: 16 op, 421682.00 ns, 26.3551 us/op
WorkloadJitting  2: 16 op, 11709540.00 ns, 731.8463 us/op

WorkloadPilot    1: 16 op, 9837484.00 ns, 614.8428 us/op
WorkloadPilot    2: 32 op, 18962921.00 ns, 592.5913 us/op
WorkloadPilot    3: 64 op, 35354717.00 ns, 552.4175 us/op
WorkloadPilot    4: 128 op, 45359021.00 ns, 354.3674 us/op
WorkloadPilot    5: 256 op, 42702511.00 ns, 166.8067 us/op
WorkloadPilot    6: 512 op, 63895774.00 ns, 124.7964 us/op
WorkloadPilot    7: 1024 op, 119218310.00 ns, 116.4241 us/op
WorkloadPilot    8: 2048 op, 241581334.00 ns, 117.9596 us/op
WorkloadPilot    9: 4096 op, 470957279.00 ns, 114.9798 us/op
WorkloadPilot   10: 8192 op, 948857417.00 ns, 115.8273 us/op

OverheadWarmup   1: 8192 op, 33409.00 ns, 4.0782 ns/op
OverheadWarmup   2: 8192 op, 30454.00 ns, 3.7175 ns/op
OverheadWarmup   3: 8192 op, 34216.00 ns, 4.1768 ns/op
OverheadWarmup   4: 8192 op, 30669.00 ns, 3.7438 ns/op
OverheadWarmup   5: 8192 op, 30242.00 ns, 3.6917 ns/op
OverheadWarmup   6: 8192 op, 30753.00 ns, 3.7540 ns/op
OverheadWarmup   7: 8192 op, 30466.00 ns, 3.7190 ns/op

OverheadActual   1: 8192 op, 39793.00 ns, 4.8575 ns/op
OverheadActual   2: 8192 op, 33274.00 ns, 4.0618 ns/op
OverheadActual   3: 8192 op, 30440.00 ns, 3.7158 ns/op
OverheadActual   4: 8192 op, 30349.00 ns, 3.7047 ns/op
OverheadActual   5: 8192 op, 30010.00 ns, 3.6633 ns/op
OverheadActual   6: 8192 op, 30297.00 ns, 3.6984 ns/op
OverheadActual   7: 8192 op, 30157.00 ns, 3.6813 ns/op
OverheadActual   8: 8192 op, 30248.00 ns, 3.6924 ns/op
OverheadActual   9: 8192 op, 30329.00 ns, 3.7023 ns/op
OverheadActual  10: 8192 op, 33333.00 ns, 4.0690 ns/op
OverheadActual  11: 8192 op, 30251.00 ns, 3.6927 ns/op
OverheadActual  12: 8192 op, 30207.00 ns, 3.6874 ns/op
OverheadActual  13: 8192 op, 30349.00 ns, 3.7047 ns/op
OverheadActual  14: 8192 op, 29996.00 ns, 3.6616 ns/op
OverheadActual  15: 8192 op, 29289.00 ns, 3.5753 ns/op

WorkloadWarmup   1: 8192 op, 969821816.00 ns, 118.3865 us/op
WorkloadWarmup   2: 8192 op, 972492286.00 ns, 118.7124 us/op
WorkloadWarmup   3: 8192 op, 950042896.00 ns, 115.9720 us/op
WorkloadWarmup   4: 8192 op, 959784955.00 ns, 117.1612 us/op
WorkloadWarmup   5: 8192 op, 961764800.00 ns, 117.4029 us/op
WorkloadWarmup   6: 8192 op, 957277436.00 ns, 116.8552 us/op

// BeforeActualRun
WorkloadActual   1: 8192 op, 951867523.00 ns, 116.1948 us/op
WorkloadActual   2: 8192 op, 971035730.00 ns, 118.5346 us/op
WorkloadActual   3: 8192 op, 950941044.00 ns, 116.0817 us/op
WorkloadActual   4: 8192 op, 947017528.00 ns, 115.6027 us/op
WorkloadActual   5: 8192 op, 1043652292.00 ns, 127.3990 us/op
WorkloadActual   6: 8192 op, 1153473454.00 ns, 140.8049 us/op
WorkloadActual   7: 8192 op, 1200887467.00 ns, 146.5927 us/op
WorkloadActual   8: 8192 op, 953931098.00 ns, 116.4467 us/op
WorkloadActual   9: 8192 op, 948229427.00 ns, 115.7507 us/op
WorkloadActual  10: 8192 op, 935902142.00 ns, 114.2459 us/op
WorkloadActual  11: 8192 op, 935265535.00 ns, 114.1682 us/op
WorkloadActual  12: 8192 op, 933107494.00 ns, 113.9047 us/op
WorkloadActual  13: 8192 op, 925963876.00 ns, 113.0327 us/op
WorkloadActual  14: 8192 op, 929311717.00 ns, 113.4414 us/op
WorkloadActual  15: 8192 op, 939212347.00 ns, 114.6499 us/op

// AfterActualRun
WorkloadResult   1: 8192 op, 951837226.00 ns, 116.1911 us/op
WorkloadResult   2: 8192 op, 971005433.00 ns, 118.5309 us/op
WorkloadResult   3: 8192 op, 950910747.00 ns, 116.0780 us/op
WorkloadResult   4: 8192 op, 946987231.00 ns, 115.5990 us/op
WorkloadResult   5: 8192 op, 953900801.00 ns, 116.4430 us/op
WorkloadResult   6: 8192 op, 948199130.00 ns, 115.7470 us/op
WorkloadResult   7: 8192 op, 935871845.00 ns, 114.2422 us/op
WorkloadResult   8: 8192 op, 935235238.00 ns, 114.1645 us/op
WorkloadResult   9: 8192 op, 933077197.00 ns, 113.9010 us/op
WorkloadResult  10: 8192 op, 925933579.00 ns, 113.0290 us/op
WorkloadResult  11: 8192 op, 929281420.00 ns, 113.4377 us/op
WorkloadResult  12: 8192 op, 939182050.00 ns, 114.6462 us/op
// GC:  24 2 0 575406080 8192
// Threading:  0 0 8192

// AfterAll
// Benchmark Process 2131 has exited with code 0.

Mean = 115.167 μs, StdErr = 0.449 μs (0.39%), N = 12, StdDev = 1.556 μs
Min = 113.029 μs, Q1 = 114.099 μs, Median = 115.123 μs, Q3 = 116.106 μs, Max = 118.531 μs
IQR = 2.008 μs, LowerFence = 111.087 μs, UpperFence = 119.118 μs
ConfidenceInterval = [113.174 μs; 117.161 μs] (CI 99.9%), Margin = 1.993 μs (1.73% of Mean)
Skewness = 0.52, Kurtosis = 2.37, MValue = 2

// ** Remained 2 (50.0 %) benchmark(s) to run. Estimated finish 2026-02-27 11:15 (0h 0m from now) **
// **************************
// Benchmark: VisualTreeBenchmark.OptimizedEnumerator: DefaultJob
// *** Execute ***
// Launch: 1 / 1
// Execute: dotnet Tedd.TUI.Benchmarks-DefaultJob-1.dll --anonymousPipes 127 128 --benchmarkName Tedd.TUI.Benchmarks.VisualTreeBenchmark.OptimizedEnumerator --job Default --benchmarkId 2 in /app/src/Tedd.TUI.Benchmarks/bin/Release/net10.0/Tedd.TUI.Benchmarks-DefaultJob-1/bin/Release/net10.0
// Failed to set up high priority (Permission denied). In order to run benchmarks with high priority, make sure you have the right permissions.
// BeforeAnythingElse

// Benchmark Process Environment Information:
// BenchmarkDotNet v0.15.8
// Runtime=.NET 10.0.0 (10.0.0, 10.0.25.52411), X64 RyuJIT x86-64-v3
// GC=Concurrent Workstation
// HardwareIntrinsics=AVX2+BMI1+BMI2+F16C+FMA+LZCNT+MOVBE,AVX,SSE3+SSSE3+SSE4.1+SSE4.2+POPCNT,X86Base+SSE+SSE2,AES+PCLMUL VectorSize=256
// Job: DefaultJob

OverheadJitting  1: 1 op, 300618.00 ns, 300.6180 us/op
WorkloadJitting  1: 1 op, 3959221.00 ns, 3.9592 ms/op

OverheadJitting  2: 16 op, 364822.00 ns, 22.8014 us/op
WorkloadJitting  2: 16 op, 13968744.00 ns, 873.0465 us/op

WorkloadPilot    1: 16 op, 11836455.00 ns, 739.7784 us/op
WorkloadPilot    2: 32 op, 22988115.00 ns, 718.3786 us/op
WorkloadPilot    3: 64 op, 45179725.00 ns, 705.9332 us/op
WorkloadPilot    4: 128 op, 41275621.00 ns, 322.4658 us/op
WorkloadPilot    5: 256 op, 29910383.00 ns, 116.8374 us/op
WorkloadPilot    6: 512 op, 59330694.00 ns, 115.8803 us/op
WorkloadPilot    7: 1024 op, 118799316.00 ns, 116.0150 us/op
WorkloadPilot    8: 2048 op, 241391872.00 ns, 117.8671 us/op
WorkloadPilot    9: 4096 op, 487953252.00 ns, 119.1292 us/op
WorkloadPilot   10: 8192 op, 933902085.00 ns, 114.0017 us/op

OverheadWarmup   1: 8192 op, 32468.00 ns, 3.9634 ns/op
OverheadWarmup   2: 8192 op, 29985.00 ns, 3.6603 ns/op
OverheadWarmup   3: 8192 op, 29636.00 ns, 3.6177 ns/op
OverheadWarmup   4: 8192 op, 29644.00 ns, 3.6187 ns/op
OverheadWarmup   5: 8192 op, 29922.00 ns, 3.6526 ns/op
OverheadWarmup   6: 8192 op, 29899.00 ns, 3.6498 ns/op
OverheadWarmup   7: 8192 op, 29621.00 ns, 3.6158 ns/op
OverheadWarmup   8: 8192 op, 29850.00 ns, 3.6438 ns/op
OverheadWarmup   9: 8192 op, 31069.00 ns, 3.7926 ns/op
OverheadWarmup  10: 8192 op, 29797.00 ns, 3.6373 ns/op

OverheadActual   1: 8192 op, 29957.00 ns, 3.6569 ns/op
OverheadActual   2: 8192 op, 29754.00 ns, 3.6321 ns/op
OverheadActual   3: 8192 op, 30014.00 ns, 3.6638 ns/op
OverheadActual   4: 8192 op, 29845.00 ns, 3.6432 ns/op
OverheadActual   5: 8192 op, 29632.00 ns, 3.6172 ns/op
OverheadActual   6: 8192 op, 29724.00 ns, 3.6284 ns/op
OverheadActual   7: 8192 op, 31246.00 ns, 3.8142 ns/op
OverheadActual   8: 8192 op, 29806.00 ns, 3.6384 ns/op
OverheadActual   9: 8192 op, 29801.00 ns, 3.6378 ns/op
OverheadActual  10: 8192 op, 29737.00 ns, 3.6300 ns/op
OverheadActual  11: 8192 op, 29851.00 ns, 3.6439 ns/op
OverheadActual  12: 8192 op, 29478.00 ns, 3.5984 ns/op
OverheadActual  13: 8192 op, 30104.00 ns, 3.6748 ns/op
OverheadActual  14: 8192 op, 29700.00 ns, 3.6255 ns/op
OverheadActual  15: 8192 op, 31105.00 ns, 3.7970 ns/op

WorkloadWarmup   1: 8192 op, 969667689.00 ns, 118.3676 us/op
WorkloadWarmup   2: 8192 op, 939717511.00 ns, 114.7116 us/op
WorkloadWarmup   3: 8192 op, 921812562.00 ns, 112.5259 us/op
WorkloadWarmup   4: 8192 op, 926807309.00 ns, 113.1357 us/op
WorkloadWarmup   5: 8192 op, 912337393.00 ns, 111.3693 us/op
WorkloadWarmup   6: 8192 op, 920787215.00 ns, 112.4008 us/op
WorkloadWarmup   7: 8192 op, 919741816.00 ns, 112.2732 us/op

// BeforeActualRun
WorkloadActual   1: 8192 op, 920869502.00 ns, 112.4108 us/op
WorkloadActual   2: 8192 op, 909558855.00 ns, 111.0301 us/op
WorkloadActual   3: 8192 op, 915557587.00 ns, 111.7624 us/op
WorkloadActual   4: 8192 op, 922270339.00 ns, 112.5818 us/op
WorkloadActual   5: 8192 op, 910667955.00 ns, 111.1655 us/op
WorkloadActual   6: 8192 op, 916366382.00 ns, 111.8611 us/op
WorkloadActual   7: 8192 op, 920022735.00 ns, 112.3075 us/op
WorkloadActual   8: 8192 op, 917079202.00 ns, 111.9481 us/op
WorkloadActual   9: 8192 op, 914080472.00 ns, 111.5821 us/op
WorkloadActual  10: 8192 op, 920639605.00 ns, 112.3828 us/op
WorkloadActual  11: 8192 op, 917206289.00 ns, 111.9637 us/op
WorkloadActual  12: 8192 op, 919024477.00 ns, 112.1856 us/op
WorkloadActual  13: 8192 op, 916634097.00 ns, 111.8938 us/op
WorkloadActual  14: 8192 op, 918462884.00 ns, 112.1171 us/op
WorkloadActual  15: 8192 op, 913379793.00 ns, 111.4966 us/op

// AfterActualRun
WorkloadResult   1: 8192 op, 920839696.00 ns, 112.4072 us/op
WorkloadResult   2: 8192 op, 909529049.00 ns, 111.0265 us/op
WorkloadResult   3: 8192 op, 915527781.00 ns, 111.7588 us/op
WorkloadResult   4: 8192 op, 922240533.00 ns, 112.5782 us/op
WorkloadResult   5: 8192 op, 910638149.00 ns, 111.1619 us/op
WorkloadResult   6: 8192 op, 916336576.00 ns, 111.8575 us/op
WorkloadResult   7: 8192 op, 919992929.00 ns, 112.3038 us/op
WorkloadResult   8: 8192 op, 917049396.00 ns, 111.9445 us/op
WorkloadResult   9: 8192 op, 914050666.00 ns, 111.5785 us/op
WorkloadResult  10: 8192 op, 920609799.00 ns, 112.3791 us/op
WorkloadResult  11: 8192 op, 917176483.00 ns, 111.9600 us/op
WorkloadResult  12: 8192 op, 918994671.00 ns, 112.1820 us/op
WorkloadResult  13: 8192 op, 916604291.00 ns, 111.8902 us/op
WorkloadResult  14: 8192 op, 918433078.00 ns, 112.1134 us/op
WorkloadResult  15: 8192 op, 913349987.00 ns, 111.4929 us/op
// GC:  1 0 0 34471936 8192
// Threading:  0 0 8192

// AfterAll
// Benchmark Process 2142 has exited with code 0.

Mean = 111.909 μs, StdErr = 0.116 μs (0.10%), N = 15, StdDev = 0.450 μs
Min = 111.026 μs, Q1 = 111.669 μs, Median = 111.945 μs, Q3 = 112.243 μs, Max = 112.578 μs
IQR = 0.574 μs, LowerFence = 110.807 μs, UpperFence = 113.104 μs
ConfidenceInterval = [111.428 μs; 112.390 μs] (CI 99.9%), Margin = 0.481 μs (0.43% of Mean)
Skewness = -0.44, Kurtosis = 2.11, MValue = 2

// ** Remained 1 (25.0 %) benchmark(s) to run. Estimated finish 2026-02-27 11:15 (0h 0m from now) **
// **************************
// Benchmark: VisualTreeBenchmark.CurrentImplementation: DefaultJob
// *** Execute ***
// Launch: 1 / 1
// Execute: dotnet Tedd.TUI.Benchmarks-DefaultJob-1.dll --anonymousPipes 127 128 --benchmarkName Tedd.TUI.Benchmarks.VisualTreeBenchmark.CurrentImplementation --job Default --benchmarkId 3 in /app/src/Tedd.TUI.Benchmarks/bin/Release/net10.0/Tedd.TUI.Benchmarks-DefaultJob-1/bin/Release/net10.0
// Failed to set up high priority (Permission denied). In order to run benchmarks with high priority, make sure you have the right permissions.
// BeforeAnythingElse

// Benchmark Process Environment Information:
// BenchmarkDotNet v0.15.8
// Runtime=.NET 10.0.0 (10.0.0, 10.0.25.52411), X64 RyuJIT x86-64-v3
// GC=Concurrent Workstation
// HardwareIntrinsics=AVX2+BMI1+BMI2+F16C+FMA+LZCNT+MOVBE,AVX,SSE3+SSSE3+SSE4.1+SSE4.2+POPCNT,X86Base+SSE+SSE2,AES+PCLMUL VectorSize=256
// Job: DefaultJob

OverheadJitting  1: 1 op, 291140.00 ns, 291.1400 us/op
WorkloadJitting  1: 1 op, 4322835.00 ns, 4.3228 ms/op

OverheadJitting  2: 16 op, 395519.00 ns, 24.7199 us/op
WorkloadJitting  2: 16 op, 13849027.00 ns, 865.5642 us/op

WorkloadPilot    1: 16 op, 11816196.00 ns, 738.5123 us/op
WorkloadPilot    2: 32 op, 22677499.00 ns, 708.6718 us/op
WorkloadPilot    3: 64 op, 45035510.00 ns, 703.6798 us/op
WorkloadPilot    4: 128 op, 31903587.00 ns, 249.2468 us/op
WorkloadPilot    5: 256 op, 29859180.00 ns, 116.6374 us/op
WorkloadPilot    6: 512 op, 59289051.00 ns, 115.7989 us/op
WorkloadPilot    7: 1024 op, 116547702.00 ns, 113.8161 us/op
WorkloadPilot    8: 2048 op, 233721393.00 ns, 114.1218 us/op
WorkloadPilot    9: 4096 op, 466300040.00 ns, 113.8428 us/op
WorkloadPilot   10: 8192 op, 906743196.00 ns, 110.6864 us/op

OverheadWarmup   1: 8192 op, 31902.00 ns, 3.8943 ns/op
OverheadWarmup   2: 8192 op, 29933.00 ns, 3.6539 ns/op
OverheadWarmup   3: 8192 op, 29991.00 ns, 3.6610 ns/op
OverheadWarmup   4: 8192 op, 29631.00 ns, 3.6171 ns/op
OverheadWarmup   5: 8192 op, 29619.00 ns, 3.6156 ns/op
OverheadWarmup   6: 8192 op, 29629.00 ns, 3.6168 ns/op
OverheadWarmup   7: 8192 op, 30190.00 ns, 3.6853 ns/op
OverheadWarmup   8: 8192 op, 29761.00 ns, 3.6329 ns/op

OverheadActual   1: 8192 op, 31598.00 ns, 3.8572 ns/op
OverheadActual   2: 8192 op, 29939.00 ns, 3.6547 ns/op
OverheadActual   3: 8192 op, 29756.00 ns, 3.6323 ns/op
OverheadActual   4: 8192 op, 29680.00 ns, 3.6230 ns/op
OverheadActual   5: 8192 op, 29679.00 ns, 3.6229 ns/op
OverheadActual   6: 8192 op, 29625.00 ns, 3.6163 ns/op
OverheadActual   7: 8192 op, 29703.00 ns, 3.6259 ns/op
OverheadActual   8: 8192 op, 29662.00 ns, 3.6208 ns/op
OverheadActual   9: 8192 op, 31684.00 ns, 3.8677 ns/op
OverheadActual  10: 8192 op, 29548.00 ns, 3.6069 ns/op
OverheadActual  11: 8192 op, 29589.00 ns, 3.6119 ns/op
OverheadActual  12: 8192 op, 29877.00 ns, 3.6471 ns/op
OverheadActual  13: 8192 op, 29623.00 ns, 3.6161 ns/op
OverheadActual  14: 8192 op, 28892.00 ns, 3.5269 ns/op
OverheadActual  15: 8192 op, 26836.00 ns, 3.2759 ns/op

WorkloadWarmup   1: 8192 op, 938438447.00 ns, 114.5555 us/op
WorkloadWarmup   2: 8192 op, 923853781.00 ns, 112.7751 us/op
WorkloadWarmup   3: 8192 op, 907828421.00 ns, 110.8189 us/op
WorkloadWarmup   4: 8192 op, 927698521.00 ns, 113.2444 us/op
WorkloadWarmup   5: 8192 op, 913389182.00 ns, 111.4977 us/op
WorkloadWarmup   6: 8192 op, 903577865.00 ns, 110.3000 us/op
WorkloadWarmup   7: 8192 op, 897828441.00 ns, 109.5982 us/op
WorkloadWarmup   8: 8192 op, 901398666.00 ns, 110.0340 us/op
WorkloadWarmup   9: 8192 op, 895977392.00 ns, 109.3722 us/op

// BeforeActualRun
WorkloadActual   1: 8192 op, 908083744.00 ns, 110.8501 us/op
WorkloadActual   2: 8192 op, 898914514.00 ns, 109.7308 us/op
WorkloadActual   3: 8192 op, 904179165.00 ns, 110.3734 us/op
WorkloadActual   4: 8192 op, 894827120.00 ns, 109.2318 us/op
WorkloadActual   5: 8192 op, 901427024.00 ns, 110.0375 us/op
WorkloadActual   6: 8192 op, 889670196.00 ns, 108.6023 us/op
WorkloadActual   7: 8192 op, 892075519.00 ns, 108.8959 us/op
WorkloadActual   8: 8192 op, 894684571.00 ns, 109.2144 us/op
WorkloadActual   9: 8192 op, 892755715.00 ns, 108.9790 us/op
WorkloadActual  10: 8192 op, 892059999.00 ns, 108.8940 us/op
WorkloadActual  11: 8192 op, 893119835.00 ns, 109.0234 us/op
WorkloadActual  12: 8192 op, 887753932.00 ns, 108.3684 us/op
WorkloadActual  13: 8192 op, 892308318.00 ns, 108.9244 us/op
WorkloadActual  14: 8192 op, 896492375.00 ns, 109.4351 us/op
WorkloadActual  15: 8192 op, 888901575.00 ns, 108.5085 us/op

// AfterActualRun
WorkloadResult   1: 8192 op, 898884835.00 ns, 109.7272 us/op
WorkloadResult   2: 8192 op, 904149486.00 ns, 110.3698 us/op
WorkloadResult   3: 8192 op, 894797441.00 ns, 109.2282 us/op
WorkloadResult   4: 8192 op, 901397345.00 ns, 110.0339 us/op
WorkloadResult   5: 8192 op, 889640517.00 ns, 108.5987 us/op
WorkloadResult   6: 8192 op, 892045840.00 ns, 108.8923 us/op
WorkloadResult   7: 8192 op, 894654892.00 ns, 109.2108 us/op
WorkloadResult   8: 8192 op, 892726036.00 ns, 108.9753 us/op
WorkloadResult   9: 8192 op, 892030320.00 ns, 108.8904 us/op
WorkloadResult  10: 8192 op, 893090156.00 ns, 109.0198 us/op
WorkloadResult  11: 8192 op, 887724253.00 ns, 108.3648 us/op
WorkloadResult  12: 8192 op, 892278639.00 ns, 108.9207 us/op
WorkloadResult  13: 8192 op, 896462696.00 ns, 109.4315 us/op
WorkloadResult  14: 8192 op, 888871896.00 ns, 108.5049 us/op
// GC:  1 0 0 35651584 8192
// Threading:  0 0 8192

// AfterAll
// Benchmark Process 2154 has exited with code 0.

Mean = 109.155 μs, StdErr = 0.153 μs (0.14%), N = 14, StdDev = 0.573 μs
Min = 108.365 μs, Q1 = 108.891 μs, Median = 108.998 μs, Q3 = 109.381 μs, Max = 110.370 μs
IQR = 0.490 μs, LowerFence = 108.156 μs, UpperFence = 110.115 μs
ConfidenceInterval = [108.509 μs; 109.801 μs] (CI 99.9%), Margin = 0.646 μs (0.59% of Mean)
Skewness = 0.64, Kurtosis = 2.37, MValue = 2

// ** Remained 0 (0.0 %) benchmark(s) to run. Estimated finish 2026-02-27 11:15 (0h 0m from now) **
// ***** BenchmarkRunner: Finish  *****

// * Export *
  BenchmarkDotNet.Artifacts/results/Tedd.TUI.Benchmarks.VisualTreeBenchmark-report.csv
  BenchmarkDotNet.Artifacts/results/Tedd.TUI.Benchmarks.VisualTreeBenchmark-report-github.md
  BenchmarkDotNet.Artifacts/results/Tedd.TUI.Benchmarks.VisualTreeBenchmark-report.html

// * Detailed results *
VisualTreeBenchmark.IterativeYield: DefaultJob
Runtime = .NET 10.0.0 (10.0.0, 10.0.25.52411), X64 RyuJIT x86-64-v3; GC = Concurrent Workstation
Mean = 119.489 μs, StdErr = 0.368 μs (0.31%), N = 22, StdDev = 1.725 μs
Min = 116.949 μs, Q1 = 117.979 μs, Median = 119.420 μs, Q3 = 121.074 μs, Max = 122.393 μs
IQR = 3.095 μs, LowerFence = 113.336 μs, UpperFence = 125.717 μs
ConfidenceInterval = [118.084 μs; 120.894 μs] (CI 99.9%), Margin = 1.405 μs (1.18% of Mean)
Skewness = 0.07, Kurtosis = 1.66, MValue = 2
-------------------- Histogram --------------------
[116.141 μs ; 119.657 μs) | @@@@@@@@@@@@
[119.657 μs ; 123.201 μs) | @@@@@@@@@@
---------------------------------------------------

VisualTreeBenchmark.RecursiveList: DefaultJob
Runtime = .NET 10.0.0 (10.0.0, 10.0.25.52411), X64 RyuJIT x86-64-v3; GC = Concurrent Workstation
Mean = 115.167 μs, StdErr = 0.449 μs (0.39%), N = 12, StdDev = 1.556 μs
Min = 113.029 μs, Q1 = 114.099 μs, Median = 115.123 μs, Q3 = 116.106 μs, Max = 118.531 μs
IQR = 2.008 μs, LowerFence = 111.087 μs, UpperFence = 119.118 μs
ConfidenceInterval = [113.174 μs; 117.161 μs] (CI 99.9%), Margin = 1.993 μs (1.73% of Mean)
Skewness = 0.52, Kurtosis = 2.37, MValue = 2
-------------------- Histogram --------------------
[112.699 μs ; 119.423 μs) | @@@@@@@@@@@@
---------------------------------------------------

VisualTreeBenchmark.OptimizedEnumerator: DefaultJob
Runtime = .NET 10.0.0 (10.0.0, 10.0.25.52411), X64 RyuJIT x86-64-v3; GC = Concurrent Workstation
Mean = 111.909 μs, StdErr = 0.116 μs (0.10%), N = 15, StdDev = 0.450 μs
Min = 111.026 μs, Q1 = 111.669 μs, Median = 111.945 μs, Q3 = 112.243 μs, Max = 112.578 μs
IQR = 0.574 μs, LowerFence = 110.807 μs, UpperFence = 113.104 μs
ConfidenceInterval = [111.428 μs; 112.390 μs] (CI 99.9%), Margin = 0.481 μs (0.43% of Mean)
Skewness = -0.44, Kurtosis = 2.11, MValue = 2
-------------------- Histogram --------------------
[110.787 μs ; 112.818 μs) | @@@@@@@@@@@@@@@
---------------------------------------------------

VisualTreeBenchmark.CurrentImplementation: DefaultJob
Runtime = .NET 10.0.0 (10.0.0, 10.0.25.52411), X64 RyuJIT x86-64-v3; GC = Concurrent Workstation
Mean = 109.155 μs, StdErr = 0.153 μs (0.14%), N = 14, StdDev = 0.573 μs
Min = 108.365 μs, Q1 = 108.891 μs, Median = 108.998 μs, Q3 = 109.381 μs, Max = 110.370 μs
IQR = 0.490 μs, LowerFence = 108.156 μs, UpperFence = 110.115 μs
ConfidenceInterval = [108.509 μs; 109.801 μs] (CI 99.9%), Margin = 0.646 μs (0.59% of Mean)
Skewness = 0.64, Kurtosis = 2.37, MValue = 2
-------------------- Histogram --------------------
[108.053 μs ; 110.682 μs) | @@@@@@@@@@@@@@
---------------------------------------------------

// * Summary *

BenchmarkDotNet v0.15.8, Linux Ubuntu 24.04.3 LTS (Noble Numbat)
Intel Xeon Processor 2.30GHz, 1 CPU, 4 logical and 4 physical cores
.NET SDK 10.0.100
  [Host]     : .NET 10.0.0 (10.0.0, 10.0.25.52411), X64 RyuJIT x86-64-v3
  DefaultJob : .NET 10.0.0 (10.0.0, 10.0.25.52411), X64 RyuJIT x86-64-v3


| Method                | Mean     | Error   | StdDev  | Ratio | RatioSD | Gen0   | Gen1   | Allocated | Alloc Ratio |
|---------------------- |---------:|--------:|--------:|------:|--------:|-------:|-------:|----------:|------------:|
| IterativeYield        | 119.5 μs | 1.40 μs | 1.73 μs |  1.00 |    0.02 |      - |      - |   4.18 KB |        1.00 |
| RecursiveList         | 115.2 μs | 1.99 μs | 1.56 μs |  0.96 |    0.02 | 2.9297 | 0.2441 |  68.59 KB |       16.41 |
| OptimizedEnumerator   | 111.9 μs | 0.48 μs | 0.45 μs |  0.94 |    0.01 | 0.1221 |      - |   4.11 KB |        0.98 |
| CurrentImplementation | 109.2 μs | 0.65 μs | 0.57 μs |  0.91 |    0.01 | 0.1221 |      - |   4.25 KB |        1.02 |

// * Hints *
Outliers
  VisualTreeBenchmark.IterativeYield: Default        -> 7 outliers were removed (141.47 μs..177.47 μs)
  VisualTreeBenchmark.RecursiveList: Default         -> 3 outliers were removed (127.40 μs..146.59 μs)
  VisualTreeBenchmark.CurrentImplementation: Default -> 1 outlier  was  removed (110.85 μs)

// * Legends *
  Mean        : Arithmetic mean of all measurements
  Error       : Half of 99.9% confidence interval
  StdDev      : Standard deviation of all measurements
  Ratio       : Mean of the ratio distribution ([Current]/[Baseline])
  RatioSD     : Standard deviation of the ratio distribution ([Current]/[Baseline])
  Gen0        : GC Generation 0 collects per 1000 operations
  Gen1        : GC Generation 1 collects per 1000 operations
  Allocated   : Allocated memory per single operation (managed only, inclusive, 1KB = 1024B)
  Alloc Ratio : Allocated memory ratio distribution ([Current]/[Baseline])
  1 μs        : 1 Microsecond (0.000001 sec)

// * Diagnostic Output - MemoryDiagnoser *


// ***** BenchmarkRunner: End *****
Run time: 00:01:37 (97.47 sec), executed benchmarks: 4

Global total time: 00:02:09 (129.71 sec), executed benchmarks: 4
// * Artifacts cleanup *
Artifacts cleanup is finished
