// Validating benchmarks:
// ***** BenchmarkRunner: Start   *****
// ***** Found 10 benchmark(s) in total *****
// ***** Building 1 exe(s) in Parallel: Start   *****
// start dotnet  restore --nodeReuse:false /p:UseSharedCompilation=false /p:Deterministic=true /p:Optimize=true /p:ArtifactsPath="/app/src/Tedd.TUI.Benchmarks/bin/Release/net10.0/Tedd.TUI.Benchmarks-DefaultJob-1/" /p:OutDir="/app/src/Tedd.TUI.Benchmarks/bin/Release/net10.0/Tedd.TUI.Benchmarks-DefaultJob-1/bin/Release/net10.0/" /p:OutputPath="/app/src/Tedd.TUI.Benchmarks/bin/Release/net10.0/Tedd.TUI.Benchmarks-DefaultJob-1/bin/Release/net10.0/" /p:PublishDir="/app/src/Tedd.TUI.Benchmarks/bin/Release/net10.0/Tedd.TUI.Benchmarks-DefaultJob-1/publish/" in /app/src/Tedd.TUI.Benchmarks/bin/Release/net10.0/Tedd.TUI.Benchmarks-DefaultJob-1
// command took 2.07 sec and exited with 0
// start dotnet  build -c Release --no-restore --nodeReuse:false /p:UseSharedCompilation=false /p:Deterministic=true /p:Optimize=true /p:ArtifactsPath="/app/src/Tedd.TUI.Benchmarks/bin/Release/net10.0/Tedd.TUI.Benchmarks-DefaultJob-1/" /p:OutDir="/app/src/Tedd.TUI.Benchmarks/bin/Release/net10.0/Tedd.TUI.Benchmarks-DefaultJob-1/bin/Release/net10.0/" /p:OutputPath="/app/src/Tedd.TUI.Benchmarks/bin/Release/net10.0/Tedd.TUI.Benchmarks-DefaultJob-1/bin/Release/net10.0/" /p:PublishDir="/app/src/Tedd.TUI.Benchmarks/bin/Release/net10.0/Tedd.TUI.Benchmarks-DefaultJob-1/publish/" --output "/app/src/Tedd.TUI.Benchmarks/bin/Release/net10.0/Tedd.TUI.Benchmarks-DefaultJob-1/bin/Release/net10.0/" in /app/src/Tedd.TUI.Benchmarks/bin/Release/net10.0/Tedd.TUI.Benchmarks-DefaultJob-1
// command took 16.01 sec and exited with 0
// ***** Done, took 00:00:18 (18.18 sec)   *****
// Found 10 benchmarks:
//   BulkRenderBenchmark.Baseline_DrawString_Short: DefaultJob
//   BulkRenderBenchmark.Optimized_DrawString_Short: DefaultJob
//   BulkRenderBenchmark.Baseline_DrawString_Long: DefaultJob
//   BulkRenderBenchmark.Optimized_DrawString_Long: DefaultJob
//   BulkRenderBenchmark.Baseline_DrawHLine: DefaultJob
//   BulkRenderBenchmark.Optimized_DrawHLine: DefaultJob
//   BulkRenderBenchmark.Baseline_DrawVLine: DefaultJob
//   BulkRenderBenchmark.Optimized_DrawVLine: DefaultJob
//   BulkRenderBenchmark.Baseline_FillRect: DefaultJob
//   BulkRenderBenchmark.Optimized_FillRect: DefaultJob

// **************************
// Benchmark: BulkRenderBenchmark.Baseline_DrawString_Short: DefaultJob
// *** Execute ***
// Launch: 1 / 1
// Execute: dotnet Tedd.TUI.Benchmarks-DefaultJob-1.dll --anonymousPipes 127 128 --benchmarkName Tedd.TUI.Benchmarks.BulkRenderBenchmark.Baseline_DrawString_Short --job Default --benchmarkId 0 in /app/src/Tedd.TUI.Benchmarks/bin/Release/net10.0/Tedd.TUI.Benchmarks-DefaultJob-1/bin/Release/net10.0
// Failed to set up high priority (Permission denied). In order to run benchmarks with high priority, make sure you have the right permissions.
// BeforeAnythingElse

// Benchmark Process Environment Information:
// BenchmarkDotNet v0.15.8
// Runtime=.NET 10.0.0 (10.0.0, 10.0.25.52411), X64 RyuJIT x86-64-v3
// GC=Concurrent Workstation
// HardwareIntrinsics=AVX2+BMI1+BMI2+F16C+FMA+LZCNT+MOVBE,AVX,SSE3+SSSE3+SSE4.1+SSE4.2+POPCNT,X86Base+SSE+SSE2,AES+PCLMUL VectorSize=256
// Job: DefaultJob

OverheadJitting  1: 1 op, 244924.00 ns, 244.9240 us/op
WorkloadJitting  1: 1 op, 622960.00 ns, 622.9600 us/op

OverheadJitting  2: 16 op, 351779.00 ns, 21.9862 us/op
WorkloadJitting  2: 16 op, 307519.00 ns, 19.2199 us/op

WorkloadPilot    1: 16 op, 7774.00 ns, 485.8750 ns/op
WorkloadPilot    2: 32 op, 12639.00 ns, 394.9688 ns/op
WorkloadPilot    3: 64 op, 23446.00 ns, 366.3438 ns/op
WorkloadPilot    4: 128 op, 45892.00 ns, 358.5313 ns/op
WorkloadPilot    5: 256 op, 115728.00 ns, 452.0625 ns/op
WorkloadPilot    6: 512 op, 264103.00 ns, 515.8262 ns/op
WorkloadPilot    7: 1024 op, 395171.00 ns, 385.9092 ns/op
WorkloadPilot    8: 2048 op, 679195.00 ns, 331.6382 ns/op
WorkloadPilot    9: 4096 op, 1420028.00 ns, 346.6865 ns/op
WorkloadPilot   10: 8192 op, 2723962.00 ns, 332.5149 ns/op
WorkloadPilot   11: 16384 op, 5343927.00 ns, 326.1674 ns/op
WorkloadPilot   12: 32768 op, 10537142.00 ns, 321.5681 ns/op
WorkloadPilot   13: 65536 op, 21227179.00 ns, 323.9010 ns/op
WorkloadPilot   14: 131072 op, 42053883.00 ns, 320.8457 ns/op
WorkloadPilot   15: 262144 op, 83896898.00 ns, 320.0413 ns/op
WorkloadPilot   16: 524288 op, 28734970.00 ns, 54.8076 ns/op
WorkloadPilot   17: 1048576 op, 42148827.00 ns, 40.1963 ns/op
WorkloadPilot   18: 2097152 op, 84275236.00 ns, 40.1856 ns/op
WorkloadPilot   19: 4194304 op, 168731957.00 ns, 40.2288 ns/op
WorkloadPilot   20: 8388608 op, 337019924.00 ns, 40.1759 ns/op
WorkloadPilot   21: 16777216 op, 671961437.00 ns, 40.0520 ns/op

OverheadWarmup   1: 16777216 op, 66911828.00 ns, 3.9883 ns/op
OverheadWarmup   2: 16777216 op, 66983856.00 ns, 3.9925 ns/op
OverheadWarmup   3: 16777216 op, 66220031.00 ns, 3.9470 ns/op
OverheadWarmup   4: 16777216 op, 49633333.00 ns, 2.9584 ns/op
OverheadWarmup   5: 16777216 op, 50462011.00 ns, 3.0078 ns/op
OverheadWarmup   6: 16777216 op, 50628027.00 ns, 3.0177 ns/op
OverheadWarmup   7: 16777216 op, 50464345.00 ns, 3.0079 ns/op

OverheadActual   1: 16777216 op, 51040584.00 ns, 3.0423 ns/op
OverheadActual   2: 16777216 op, 51583865.00 ns, 3.0746 ns/op
OverheadActual   3: 16777216 op, 51207044.00 ns, 3.0522 ns/op
OverheadActual   4: 16777216 op, 50823461.00 ns, 3.0293 ns/op
OverheadActual   5: 16777216 op, 50601437.00 ns, 3.0161 ns/op
OverheadActual   6: 16777216 op, 50507637.00 ns, 3.0105 ns/op
OverheadActual   7: 16777216 op, 50462497.00 ns, 3.0078 ns/op
OverheadActual   8: 16777216 op, 50635648.00 ns, 3.0181 ns/op
OverheadActual   9: 16777216 op, 50649016.00 ns, 3.0189 ns/op
OverheadActual  10: 16777216 op, 50608445.00 ns, 3.0165 ns/op
OverheadActual  11: 16777216 op, 50674572.00 ns, 3.0204 ns/op
OverheadActual  12: 16777216 op, 50382801.00 ns, 3.0030 ns/op
OverheadActual  13: 16777216 op, 50677584.00 ns, 3.0206 ns/op
OverheadActual  14: 16777216 op, 50610602.00 ns, 3.0166 ns/op
OverheadActual  15: 16777216 op, 50415186.00 ns, 3.0050 ns/op

WorkloadWarmup   1: 16777216 op, 670351516.00 ns, 39.9561 ns/op
WorkloadWarmup   2: 16777216 op, 671942596.00 ns, 40.0509 ns/op
WorkloadWarmup   3: 16777216 op, 671000522.00 ns, 39.9947 ns/op
WorkloadWarmup   4: 16777216 op, 670808094.00 ns, 39.9833 ns/op
WorkloadWarmup   5: 16777216 op, 672109965.00 ns, 40.0609 ns/op
WorkloadWarmup   6: 16777216 op, 674510862.00 ns, 40.2040 ns/op
WorkloadWarmup   7: 16777216 op, 672295254.00 ns, 40.0719 ns/op

// BeforeActualRun
WorkloadActual   1: 16777216 op, 676768473.00 ns, 40.3385 ns/op
WorkloadActual   2: 16777216 op, 671628793.00 ns, 40.0322 ns/op
WorkloadActual   3: 16777216 op, 672287827.00 ns, 40.0715 ns/op
WorkloadActual   4: 16777216 op, 670792037.00 ns, 39.9823 ns/op
WorkloadActual   5: 16777216 op, 673348603.00 ns, 40.1347 ns/op
WorkloadActual   6: 16777216 op, 713645589.00 ns, 42.5366 ns/op
WorkloadActual   7: 16777216 op, 789436900.00 ns, 47.0541 ns/op
WorkloadActual   8: 16777216 op, 761870314.00 ns, 45.4110 ns/op
WorkloadActual   9: 16777216 op, 670061327.00 ns, 39.9388 ns/op
WorkloadActual  10: 16777216 op, 670812504.00 ns, 39.9835 ns/op
WorkloadActual  11: 16777216 op, 671835437.00 ns, 40.0445 ns/op
WorkloadActual  12: 16777216 op, 669958831.00 ns, 39.9327 ns/op
WorkloadActual  13: 16777216 op, 673776407.00 ns, 40.1602 ns/op
WorkloadActual  14: 16777216 op, 669724476.00 ns, 39.9187 ns/op
WorkloadActual  15: 16777216 op, 671001018.00 ns, 39.9948 ns/op

// AfterActualRun
WorkloadResult   1: 16777216 op, 626132825.00 ns, 37.3204 ns/op
WorkloadResult   2: 16777216 op, 620993145.00 ns, 37.0141 ns/op
WorkloadResult   3: 16777216 op, 621652179.00 ns, 37.0534 ns/op
WorkloadResult   4: 16777216 op, 620156389.00 ns, 36.9642 ns/op
WorkloadResult   5: 16777216 op, 622712955.00 ns, 37.1166 ns/op
WorkloadResult   6: 16777216 op, 619425679.00 ns, 36.9206 ns/op
WorkloadResult   7: 16777216 op, 620176856.00 ns, 36.9654 ns/op
WorkloadResult   8: 16777216 op, 621199789.00 ns, 37.0264 ns/op
WorkloadResult   9: 16777216 op, 619323183.00 ns, 36.9145 ns/op
WorkloadResult  10: 16777216 op, 623140759.00 ns, 37.1421 ns/op
WorkloadResult  11: 16777216 op, 619088828.00 ns, 36.9006 ns/op
WorkloadResult  12: 16777216 op, 620365370.00 ns, 36.9767 ns/op
// GC:  0 0 0 0 16777216
// Threading:  0 0 16777216

// AfterAll
// Benchmark Process 2715 has exited with code 0.

Mean = 37.026 ns, StdErr = 0.035 ns (0.09%), N = 12, StdDev = 0.120 ns
Min = 36.901 ns, Q1 = 36.953 ns, Median = 36.995 ns, Q3 = 37.069 ns, Max = 37.320 ns
IQR = 0.116 ns, LowerFence = 36.780 ns, UpperFence = 37.243 ns
ConfidenceInterval = [36.873 ns; 37.180 ns] (CI 99.9%), Margin = 0.154 ns (0.42% of Mean)
Skewness = 1.09, Kurtosis = 3.33, MValue = 2

// ** Remained 9 (90.0 %) benchmark(s) to run. Estimated finish 2026-02-24 4:32 (0h 2m from now) **
// **************************
// Benchmark: BulkRenderBenchmark.Optimized_DrawString_Short: DefaultJob
// *** Execute ***
// Launch: 1 / 1
// Execute: dotnet Tedd.TUI.Benchmarks-DefaultJob-1.dll --anonymousPipes 127 128 --benchmarkName Tedd.TUI.Benchmarks.BulkRenderBenchmark.Optimized_DrawString_Short --job Default --benchmarkId 1 in /app/src/Tedd.TUI.Benchmarks/bin/Release/net10.0/Tedd.TUI.Benchmarks-DefaultJob-1/bin/Release/net10.0
// Failed to set up high priority (Permission denied). In order to run benchmarks with high priority, make sure you have the right permissions.
// BeforeAnythingElse

// Benchmark Process Environment Information:
// BenchmarkDotNet v0.15.8
// Runtime=.NET 10.0.0 (10.0.0, 10.0.25.52411), X64 RyuJIT x86-64-v3
// GC=Concurrent Workstation
// HardwareIntrinsics=AVX2+BMI1+BMI2+F16C+FMA+LZCNT+MOVBE,AVX,SSE3+SSSE3+SSE4.1+SSE4.2+POPCNT,X86Base+SSE+SSE2,AES+PCLMUL VectorSize=256
// Job: DefaultJob

OverheadJitting  1: 1 op, 269409.00 ns, 269.4090 us/op
WorkloadJitting  1: 1 op, 819441.00 ns, 819.4410 us/op

OverheadJitting  2: 16 op, 334876.00 ns, 20.9298 us/op
WorkloadJitting  2: 16 op, 302466.00 ns, 18.9041 us/op

WorkloadPilot    1: 16 op, 5688.00 ns, 355.5000 ns/op
WorkloadPilot    2: 32 op, 9651.00 ns, 301.5938 ns/op
WorkloadPilot    3: 64 op, 17608.00 ns, 275.1250 ns/op
WorkloadPilot    4: 128 op, 34103.00 ns, 266.4297 ns/op
WorkloadPilot    5: 256 op, 66841.00 ns, 261.0977 ns/op
WorkloadPilot    6: 512 op, 172317.00 ns, 336.5566 ns/op
WorkloadPilot    7: 1024 op, 322002.00 ns, 314.4551 ns/op
WorkloadPilot    8: 2048 op, 509716.00 ns, 248.8848 ns/op
WorkloadPilot    9: 4096 op, 1003157.00 ns, 244.9114 ns/op
WorkloadPilot   10: 8192 op, 2026837.00 ns, 247.4166 ns/op
WorkloadPilot   11: 16384 op, 3868304.00 ns, 236.1025 ns/op
WorkloadPilot   12: 32768 op, 7479973.00 ns, 228.2707 ns/op
WorkloadPilot   13: 65536 op, 14719580.00 ns, 224.6030 ns/op
WorkloadPilot   14: 131072 op, 29269310.00 ns, 223.3071 ns/op
WorkloadPilot   15: 262144 op, 58092400.00 ns, 221.6049 ns/op
WorkloadPilot   16: 524288 op, 115638971.00 ns, 220.5638 ns/op
WorkloadPilot   17: 1048576 op, 71411202.00 ns, 68.1030 ns/op
WorkloadPilot   18: 2097152 op, 37810507.00 ns, 18.0295 ns/op
WorkloadPilot   19: 4194304 op, 75275691.00 ns, 17.9471 ns/op
WorkloadPilot   20: 8388608 op, 150597698.00 ns, 17.9526 ns/op
WorkloadPilot   21: 16777216 op, 301123609.00 ns, 17.9484 ns/op
WorkloadPilot   22: 33554432 op, 602002578.00 ns, 17.9411 ns/op

OverheadWarmup   1: 33554432 op, 133315607.00 ns, 3.9731 ns/op
OverheadWarmup   2: 33554432 op, 107260510.00 ns, 3.1966 ns/op
OverheadWarmup   3: 33554432 op, 82318363.00 ns, 2.4533 ns/op
OverheadWarmup   4: 33554432 op, 81937085.00 ns, 2.4419 ns/op
OverheadWarmup   5: 33554432 op, 82137762.00 ns, 2.4479 ns/op
OverheadWarmup   6: 33554432 op, 81615507.00 ns, 2.4323 ns/op
OverheadWarmup   7: 33554432 op, 81824087.00 ns, 2.4385 ns/op
OverheadWarmup   8: 33554432 op, 81882952.00 ns, 2.4403 ns/op
OverheadWarmup   9: 33554432 op, 82455495.00 ns, 2.4574 ns/op
OverheadWarmup  10: 33554432 op, 82566905.00 ns, 2.4607 ns/op

OverheadActual   1: 33554432 op, 82404394.00 ns, 2.4558 ns/op
OverheadActual   2: 33554432 op, 82099543.00 ns, 2.4468 ns/op
OverheadActual   3: 33554432 op, 82348032.00 ns, 2.4542 ns/op
OverheadActual   4: 33554432 op, 82371830.00 ns, 2.4549 ns/op
OverheadActual   5: 33554432 op, 81934401.00 ns, 2.4418 ns/op
OverheadActual   6: 33554432 op, 82496738.00 ns, 2.4586 ns/op
OverheadActual   7: 33554432 op, 82021676.00 ns, 2.4444 ns/op
OverheadActual   8: 33554432 op, 82155077.00 ns, 2.4484 ns/op
OverheadActual   9: 33554432 op, 82214335.00 ns, 2.4502 ns/op
OverheadActual  10: 33554432 op, 81968523.00 ns, 2.4429 ns/op
OverheadActual  11: 33554432 op, 81901142.00 ns, 2.4408 ns/op
OverheadActual  12: 33554432 op, 82436938.00 ns, 2.4568 ns/op
OverheadActual  13: 33554432 op, 81951808.00 ns, 2.4424 ns/op
OverheadActual  14: 33554432 op, 81841686.00 ns, 2.4391 ns/op
OverheadActual  15: 33554432 op, 82409568.00 ns, 2.4560 ns/op

WorkloadWarmup   1: 33554432 op, 602756454.00 ns, 17.9635 ns/op
WorkloadWarmup   2: 33554432 op, 603529474.00 ns, 17.9866 ns/op
WorkloadWarmup   3: 33554432 op, 602580101.00 ns, 17.9583 ns/op
WorkloadWarmup   4: 33554432 op, 603083946.00 ns, 17.9733 ns/op
WorkloadWarmup   5: 33554432 op, 602328382.00 ns, 17.9508 ns/op
WorkloadWarmup   6: 33554432 op, 601937395.00 ns, 17.9391 ns/op

// BeforeActualRun
WorkloadActual   1: 33554432 op, 601836852.00 ns, 17.9361 ns/op
WorkloadActual   2: 33554432 op, 602953633.00 ns, 17.9694 ns/op
WorkloadActual   3: 33554432 op, 602131966.00 ns, 17.9449 ns/op
WorkloadActual   4: 33554432 op, 603713038.00 ns, 17.9921 ns/op
WorkloadActual   5: 33554432 op, 602614314.00 ns, 17.9593 ns/op
WorkloadActual   6: 33554432 op, 601599113.00 ns, 17.9291 ns/op
WorkloadActual   7: 33554432 op, 602629630.00 ns, 17.9598 ns/op
WorkloadActual   8: 33554432 op, 604186594.00 ns, 18.0062 ns/op
WorkloadActual   9: 33554432 op, 602173122.00 ns, 17.9462 ns/op
WorkloadActual  10: 33554432 op, 601616588.00 ns, 17.9296 ns/op
WorkloadActual  11: 33554432 op, 601823956.00 ns, 17.9358 ns/op
WorkloadActual  12: 33554432 op, 603005930.00 ns, 17.9710 ns/op
WorkloadActual  13: 33554432 op, 603585720.00 ns, 17.9883 ns/op
WorkloadActual  14: 33554432 op, 601404548.00 ns, 17.9233 ns/op
WorkloadActual  15: 33554432 op, 601157920.00 ns, 17.9159 ns/op

// AfterActualRun
WorkloadResult   1: 33554432 op, 519681775.00 ns, 15.4877 ns/op
WorkloadResult   2: 33554432 op, 520798556.00 ns, 15.5210 ns/op
WorkloadResult   3: 33554432 op, 519976889.00 ns, 15.4965 ns/op
WorkloadResult   4: 33554432 op, 521557961.00 ns, 15.5436 ns/op
WorkloadResult   5: 33554432 op, 520459237.00 ns, 15.5109 ns/op
WorkloadResult   6: 33554432 op, 519444036.00 ns, 15.4806 ns/op
WorkloadResult   7: 33554432 op, 520474553.00 ns, 15.5114 ns/op
WorkloadResult   8: 33554432 op, 522031517.00 ns, 15.5578 ns/op
WorkloadResult   9: 33554432 op, 520018045.00 ns, 15.4977 ns/op
WorkloadResult  10: 33554432 op, 519461511.00 ns, 15.4812 ns/op
WorkloadResult  11: 33554432 op, 519668879.00 ns, 15.4873 ns/op
WorkloadResult  12: 33554432 op, 520850853.00 ns, 15.5226 ns/op
WorkloadResult  13: 33554432 op, 521430643.00 ns, 15.5398 ns/op
WorkloadResult  14: 33554432 op, 519249471.00 ns, 15.4748 ns/op
WorkloadResult  15: 33554432 op, 519002843.00 ns, 15.4675 ns/op
// GC:  0 0 0 0 33554432
// Threading:  0 0 33554432

// AfterAll
// Benchmark Process 2728 has exited with code 0.

Mean = 15.505 ns, StdErr = 0.007 ns (0.05%), N = 15, StdDev = 0.027 ns
Min = 15.467 ns, Q1 = 15.484 ns, Median = 15.498 ns, Q3 = 15.522 ns, Max = 15.558 ns
IQR = 0.038 ns, LowerFence = 15.428 ns, UpperFence = 15.578 ns
ConfidenceInterval = [15.476 ns; 15.534 ns] (CI 99.9%), Margin = 0.029 ns (0.19% of Mean)
Skewness = 0.42, Kurtosis = 1.84, MValue = 2

// ** Remained 8 (80.0 %) benchmark(s) to run. Estimated finish 2026-02-24 4:32 (0h 2m from now) **
// **************************
// Benchmark: BulkRenderBenchmark.Baseline_DrawString_Long: DefaultJob
// *** Execute ***
// Launch: 1 / 1
// Execute: dotnet Tedd.TUI.Benchmarks-DefaultJob-1.dll --anonymousPipes 127 128 --benchmarkName Tedd.TUI.Benchmarks.BulkRenderBenchmark.Baseline_DrawString_Long --job Default --benchmarkId 2 in /app/src/Tedd.TUI.Benchmarks/bin/Release/net10.0/Tedd.TUI.Benchmarks-DefaultJob-1/bin/Release/net10.0
// Failed to set up high priority (Permission denied). In order to run benchmarks with high priority, make sure you have the right permissions.
// BeforeAnythingElse

// Benchmark Process Environment Information:
// BenchmarkDotNet v0.15.8
// Runtime=.NET 10.0.0 (10.0.0, 10.0.25.52411), X64 RyuJIT x86-64-v3
// GC=Concurrent Workstation
// HardwareIntrinsics=AVX2+BMI1+BMI2+F16C+FMA+LZCNT+MOVBE,AVX,SSE3+SSSE3+SSE4.1+SSE4.2+POPCNT,X86Base+SSE+SSE2,AES+PCLMUL VectorSize=256
// Job: DefaultJob

OverheadJitting  1: 1 op, 217057.00 ns, 217.0570 us/op
WorkloadJitting  1: 1 op, 577035.00 ns, 577.0350 us/op

OverheadJitting  2: 16 op, 332973.00 ns, 20.8108 us/op
WorkloadJitting  2: 16 op, 383553.00 ns, 23.9721 us/op

WorkloadPilot    1: 16 op, 62024.00 ns, 3.8765 us/op
WorkloadPilot    2: 32 op, 122645.00 ns, 3.8327 us/op
WorkloadPilot    3: 64 op, 294698.00 ns, 4.6047 us/op
WorkloadPilot    4: 128 op, 464969.00 ns, 3.6326 us/op
WorkloadPilot    5: 256 op, 914755.00 ns, 3.5733 us/op
WorkloadPilot    6: 512 op, 1788663.00 ns, 3.4935 us/op
WorkloadPilot    7: 1024 op, 3555800.00 ns, 3.4725 us/op
WorkloadPilot    8: 2048 op, 7012295.00 ns, 3.4240 us/op
WorkloadPilot    9: 4096 op, 13940119.00 ns, 3.4033 us/op
WorkloadPilot   10: 8192 op, 27915456.00 ns, 3.4076 us/op
WorkloadPilot   11: 16384 op, 55760152.00 ns, 3.4033 us/op
WorkloadPilot   12: 32768 op, 89027806.00 ns, 2.7169 us/op
WorkloadPilot   13: 65536 op, 29018987.00 ns, 442.7946 ns/op
WorkloadPilot   14: 131072 op, 57508799.00 ns, 438.7573 ns/op
WorkloadPilot   15: 262144 op, 115320068.00 ns, 439.9111 ns/op
WorkloadPilot   16: 524288 op, 229908112.00 ns, 438.5149 ns/op
WorkloadPilot   17: 1048576 op, 459909756.00 ns, 438.6041 ns/op
WorkloadPilot   18: 2097152 op, 921805550.00 ns, 439.5511 ns/op

OverheadWarmup   1: 2097152 op, 8356853.00 ns, 3.9849 ns/op
OverheadWarmup   2: 2097152 op, 8353314.00 ns, 3.9832 ns/op
OverheadWarmup   3: 2097152 op, 8336869.00 ns, 3.9753 ns/op
OverheadWarmup   4: 2097152 op, 8331575.00 ns, 3.9728 ns/op
OverheadWarmup   5: 2097152 op, 8400997.00 ns, 4.0059 ns/op
OverheadWarmup   6: 2097152 op, 8392673.00 ns, 4.0019 ns/op
OverheadWarmup   7: 2097152 op, 8514253.00 ns, 4.0599 ns/op
OverheadWarmup   8: 2097152 op, 8451867.00 ns, 4.0302 ns/op

OverheadActual   1: 2097152 op, 8358911.00 ns, 3.9858 ns/op
OverheadActual   2: 2097152 op, 8379994.00 ns, 3.9959 ns/op
OverheadActual   3: 2097152 op, 8350888.00 ns, 3.9820 ns/op
OverheadActual   4: 2097152 op, 8341983.00 ns, 3.9778 ns/op
OverheadActual   5: 2097152 op, 8346540.00 ns, 3.9799 ns/op
OverheadActual   6: 2097152 op, 8441031.00 ns, 4.0250 ns/op
OverheadActual   7: 2097152 op, 8327249.00 ns, 3.9707 ns/op
OverheadActual   8: 2097152 op, 8356058.00 ns, 3.9845 ns/op
OverheadActual   9: 2097152 op, 8437761.00 ns, 4.0234 ns/op
OverheadActual  10: 2097152 op, 8345837.00 ns, 3.9796 ns/op
OverheadActual  11: 2097152 op, 8353320.00 ns, 3.9832 ns/op
OverheadActual  12: 2097152 op, 8365680.00 ns, 3.9891 ns/op
OverheadActual  13: 2097152 op, 8464581.00 ns, 4.0362 ns/op
OverheadActual  14: 2097152 op, 8418067.00 ns, 4.0140 ns/op
OverheadActual  15: 2097152 op, 8358834.00 ns, 3.9858 ns/op

WorkloadWarmup   1: 2097152 op, 922914694.00 ns, 440.0800 ns/op
WorkloadWarmup   2: 2097152 op, 919491739.00 ns, 438.4478 ns/op
WorkloadWarmup   3: 2097152 op, 919893086.00 ns, 438.6392 ns/op
WorkloadWarmup   4: 2097152 op, 921197848.00 ns, 439.2614 ns/op
WorkloadWarmup   5: 2097152 op, 921883222.00 ns, 439.5882 ns/op
WorkloadWarmup   6: 2097152 op, 920139225.00 ns, 438.7566 ns/op
WorkloadWarmup   7: 2097152 op, 919253384.00 ns, 438.3342 ns/op
WorkloadWarmup   8: 2097152 op, 920967489.00 ns, 439.1515 ns/op
WorkloadWarmup   9: 2097152 op, 918869978.00 ns, 438.1513 ns/op

// BeforeActualRun
WorkloadActual   1: 2097152 op, 919448835.00 ns, 438.4274 ns/op
WorkloadActual   2: 2097152 op, 918675228.00 ns, 438.0585 ns/op
WorkloadActual   3: 2097152 op, 922095457.00 ns, 439.6894 ns/op
WorkloadActual   4: 2097152 op, 918325475.00 ns, 437.8917 ns/op
WorkloadActual   5: 2097152 op, 920865077.00 ns, 439.1027 ns/op
WorkloadActual   6: 2097152 op, 921465634.00 ns, 439.3891 ns/op
WorkloadActual   7: 2097152 op, 921536022.00 ns, 439.4226 ns/op
WorkloadActual   8: 2097152 op, 918697473.00 ns, 438.0691 ns/op
WorkloadActual   9: 2097152 op, 919368050.00 ns, 438.3888 ns/op
WorkloadActual  10: 2097152 op, 919985906.00 ns, 438.6835 ns/op
WorkloadActual  11: 2097152 op, 921285002.00 ns, 439.3029 ns/op
WorkloadActual  12: 2097152 op, 919863023.00 ns, 438.6249 ns/op
WorkloadActual  13: 2097152 op, 919681057.00 ns, 438.5381 ns/op
WorkloadActual  14: 2097152 op, 920884812.00 ns, 439.1121 ns/op
WorkloadActual  15: 2097152 op, 921407870.00 ns, 439.3615 ns/op

// AfterActualRun
WorkloadResult   1: 2097152 op, 911090001.00 ns, 434.4416 ns/op
WorkloadResult   2: 2097152 op, 910316394.00 ns, 434.0727 ns/op
WorkloadResult   3: 2097152 op, 913736623.00 ns, 435.7036 ns/op
WorkloadResult   4: 2097152 op, 909966641.00 ns, 433.9059 ns/op
WorkloadResult   5: 2097152 op, 912506243.00 ns, 435.1169 ns/op
WorkloadResult   6: 2097152 op, 913106800.00 ns, 435.4033 ns/op
WorkloadResult   7: 2097152 op, 913177188.00 ns, 435.4368 ns/op
WorkloadResult   8: 2097152 op, 910338639.00 ns, 434.0833 ns/op
WorkloadResult   9: 2097152 op, 911009216.00 ns, 434.4030 ns/op
WorkloadResult  10: 2097152 op, 911627072.00 ns, 434.6977 ns/op
WorkloadResult  11: 2097152 op, 912926168.00 ns, 435.3171 ns/op
WorkloadResult  12: 2097152 op, 911504189.00 ns, 434.6391 ns/op
WorkloadResult  13: 2097152 op, 911322223.00 ns, 434.5523 ns/op
WorkloadResult  14: 2097152 op, 912525978.00 ns, 435.1263 ns/op
WorkloadResult  15: 2097152 op, 913049036.00 ns, 435.3757 ns/op
// GC:  0 0 0 0 2097152
// Threading:  0 0 2097152

// AfterAll
// Benchmark Process 2738 has exited with code 0.

Mean = 434.818 ns, StdErr = 0.148 ns (0.03%), N = 15, StdDev = 0.574 ns
Min = 433.906 ns, Q1 = 434.422 ns, Median = 434.698 ns, Q3 = 435.346 ns, Max = 435.704 ns
IQR = 0.924 ns, LowerFence = 433.036 ns, UpperFence = 436.733 ns
ConfidenceInterval = [434.205 ns; 435.432 ns] (CI 99.9%), Margin = 0.614 ns (0.14% of Mean)
Skewness = -0.08, Kurtosis = 1.48, MValue = 2

// ** Remained 7 (70.0 %) benchmark(s) to run. Estimated finish 2026-02-24 4:32 (0h 2m from now) **
// **************************
// Benchmark: BulkRenderBenchmark.Optimized_DrawString_Long: DefaultJob
// *** Execute ***
// Launch: 1 / 1
// Execute: dotnet Tedd.TUI.Benchmarks-DefaultJob-1.dll --anonymousPipes 127 128 --benchmarkName Tedd.TUI.Benchmarks.BulkRenderBenchmark.Optimized_DrawString_Long --job Default --benchmarkId 3 in /app/src/Tedd.TUI.Benchmarks/bin/Release/net10.0/Tedd.TUI.Benchmarks-DefaultJob-1/bin/Release/net10.0
// Failed to set up high priority (Permission denied). In order to run benchmarks with high priority, make sure you have the right permissions.
// BeforeAnythingElse

// Benchmark Process Environment Information:
// BenchmarkDotNet v0.15.8
// Runtime=.NET 10.0.0 (10.0.0, 10.0.25.52411), X64 RyuJIT x86-64-v3
// GC=Concurrent Workstation
// HardwareIntrinsics=AVX2+BMI1+BMI2+F16C+FMA+LZCNT+MOVBE,AVX,SSE3+SSSE3+SSE4.1+SSE4.2+POPCNT,X86Base+SSE+SSE2,AES+PCLMUL VectorSize=256
// Job: DefaultJob

OverheadJitting  1: 1 op, 231079.00 ns, 231.0790 us/op
WorkloadJitting  1: 1 op, 870866.00 ns, 870.8660 us/op

OverheadJitting  2: 16 op, 312071.00 ns, 19.5044 us/op
WorkloadJitting  2: 16 op, 353106.00 ns, 22.0691 us/op

WorkloadPilot    1: 16 op, 42731.00 ns, 2.6707 us/op
WorkloadPilot    2: 32 op, 81174.00 ns, 2.5367 us/op
WorkloadPilot    3: 64 op, 201575.00 ns, 3.1496 us/op
WorkloadPilot    4: 128 op, 392704.00 ns, 3.0680 us/op
WorkloadPilot    5: 256 op, 591074.00 ns, 2.3089 us/op
WorkloadPilot    6: 512 op, 1169664.00 ns, 2.2845 us/op
WorkloadPilot    7: 1024 op, 2275919.00 ns, 2.2226 us/op
WorkloadPilot    8: 2048 op, 4594125.00 ns, 2.2432 us/op
WorkloadPilot    9: 4096 op, 9086194.00 ns, 2.2183 us/op
WorkloadPilot   10: 8192 op, 18204631.00 ns, 2.2222 us/op
WorkloadPilot   11: 16384 op, 36165364.00 ns, 2.2074 us/op
WorkloadPilot   12: 32768 op, 72127516.00 ns, 2.2012 us/op
WorkloadPilot   13: 65536 op, 56700168.00 ns, 865.1759 ns/op
WorkloadPilot   14: 131072 op, 33000541.00 ns, 251.7741 ns/op
WorkloadPilot   15: 262144 op, 65836609.00 ns, 251.1467 ns/op
WorkloadPilot   16: 524288 op, 131439536.00 ns, 250.7010 ns/op
WorkloadPilot   17: 1048576 op, 263230011.00 ns, 251.0357 ns/op
WorkloadPilot   18: 2097152 op, 525796151.00 ns, 250.7191 ns/op

OverheadWarmup   1: 2097152 op, 8412591.00 ns, 4.0114 ns/op
OverheadWarmup   2: 2097152 op, 8374138.00 ns, 3.9931 ns/op
OverheadWarmup   3: 2097152 op, 8374676.00 ns, 3.9934 ns/op
OverheadWarmup   4: 2097152 op, 8319031.00 ns, 3.9668 ns/op
OverheadWarmup   5: 2097152 op, 8392182.00 ns, 4.0017 ns/op
OverheadWarmup   6: 2097152 op, 8341236.00 ns, 3.9774 ns/op

OverheadActual   1: 2097152 op, 8377319.00 ns, 3.9946 ns/op
OverheadActual   2: 2097152 op, 8407141.00 ns, 4.0088 ns/op
OverheadActual   3: 2097152 op, 8363083.00 ns, 3.9878 ns/op
OverheadActual   4: 2097152 op, 8357882.00 ns, 3.9853 ns/op
OverheadActual   5: 2097152 op, 8400446.00 ns, 4.0056 ns/op
OverheadActual   6: 2097152 op, 8418456.00 ns, 4.0142 ns/op
OverheadActual   7: 2097152 op, 8361354.00 ns, 3.9870 ns/op
OverheadActual   8: 2097152 op, 8360265.00 ns, 3.9865 ns/op
OverheadActual   9: 2097152 op, 8369594.00 ns, 3.9909 ns/op
OverheadActual  10: 2097152 op, 8352853.00 ns, 3.9830 ns/op
OverheadActual  11: 2097152 op, 8352322.00 ns, 3.9827 ns/op
OverheadActual  12: 2097152 op, 8414418.00 ns, 4.0123 ns/op
OverheadActual  13: 2097152 op, 8346378.00 ns, 3.9799 ns/op
OverheadActual  14: 2097152 op, 8361655.00 ns, 3.9871 ns/op
OverheadActual  15: 2097152 op, 8497871.00 ns, 4.0521 ns/op

WorkloadWarmup   1: 2097152 op, 526589939.00 ns, 251.0977 ns/op
WorkloadWarmup   2: 2097152 op, 529527599.00 ns, 252.4984 ns/op
WorkloadWarmup   3: 2097152 op, 524846858.00 ns, 250.2665 ns/op
WorkloadWarmup   4: 2097152 op, 526689337.00 ns, 251.1450 ns/op
WorkloadWarmup   5: 2097152 op, 524672676.00 ns, 250.1834 ns/op
WorkloadWarmup   6: 2097152 op, 525696095.00 ns, 250.6714 ns/op

// BeforeActualRun
WorkloadActual   1: 2097152 op, 525233833.00 ns, 250.4510 ns/op
WorkloadActual   2: 2097152 op, 525974303.00 ns, 250.8041 ns/op
WorkloadActual   3: 2097152 op, 525042614.00 ns, 250.3598 ns/op
WorkloadActual   4: 2097152 op, 526835386.00 ns, 251.2147 ns/op
WorkloadActual   5: 2097152 op, 524784515.00 ns, 250.2368 ns/op
WorkloadActual   6: 2097152 op, 525551622.00 ns, 250.6025 ns/op
WorkloadActual   7: 2097152 op, 525108628.00 ns, 250.3913 ns/op
WorkloadActual   8: 2097152 op, 526695169.00 ns, 251.1478 ns/op
WorkloadActual   9: 2097152 op, 526001457.00 ns, 250.8170 ns/op
WorkloadActual  10: 2097152 op, 526257455.00 ns, 250.9391 ns/op
WorkloadActual  11: 2097152 op, 526965334.00 ns, 251.2767 ns/op
WorkloadActual  12: 2097152 op, 525578553.00 ns, 250.6154 ns/op
WorkloadActual  13: 2097152 op, 524442891.00 ns, 250.0739 ns/op
WorkloadActual  14: 2097152 op, 527027830.00 ns, 251.3065 ns/op
WorkloadActual  15: 2097152 op, 524972021.00 ns, 250.3262 ns/op

// AfterActualRun
WorkloadResult   1: 2097152 op, 516870750.00 ns, 246.4632 ns/op
WorkloadResult   2: 2097152 op, 517611220.00 ns, 246.8163 ns/op
WorkloadResult   3: 2097152 op, 516679531.00 ns, 246.3720 ns/op
WorkloadResult   4: 2097152 op, 518472303.00 ns, 247.2269 ns/op
WorkloadResult   5: 2097152 op, 516421432.00 ns, 246.2489 ns/op
WorkloadResult   6: 2097152 op, 517188539.00 ns, 246.6147 ns/op
WorkloadResult   7: 2097152 op, 516745545.00 ns, 246.4035 ns/op
WorkloadResult   8: 2097152 op, 518332086.00 ns, 247.1600 ns/op
WorkloadResult   9: 2097152 op, 517638374.00 ns, 246.8292 ns/op
WorkloadResult  10: 2097152 op, 517894372.00 ns, 246.9513 ns/op
WorkloadResult  11: 2097152 op, 518602251.00 ns, 247.2888 ns/op
WorkloadResult  12: 2097152 op, 517215470.00 ns, 246.6276 ns/op
WorkloadResult  13: 2097152 op, 516079808.00 ns, 246.0860 ns/op
WorkloadResult  14: 2097152 op, 518664747.00 ns, 247.3186 ns/op
WorkloadResult  15: 2097152 op, 516608938.00 ns, 246.3383 ns/op
// GC:  0 0 0 0 2097152
// Threading:  0 0 2097152

// AfterAll
// Benchmark Process 2751 has exited with code 0.

Mean = 246.716 ns, StdErr = 0.104 ns (0.04%), N = 15, StdDev = 0.404 ns
Min = 246.086 ns, Q1 = 246.388 ns, Median = 246.628 ns, Q3 = 247.056 ns, Max = 247.319 ns
IQR = 0.668 ns, LowerFence = 245.386 ns, UpperFence = 248.057 ns
ConfidenceInterval = [246.285 ns; 247.148 ns] (CI 99.9%), Margin = 0.432 ns (0.17% of Mean)
Skewness = 0.15, Kurtosis = 1.51, MValue = 2

// ** Remained 6 (60.0 %) benchmark(s) to run. Estimated finish 2026-02-24 4:32 (0h 1m from now) **
// **************************
// Benchmark: BulkRenderBenchmark.Baseline_DrawHLine: DefaultJob
// *** Execute ***
// Launch: 1 / 1
// Execute: dotnet Tedd.TUI.Benchmarks-DefaultJob-1.dll --anonymousPipes 127 128 --benchmarkName Tedd.TUI.Benchmarks.BulkRenderBenchmark.Baseline_DrawHLine --job Default --benchmarkId 4 in /app/src/Tedd.TUI.Benchmarks/bin/Release/net10.0/Tedd.TUI.Benchmarks-DefaultJob-1/bin/Release/net10.0
// Failed to set up high priority (Permission denied). In order to run benchmarks with high priority, make sure you have the right permissions.
// BeforeAnythingElse

// Benchmark Process Environment Information:
// BenchmarkDotNet v0.15.8
// Runtime=.NET 10.0.0 (10.0.0, 10.0.25.52411), X64 RyuJIT x86-64-v3
// GC=Concurrent Workstation
// HardwareIntrinsics=AVX2+BMI1+BMI2+F16C+FMA+LZCNT+MOVBE,AVX,SSE3+SSSE3+SSE4.1+SSE4.2+POPCNT,X86Base+SSE+SSE2,AES+PCLMUL VectorSize=256
// Job: DefaultJob

OverheadJitting  1: 1 op, 227497.00 ns, 227.4970 us/op
WorkloadJitting  1: 1 op, 498615.00 ns, 498.6150 us/op

OverheadJitting  2: 16 op, 305605.00 ns, 19.1003 us/op
WorkloadJitting  2: 16 op, 346592.00 ns, 21.6620 us/op

WorkloadPilot    1: 16 op, 48732.00 ns, 3.0458 us/op
WorkloadPilot    2: 32 op, 96094.00 ns, 3.0029 us/op
WorkloadPilot    3: 64 op, 205856.00 ns, 3.2165 us/op
WorkloadPilot    4: 128 op, 413734.00 ns, 3.2323 us/op
WorkloadPilot    5: 256 op, 732693.00 ns, 2.8621 us/op
WorkloadPilot    6: 512 op, 1380732.00 ns, 2.6967 us/op
WorkloadPilot    7: 1024 op, 2781358.00 ns, 2.7162 us/op
WorkloadPilot    8: 2048 op, 5478104.00 ns, 2.6749 us/op
WorkloadPilot    9: 4096 op, 10953109.00 ns, 2.6741 us/op
WorkloadPilot   10: 8192 op, 21836715.00 ns, 2.6656 us/op
WorkloadPilot   11: 16384 op, 43583768.00 ns, 2.6601 us/op
WorkloadPilot   12: 32768 op, 87189189.00 ns, 2.6608 us/op
WorkloadPilot   13: 65536 op, 28812361.00 ns, 439.6417 ns/op
WorkloadPilot   14: 131072 op, 26013044.00 ns, 198.4638 ns/op
WorkloadPilot   15: 262144 op, 51762849.00 ns, 197.4596 ns/op
WorkloadPilot   16: 524288 op, 103415102.00 ns, 197.2487 ns/op
WorkloadPilot   17: 1048576 op, 206448538.00 ns, 196.8847 ns/op
WorkloadPilot   18: 2097152 op, 413588998.00 ns, 197.2146 ns/op
WorkloadPilot   19: 4194304 op, 827193727.00 ns, 197.2184 ns/op

OverheadWarmup   1: 4194304 op, 16765448.00 ns, 3.9972 ns/op
OverheadWarmup   2: 4194304 op, 16673775.00 ns, 3.9753 ns/op
OverheadWarmup   3: 4194304 op, 16719507.00 ns, 3.9862 ns/op
OverheadWarmup   4: 4194304 op, 16729109.00 ns, 3.9885 ns/op
OverheadWarmup   5: 4194304 op, 16716810.00 ns, 3.9856 ns/op
OverheadWarmup   6: 4194304 op, 16728512.00 ns, 3.9884 ns/op
OverheadWarmup   7: 4194304 op, 16793251.00 ns, 4.0038 ns/op
OverheadWarmup   8: 4194304 op, 16697277.00 ns, 3.9809 ns/op

OverheadActual   1: 4194304 op, 16728028.00 ns, 3.9883 ns/op
OverheadActual   2: 4194304 op, 16743178.00 ns, 3.9919 ns/op
OverheadActual   3: 4194304 op, 16708848.00 ns, 3.9837 ns/op
OverheadActual   4: 4194304 op, 16804436.00 ns, 4.0065 ns/op
OverheadActual   5: 4194304 op, 16700192.00 ns, 3.9816 ns/op
OverheadActual   6: 4194304 op, 16753015.00 ns, 3.9942 ns/op
OverheadActual   7: 4194304 op, 16968352.00 ns, 4.0456 ns/op
OverheadActual   8: 4194304 op, 16751552.00 ns, 3.9939 ns/op
OverheadActual   9: 4194304 op, 16759058.00 ns, 3.9957 ns/op
OverheadActual  10: 4194304 op, 16870300.00 ns, 4.0222 ns/op
OverheadActual  11: 4194304 op, 16720689.00 ns, 3.9865 ns/op
OverheadActual  12: 4194304 op, 16756886.00 ns, 3.9952 ns/op
OverheadActual  13: 4194304 op, 16706817.00 ns, 3.9832 ns/op
OverheadActual  14: 4194304 op, 16232565.00 ns, 3.8701 ns/op
OverheadActual  15: 4194304 op, 10365242.00 ns, 2.4713 ns/op
OverheadActual  16: 4194304 op, 10360093.00 ns, 2.4700 ns/op
OverheadActual  17: 4194304 op, 10335144.00 ns, 2.4641 ns/op
OverheadActual  18: 4194304 op, 10302665.00 ns, 2.4563 ns/op
OverheadActual  19: 4194304 op, 10290142.00 ns, 2.4534 ns/op
OverheadActual  20: 4194304 op, 10308046.00 ns, 2.4576 ns/op

WorkloadWarmup   1: 4194304 op, 826246375.00 ns, 196.9925 ns/op
WorkloadWarmup   2: 4194304 op, 826301865.00 ns, 197.0057 ns/op
WorkloadWarmup   3: 4194304 op, 826568432.00 ns, 197.0693 ns/op
WorkloadWarmup   4: 4194304 op, 828574768.00 ns, 197.5476 ns/op
WorkloadWarmup   5: 4194304 op, 832255734.00 ns, 198.4252 ns/op
WorkloadWarmup   6: 4194304 op, 830845727.00 ns, 198.0891 ns/op
WorkloadWarmup   7: 4194304 op, 829659464.00 ns, 197.8062 ns/op
WorkloadWarmup   8: 4194304 op, 828800693.00 ns, 197.6015 ns/op
WorkloadWarmup   9: 4194304 op, 831111005.00 ns, 198.1523 ns/op
WorkloadWarmup  10: 4194304 op, 829318138.00 ns, 197.7249 ns/op

// BeforeActualRun
WorkloadActual   1: 4194304 op, 830409979.00 ns, 197.9852 ns/op
WorkloadActual   2: 4194304 op, 829774457.00 ns, 197.8336 ns/op
WorkloadActual   3: 4194304 op, 830246343.00 ns, 197.9462 ns/op
WorkloadActual   4: 4194304 op, 828081771.00 ns, 197.4301 ns/op
WorkloadActual   5: 4194304 op, 829952361.00 ns, 197.8761 ns/op
WorkloadActual   6: 4194304 op, 829999239.00 ns, 197.8872 ns/op
WorkloadActual   7: 4194304 op, 829514137.00 ns, 197.7716 ns/op
WorkloadActual   8: 4194304 op, 828982400.00 ns, 197.6448 ns/op
WorkloadActual   9: 4194304 op, 828051719.00 ns, 197.4229 ns/op
WorkloadActual  10: 4194304 op, 829670096.00 ns, 197.8088 ns/op
WorkloadActual  11: 4194304 op, 829566290.00 ns, 197.7840 ns/op
WorkloadActual  12: 4194304 op, 828520182.00 ns, 197.5346 ns/op
WorkloadActual  13: 4194304 op, 826780827.00 ns, 197.1199 ns/op
WorkloadActual  14: 4194304 op, 826591768.00 ns, 197.0748 ns/op
WorkloadActual  15: 4194304 op, 826757244.00 ns, 197.1143 ns/op

// AfterActualRun
WorkloadResult   1: 4194304 op, 813695210.50 ns, 194.0001 ns/op
WorkloadResult   2: 4194304 op, 813059688.50 ns, 193.8485 ns/op
WorkloadResult   3: 4194304 op, 813531574.50 ns, 193.9610 ns/op
WorkloadResult   4: 4194304 op, 811367002.50 ns, 193.4450 ns/op
WorkloadResult   5: 4194304 op, 813237592.50 ns, 193.8910 ns/op
WorkloadResult   6: 4194304 op, 813284470.50 ns, 193.9021 ns/op
WorkloadResult   7: 4194304 op, 812799368.50 ns, 193.7865 ns/op
WorkloadResult   8: 4194304 op, 812267631.50 ns, 193.6597 ns/op
WorkloadResult   9: 4194304 op, 811336950.50 ns, 193.4378 ns/op
WorkloadResult  10: 4194304 op, 812955327.50 ns, 193.8237 ns/op
WorkloadResult  11: 4194304 op, 812851521.50 ns, 193.7989 ns/op
WorkloadResult  12: 4194304 op, 811805413.50 ns, 193.5495 ns/op
WorkloadResult  13: 4194304 op, 810066058.50 ns, 193.1348 ns/op
WorkloadResult  14: 4194304 op, 809876999.50 ns, 193.0897 ns/op
WorkloadResult  15: 4194304 op, 810042475.50 ns, 193.1292 ns/op
// GC:  0 0 0 0 4194304
// Threading:  0 0 4194304

// AfterAll
// Benchmark Process 2766 has exited with code 0.

Mean = 193.630 ns, StdErr = 0.081 ns (0.04%), N = 15, StdDev = 0.315 ns
Min = 193.090 ns, Q1 = 193.441 ns, Median = 193.786 ns, Q3 = 193.870 ns, Max = 194.000 ns
IQR = 0.428 ns, LowerFence = 192.799 ns, UpperFence = 194.512 ns
ConfidenceInterval = [193.293 ns; 193.968 ns] (CI 99.9%), Margin = 0.337 ns (0.17% of Mean)
Skewness = -0.57, Kurtosis = 1.73, MValue = 2

// ** Remained 5 (50.0 %) benchmark(s) to run. Estimated finish 2026-02-24 4:32 (0h 1m from now) **
// **************************
// Benchmark: BulkRenderBenchmark.Optimized_DrawHLine: DefaultJob
// *** Execute ***
// Launch: 1 / 1
// Execute: dotnet Tedd.TUI.Benchmarks-DefaultJob-1.dll --anonymousPipes 127 128 --benchmarkName Tedd.TUI.Benchmarks.BulkRenderBenchmark.Optimized_DrawHLine --job Default --benchmarkId 5 in /app/src/Tedd.TUI.Benchmarks/bin/Release/net10.0/Tedd.TUI.Benchmarks-DefaultJob-1/bin/Release/net10.0
// Failed to set up high priority (Permission denied). In order to run benchmarks with high priority, make sure you have the right permissions.
// BeforeAnythingElse

// Benchmark Process Environment Information:
// BenchmarkDotNet v0.15.8
// Runtime=.NET 10.0.0 (10.0.0, 10.0.25.52411), X64 RyuJIT x86-64-v3
// GC=Concurrent Workstation
// HardwareIntrinsics=AVX2+BMI1+BMI2+F16C+FMA+LZCNT+MOVBE,AVX,SSE3+SSSE3+SSE4.1+SSE4.2+POPCNT,X86Base+SSE+SSE2,AES+PCLMUL VectorSize=256
// Job: DefaultJob

OverheadJitting  1: 1 op, 220359.00 ns, 220.3590 us/op
WorkloadJitting  1: 1 op, 814914.00 ns, 814.9140 us/op

OverheadJitting  2: 16 op, 301842.00 ns, 18.8651 us/op
WorkloadJitting  2: 16 op, 353537.00 ns, 22.0961 us/op

WorkloadPilot    1: 16 op, 6590.00 ns, 411.8750 ns/op
WorkloadPilot    2: 32 op, 10695.00 ns, 334.2188 ns/op
WorkloadPilot    3: 64 op, 19453.00 ns, 303.9531 ns/op
WorkloadPilot    4: 128 op, 37436.00 ns, 292.4688 ns/op
WorkloadPilot    5: 256 op, 94143.00 ns, 367.7461 ns/op
WorkloadPilot    6: 512 op, 191270.00 ns, 373.5742 ns/op
WorkloadPilot    7: 1024 op, 333910.00 ns, 326.0840 ns/op
WorkloadPilot    8: 2048 op, 662978.00 ns, 323.7197 ns/op
WorkloadPilot    9: 4096 op, 1283231.00 ns, 313.2888 ns/op
WorkloadPilot   10: 8192 op, 2603525.00 ns, 317.8131 ns/op
WorkloadPilot   11: 16384 op, 4824353.00 ns, 294.4551 ns/op
WorkloadPilot   12: 32768 op, 9291767.00 ns, 283.5622 ns/op
WorkloadPilot   13: 65536 op, 18005651.00 ns, 274.7444 ns/op
WorkloadPilot   14: 131072 op, 35534203.00 ns, 271.1045 ns/op
WorkloadPilot   15: 262144 op, 44607011.00 ns, 170.1622 ns/op
WorkloadPilot   16: 524288 op, 60892423.00 ns, 116.1431 ns/op
WorkloadPilot   17: 1048576 op, 121779057.00 ns, 116.1376 ns/op
WorkloadPilot   18: 2097152 op, 243562184.00 ns, 116.1395 ns/op
WorkloadPilot   19: 4194304 op, 487270662.00 ns, 116.1744 ns/op
WorkloadPilot   20: 8388608 op, 972818211.00 ns, 115.9690 ns/op

OverheadWarmup   1: 8388608 op, 33324382.00 ns, 3.9726 ns/op
OverheadWarmup   2: 8388608 op, 33341783.00 ns, 3.9747 ns/op
OverheadWarmup   3: 8388608 op, 33287633.00 ns, 3.9682 ns/op
OverheadWarmup   4: 8388608 op, 33405521.00 ns, 3.9822 ns/op
OverheadWarmup   5: 8388608 op, 33283273.00 ns, 3.9677 ns/op

OverheadActual   1: 8388608 op, 33376399.00 ns, 3.9788 ns/op
OverheadActual   2: 8388608 op, 33325968.00 ns, 3.9728 ns/op
OverheadActual   3: 8388608 op, 33382289.00 ns, 3.9795 ns/op
OverheadActual   4: 8388608 op, 33319803.00 ns, 3.9720 ns/op
OverheadActual   5: 8388608 op, 33346887.00 ns, 3.9753 ns/op
OverheadActual   6: 8388608 op, 33492514.00 ns, 3.9926 ns/op
OverheadActual   7: 8388608 op, 33442001.00 ns, 3.9866 ns/op
OverheadActual   8: 8388608 op, 33294919.00 ns, 3.9691 ns/op
OverheadActual   9: 8388608 op, 33245117.00 ns, 3.9631 ns/op
OverheadActual  10: 8388608 op, 23808638.00 ns, 2.8382 ns/op
OverheadActual  11: 8388608 op, 20593555.00 ns, 2.4549 ns/op
OverheadActual  12: 8388608 op, 20540565.00 ns, 2.4486 ns/op
OverheadActual  13: 8388608 op, 20467284.00 ns, 2.4399 ns/op
OverheadActual  14: 8388608 op, 20525212.00 ns, 2.4468 ns/op
OverheadActual  15: 8388608 op, 20460011.00 ns, 2.4390 ns/op
OverheadActual  16: 8388608 op, 20575934.00 ns, 2.4528 ns/op
OverheadActual  17: 8388608 op, 20550803.00 ns, 2.4498 ns/op
OverheadActual  18: 8388608 op, 20553092.00 ns, 2.4501 ns/op
OverheadActual  19: 8388608 op, 20535572.00 ns, 2.4480 ns/op
OverheadActual  20: 8388608 op, 20503153.00 ns, 2.4442 ns/op

WorkloadWarmup   1: 8388608 op, 973158896.00 ns, 116.0096 ns/op
WorkloadWarmup   2: 8388608 op, 972637651.00 ns, 115.9474 ns/op
WorkloadWarmup   3: 8388608 op, 972384810.00 ns, 115.9173 ns/op
WorkloadWarmup   4: 8388608 op, 972650158.00 ns, 115.9489 ns/op
WorkloadWarmup   5: 8388608 op, 972890669.00 ns, 115.9776 ns/op
WorkloadWarmup   6: 8388608 op, 973228147.00 ns, 116.0178 ns/op
WorkloadWarmup   7: 8388608 op, 972437644.00 ns, 115.9236 ns/op
WorkloadWarmup   8: 8388608 op, 972200521.00 ns, 115.8953 ns/op
WorkloadWarmup   9: 8388608 op, 974662792.00 ns, 116.1889 ns/op
WorkloadWarmup  10: 8388608 op, 975243204.00 ns, 116.2580 ns/op
WorkloadWarmup  11: 8388608 op, 974793260.00 ns, 116.2044 ns/op

// BeforeActualRun
WorkloadActual   1: 8388608 op, 974953159.00 ns, 116.2235 ns/op
WorkloadActual   2: 8388608 op, 974203876.00 ns, 116.1342 ns/op
WorkloadActual   3: 8388608 op, 975340355.00 ns, 116.2696 ns/op
WorkloadActual   4: 8388608 op, 973689936.00 ns, 116.0729 ns/op
WorkloadActual   5: 8388608 op, 975054227.00 ns, 116.2355 ns/op
WorkloadActual   6: 8388608 op, 975251268.00 ns, 116.2590 ns/op
WorkloadActual   7: 8388608 op, 972985373.00 ns, 115.9889 ns/op
WorkloadActual   8: 8388608 op, 973063506.00 ns, 115.9982 ns/op
WorkloadActual   9: 8388608 op, 973365754.00 ns, 116.0342 ns/op
WorkloadActual  10: 8388608 op, 972661491.00 ns, 115.9503 ns/op
WorkloadActual  11: 8388608 op, 972612746.00 ns, 115.9445 ns/op
WorkloadActual  12: 8388608 op, 972469152.00 ns, 115.9274 ns/op
WorkloadActual  13: 8388608 op, 972513113.00 ns, 115.9326 ns/op
WorkloadActual  14: 8388608 op, 973158374.00 ns, 116.0095 ns/op
WorkloadActual  15: 8388608 op, 973128384.00 ns, 116.0059 ns/op

// AfterActualRun
WorkloadResult   1: 8388608 op, 952752062.50 ns, 113.5769 ns/op
WorkloadResult   2: 8388608 op, 952002779.50 ns, 113.4876 ns/op
WorkloadResult   3: 8388608 op, 953139258.50 ns, 113.6231 ns/op
WorkloadResult   4: 8388608 op, 951488839.50 ns, 113.4263 ns/op
WorkloadResult   5: 8388608 op, 952853130.50 ns, 113.5889 ns/op
WorkloadResult   6: 8388608 op, 953050171.50 ns, 113.6124 ns/op
WorkloadResult   7: 8388608 op, 950784276.50 ns, 113.3423 ns/op
WorkloadResult   8: 8388608 op, 950862409.50 ns, 113.3516 ns/op
WorkloadResult   9: 8388608 op, 951164657.50 ns, 113.3877 ns/op
WorkloadResult  10: 8388608 op, 950460394.50 ns, 113.3037 ns/op
WorkloadResult  11: 8388608 op, 950411649.50 ns, 113.2979 ns/op
WorkloadResult  12: 8388608 op, 950268055.50 ns, 113.2808 ns/op
WorkloadResult  13: 8388608 op, 950312016.50 ns, 113.2860 ns/op
WorkloadResult  14: 8388608 op, 950957277.50 ns, 113.3629 ns/op
WorkloadResult  15: 8388608 op, 950927287.50 ns, 113.3594 ns/op
// GC:  0 0 0 0 8388608
// Threading:  0 0 8388608

// AfterAll
// Benchmark Process 2776 has exited with code 0.

Mean = 113.419 ns, StdErr = 0.032 ns (0.03%), N = 15, StdDev = 0.125 ns
Min = 113.281 ns, Q1 = 113.323 ns, Median = 113.363 ns, Q3 = 113.532 ns, Max = 113.623 ns
IQR = 0.209 ns, LowerFence = 113.009 ns, UpperFence = 113.846 ns
ConfidenceInterval = [113.285 ns; 113.553 ns] (CI 99.9%), Margin = 0.134 ns (0.12% of Mean)
Skewness = 0.52, Kurtosis = 1.55, MValue = 2

// ** Remained 4 (40.0 %) benchmark(s) to run. Estimated finish 2026-02-24 4:32 (0h 1m from now) **
// **************************
// Benchmark: BulkRenderBenchmark.Baseline_DrawVLine: DefaultJob
// *** Execute ***
// Launch: 1 / 1
// Execute: dotnet Tedd.TUI.Benchmarks-DefaultJob-1.dll --anonymousPipes 127 128 --benchmarkName Tedd.TUI.Benchmarks.BulkRenderBenchmark.Baseline_DrawVLine --job Default --benchmarkId 6 in /app/src/Tedd.TUI.Benchmarks/bin/Release/net10.0/Tedd.TUI.Benchmarks-DefaultJob-1/bin/Release/net10.0
// Failed to set up high priority (Permission denied). In order to run benchmarks with high priority, make sure you have the right permissions.
// BeforeAnythingElse

// Benchmark Process Environment Information:
// BenchmarkDotNet v0.15.8
// Runtime=.NET 10.0.0 (10.0.0, 10.0.25.52411), X64 RyuJIT x86-64-v3
// GC=Concurrent Workstation
// HardwareIntrinsics=AVX2+BMI1+BMI2+F16C+FMA+LZCNT+MOVBE,AVX,SSE3+SSSE3+SSE4.1+SSE4.2+POPCNT,X86Base+SSE+SSE2,AES+PCLMUL VectorSize=256
// Job: DefaultJob

OverheadJitting  1: 1 op, 221332.00 ns, 221.3320 us/op
WorkloadJitting  1: 1 op, 527995.00 ns, 527.9950 us/op

OverheadJitting  2: 16 op, 336485.00 ns, 21.0303 us/op
WorkloadJitting  2: 16 op, 326499.00 ns, 20.4062 us/op

WorkloadPilot    1: 16 op, 26257.00 ns, 1.6411 us/op
WorkloadPilot    2: 32 op, 78833.00 ns, 2.4635 us/op
WorkloadPilot    3: 64 op, 125098.00 ns, 1.9547 us/op
WorkloadPilot    4: 128 op, 239287.00 ns, 1.8694 us/op
WorkloadPilot    5: 256 op, 418762.00 ns, 1.6358 us/op
WorkloadPilot    6: 512 op, 778307.00 ns, 1.5201 us/op
WorkloadPilot    7: 1024 op, 1427442.00 ns, 1.3940 us/op
WorkloadPilot    8: 2048 op, 2818599.00 ns, 1.3763 us/op
WorkloadPilot    9: 4096 op, 5599372.00 ns, 1.3670 us/op
WorkloadPilot   10: 8192 op, 11142265.00 ns, 1.3601 us/op
WorkloadPilot   11: 16384 op, 22111214.00 ns, 1.3496 us/op
WorkloadPilot   12: 32768 op, 44045001.00 ns, 1.3441 us/op
WorkloadPilot   13: 65536 op, 87937431.00 ns, 1.3418 us/op
WorkloadPilot   14: 131072 op, 28948140.00 ns, 220.8568 ns/op
WorkloadPilot   15: 262144 op, 23444697.00 ns, 89.4344 ns/op
WorkloadPilot   16: 524288 op, 46796825.00 ns, 89.2579 ns/op
WorkloadPilot   17: 1048576 op, 93746416.00 ns, 89.4035 ns/op
WorkloadPilot   18: 2097152 op, 187595285.00 ns, 89.4524 ns/op
WorkloadPilot   19: 4194304 op, 375155862.00 ns, 89.4441 ns/op
WorkloadPilot   20: 8388608 op, 749491684.00 ns, 89.3464 ns/op

OverheadWarmup   1: 8388608 op, 33336885.00 ns, 3.9741 ns/op
OverheadWarmup   2: 8388608 op, 33328633.00 ns, 3.9731 ns/op
OverheadWarmup   3: 8388608 op, 33371286.00 ns, 3.9782 ns/op
OverheadWarmup   4: 8388608 op, 33350282.00 ns, 3.9757 ns/op
OverheadWarmup   5: 8388608 op, 33399174.00 ns, 3.9815 ns/op
OverheadWarmup   6: 8388608 op, 33404575.00 ns, 3.9821 ns/op
OverheadWarmup   7: 8388608 op, 33363990.00 ns, 3.9773 ns/op

OverheadActual   1: 8388608 op, 33304380.00 ns, 3.9702 ns/op
OverheadActual   2: 8388608 op, 33437246.00 ns, 3.9860 ns/op
OverheadActual   3: 8388608 op, 33321453.00 ns, 3.9722 ns/op
OverheadActual   4: 8388608 op, 33370328.00 ns, 3.9781 ns/op
OverheadActual   5: 8388608 op, 33372732.00 ns, 3.9783 ns/op
OverheadActual   6: 8388608 op, 33354204.00 ns, 3.9761 ns/op
OverheadActual   7: 8388608 op, 33337724.00 ns, 3.9742 ns/op
OverheadActual   8: 8388608 op, 23882421.00 ns, 2.8470 ns/op
OverheadActual   9: 8388608 op, 20553614.00 ns, 2.4502 ns/op
OverheadActual  10: 8388608 op, 20509465.00 ns, 2.4449 ns/op
OverheadActual  11: 8388608 op, 20529712.00 ns, 2.4473 ns/op
OverheadActual  12: 8388608 op, 20478719.00 ns, 2.4413 ns/op
OverheadActual  13: 8388608 op, 20504100.00 ns, 2.4443 ns/op
OverheadActual  14: 8388608 op, 20437258.00 ns, 2.4363 ns/op
OverheadActual  15: 8388608 op, 20571297.00 ns, 2.4523 ns/op
OverheadActual  16: 8388608 op, 20647496.00 ns, 2.4614 ns/op
OverheadActual  17: 8388608 op, 20642990.00 ns, 2.4608 ns/op
OverheadActual  18: 8388608 op, 20572321.00 ns, 2.4524 ns/op
OverheadActual  19: 8388608 op, 20551622.00 ns, 2.4499 ns/op
OverheadActual  20: 8388608 op, 20573602.00 ns, 2.4526 ns/op

WorkloadWarmup   1: 8388608 op, 751447653.00 ns, 89.5795 ns/op
WorkloadWarmup   2: 8388608 op, 749805212.00 ns, 89.3837 ns/op
WorkloadWarmup   3: 8388608 op, 749398707.00 ns, 89.3353 ns/op
WorkloadWarmup   4: 8388608 op, 750233908.00 ns, 89.4349 ns/op
WorkloadWarmup   5: 8388608 op, 749257698.00 ns, 89.3185 ns/op
WorkloadWarmup   6: 8388608 op, 750383817.00 ns, 89.4527 ns/op
WorkloadWarmup   7: 8388608 op, 749939750.00 ns, 89.3998 ns/op

// BeforeActualRun
WorkloadActual   1: 8388608 op, 750174865.00 ns, 89.4278 ns/op
WorkloadActual   2: 8388608 op, 749312519.00 ns, 89.3250 ns/op
WorkloadActual   3: 8388608 op, 749430363.00 ns, 89.3391 ns/op
WorkloadActual   4: 8388608 op, 752129220.00 ns, 89.6608 ns/op
WorkloadActual   5: 8388608 op, 750714949.00 ns, 89.4922 ns/op
WorkloadActual   6: 8388608 op, 750258019.00 ns, 89.4377 ns/op
WorkloadActual   7: 8388608 op, 753323809.00 ns, 89.8032 ns/op
WorkloadActual   8: 8388608 op, 753210546.00 ns, 89.7897 ns/op
WorkloadActual   9: 8388608 op, 749971420.00 ns, 89.4036 ns/op
WorkloadActual  10: 8388608 op, 752197685.00 ns, 89.6690 ns/op
WorkloadActual  11: 8388608 op, 750218544.00 ns, 89.4330 ns/op
WorkloadActual  12: 8388608 op, 750751513.00 ns, 89.4966 ns/op
WorkloadActual  13: 8388608 op, 749381021.00 ns, 89.3332 ns/op
WorkloadActual  14: 8388608 op, 748926048.00 ns, 89.2789 ns/op
WorkloadActual  15: 8388608 op, 748546757.00 ns, 89.2337 ns/op

// AfterActualRun
WorkloadResult   1: 8388608 op, 729566569.00 ns, 86.9711 ns/op
WorkloadResult   2: 8388608 op, 728704223.00 ns, 86.8683 ns/op
WorkloadResult   3: 8388608 op, 728822067.00 ns, 86.8824 ns/op
WorkloadResult   4: 8388608 op, 731520924.00 ns, 87.2041 ns/op
WorkloadResult   5: 8388608 op, 730106653.00 ns, 87.0355 ns/op
WorkloadResult   6: 8388608 op, 729649723.00 ns, 86.9810 ns/op
WorkloadResult   7: 8388608 op, 732715513.00 ns, 87.3465 ns/op
WorkloadResult   8: 8388608 op, 732602250.00 ns, 87.3330 ns/op
WorkloadResult   9: 8388608 op, 729363124.00 ns, 86.9469 ns/op
WorkloadResult  10: 8388608 op, 731589389.00 ns, 87.2123 ns/op
WorkloadResult  11: 8388608 op, 729610248.00 ns, 86.9763 ns/op
WorkloadResult  12: 8388608 op, 730143217.00 ns, 87.0399 ns/op
WorkloadResult  13: 8388608 op, 728772725.00 ns, 86.8765 ns/op
WorkloadResult  14: 8388608 op, 728317752.00 ns, 86.8222 ns/op
WorkloadResult  15: 8388608 op, 727938461.00 ns, 86.7770 ns/op
// GC:  0 0 0 0 8388608
// Threading:  0 0 8388608

// AfterAll
// Benchmark Process 2787 has exited with code 0.

Mean = 87.018 ns, StdErr = 0.046 ns (0.05%), N = 15, StdDev = 0.179 ns
Min = 86.777 ns, Q1 = 86.879 ns, Median = 86.976 ns, Q3 = 87.122 ns, Max = 87.346 ns
IQR = 0.243 ns, LowerFence = 86.516 ns, UpperFence = 87.486 ns
ConfidenceInterval = [86.827 ns; 87.209 ns] (CI 99.9%), Margin = 0.191 ns (0.22% of Mean)
Skewness = 0.58, Kurtosis = 1.97, MValue = 2

// ** Remained 3 (30.0 %) benchmark(s) to run. Estimated finish 2026-02-24 4:32 (0h 1m from now) **
// **************************
// Benchmark: BulkRenderBenchmark.Optimized_DrawVLine: DefaultJob
// *** Execute ***
// Launch: 1 / 1
// Execute: dotnet Tedd.TUI.Benchmarks-DefaultJob-1.dll --anonymousPipes 127 128 --benchmarkName Tedd.TUI.Benchmarks.BulkRenderBenchmark.Optimized_DrawVLine --job Default --benchmarkId 7 in /app/src/Tedd.TUI.Benchmarks/bin/Release/net10.0/Tedd.TUI.Benchmarks-DefaultJob-1/bin/Release/net10.0
// Failed to set up high priority (Permission denied). In order to run benchmarks with high priority, make sure you have the right permissions.
// BeforeAnythingElse

// Benchmark Process Environment Information:
// BenchmarkDotNet v0.15.8
// Runtime=.NET 10.0.0 (10.0.0, 10.0.25.52411), X64 RyuJIT x86-64-v3
// GC=Concurrent Workstation
// HardwareIntrinsics=AVX2+BMI1+BMI2+F16C+FMA+LZCNT+MOVBE,AVX,SSE3+SSSE3+SSE4.1+SSE4.2+POPCNT,X86Base+SSE+SSE2,AES+PCLMUL VectorSize=256
// Job: DefaultJob

OverheadJitting  1: 1 op, 224881.00 ns, 224.8810 us/op
WorkloadJitting  1: 1 op, 590996.00 ns, 590.9960 us/op

OverheadJitting  2: 16 op, 305951.00 ns, 19.1219 us/op
WorkloadJitting  2: 16 op, 312239.00 ns, 19.5149 us/op

WorkloadPilot    1: 16 op, 13177.00 ns, 823.5625 ns/op
WorkloadPilot    2: 32 op, 24193.00 ns, 756.0313 ns/op
WorkloadPilot    3: 64 op, 46129.00 ns, 720.7656 ns/op
WorkloadPilot    4: 128 op, 143002.00 ns, 1.1172 us/op
WorkloadPilot    5: 256 op, 226241.00 ns, 883.7539 ns/op
WorkloadPilot    6: 512 op, 339163.00 ns, 662.4277 ns/op
WorkloadPilot    7: 1024 op, 546063.00 ns, 533.2646 ns/op
WorkloadPilot    8: 2048 op, 1039999.00 ns, 507.8120 ns/op
WorkloadPilot    9: 4096 op, 2036016.00 ns, 497.0742 ns/op
WorkloadPilot   10: 8192 op, 4119498.00 ns, 502.8684 ns/op
WorkloadPilot   11: 16384 op, 8069214.00 ns, 492.5057 ns/op
WorkloadPilot   12: 32768 op, 15754363.00 ns, 480.7850 ns/op
WorkloadPilot   13: 65536 op, 31199112.00 ns, 476.0607 ns/op
WorkloadPilot   14: 131072 op, 35559177.00 ns, 271.2950 ns/op
WorkloadPilot   15: 262144 op, 17313542.00 ns, 66.0459 ns/op
WorkloadPilot   16: 524288 op, 34571577.00 ns, 65.9401 ns/op
WorkloadPilot   17: 1048576 op, 69686075.00 ns, 66.4578 ns/op
WorkloadPilot   18: 2097152 op, 138531258.00 ns, 66.0569 ns/op
WorkloadPilot   19: 4194304 op, 279591452.00 ns, 66.6598 ns/op
WorkloadPilot   20: 8388608 op, 553612618.00 ns, 65.9958 ns/op

OverheadWarmup   1: 8388608 op, 33615607.00 ns, 4.0073 ns/op
OverheadWarmup   2: 8388608 op, 33580740.00 ns, 4.0031 ns/op
OverheadWarmup   3: 8388608 op, 33547594.00 ns, 3.9992 ns/op
OverheadWarmup   4: 8388608 op, 33492618.00 ns, 3.9926 ns/op
OverheadWarmup   5: 8388608 op, 33432367.00 ns, 3.9854 ns/op
OverheadWarmup   6: 8388608 op, 33386463.00 ns, 3.9800 ns/op
OverheadWarmup   7: 8388608 op, 33650677.00 ns, 4.0115 ns/op
OverheadWarmup   8: 8388608 op, 33562062.00 ns, 4.0009 ns/op
OverheadWarmup   9: 8388608 op, 30082435.00 ns, 3.5861 ns/op
OverheadWarmup  10: 8388608 op, 20799046.00 ns, 2.4794 ns/op

OverheadActual   1: 8388608 op, 20628000.00 ns, 2.4590 ns/op
OverheadActual   2: 8388608 op, 20555601.00 ns, 2.4504 ns/op
OverheadActual   3: 8388608 op, 20583878.00 ns, 2.4538 ns/op
OverheadActual   4: 8388608 op, 20524309.00 ns, 2.4467 ns/op
OverheadActual   5: 8388608 op, 20578245.00 ns, 2.4531 ns/op
OverheadActual   6: 8388608 op, 20576872.00 ns, 2.4530 ns/op
OverheadActual   7: 8388608 op, 20616167.00 ns, 2.4576 ns/op
OverheadActual   8: 8388608 op, 20511522.00 ns, 2.4452 ns/op
OverheadActual   9: 8388608 op, 20566457.00 ns, 2.4517 ns/op
OverheadActual  10: 8388608 op, 20660605.00 ns, 2.4629 ns/op
OverheadActual  11: 8388608 op, 20689760.00 ns, 2.4664 ns/op
OverheadActual  12: 8388608 op, 20662229.00 ns, 2.4631 ns/op
OverheadActual  13: 8388608 op, 20561560.00 ns, 2.4511 ns/op
OverheadActual  14: 8388608 op, 20607299.00 ns, 2.4566 ns/op
OverheadActual  15: 8388608 op, 20575381.00 ns, 2.4528 ns/op

WorkloadWarmup   1: 8388608 op, 554820374.00 ns, 66.1397 ns/op
WorkloadWarmup   2: 8388608 op, 556243766.00 ns, 66.3094 ns/op
WorkloadWarmup   3: 8388608 op, 558233075.00 ns, 66.5466 ns/op
WorkloadWarmup   4: 8388608 op, 554682817.00 ns, 66.1233 ns/op
WorkloadWarmup   5: 8388608 op, 555173400.00 ns, 66.1818 ns/op
WorkloadWarmup   6: 8388608 op, 556777274.00 ns, 66.3730 ns/op
WorkloadWarmup   7: 8388608 op, 554800547.00 ns, 66.1374 ns/op

// BeforeActualRun
WorkloadActual   1: 8388608 op, 554245247.00 ns, 66.0712 ns/op
WorkloadActual   2: 8388608 op, 557902834.00 ns, 66.5072 ns/op
WorkloadActual   3: 8388608 op, 555805819.00 ns, 66.2572 ns/op
WorkloadActual   4: 8388608 op, 552740651.00 ns, 65.8918 ns/op
WorkloadActual   5: 8388608 op, 554114474.00 ns, 66.0556 ns/op
WorkloadActual   6: 8388608 op, 553109838.00 ns, 65.9358 ns/op
WorkloadActual   7: 8388608 op, 554611760.00 ns, 66.1149 ns/op
WorkloadActual   8: 8388608 op, 553272627.00 ns, 65.9552 ns/op
WorkloadActual   9: 8388608 op, 553756983.00 ns, 66.0130 ns/op
WorkloadActual  10: 8388608 op, 555096431.00 ns, 66.1727 ns/op
WorkloadActual  11: 8388608 op, 554541916.00 ns, 66.1065 ns/op
WorkloadActual  12: 8388608 op, 552734931.00 ns, 65.8911 ns/op
WorkloadActual  13: 8388608 op, 554918264.00 ns, 66.1514 ns/op
WorkloadActual  14: 8388608 op, 554618009.00 ns, 66.1156 ns/op
WorkloadActual  15: 8388608 op, 555525175.00 ns, 66.2238 ns/op

// AfterActualRun
WorkloadResult   1: 8388608 op, 533667002.00 ns, 63.6181 ns/op
WorkloadResult   2: 8388608 op, 535227574.00 ns, 63.8041 ns/op
WorkloadResult   3: 8388608 op, 532162406.00 ns, 63.4387 ns/op
WorkloadResult   4: 8388608 op, 533536229.00 ns, 63.6025 ns/op
WorkloadResult   5: 8388608 op, 532531593.00 ns, 63.4827 ns/op
WorkloadResult   6: 8388608 op, 534033515.00 ns, 63.6618 ns/op
WorkloadResult   7: 8388608 op, 532694382.00 ns, 63.5021 ns/op
WorkloadResult   8: 8388608 op, 533178738.00 ns, 63.5599 ns/op
WorkloadResult   9: 8388608 op, 534518186.00 ns, 63.7195 ns/op
WorkloadResult  10: 8388608 op, 533963671.00 ns, 63.6534 ns/op
WorkloadResult  11: 8388608 op, 532156686.00 ns, 63.4380 ns/op
WorkloadResult  12: 8388608 op, 534340019.00 ns, 63.6983 ns/op
WorkloadResult  13: 8388608 op, 534039764.00 ns, 63.6625 ns/op
WorkloadResult  14: 8388608 op, 534946930.00 ns, 63.7706 ns/op
// GC:  0 0 0 0 8388608
// Threading:  0 0 8388608

// AfterAll
// Benchmark Process 2798 has exited with code 0.

Mean = 63.615 ns, StdErr = 0.031 ns (0.05%), N = 14, StdDev = 0.118 ns
Min = 63.438 ns, Q1 = 63.517 ns, Median = 63.636 ns, Q3 = 63.689 ns, Max = 63.804 ns
IQR = 0.173 ns, LowerFence = 63.257 ns, UpperFence = 63.949 ns
ConfidenceInterval = [63.483 ns; 63.748 ns] (CI 99.9%), Margin = 0.133 ns (0.21% of Mean)
Skewness = -0.11, Kurtosis = 1.67, MValue = 2

// ** Remained 2 (20.0 %) benchmark(s) to run. Estimated finish 2026-02-24 4:32 (0h 0m from now) **
// **************************
// Benchmark: BulkRenderBenchmark.Baseline_FillRect: DefaultJob
// *** Execute ***
// Launch: 1 / 1
// Execute: dotnet Tedd.TUI.Benchmarks-DefaultJob-1.dll --anonymousPipes 127 128 --benchmarkName Tedd.TUI.Benchmarks.BulkRenderBenchmark.Baseline_FillRect --job Default --benchmarkId 8 in /app/src/Tedd.TUI.Benchmarks/bin/Release/net10.0/Tedd.TUI.Benchmarks-DefaultJob-1/bin/Release/net10.0
// Failed to set up high priority (Permission denied). In order to run benchmarks with high priority, make sure you have the right permissions.
// BeforeAnythingElse

// Benchmark Process Environment Information:
// BenchmarkDotNet v0.15.8
// Runtime=.NET 10.0.0 (10.0.0, 10.0.25.52411), X64 RyuJIT x86-64-v3
// GC=Concurrent Workstation
// HardwareIntrinsics=AVX2+BMI1+BMI2+F16C+FMA+LZCNT+MOVBE,AVX,SSE3+SSSE3+SSE4.1+SSE4.2+POPCNT,X86Base+SSE+SSE2,AES+PCLMUL VectorSize=256
// Job: DefaultJob

OverheadJitting  1: 1 op, 277478.00 ns, 277.4780 us/op
WorkloadJitting  1: 1 op, 665233.00 ns, 665.2330 us/op

OverheadJitting  2: 16 op, 309257.00 ns, 19.3286 us/op
WorkloadJitting  2: 16 op, 1707036.00 ns, 106.6898 us/op

WorkloadPilot    1: 16 op, 532763.00 ns, 33.2977 us/op
WorkloadPilot    2: 32 op, 1020157.00 ns, 31.8799 us/op
WorkloadPilot    3: 64 op, 1978083.00 ns, 30.9075 us/op
WorkloadPilot    4: 128 op, 3932370.00 ns, 30.7216 us/op
WorkloadPilot    5: 256 op, 7870254.00 ns, 30.7432 us/op
WorkloadPilot    6: 512 op, 15831907.00 ns, 30.9217 us/op
WorkloadPilot    7: 1024 op, 31434656.00 ns, 30.6979 us/op
WorkloadPilot    8: 2048 op, 62686561.00 ns, 30.6087 us/op
WorkloadPilot    9: 4096 op, 77150908.00 ns, 18.8357 us/op
WorkloadPilot   10: 8192 op, 26282735.00 ns, 3.2083 us/op
WorkloadPilot   11: 16384 op, 53059055.00 ns, 3.2385 us/op
WorkloadPilot   12: 32768 op, 104745017.00 ns, 3.1966 us/op
WorkloadPilot   13: 65536 op, 209484843.00 ns, 3.1965 us/op
WorkloadPilot   14: 131072 op, 418726301.00 ns, 3.1946 us/op
WorkloadPilot   15: 262144 op, 837202607.00 ns, 3.1937 us/op

OverheadWarmup   1: 262144 op, 1043570.00 ns, 3.9809 ns/op
OverheadWarmup   2: 262144 op, 1053005.00 ns, 4.0169 ns/op
OverheadWarmup   3: 262144 op, 1040385.00 ns, 3.9688 ns/op
OverheadWarmup   4: 262144 op, 1040347.00 ns, 3.9686 ns/op
OverheadWarmup   5: 262144 op, 1040942.00 ns, 3.9709 ns/op
OverheadWarmup   6: 262144 op, 1039971.00 ns, 3.9672 ns/op

OverheadActual   1: 262144 op, 1041274.00 ns, 3.9721 ns/op
OverheadActual   2: 262144 op, 1037089.00 ns, 3.9562 ns/op
OverheadActual   3: 262144 op, 1042972.00 ns, 3.9786 ns/op
OverheadActual   4: 262144 op, 1050248.00 ns, 4.0064 ns/op
OverheadActual   5: 262144 op, 1041371.00 ns, 3.9725 ns/op
OverheadActual   6: 262144 op, 1099882.00 ns, 4.1957 ns/op
OverheadActual   7: 262144 op, 1043566.00 ns, 3.9809 ns/op
OverheadActual   8: 262144 op, 1091439.00 ns, 4.1635 ns/op
OverheadActual   9: 262144 op, 1043219.00 ns, 3.9796 ns/op
OverheadActual  10: 262144 op, 1117718.00 ns, 4.2638 ns/op
OverheadActual  11: 262144 op, 1058243.00 ns, 4.0369 ns/op
OverheadActual  12: 262144 op, 1094665.00 ns, 4.1758 ns/op
OverheadActual  13: 262144 op, 1043978.00 ns, 3.9825 ns/op
OverheadActual  14: 262144 op, 1081088.00 ns, 4.1240 ns/op
OverheadActual  15: 262144 op, 1045435.00 ns, 3.9880 ns/op

WorkloadWarmup   1: 262144 op, 839234116.00 ns, 3.2014 us/op
WorkloadWarmup   2: 262144 op, 837839400.00 ns, 3.1961 us/op
WorkloadWarmup   3: 262144 op, 840030908.00 ns, 3.2045 us/op
WorkloadWarmup   4: 262144 op, 838498709.00 ns, 3.1986 us/op
WorkloadWarmup   5: 262144 op, 838354481.00 ns, 3.1981 us/op
WorkloadWarmup   6: 262144 op, 840627082.00 ns, 3.2067 us/op
WorkloadWarmup   7: 262144 op, 837896984.00 ns, 3.1963 us/op

// BeforeActualRun
WorkloadActual   1: 262144 op, 838103929.00 ns, 3.1971 us/op
WorkloadActual   2: 262144 op, 839744765.00 ns, 3.2034 us/op
WorkloadActual   3: 262144 op, 840312379.00 ns, 3.2055 us/op
WorkloadActual   4: 262144 op, 846716737.00 ns, 3.2300 us/op
WorkloadActual   5: 262144 op, 840957454.00 ns, 3.2080 us/op
WorkloadActual   6: 262144 op, 839247039.00 ns, 3.2015 us/op
WorkloadActual   7: 262144 op, 838697570.00 ns, 3.1994 us/op
WorkloadActual   8: 262144 op, 838527424.00 ns, 3.1987 us/op
WorkloadActual   9: 262144 op, 837069288.00 ns, 3.1932 us/op
WorkloadActual  10: 262144 op, 837713668.00 ns, 3.1956 us/op
WorkloadActual  11: 262144 op, 837983843.00 ns, 3.1967 us/op
WorkloadActual  12: 262144 op, 837518179.00 ns, 3.1949 us/op
WorkloadActual  13: 262144 op, 836179838.00 ns, 3.1898 us/op
WorkloadActual  14: 262144 op, 836818242.00 ns, 3.1922 us/op
WorkloadActual  15: 262144 op, 841751201.00 ns, 3.2110 us/op

// AfterActualRun
WorkloadResult   1: 262144 op, 837058494.00 ns, 3.1931 us/op
WorkloadResult   2: 262144 op, 838699330.00 ns, 3.1994 us/op
WorkloadResult   3: 262144 op, 839266944.00 ns, 3.2015 us/op
WorkloadResult   4: 262144 op, 839912019.00 ns, 3.2040 us/op
WorkloadResult   5: 262144 op, 838201604.00 ns, 3.1975 us/op
WorkloadResult   6: 262144 op, 837652135.00 ns, 3.1954 us/op
WorkloadResult   7: 262144 op, 837481989.00 ns, 3.1947 us/op
WorkloadResult   8: 262144 op, 836023853.00 ns, 3.1892 us/op
WorkloadResult   9: 262144 op, 836668233.00 ns, 3.1916 us/op
WorkloadResult  10: 262144 op, 836938408.00 ns, 3.1927 us/op
WorkloadResult  11: 262144 op, 836472744.00 ns, 3.1909 us/op
WorkloadResult  12: 262144 op, 835134403.00 ns, 3.1858 us/op
WorkloadResult  13: 262144 op, 835772807.00 ns, 3.1882 us/op
WorkloadResult  14: 262144 op, 840705766.00 ns, 3.2070 us/op
// GC:  0 0 0 0 262144
// Threading:  0 0 262144

// AfterAll
// Benchmark Process 2810 has exited with code 0.

Mean = 3.195 μs, StdErr = 0.002 μs (0.05%), N = 14, StdDev = 0.006 μs
Min = 3.186 μs, Q1 = 3.191 μs, Median = 3.194 μs, Q3 = 3.199 μs, Max = 3.207 μs
IQR = 0.008 μs, LowerFence = 3.179 μs, UpperFence = 3.211 μs
ConfidenceInterval = [3.188 μs; 3.202 μs] (CI 99.9%), Margin = 0.007 μs (0.22% of Mean)
Skewness = 0.4, Kurtosis = 1.98, MValue = 2

// ** Remained 1 (10.0 %) benchmark(s) to run. Estimated finish 2026-02-24 4:32 (0h 0m from now) **
// **************************
// Benchmark: BulkRenderBenchmark.Optimized_FillRect: DefaultJob
// *** Execute ***
// Launch: 1 / 1
// Execute: dotnet Tedd.TUI.Benchmarks-DefaultJob-1.dll --anonymousPipes 127 128 --benchmarkName Tedd.TUI.Benchmarks.BulkRenderBenchmark.Optimized_FillRect --job Default --benchmarkId 9 in /app/src/Tedd.TUI.Benchmarks/bin/Release/net10.0/Tedd.TUI.Benchmarks-DefaultJob-1/bin/Release/net10.0
// Failed to set up high priority (Permission denied). In order to run benchmarks with high priority, make sure you have the right permissions.
// BeforeAnythingElse

// Benchmark Process Environment Information:
// BenchmarkDotNet v0.15.8
// Runtime=.NET 10.0.0 (10.0.0, 10.0.25.52411), X64 RyuJIT x86-64-v3
// GC=Concurrent Workstation
// HardwareIntrinsics=AVX2+BMI1+BMI2+F16C+FMA+LZCNT+MOVBE,AVX,SSE3+SSSE3+SSE4.1+SSE4.2+POPCNT,X86Base+SSE+SSE2,AES+PCLMUL VectorSize=256
// Job: DefaultJob

OverheadJitting  1: 1 op, 398378.00 ns, 398.3780 us/op
WorkloadJitting  1: 1 op, 1313378.00 ns, 1.3134 ms/op

OverheadJitting  2: 16 op, 430027.00 ns, 26.8767 us/op
WorkloadJitting  2: 16 op, 595366.00 ns, 37.2104 us/op

WorkloadPilot    1: 16 op, 76158.00 ns, 4.7599 us/op
WorkloadPilot    2: 32 op, 236084.00 ns, 7.3776 us/op
WorkloadPilot    3: 64 op, 376665.00 ns, 5.8854 us/op
WorkloadPilot    4: 128 op, 763070.00 ns, 5.9615 us/op
WorkloadPilot    5: 256 op, 1466620.00 ns, 5.7290 us/op
WorkloadPilot    6: 512 op, 2970663.00 ns, 5.8021 us/op
WorkloadPilot    7: 1024 op, 5589853.00 ns, 5.4588 us/op
WorkloadPilot    8: 2048 op, 9592295.00 ns, 4.6837 us/op
WorkloadPilot    9: 4096 op, 18685844.00 ns, 4.5620 us/op
WorkloadPilot   10: 8192 op, 37743916.00 ns, 4.6074 us/op
WorkloadPilot   11: 16384 op, 74272461.00 ns, 4.5332 us/op
WorkloadPilot   12: 32768 op, 74692081.00 ns, 2.2794 us/op
WorkloadPilot   13: 65536 op, 107259410.00 ns, 1.6366 us/op
WorkloadPilot   14: 131072 op, 212034785.00 ns, 1.6177 us/op
WorkloadPilot   15: 262144 op, 442877525.00 ns, 1.6894 us/op
WorkloadPilot   16: 524288 op, 890391866.00 ns, 1.6983 us/op

OverheadWarmup   1: 524288 op, 3208876.00 ns, 6.1204 ns/op
OverheadWarmup   2: 524288 op, 3245593.00 ns, 6.1905 ns/op
OverheadWarmup   3: 524288 op, 2938066.00 ns, 5.6039 ns/op
OverheadWarmup   4: 524288 op, 3033097.00 ns, 5.7852 ns/op
OverheadWarmup   5: 524288 op, 2772028.00 ns, 5.2872 ns/op

OverheadActual   1: 524288 op, 3022051.00 ns, 5.7641 ns/op
OverheadActual   2: 524288 op, 2776464.00 ns, 5.2957 ns/op
OverheadActual   3: 524288 op, 3006132.00 ns, 5.7337 ns/op
OverheadActual   4: 524288 op, 3032719.00 ns, 5.7845 ns/op
OverheadActual   5: 524288 op, 3463505.00 ns, 6.6061 ns/op
OverheadActual   6: 524288 op, 2950499.00 ns, 5.6276 ns/op
OverheadActual   7: 524288 op, 3225251.00 ns, 6.1517 ns/op
OverheadActual   8: 524288 op, 3342965.00 ns, 6.3762 ns/op
OverheadActual   9: 524288 op, 2980355.00 ns, 5.6846 ns/op
OverheadActual  10: 524288 op, 2661780.00 ns, 5.0769 ns/op
OverheadActual  11: 524288 op, 2802330.00 ns, 5.3450 ns/op
OverheadActual  12: 524288 op, 2998991.00 ns, 5.7201 ns/op
OverheadActual  13: 524288 op, 3424482.00 ns, 6.5317 ns/op
OverheadActual  14: 524288 op, 3290560.00 ns, 6.2762 ns/op
OverheadActual  15: 524288 op, 2918724.00 ns, 5.5670 ns/op
OverheadActual  16: 524288 op, 3019232.00 ns, 5.7587 ns/op
OverheadActual  17: 524288 op, 3139635.00 ns, 5.9884 ns/op
OverheadActual  18: 524288 op, 3162694.00 ns, 6.0324 ns/op
OverheadActual  19: 524288 op, 2919571.00 ns, 5.5686 ns/op
OverheadActual  20: 524288 op, 2839342.00 ns, 5.4156 ns/op

WorkloadWarmup   1: 524288 op, 881249313.00 ns, 1.6808 us/op
WorkloadWarmup   2: 524288 op, 909066128.00 ns, 1.7339 us/op
WorkloadWarmup   3: 524288 op, 894838900.00 ns, 1.7068 us/op
WorkloadWarmup   4: 524288 op, 676294121.00 ns, 1.2899 us/op
WorkloadWarmup   5: 524288 op, 611264982.00 ns, 1.1659 us/op
WorkloadWarmup   6: 524288 op, 610707543.00 ns, 1.1648 us/op
WorkloadWarmup   7: 524288 op, 612281968.00 ns, 1.1678 us/op
WorkloadWarmup   8: 524288 op, 611639793.00 ns, 1.1666 us/op

// BeforeActualRun
WorkloadActual   1: 524288 op, 610353546.00 ns, 1.1642 us/op
WorkloadActual   2: 524288 op, 613563531.00 ns, 1.1703 us/op
WorkloadActual   3: 524288 op, 609628321.00 ns, 1.1628 us/op
WorkloadActual   4: 524288 op, 611266373.00 ns, 1.1659 us/op
WorkloadActual   5: 524288 op, 612345462.00 ns, 1.1680 us/op
WorkloadActual   6: 524288 op, 609555576.00 ns, 1.1626 us/op
WorkloadActual   7: 524288 op, 611487651.00 ns, 1.1663 us/op
WorkloadActual   8: 524288 op, 610901949.00 ns, 1.1652 us/op
WorkloadActual   9: 524288 op, 610534420.00 ns, 1.1645 us/op
WorkloadActual  10: 524288 op, 610947766.00 ns, 1.1653 us/op
WorkloadActual  11: 524288 op, 609744637.00 ns, 1.1630 us/op
WorkloadActual  12: 524288 op, 609080336.00 ns, 1.1617 us/op
WorkloadActual  13: 524288 op, 609535813.00 ns, 1.1626 us/op
WorkloadActual  14: 524288 op, 611857796.00 ns, 1.1670 us/op
WorkloadActual  15: 524288 op, 611609388.00 ns, 1.1666 us/op

// AfterActualRun
WorkloadResult   1: 524288 op, 607340864.00 ns, 1.1584 us/op
WorkloadResult   2: 524288 op, 610550849.00 ns, 1.1645 us/op
WorkloadResult   3: 524288 op, 606615639.00 ns, 1.1570 us/op
WorkloadResult   4: 524288 op, 608253691.00 ns, 1.1602 us/op
WorkloadResult   5: 524288 op, 609332780.00 ns, 1.1622 us/op
WorkloadResult   6: 524288 op, 606542894.00 ns, 1.1569 us/op
WorkloadResult   7: 524288 op, 608474969.00 ns, 1.1606 us/op
WorkloadResult   8: 524288 op, 607889267.00 ns, 1.1595 us/op
WorkloadResult   9: 524288 op, 607521738.00 ns, 1.1588 us/op
WorkloadResult  10: 524288 op, 607935084.00 ns, 1.1595 us/op
WorkloadResult  11: 524288 op, 606731955.00 ns, 1.1572 us/op
WorkloadResult  12: 524288 op, 606067654.00 ns, 1.1560 us/op
WorkloadResult  13: 524288 op, 606523131.00 ns, 1.1569 us/op
WorkloadResult  14: 524288 op, 608845114.00 ns, 1.1613 us/op
WorkloadResult  15: 524288 op, 608596706.00 ns, 1.1608 us/op
// GC:  0 0 0 0 524288
// Threading:  0 0 524288

// AfterAll
// Benchmark Process 2846 has exited with code 0.

Mean = 1.159 μs, StdErr = 0.001 μs (0.05%), N = 15, StdDev = 0.002 μs
Min = 1.156 μs, Q1 = 1.157 μs, Median = 1.159 μs, Q3 = 1.161 μs, Max = 1.165 μs
IQR = 0.004 μs, LowerFence = 1.152 μs, UpperFence = 1.166 μs
ConfidenceInterval = [1.157 μs; 1.162 μs] (CI 99.9%), Margin = 0.003 μs (0.22% of Mean)
Skewness = 0.47, Kurtosis = 2.33, MValue = 2

// ** Remained 0 (0.0 %) benchmark(s) to run. Estimated finish 2026-02-24 4:32 (0h 0m from now) **
// ***** BenchmarkRunner: Finish  *****

// * Export *
  BenchmarkDotNet.Artifacts/results/Tedd.TUI.Benchmarks.BulkRenderBenchmark-report.csv
  BenchmarkDotNet.Artifacts/results/Tedd.TUI.Benchmarks.BulkRenderBenchmark-report-github.md
  BenchmarkDotNet.Artifacts/results/Tedd.TUI.Benchmarks.BulkRenderBenchmark-report.html

// * Detailed results *
BulkRenderBenchmark.Baseline_DrawString_Short: DefaultJob
Runtime = .NET 10.0.0 (10.0.0, 10.0.25.52411), X64 RyuJIT x86-64-v3; GC = Concurrent Workstation
Mean = 37.026 ns, StdErr = 0.035 ns (0.09%), N = 12, StdDev = 0.120 ns
Min = 36.901 ns, Q1 = 36.953 ns, Median = 36.995 ns, Q3 = 37.069 ns, Max = 37.320 ns
IQR = 0.116 ns, LowerFence = 36.780 ns, UpperFence = 37.243 ns
ConfidenceInterval = [36.873 ns; 37.180 ns] (CI 99.9%), Margin = 0.154 ns (0.42% of Mean)
Skewness = 1.09, Kurtosis = 3.33, MValue = 2
-------------------- Histogram --------------------
[36.832 ns ; 37.389 ns) | @@@@@@@@@@@@
---------------------------------------------------

BulkRenderBenchmark.Optimized_DrawString_Short: DefaultJob
Runtime = .NET 10.0.0 (10.0.0, 10.0.25.52411), X64 RyuJIT x86-64-v3; GC = Concurrent Workstation
Mean = 15.505 ns, StdErr = 0.007 ns (0.05%), N = 15, StdDev = 0.027 ns
Min = 15.467 ns, Q1 = 15.484 ns, Median = 15.498 ns, Q3 = 15.522 ns, Max = 15.558 ns
IQR = 0.038 ns, LowerFence = 15.428 ns, UpperFence = 15.578 ns
ConfidenceInterval = [15.476 ns; 15.534 ns] (CI 99.9%), Margin = 0.029 ns (0.19% of Mean)
Skewness = 0.42, Kurtosis = 1.84, MValue = 2
-------------------- Histogram --------------------
[15.453 ns ; 15.572 ns) | @@@@@@@@@@@@@@@
---------------------------------------------------

BulkRenderBenchmark.Baseline_DrawString_Long: DefaultJob
Runtime = .NET 10.0.0 (10.0.0, 10.0.25.52411), X64 RyuJIT x86-64-v3; GC = Concurrent Workstation
Mean = 434.818 ns, StdErr = 0.148 ns (0.03%), N = 15, StdDev = 0.574 ns
Min = 433.906 ns, Q1 = 434.422 ns, Median = 434.698 ns, Q3 = 435.346 ns, Max = 435.704 ns
IQR = 0.924 ns, LowerFence = 433.036 ns, UpperFence = 436.733 ns
ConfidenceInterval = [434.205 ns; 435.432 ns] (CI 99.9%), Margin = 0.614 ns (0.14% of Mean)
Skewness = -0.08, Kurtosis = 1.48, MValue = 2
-------------------- Histogram --------------------
[433.600 ns ; 436.009 ns) | @@@@@@@@@@@@@@@
---------------------------------------------------

BulkRenderBenchmark.Optimized_DrawString_Long: DefaultJob
Runtime = .NET 10.0.0 (10.0.0, 10.0.25.52411), X64 RyuJIT x86-64-v3; GC = Concurrent Workstation
Mean = 246.716 ns, StdErr = 0.104 ns (0.04%), N = 15, StdDev = 0.404 ns
Min = 246.086 ns, Q1 = 246.388 ns, Median = 246.628 ns, Q3 = 247.056 ns, Max = 247.319 ns
IQR = 0.668 ns, LowerFence = 245.386 ns, UpperFence = 248.057 ns
ConfidenceInterval = [246.285 ns; 247.148 ns] (CI 99.9%), Margin = 0.432 ns (0.17% of Mean)
Skewness = 0.15, Kurtosis = 1.51, MValue = 2
-------------------- Histogram --------------------
[245.871 ns ; 247.534 ns) | @@@@@@@@@@@@@@@
---------------------------------------------------

BulkRenderBenchmark.Baseline_DrawHLine: DefaultJob
Runtime = .NET 10.0.0 (10.0.0, 10.0.25.52411), X64 RyuJIT x86-64-v3; GC = Concurrent Workstation
Mean = 193.630 ns, StdErr = 0.081 ns (0.04%), N = 15, StdDev = 0.315 ns
Min = 193.090 ns, Q1 = 193.441 ns, Median = 193.786 ns, Q3 = 193.870 ns, Max = 194.000 ns
IQR = 0.428 ns, LowerFence = 192.799 ns, UpperFence = 194.512 ns
ConfidenceInterval = [193.293 ns; 193.968 ns] (CI 99.9%), Margin = 0.337 ns (0.17% of Mean)
Skewness = -0.57, Kurtosis = 1.73, MValue = 2
-------------------- Histogram --------------------
[192.922 ns ; 194.168 ns) | @@@@@@@@@@@@@@@
---------------------------------------------------

BulkRenderBenchmark.Optimized_DrawHLine: DefaultJob
Runtime = .NET 10.0.0 (10.0.0, 10.0.25.52411), X64 RyuJIT x86-64-v3; GC = Concurrent Workstation
Mean = 113.419 ns, StdErr = 0.032 ns (0.03%), N = 15, StdDev = 0.125 ns
Min = 113.281 ns, Q1 = 113.323 ns, Median = 113.363 ns, Q3 = 113.532 ns, Max = 113.623 ns
IQR = 0.209 ns, LowerFence = 113.009 ns, UpperFence = 113.846 ns
ConfidenceInterval = [113.285 ns; 113.553 ns] (CI 99.9%), Margin = 0.134 ns (0.12% of Mean)
Skewness = 0.52, Kurtosis = 1.55, MValue = 2
-------------------- Histogram --------------------
[113.214 ns ; 113.690 ns) | @@@@@@@@@@@@@@@
---------------------------------------------------

BulkRenderBenchmark.Baseline_DrawVLine: DefaultJob
Runtime = .NET 10.0.0 (10.0.0, 10.0.25.52411), X64 RyuJIT x86-64-v3; GC = Concurrent Workstation
Mean = 87.018 ns, StdErr = 0.046 ns (0.05%), N = 15, StdDev = 0.179 ns
Min = 86.777 ns, Q1 = 86.879 ns, Median = 86.976 ns, Q3 = 87.122 ns, Max = 87.346 ns
IQR = 0.243 ns, LowerFence = 86.516 ns, UpperFence = 87.486 ns
ConfidenceInterval = [86.827 ns; 87.209 ns] (CI 99.9%), Margin = 0.191 ns (0.22% of Mean)
Skewness = 0.58, Kurtosis = 1.97, MValue = 2
-------------------- Histogram --------------------
[86.682 ns ; 87.442 ns) | @@@@@@@@@@@@@@@
---------------------------------------------------

BulkRenderBenchmark.Optimized_DrawVLine: DefaultJob
Runtime = .NET 10.0.0 (10.0.0, 10.0.25.52411), X64 RyuJIT x86-64-v3; GC = Concurrent Workstation
Mean = 63.615 ns, StdErr = 0.031 ns (0.05%), N = 14, StdDev = 0.118 ns
Min = 63.438 ns, Q1 = 63.517 ns, Median = 63.636 ns, Q3 = 63.689 ns, Max = 63.804 ns
IQR = 0.173 ns, LowerFence = 63.257 ns, UpperFence = 63.949 ns
ConfidenceInterval = [63.483 ns; 63.748 ns] (CI 99.9%), Margin = 0.133 ns (0.21% of Mean)
Skewness = -0.11, Kurtosis = 1.67, MValue = 2
-------------------- Histogram --------------------
[63.374 ns ; 63.868 ns) | @@@@@@@@@@@@@@
---------------------------------------------------

BulkRenderBenchmark.Baseline_FillRect: DefaultJob
Runtime = .NET 10.0.0 (10.0.0, 10.0.25.52411), X64 RyuJIT x86-64-v3; GC = Concurrent Workstation
Mean = 3.195 μs, StdErr = 0.002 μs (0.05%), N = 14, StdDev = 0.006 μs
Min = 3.186 μs, Q1 = 3.191 μs, Median = 3.194 μs, Q3 = 3.199 μs, Max = 3.207 μs
IQR = 0.008 μs, LowerFence = 3.179 μs, UpperFence = 3.211 μs
ConfidenceInterval = [3.188 μs; 3.202 μs] (CI 99.9%), Margin = 0.007 μs (0.22% of Mean)
Skewness = 0.4, Kurtosis = 1.98, MValue = 2
-------------------- Histogram --------------------
[3.182 μs ; 3.210 μs) | @@@@@@@@@@@@@@
---------------------------------------------------

BulkRenderBenchmark.Optimized_FillRect: DefaultJob
Runtime = .NET 10.0.0 (10.0.0, 10.0.25.52411), X64 RyuJIT x86-64-v3; GC = Concurrent Workstation
Mean = 1.159 μs, StdErr = 0.001 μs (0.05%), N = 15, StdDev = 0.002 μs
Min = 1.156 μs, Q1 = 1.157 μs, Median = 1.159 μs, Q3 = 1.161 μs, Max = 1.165 μs
IQR = 0.004 μs, LowerFence = 1.152 μs, UpperFence = 1.166 μs
ConfidenceInterval = [1.157 μs; 1.162 μs] (CI 99.9%), Margin = 0.003 μs (0.22% of Mean)
Skewness = 0.47, Kurtosis = 2.33, MValue = 2
-------------------- Histogram --------------------
[1.155 μs ; 1.166 μs) | @@@@@@@@@@@@@@@
---------------------------------------------------

// * Summary *

BenchmarkDotNet v0.15.8, Linux Ubuntu 24.04.3 LTS (Noble Numbat)
Intel Xeon Processor 2.30GHz, 1 CPU, 4 logical and 4 physical cores
.NET SDK 10.0.100
  [Host]     : .NET 10.0.0 (10.0.0, 10.0.25.52411), X64 RyuJIT x86-64-v3
  DefaultJob : .NET 10.0.0 (10.0.0, 10.0.25.52411), X64 RyuJIT x86-64-v3


| Method                     | Mean        | Error    | StdDev   | Ratio | RatioSD | Allocated | Alloc Ratio |
|--------------------------- |------------:|---------:|---------:|------:|--------:|----------:|------------:|
| Baseline_DrawString_Short  |    37.03 ns | 0.154 ns | 0.120 ns |  1.00 |    0.00 |         - |          NA |
| Optimized_DrawString_Short |    15.51 ns | 0.029 ns | 0.027 ns |  0.42 |    0.00 |         - |          NA |
| Baseline_DrawString_Long   |   434.82 ns | 0.614 ns | 0.574 ns | 11.74 |    0.04 |         - |          NA |
| Optimized_DrawString_Long  |   246.72 ns | 0.432 ns | 0.404 ns |  6.66 |    0.02 |         - |          NA |
| Baseline_DrawHLine         |   193.63 ns | 0.337 ns | 0.315 ns |  5.23 |    0.02 |         - |          NA |
| Optimized_DrawHLine        |   113.42 ns | 0.134 ns | 0.125 ns |  3.06 |    0.01 |         - |          NA |
| Baseline_DrawVLine         |    87.02 ns | 0.191 ns | 0.179 ns |  2.35 |    0.01 |         - |          NA |
| Optimized_DrawVLine        |    63.62 ns | 0.133 ns | 0.118 ns |  1.72 |    0.01 |         - |          NA |
| Baseline_FillRect          | 3,195.08 ns | 6.971 ns | 6.180 ns | 86.29 |    0.31 |         - |          NA |
| Optimized_FillRect         | 1,159.31 ns | 2.519 ns | 2.357 ns | 31.31 |    0.11 |         - |          NA |

// * Hints *
Outliers
  BulkRenderBenchmark.Baseline_DrawString_Short: Default -> 3 outliers were removed (42.54 ns..47.05 ns)
  BulkRenderBenchmark.Optimized_DrawVLine: Default       -> 1 outlier  was  removed (66.51 ns)
  BulkRenderBenchmark.Baseline_FillRect: Default         -> 1 outlier  was  removed (3.23 μs)

// * Legends *
  Mean        : Arithmetic mean of all measurements
  Error       : Half of 99.9% confidence interval
  StdDev      : Standard deviation of all measurements
  Ratio       : Mean of the ratio distribution ([Current]/[Baseline])
  RatioSD     : Standard deviation of the ratio distribution ([Current]/[Baseline])
  Allocated   : Allocated memory per single operation (managed only, inclusive, 1KB = 1024B)
  Alloc Ratio : Allocated memory ratio distribution ([Current]/[Baseline])
  1 ns        : 1 Nanosecond (0.000000001 sec)

// * Diagnostic Output - MemoryDiagnoser *


// ***** BenchmarkRunner: End *****
Run time: 00:03:23 (203.45 sec), executed benchmarks: 10

Global total time: 00:03:41 (221.91 sec), executed benchmarks: 10
// * Artifacts cleanup *
Artifacts cleanup is finished
