// Validating benchmarks:
// ***** BenchmarkRunner: Start   *****
// ***** Found 6 benchmark(s) in total *****
// ***** Building 1 exe(s) in Parallel: Start   *****
// start dotnet  restore --nodeReuse:false /p:UseSharedCompilation=false /p:Deterministic=true /p:Optimize=true /p:ArtifactsPath="/app/src/Tedd.TUI.Benchmarks/bin/Release/net10.0/Tedd.TUI.Benchmarks-DefaultJob-1/" /p:OutDir="/app/src/Tedd.TUI.Benchmarks/bin/Release/net10.0/Tedd.TUI.Benchmarks-DefaultJob-1/bin/Release/net10.0/" /p:OutputPath="/app/src/Tedd.TUI.Benchmarks/bin/Release/net10.0/Tedd.TUI.Benchmarks-DefaultJob-1/bin/Release/net10.0/" /p:PublishDir="/app/src/Tedd.TUI.Benchmarks/bin/Release/net10.0/Tedd.TUI.Benchmarks-DefaultJob-1/publish/" in /app/src/Tedd.TUI.Benchmarks/bin/Release/net10.0/Tedd.TUI.Benchmarks-DefaultJob-1
// command took 4.13 sec and exited with 0
// start dotnet  build -c Release --no-restore --nodeReuse:false /p:UseSharedCompilation=false /p:Deterministic=true /p:Optimize=true /p:ArtifactsPath="/app/src/Tedd.TUI.Benchmarks/bin/Release/net10.0/Tedd.TUI.Benchmarks-DefaultJob-1/" /p:OutDir="/app/src/Tedd.TUI.Benchmarks/bin/Release/net10.0/Tedd.TUI.Benchmarks-DefaultJob-1/bin/Release/net10.0/" /p:OutputPath="/app/src/Tedd.TUI.Benchmarks/bin/Release/net10.0/Tedd.TUI.Benchmarks-DefaultJob-1/bin/Release/net10.0/" /p:PublishDir="/app/src/Tedd.TUI.Benchmarks/bin/Release/net10.0/Tedd.TUI.Benchmarks-DefaultJob-1/publish/" --output "/app/src/Tedd.TUI.Benchmarks/bin/Release/net10.0/Tedd.TUI.Benchmarks-DefaultJob-1/bin/Release/net10.0/" in /app/src/Tedd.TUI.Benchmarks/bin/Release/net10.0/Tedd.TUI.Benchmarks-DefaultJob-1
// command took 25.49 sec and exited with 0
// ***** Done, took 00:00:29 (29.81 sec)   *****
// Found 6 benchmarks:
//   PanelZIndexBenchmark.EnsureZSorted_Legacy: DefaultJob [ChildCount=10]
//   PanelZIndexBenchmark.EnsureZSorted_Optimized: DefaultJob [ChildCount=10]
//   PanelZIndexBenchmark.EnsureZSorted_Legacy: DefaultJob [ChildCount=50]
//   PanelZIndexBenchmark.EnsureZSorted_Optimized: DefaultJob [ChildCount=50]
//   PanelZIndexBenchmark.EnsureZSorted_Legacy: DefaultJob [ChildCount=100]
//   PanelZIndexBenchmark.EnsureZSorted_Optimized: DefaultJob [ChildCount=100]

// **************************
// Benchmark: PanelZIndexBenchmark.EnsureZSorted_Legacy: DefaultJob [ChildCount=10]
// *** Execute ***
// Launch: 1 / 1
// Execute: dotnet Tedd.TUI.Benchmarks-DefaultJob-1.dll --anonymousPipes 129 130 --benchmarkName "Tedd.TUI.Benchmarks.PanelZIndexBenchmark.EnsureZSorted_Legacy(ChildCount: 10)" --job Default --benchmarkId 0 in /app/src/Tedd.TUI.Benchmarks/bin/Release/net10.0/Tedd.TUI.Benchmarks-DefaultJob-1/bin/Release/net10.0
// Failed to set up high priority (Permission denied). In order to run benchmarks with high priority, make sure you have the right permissions.
// BeforeAnythingElse

// Benchmark Process Environment Information:
// BenchmarkDotNet v0.15.8
// Runtime=.NET 10.0.0 (10.0.0, 10.0.25.52411), X64 RyuJIT x86-64-v3
// GC=Concurrent Workstation
// HardwareIntrinsics=AVX2+BMI1+BMI2+F16C+FMA+LZCNT+MOVBE,AVX,SSE3+SSSE3+SSE4.1+SSE4.2+POPCNT,X86Base+SSE+SSE2,AES+PCLMUL VectorSize=256
// Job: DefaultJob

OverheadJitting  1: 1 op, 251252.00 ns, 251.2520 us/op
WorkloadJitting  1: 1 op, 1193101.00 ns, 1.1931 ms/op

OverheadJitting  2: 16 op, 267115.00 ns, 16.6947 us/op
WorkloadJitting  2: 16 op, 525192.00 ns, 32.8245 us/op

WorkloadPilot    1: 16 op, 62359.00 ns, 3.8974 us/op
WorkloadPilot    2: 32 op, 100414.00 ns, 3.1379 us/op
WorkloadPilot    3: 64 op, 159849.00 ns, 2.4976 us/op
WorkloadPilot    4: 128 op, 311659.00 ns, 2.4348 us/op
WorkloadPilot    5: 256 op, 709364.00 ns, 2.7710 us/op
WorkloadPilot    6: 512 op, 1171455.00 ns, 2.2880 us/op
WorkloadPilot    7: 1024 op, 2206752.00 ns, 2.1550 us/op
WorkloadPilot    8: 2048 op, 4531283.00 ns, 2.2125 us/op
WorkloadPilot    9: 4096 op, 9176148.00 ns, 2.2403 us/op
WorkloadPilot   10: 8192 op, 17939201.00 ns, 2.1898 us/op
WorkloadPilot   11: 16384 op, 35912880.00 ns, 2.1919 us/op
WorkloadPilot   12: 32768 op, 72158681.00 ns, 2.2021 us/op
WorkloadPilot   13: 65536 op, 167945673.00 ns, 2.5626 us/op
WorkloadPilot   14: 131072 op, 77027358.00 ns, 587.6721 ns/op
WorkloadPilot   15: 262144 op, 131564385.00 ns, 501.8783 ns/op
WorkloadPilot   16: 524288 op, 250948653.00 ns, 478.6466 ns/op
WorkloadPilot   17: 1048576 op, 506573665.00 ns, 483.1063 ns/op

OverheadWarmup   1: 1048576 op, 2903419.00 ns, 2.7689 ns/op
OverheadWarmup   2: 1048576 op, 3035134.00 ns, 2.8945 ns/op
OverheadWarmup   3: 1048576 op, 2895742.00 ns, 2.7616 ns/op
OverheadWarmup   4: 1048576 op, 3113423.00 ns, 2.9692 ns/op
OverheadWarmup   5: 1048576 op, 2802909.00 ns, 2.6731 ns/op

OverheadActual   1: 1048576 op, 3194216.00 ns, 3.0462 ns/op
OverheadActual   2: 1048576 op, 3058186.00 ns, 2.9165 ns/op
OverheadActual   3: 1048576 op, 2945603.00 ns, 2.8091 ns/op
OverheadActual   4: 1048576 op, 3288639.00 ns, 3.1363 ns/op
OverheadActual   5: 1048576 op, 2828827.00 ns, 2.6978 ns/op
OverheadActual   6: 1048576 op, 2989932.00 ns, 2.8514 ns/op
OverheadActual   7: 1048576 op, 2960838.00 ns, 2.8237 ns/op
OverheadActual   8: 1048576 op, 2832524.00 ns, 2.7013 ns/op
OverheadActual   9: 1048576 op, 3150093.00 ns, 3.0042 ns/op
OverheadActual  10: 1048576 op, 2896177.00 ns, 2.7620 ns/op
OverheadActual  11: 1048576 op, 3201355.00 ns, 3.0531 ns/op
OverheadActual  12: 1048576 op, 2852398.00 ns, 2.7203 ns/op
OverheadActual  13: 1048576 op, 2881772.00 ns, 2.7483 ns/op
OverheadActual  14: 1048576 op, 3173427.00 ns, 3.0264 ns/op
OverheadActual  15: 1048576 op, 2945526.00 ns, 2.8091 ns/op
OverheadActual  16: 1048576 op, 3050444.00 ns, 2.9091 ns/op

WorkloadWarmup   1: 1048576 op, 532581226.00 ns, 507.9090 ns/op
WorkloadWarmup   2: 1048576 op, 517384555.00 ns, 493.4164 ns/op
WorkloadWarmup   3: 1048576 op, 520763461.00 ns, 496.6387 ns/op
WorkloadWarmup   4: 1048576 op, 521156329.00 ns, 497.0134 ns/op
WorkloadWarmup   5: 1048576 op, 501643431.00 ns, 478.4045 ns/op
WorkloadWarmup   6: 1048576 op, 498512702.00 ns, 475.4188 ns/op
WorkloadWarmup   7: 1048576 op, 500933113.00 ns, 477.7270 ns/op
WorkloadWarmup   8: 1048576 op, 510329882.00 ns, 486.6885 ns/op
WorkloadWarmup   9: 1048576 op, 523863894.00 ns, 499.5955 ns/op
WorkloadWarmup  10: 1048576 op, 518401616.00 ns, 494.3863 ns/op

// BeforeActualRun
WorkloadActual   1: 1048576 op, 538360176.00 ns, 513.4203 ns/op
WorkloadActual   2: 1048576 op, 570041177.00 ns, 543.6336 ns/op
WorkloadActual   3: 1048576 op, 522294285.00 ns, 498.0986 ns/op
WorkloadActual   4: 1048576 op, 502814509.00 ns, 479.5213 ns/op
WorkloadActual   5: 1048576 op, 514167153.00 ns, 490.3480 ns/op
WorkloadActual   6: 1048576 op, 524703237.00 ns, 500.3960 ns/op
WorkloadActual   7: 1048576 op, 535971219.00 ns, 511.1420 ns/op
WorkloadActual   8: 1048576 op, 531717297.00 ns, 507.0851 ns/op
WorkloadActual   9: 1048576 op, 548119022.00 ns, 522.7270 ns/op
WorkloadActual  10: 1048576 op, 529248109.00 ns, 504.7303 ns/op
WorkloadActual  11: 1048576 op, 533506778.00 ns, 508.7917 ns/op
WorkloadActual  12: 1048576 op, 533246975.00 ns, 508.5439 ns/op
WorkloadActual  13: 1048576 op, 517208111.00 ns, 493.2481 ns/op
WorkloadActual  14: 1048576 op, 529579531.00 ns, 505.0464 ns/op
WorkloadActual  15: 1048576 op, 533790616.00 ns, 509.0624 ns/op
WorkloadActual  16: 1048576 op, 575526249.00 ns, 548.8646 ns/op
WorkloadActual  17: 1048576 op, 515765791.00 ns, 491.8726 ns/op
WorkloadActual  18: 1048576 op, 525019990.00 ns, 500.6981 ns/op
WorkloadActual  19: 1048576 op, 517460090.00 ns, 493.4884 ns/op
WorkloadActual  20: 1048576 op, 521748717.00 ns, 497.5784 ns/op

// AfterActualRun
WorkloadResult   1: 1048576 op, 535384791.00 ns, 510.5827 ns/op
WorkloadResult   2: 1048576 op, 519318900.00 ns, 495.2611 ns/op
WorkloadResult   3: 1048576 op, 499839124.00 ns, 476.6837 ns/op
WorkloadResult   4: 1048576 op, 511191768.00 ns, 487.5105 ns/op
WorkloadResult   5: 1048576 op, 521727852.00 ns, 497.5585 ns/op
WorkloadResult   6: 1048576 op, 532995834.00 ns, 508.3044 ns/op
WorkloadResult   7: 1048576 op, 528741912.00 ns, 504.2476 ns/op
WorkloadResult   8: 1048576 op, 545143637.00 ns, 519.8895 ns/op
WorkloadResult   9: 1048576 op, 526272724.00 ns, 501.8928 ns/op
WorkloadResult  10: 1048576 op, 530531393.00 ns, 505.9542 ns/op
WorkloadResult  11: 1048576 op, 530271590.00 ns, 505.7064 ns/op
WorkloadResult  12: 1048576 op, 514232726.00 ns, 490.4105 ns/op
WorkloadResult  13: 1048576 op, 526604146.00 ns, 502.2088 ns/op
WorkloadResult  14: 1048576 op, 530815231.00 ns, 506.2249 ns/op
WorkloadResult  15: 1048576 op, 512790406.00 ns, 489.0350 ns/op
WorkloadResult  16: 1048576 op, 522044605.00 ns, 497.8605 ns/op
WorkloadResult  17: 1048576 op, 514484705.00 ns, 490.6508 ns/op
WorkloadResult  18: 1048576 op, 518773332.00 ns, 494.7408 ns/op
// GC:  24 0 0 570425344 1048576
// Threading:  0 0 1048576

// AfterAll
// Benchmark Process 7429 has exited with code 0.

Mean = 499.151 ns, StdErr = 2.396 ns (0.48%), N = 18, StdDev = 10.166 ns
Min = 476.684 ns, Q1 = 491.673 ns, Median = 499.877 ns, Q3 = 505.892 ns, Max = 519.889 ns
IQR = 14.219 ns, LowerFence = 470.345 ns, UpperFence = 527.221 ns
ConfidenceInterval = [489.651 ns; 508.652 ns] (CI 99.9%), Margin = 9.501 ns (1.90% of Mean)
Skewness = -0.16, Kurtosis = 2.66, MValue = 2

// ** Remained 5 (83.3 %) benchmark(s) to run. Estimated finish 2026-03-09 4:19 (0h 1m from now) **
// **************************
// Benchmark: PanelZIndexBenchmark.EnsureZSorted_Optimized: DefaultJob [ChildCount=10]
// *** Execute ***
// Launch: 1 / 1
// Execute: dotnet Tedd.TUI.Benchmarks-DefaultJob-1.dll --anonymousPipes 129 130 --benchmarkName "Tedd.TUI.Benchmarks.PanelZIndexBenchmark.EnsureZSorted_Optimized(ChildCount: 10)" --job Default --benchmarkId 1 in /app/src/Tedd.TUI.Benchmarks/bin/Release/net10.0/Tedd.TUI.Benchmarks-DefaultJob-1/bin/Release/net10.0
// Failed to set up high priority (Permission denied). In order to run benchmarks with high priority, make sure you have the right permissions.
// BeforeAnythingElse

// Benchmark Process Environment Information:
// BenchmarkDotNet v0.15.8
// Runtime=.NET 10.0.0 (10.0.0, 10.0.25.52411), X64 RyuJIT x86-64-v3
// GC=Concurrent Workstation
// HardwareIntrinsics=AVX2+BMI1+BMI2+F16C+FMA+LZCNT+MOVBE,AVX,SSE3+SSSE3+SSE4.1+SSE4.2+POPCNT,X86Base+SSE+SSE2,AES+PCLMUL VectorSize=256
// Job: DefaultJob

OverheadJitting  1: 1 op, 222527.00 ns, 222.5270 us/op
WorkloadJitting  1: 1 op, 2317125.00 ns, 2.3171 ms/op

OverheadJitting  2: 16 op, 341947.00 ns, 21.3717 us/op
WorkloadJitting  2: 16 op, 469068.00 ns, 29.3168 us/op

WorkloadPilot    1: 16 op, 60526.00 ns, 3.7829 us/op
WorkloadPilot    2: 32 op, 122316.00 ns, 3.8224 us/op
WorkloadPilot    3: 64 op, 231851.00 ns, 3.6227 us/op
WorkloadPilot    4: 128 op, 505414.00 ns, 3.9485 us/op
WorkloadPilot    5: 256 op, 929225.00 ns, 3.6298 us/op
WorkloadPilot    6: 512 op, 2152393.00 ns, 4.2039 us/op
WorkloadPilot    7: 1024 op, 3999539.00 ns, 3.9058 us/op
WorkloadPilot    8: 2048 op, 7734142.00 ns, 3.7764 us/op
WorkloadPilot    9: 4096 op, 14003915.00 ns, 3.4189 us/op
WorkloadPilot   10: 8192 op, 26808248.00 ns, 3.2725 us/op
WorkloadPilot   11: 16384 op, 53018992.00 ns, 3.2360 us/op
WorkloadPilot   12: 32768 op, 109593872.00 ns, 3.3445 us/op
WorkloadPilot   13: 65536 op, 93618558.00 ns, 1.4285 us/op
WorkloadPilot   14: 131072 op, 182203799.00 ns, 1.3901 us/op
WorkloadPilot   15: 262144 op, 349379044.00 ns, 1.3328 us/op
WorkloadPilot   16: 524288 op, 700900531.00 ns, 1.3369 us/op

OverheadWarmup   1: 524288 op, 1430604.00 ns, 2.7287 ns/op
OverheadWarmup   2: 524288 op, 1627306.00 ns, 3.1038 ns/op
OverheadWarmup   3: 524288 op, 1598016.00 ns, 3.0480 ns/op
OverheadWarmup   4: 524288 op, 1645890.00 ns, 3.1393 ns/op
OverheadWarmup   5: 524288 op, 1470333.00 ns, 2.8044 ns/op

OverheadActual   1: 524288 op, 1661580.00 ns, 3.1692 ns/op
OverheadActual   2: 524288 op, 1491916.00 ns, 2.8456 ns/op
OverheadActual   3: 524288 op, 1448105.00 ns, 2.7620 ns/op
OverheadActual   4: 524288 op, 1467193.00 ns, 2.7984 ns/op
OverheadActual   5: 524288 op, 1765655.00 ns, 3.3677 ns/op
OverheadActual   6: 524288 op, 1697377.00 ns, 3.2375 ns/op
OverheadActual   7: 524288 op, 1532613.00 ns, 2.9232 ns/op
OverheadActual   8: 524288 op, 1465450.00 ns, 2.7951 ns/op
OverheadActual   9: 524288 op, 1586811.00 ns, 3.0266 ns/op
OverheadActual  10: 524288 op, 1672228.00 ns, 3.1895 ns/op
OverheadActual  11: 524288 op, 1469243.00 ns, 2.8024 ns/op
OverheadActual  12: 524288 op, 1507836.00 ns, 2.8760 ns/op
OverheadActual  13: 524288 op, 1719723.00 ns, 3.2801 ns/op
OverheadActual  14: 524288 op, 1646993.00 ns, 3.1414 ns/op
OverheadActual  15: 524288 op, 1428554.00 ns, 2.7248 ns/op
OverheadActual  16: 524288 op, 1458054.00 ns, 2.7810 ns/op
OverheadActual  17: 524288 op, 1495824.00 ns, 2.8531 ns/op
OverheadActual  18: 524288 op, 1563244.00 ns, 2.9817 ns/op
OverheadActual  19: 524288 op, 1410067.00 ns, 2.6895 ns/op
OverheadActual  20: 524288 op, 1526231.00 ns, 2.9111 ns/op

WorkloadWarmup   1: 524288 op, 726408847.00 ns, 1.3855 us/op
WorkloadWarmup   2: 524288 op, 739110630.00 ns, 1.4097 us/op
WorkloadWarmup   3: 524288 op, 713797697.00 ns, 1.3615 us/op
WorkloadWarmup   4: 524288 op, 731873050.00 ns, 1.3959 us/op
WorkloadWarmup   5: 524288 op, 698757364.00 ns, 1.3328 us/op
WorkloadWarmup   6: 524288 op, 688384036.00 ns, 1.3130 us/op

// BeforeActualRun
WorkloadActual   1: 524288 op, 706208318.00 ns, 1.3470 us/op
WorkloadActual   2: 524288 op, 702690291.00 ns, 1.3403 us/op
WorkloadActual   3: 524288 op, 708897298.00 ns, 1.3521 us/op
WorkloadActual   4: 524288 op, 709660520.00 ns, 1.3536 us/op
WorkloadActual   5: 524288 op, 781830895.00 ns, 1.4912 us/op
WorkloadActual   6: 524288 op, 726827195.00 ns, 1.3863 us/op
WorkloadActual   7: 524288 op, 702938363.00 ns, 1.3407 us/op
WorkloadActual   8: 524288 op, 716900362.00 ns, 1.3674 us/op
WorkloadActual   9: 524288 op, 728818033.00 ns, 1.3901 us/op
WorkloadActual  10: 524288 op, 745513033.00 ns, 1.4220 us/op
WorkloadActual  11: 524288 op, 700048658.00 ns, 1.3352 us/op
WorkloadActual  12: 524288 op, 712382884.00 ns, 1.3588 us/op
WorkloadActual  13: 524288 op, 713661554.00 ns, 1.3612 us/op
WorkloadActual  14: 524288 op, 709280633.00 ns, 1.3528 us/op
WorkloadActual  15: 524288 op, 733911191.00 ns, 1.3998 us/op
WorkloadActual  16: 524288 op, 735083863.00 ns, 1.4021 us/op
WorkloadActual  17: 524288 op, 739646984.00 ns, 1.4108 us/op
WorkloadActual  18: 524288 op, 697324406.00 ns, 1.3300 us/op
WorkloadActual  19: 524288 op, 701789657.00 ns, 1.3386 us/op

// AfterActualRun
WorkloadResult   1: 524288 op, 704691284.50 ns, 1.3441 us/op
WorkloadResult   2: 524288 op, 701173257.50 ns, 1.3374 us/op
WorkloadResult   3: 524288 op, 707380264.50 ns, 1.3492 us/op
WorkloadResult   4: 524288 op, 708143486.50 ns, 1.3507 us/op
WorkloadResult   5: 524288 op, 725310161.50 ns, 1.3834 us/op
WorkloadResult   6: 524288 op, 701421329.50 ns, 1.3379 us/op
WorkloadResult   7: 524288 op, 715383328.50 ns, 1.3645 us/op
WorkloadResult   8: 524288 op, 727300999.50 ns, 1.3872 us/op
WorkloadResult   9: 524288 op, 743995999.50 ns, 1.4191 us/op
WorkloadResult  10: 524288 op, 698531624.50 ns, 1.3323 us/op
WorkloadResult  11: 524288 op, 710865850.50 ns, 1.3559 us/op
WorkloadResult  12: 524288 op, 712144520.50 ns, 1.3583 us/op
WorkloadResult  13: 524288 op, 707763599.50 ns, 1.3500 us/op
WorkloadResult  14: 524288 op, 732394157.50 ns, 1.3969 us/op
WorkloadResult  15: 524288 op, 733566829.50 ns, 1.3992 us/op
WorkloadResult  16: 524288 op, 738129950.50 ns, 1.4079 us/op
WorkloadResult  17: 524288 op, 695807372.50 ns, 1.3271 us/op
WorkloadResult  18: 524288 op, 700272623.50 ns, 1.3357 us/op
// GC:  2 0 0 54525952 524288
// Threading:  0 0 524288

// AfterAll
// Benchmark Process 7440 has exited with code 0.

Mean = 1.363 μs, StdErr = 0.007 μs (0.49%), N = 18, StdDev = 0.029 μs
Min = 1.327 μs, Q1 = 1.339 μs, Median = 1.353 μs, Q3 = 1.386 μs, Max = 1.419 μs
IQR = 0.047 μs, LowerFence = 1.269 μs, UpperFence = 1.457 μs
ConfidenceInterval = [1.336 μs; 1.390 μs] (CI 99.9%), Margin = 0.027 μs (1.96% of Mean)
Skewness = 0.55, Kurtosis = 1.81, MValue = 2

// ** Remained 4 (66.7 %) benchmark(s) to run. Estimated finish 2026-03-09 4:19 (0h 1m from now) **
// **************************
// Benchmark: PanelZIndexBenchmark.EnsureZSorted_Legacy: DefaultJob [ChildCount=50]
// *** Execute ***
// Launch: 1 / 1
// Execute: dotnet Tedd.TUI.Benchmarks-DefaultJob-1.dll --anonymousPipes 129 130 --benchmarkName "Tedd.TUI.Benchmarks.PanelZIndexBenchmark.EnsureZSorted_Legacy(ChildCount: 50)" --job Default --benchmarkId 2 in /app/src/Tedd.TUI.Benchmarks/bin/Release/net10.0/Tedd.TUI.Benchmarks-DefaultJob-1/bin/Release/net10.0
// Failed to set up high priority (Permission denied). In order to run benchmarks with high priority, make sure you have the right permissions.
// BeforeAnythingElse

// Benchmark Process Environment Information:
// BenchmarkDotNet v0.15.8
// Runtime=.NET 10.0.0 (10.0.0, 10.0.25.52411), X64 RyuJIT x86-64-v3
// GC=Concurrent Workstation
// HardwareIntrinsics=AVX2+BMI1+BMI2+F16C+FMA+LZCNT+MOVBE,AVX,SSE3+SSSE3+SSE4.1+SSE4.2+POPCNT,X86Base+SSE+SSE2,AES+PCLMUL VectorSize=256
// Job: DefaultJob

OverheadJitting  1: 1 op, 273357.00 ns, 273.3570 us/op
WorkloadJitting  1: 1 op, 1422557.00 ns, 1.4226 ms/op

OverheadJitting  2: 16 op, 554268.00 ns, 34.6418 us/op
WorkloadJitting  2: 16 op, 535915.00 ns, 33.4947 us/op

WorkloadPilot    1: 16 op, 158273.00 ns, 9.8921 us/op
WorkloadPilot    2: 32 op, 284378.00 ns, 8.8868 us/op
WorkloadPilot    3: 64 op, 556979.00 ns, 8.7028 us/op
WorkloadPilot    4: 128 op, 1137144.00 ns, 8.8839 us/op
WorkloadPilot    5: 256 op, 2034140.00 ns, 7.9459 us/op
WorkloadPilot    6: 512 op, 4113045.00 ns, 8.0333 us/op
WorkloadPilot    7: 1024 op, 8504775.00 ns, 8.3054 us/op
WorkloadPilot    8: 2048 op, 16637350.00 ns, 8.1237 us/op
WorkloadPilot    9: 4096 op, 34030225.00 ns, 8.3082 us/op
WorkloadPilot   10: 8192 op, 66114749.00 ns, 8.0706 us/op
WorkloadPilot   11: 16384 op, 125932888.00 ns, 7.6863 us/op
WorkloadPilot   12: 32768 op, 112811036.00 ns, 3.4427 us/op
WorkloadPilot   13: 65536 op, 136425058.00 ns, 2.0817 us/op
WorkloadPilot   14: 131072 op, 263652890.00 ns, 2.0115 us/op
WorkloadPilot   15: 262144 op, 529480150.00 ns, 2.0198 us/op

OverheadWarmup   1: 262144 op, 775142.00 ns, 2.9569 ns/op
OverheadWarmup   2: 262144 op, 837087.00 ns, 3.1932 ns/op
OverheadWarmup   3: 262144 op, 713429.00 ns, 2.7215 ns/op
OverheadWarmup   4: 262144 op, 759056.00 ns, 2.8956 ns/op
OverheadWarmup   5: 262144 op, 785292.00 ns, 2.9957 ns/op
OverheadWarmup   6: 262144 op, 747476.00 ns, 2.8514 ns/op

OverheadActual   1: 262144 op, 746024.00 ns, 2.8459 ns/op
OverheadActual   2: 262144 op, 879600.00 ns, 3.3554 ns/op
OverheadActual   3: 262144 op, 780523.00 ns, 2.9775 ns/op
OverheadActual   4: 262144 op, 844418.00 ns, 3.2212 ns/op
OverheadActual   5: 262144 op, 721849.00 ns, 2.7536 ns/op
OverheadActual   6: 262144 op, 818794.00 ns, 3.1235 ns/op
OverheadActual   7: 262144 op, 752127.00 ns, 2.8691 ns/op
OverheadActual   8: 262144 op, 770235.00 ns, 2.9382 ns/op
OverheadActual   9: 262144 op, 768078.00 ns, 2.9300 ns/op
OverheadActual  10: 262144 op, 885042.00 ns, 3.3762 ns/op
OverheadActual  11: 262144 op, 693444.00 ns, 2.6453 ns/op
OverheadActual  12: 262144 op, 908217.00 ns, 3.4646 ns/op
OverheadActual  13: 262144 op, 737546.00 ns, 2.8135 ns/op
OverheadActual  14: 262144 op, 727539.00 ns, 2.7753 ns/op
OverheadActual  15: 262144 op, 762068.00 ns, 2.9071 ns/op
OverheadActual  16: 262144 op, 726574.00 ns, 2.7717 ns/op
OverheadActual  17: 262144 op, 809224.00 ns, 3.0869 ns/op
OverheadActual  18: 262144 op, 725461.00 ns, 2.7674 ns/op
OverheadActual  19: 262144 op, 736198.00 ns, 2.8084 ns/op
OverheadActual  20: 262144 op, 803769.00 ns, 3.0661 ns/op

WorkloadWarmup   1: 262144 op, 580967537.00 ns, 2.2162 us/op
WorkloadWarmup   2: 262144 op, 562634419.00 ns, 2.1463 us/op
WorkloadWarmup   3: 262144 op, 525967679.00 ns, 2.0064 us/op
WorkloadWarmup   4: 262144 op, 525671896.00 ns, 2.0053 us/op
WorkloadWarmup   5: 262144 op, 544000092.00 ns, 2.0752 us/op
WorkloadWarmup   6: 262144 op, 540960958.00 ns, 2.0636 us/op
WorkloadWarmup   7: 262144 op, 533347659.00 ns, 2.0346 us/op
WorkloadWarmup   8: 262144 op, 542405290.00 ns, 2.0691 us/op
WorkloadWarmup   9: 262144 op, 519026613.00 ns, 1.9799 us/op

// BeforeActualRun
WorkloadActual   1: 262144 op, 556708147.00 ns, 2.1237 us/op
WorkloadActual   2: 262144 op, 566844257.00 ns, 2.1623 us/op
WorkloadActual   3: 262144 op, 555708196.00 ns, 2.1199 us/op
WorkloadActual   4: 262144 op, 559335335.00 ns, 2.1337 us/op
WorkloadActual   5: 262144 op, 544819035.00 ns, 2.0783 us/op
WorkloadActual   6: 262144 op, 526975881.00 ns, 2.0103 us/op
WorkloadActual   7: 262144 op, 534758348.00 ns, 2.0399 us/op
WorkloadActual   8: 262144 op, 532164785.00 ns, 2.0300 us/op
WorkloadActual   9: 262144 op, 531352389.00 ns, 2.0269 us/op
WorkloadActual  10: 262144 op, 538448791.00 ns, 2.0540 us/op
WorkloadActual  11: 262144 op, 522819206.00 ns, 1.9944 us/op
WorkloadActual  12: 262144 op, 526730659.00 ns, 2.0093 us/op
WorkloadActual  13: 262144 op, 526880817.00 ns, 2.0099 us/op
WorkloadActual  14: 262144 op, 533396430.00 ns, 2.0347 us/op
WorkloadActual  15: 262144 op, 527934360.00 ns, 2.0139 us/op
WorkloadActual  16: 262144 op, 524751808.00 ns, 2.0018 us/op
WorkloadActual  17: 262144 op, 527249987.00 ns, 2.0113 us/op
WorkloadActual  18: 262144 op, 525381212.00 ns, 2.0042 us/op
WorkloadActual  19: 262144 op, 518281770.00 ns, 1.9771 us/op
WorkloadActual  20: 262144 op, 530420367.00 ns, 2.0234 us/op
WorkloadActual  21: 262144 op, 526266303.00 ns, 2.0075 us/op

// AfterActualRun
WorkloadResult   1: 262144 op, 554943123.00 ns, 2.1169 us/op
WorkloadResult   2: 262144 op, 544053962.00 ns, 2.0754 us/op
WorkloadResult   3: 262144 op, 526210808.00 ns, 2.0073 us/op
WorkloadResult   4: 262144 op, 533993275.00 ns, 2.0370 us/op
WorkloadResult   5: 262144 op, 531399712.00 ns, 2.0271 us/op
WorkloadResult   6: 262144 op, 530587316.00 ns, 2.0240 us/op
WorkloadResult   7: 262144 op, 537683718.00 ns, 2.0511 us/op
WorkloadResult   8: 262144 op, 522054133.00 ns, 1.9915 us/op
WorkloadResult   9: 262144 op, 525965586.00 ns, 2.0064 us/op
WorkloadResult  10: 262144 op, 526115744.00 ns, 2.0070 us/op
WorkloadResult  11: 262144 op, 532631357.00 ns, 2.0318 us/op
WorkloadResult  12: 262144 op, 527169287.00 ns, 2.0110 us/op
WorkloadResult  13: 262144 op, 523986735.00 ns, 1.9989 us/op
WorkloadResult  14: 262144 op, 526484914.00 ns, 2.0084 us/op
WorkloadResult  15: 262144 op, 524616139.00 ns, 2.0013 us/op
WorkloadResult  16: 262144 op, 517516697.00 ns, 1.9742 us/op
WorkloadResult  17: 262144 op, 529655294.00 ns, 2.0205 us/op
WorkloadResult  18: 262144 op, 525501230.00 ns, 2.0046 us/op
// GC:  16 0 0 394264576 262144
// Threading:  0 0 262144

// AfterAll
// Benchmark Process 7450 has exited with code 0.

Mean = 2.022 μs, StdErr = 0.008 μs (0.39%), N = 18, StdDev = 0.033 μs
Min = 1.974 μs, Q1 = 2.005 μs, Median = 2.010 μs, Q3 = 2.031 μs, Max = 2.117 μs
IQR = 0.026 μs, LowerFence = 1.967 μs, UpperFence = 2.069 μs
ConfidenceInterval = [1.991 μs; 2.053 μs] (CI 99.9%), Margin = 0.031 μs (1.53% of Mean)
Skewness = 1.33, Kurtosis = 4.54, MValue = 2

// ** Remained 3 (50.0 %) benchmark(s) to run. Estimated finish 2026-03-09 4:19 (0h 0m from now) **
// **************************
// Benchmark: PanelZIndexBenchmark.EnsureZSorted_Optimized: DefaultJob [ChildCount=50]
// *** Execute ***
// Launch: 1 / 1
// Execute: dotnet Tedd.TUI.Benchmarks-DefaultJob-1.dll --anonymousPipes 129 130 --benchmarkName "Tedd.TUI.Benchmarks.PanelZIndexBenchmark.EnsureZSorted_Optimized(ChildCount: 50)" --job Default --benchmarkId 3 in /app/src/Tedd.TUI.Benchmarks/bin/Release/net10.0/Tedd.TUI.Benchmarks-DefaultJob-1/bin/Release/net10.0
// Failed to set up high priority (Permission denied). In order to run benchmarks with high priority, make sure you have the right permissions.
// BeforeAnythingElse

// Benchmark Process Environment Information:
// BenchmarkDotNet v0.15.8
// Runtime=.NET 10.0.0 (10.0.0, 10.0.25.52411), X64 RyuJIT x86-64-v3
// GC=Concurrent Workstation
// HardwareIntrinsics=AVX2+BMI1+BMI2+F16C+FMA+LZCNT+MOVBE,AVX,SSE3+SSSE3+SSE4.1+SSE4.2+POPCNT,X86Base+SSE+SSE2,AES+PCLMUL VectorSize=256
// Job: DefaultJob

OverheadJitting  1: 1 op, 260488.00 ns, 260.4880 us/op
WorkloadJitting  1: 1 op, 2440684.00 ns, 2.4407 ms/op

OverheadJitting  2: 16 op, 267147.00 ns, 16.6967 us/op
WorkloadJitting  2: 16 op, 678517.00 ns, 42.4073 us/op

WorkloadPilot    1: 16 op, 334073.00 ns, 20.8796 us/op
WorkloadPilot    2: 32 op, 799012.00 ns, 24.9691 us/op
WorkloadPilot    3: 64 op, 1610978.00 ns, 25.1715 us/op
WorkloadPilot    4: 128 op, 2926163.00 ns, 22.8606 us/op
WorkloadPilot    5: 256 op, 4853760.00 ns, 18.9600 us/op
WorkloadPilot    6: 512 op, 9904469.00 ns, 19.3447 us/op
WorkloadPilot    7: 1024 op, 18756179.00 ns, 18.3166 us/op
WorkloadPilot    8: 2048 op, 36815490.00 ns, 17.9763 us/op
WorkloadPilot    9: 4096 op, 73276383.00 ns, 17.8897 us/op
WorkloadPilot   10: 8192 op, 124908976.00 ns, 15.2477 us/op
WorkloadPilot   11: 16384 op, 145773365.00 ns, 8.8973 us/op
WorkloadPilot   12: 32768 op, 289392527.00 ns, 8.8316 us/op
WorkloadPilot   13: 65536 op, 571077846.00 ns, 8.7140 us/op

OverheadWarmup   1: 65536 op, 185459.00 ns, 2.8299 ns/op
OverheadWarmup   2: 65536 op, 173224.00 ns, 2.6432 ns/op
OverheadWarmup   3: 65536 op, 233639.00 ns, 3.5650 ns/op
OverheadWarmup   4: 65536 op, 193502.00 ns, 2.9526 ns/op
OverheadWarmup   5: 65536 op, 172947.00 ns, 2.6390 ns/op
OverheadWarmup   6: 65536 op, 172864.00 ns, 2.6377 ns/op
OverheadWarmup   7: 65536 op, 172833.00 ns, 2.6372 ns/op
OverheadWarmup   8: 65536 op, 172725.00 ns, 2.6356 ns/op
OverheadWarmup   9: 65536 op, 198537.00 ns, 3.0294 ns/op
OverheadWarmup  10: 65536 op, 198736.00 ns, 3.0325 ns/op

OverheadActual   1: 65536 op, 199737.00 ns, 3.0477 ns/op
OverheadActual   2: 65536 op, 215670.00 ns, 3.2909 ns/op
OverheadActual   3: 65536 op, 173198.00 ns, 2.6428 ns/op
OverheadActual   4: 65536 op, 173151.00 ns, 2.6421 ns/op
OverheadActual   5: 65536 op, 190661.00 ns, 2.9093 ns/op
OverheadActual   6: 65536 op, 172960.00 ns, 2.6392 ns/op
OverheadActual   7: 65536 op, 172917.00 ns, 2.6385 ns/op
OverheadActual   8: 65536 op, 223308.00 ns, 3.4074 ns/op
OverheadActual   9: 65536 op, 204769.00 ns, 3.1245 ns/op
OverheadActual  10: 65536 op, 236736.00 ns, 3.6123 ns/op
OverheadActual  11: 65536 op, 188315.00 ns, 2.8735 ns/op
OverheadActual  12: 65536 op, 184329.00 ns, 2.8126 ns/op
OverheadActual  13: 65536 op, 197372.00 ns, 3.0117 ns/op
OverheadActual  14: 65536 op, 184236.00 ns, 2.8112 ns/op
OverheadActual  15: 65536 op, 198051.00 ns, 3.0220 ns/op
OverheadActual  16: 65536 op, 172988.00 ns, 2.6396 ns/op
OverheadActual  17: 65536 op, 210180.00 ns, 3.2071 ns/op
OverheadActual  18: 65536 op, 190589.00 ns, 2.9082 ns/op
OverheadActual  19: 65536 op, 206809.00 ns, 3.1557 ns/op
OverheadActual  20: 65536 op, 197363.00 ns, 3.0115 ns/op

WorkloadWarmup   1: 65536 op, 582455653.00 ns, 8.8876 us/op
WorkloadWarmup   2: 65536 op, 600036789.00 ns, 9.1558 us/op
WorkloadWarmup   3: 65536 op, 574268680.00 ns, 8.7626 us/op
WorkloadWarmup   4: 65536 op, 565555885.00 ns, 8.6297 us/op
WorkloadWarmup   5: 65536 op, 561152739.00 ns, 8.5625 us/op
WorkloadWarmup   6: 65536 op, 562817843.00 ns, 8.5879 us/op
WorkloadWarmup   7: 65536 op, 577814903.00 ns, 8.8168 us/op
WorkloadWarmup   8: 65536 op, 569537691.00 ns, 8.6905 us/op

// BeforeActualRun
WorkloadActual   1: 65536 op, 594416114.00 ns, 9.0701 us/op
WorkloadActual   2: 65536 op, 565692383.00 ns, 8.6318 us/op
WorkloadActual   3: 65536 op, 569742748.00 ns, 8.6936 us/op
WorkloadActual   4: 65536 op, 568576861.00 ns, 8.6758 us/op
WorkloadActual   5: 65536 op, 579116967.00 ns, 8.8366 us/op
WorkloadActual   6: 65536 op, 563531325.00 ns, 8.5988 us/op
WorkloadActual   7: 65536 op, 588495579.00 ns, 8.9797 us/op
WorkloadActual   8: 65536 op, 614766227.00 ns, 9.3806 us/op
WorkloadActual   9: 65536 op, 580133092.00 ns, 8.8521 us/op
WorkloadActual  10: 65536 op, 567790211.00 ns, 8.6638 us/op
WorkloadActual  11: 65536 op, 579435745.00 ns, 8.8415 us/op
WorkloadActual  12: 65536 op, 574366827.00 ns, 8.7641 us/op
WorkloadActual  13: 65536 op, 589610357.00 ns, 8.9967 us/op
WorkloadActual  14: 65536 op, 566758447.00 ns, 8.6480 us/op
WorkloadActual  15: 65536 op, 570022785.00 ns, 8.6979 us/op

// AfterActualRun
WorkloadResult   1: 65536 op, 594222102.00 ns, 9.0671 us/op
WorkloadResult   2: 65536 op, 565498371.00 ns, 8.6288 us/op
WorkloadResult   3: 65536 op, 569548736.00 ns, 8.6906 us/op
WorkloadResult   4: 65536 op, 568382849.00 ns, 8.6728 us/op
WorkloadResult   5: 65536 op, 578922955.00 ns, 8.8337 us/op
WorkloadResult   6: 65536 op, 563337313.00 ns, 8.5958 us/op
WorkloadResult   7: 65536 op, 588301567.00 ns, 8.9768 us/op
WorkloadResult   8: 65536 op, 579939080.00 ns, 8.8492 us/op
WorkloadResult   9: 65536 op, 567596199.00 ns, 8.6608 us/op
WorkloadResult  10: 65536 op, 579241733.00 ns, 8.8385 us/op
WorkloadResult  11: 65536 op, 574172815.00 ns, 8.7612 us/op
WorkloadResult  12: 65536 op, 589416345.00 ns, 8.9938 us/op
WorkloadResult  13: 65536 op, 566564435.00 ns, 8.6451 us/op
WorkloadResult  14: 65536 op, 569828773.00 ns, 8.6949 us/op
// GC:  1 0 0 27787264 65536
// Threading:  0 0 65536

// AfterAll
// Benchmark Process 7460 has exited with code 0.

Mean = 8.779 μs, StdErr = 0.040 μs (0.46%), N = 14, StdDev = 0.150 μs
Min = 8.596 μs, Q1 = 8.664 μs, Median = 8.728 μs, Q3 = 8.847 μs, Max = 9.067 μs
IQR = 0.183 μs, LowerFence = 8.390 μs, UpperFence = 9.121 μs
ConfidenceInterval = [8.610 μs; 8.949 μs] (CI 99.9%), Margin = 0.170 μs (1.93% of Mean)
Skewness = 0.55, Kurtosis = 1.81, MValue = 2

// ** Remained 2 (33.3 %) benchmark(s) to run. Estimated finish 2026-03-09 4:19 (0h 0m from now) **
// **************************
// Benchmark: PanelZIndexBenchmark.EnsureZSorted_Legacy: DefaultJob [ChildCount=100]
// *** Execute ***
// Launch: 1 / 1
// Execute: dotnet Tedd.TUI.Benchmarks-DefaultJob-1.dll --anonymousPipes 129 130 --benchmarkName "Tedd.TUI.Benchmarks.PanelZIndexBenchmark.EnsureZSorted_Legacy(ChildCount: 100)" --job Default --benchmarkId 4 in /app/src/Tedd.TUI.Benchmarks/bin/Release/net10.0/Tedd.TUI.Benchmarks-DefaultJob-1/bin/Release/net10.0
// Failed to set up high priority (Permission denied). In order to run benchmarks with high priority, make sure you have the right permissions.
// BeforeAnythingElse

// Benchmark Process Environment Information:
// BenchmarkDotNet v0.15.8
// Runtime=.NET 10.0.0 (10.0.0, 10.0.25.52411), X64 RyuJIT x86-64-v3
// GC=Concurrent Workstation
// HardwareIntrinsics=AVX2+BMI1+BMI2+F16C+FMA+LZCNT+MOVBE,AVX,SSE3+SSSE3+SSE4.1+SSE4.2+POPCNT,X86Base+SSE+SSE2,AES+PCLMUL VectorSize=256
// Job: DefaultJob

OverheadJitting  1: 1 op, 209992.00 ns, 209.9920 us/op
WorkloadJitting  1: 1 op, 1220770.00 ns, 1.2208 ms/op

OverheadJitting  2: 16 op, 265680.00 ns, 16.6050 us/op
WorkloadJitting  2: 16 op, 830188.00 ns, 51.8868 us/op

WorkloadPilot    1: 16 op, 268113.00 ns, 16.7571 us/op
WorkloadPilot    2: 32 op, 614981.00 ns, 19.2182 us/op
WorkloadPilot    3: 64 op, 1426715.00 ns, 22.2924 us/op
WorkloadPilot    4: 128 op, 2126559.00 ns, 16.6137 us/op
WorkloadPilot    5: 256 op, 4529129.00 ns, 17.6919 us/op
WorkloadPilot    6: 512 op, 8915863.00 ns, 17.4138 us/op
WorkloadPilot    7: 1024 op, 17098651.00 ns, 16.6979 us/op
WorkloadPilot    8: 2048 op, 36045467.00 ns, 17.6003 us/op
WorkloadPilot    9: 4096 op, 80907758.00 ns, 19.7529 us/op
WorkloadPilot   10: 8192 op, 79221580.00 ns, 9.6706 us/op
WorkloadPilot   11: 16384 op, 88727712.00 ns, 5.4155 us/op
WorkloadPilot   12: 32768 op, 152256825.00 ns, 4.6465 us/op
WorkloadPilot   13: 65536 op, 322924521.00 ns, 4.9274 us/op
WorkloadPilot   14: 131072 op, 611652361.00 ns, 4.6665 us/op

OverheadWarmup   1: 131072 op, 351695.00 ns, 2.6832 ns/op
OverheadWarmup   2: 131072 op, 350272.00 ns, 2.6724 ns/op
OverheadWarmup   3: 131072 op, 380005.00 ns, 2.8992 ns/op
OverheadWarmup   4: 131072 op, 534496.00 ns, 4.0779 ns/op
OverheadWarmup   5: 131072 op, 451302.00 ns, 3.4432 ns/op
OverheadWarmup   6: 131072 op, 377871.00 ns, 2.8829 ns/op
OverheadWarmup   7: 131072 op, 527791.00 ns, 4.0267 ns/op
OverheadWarmup   8: 131072 op, 408753.00 ns, 3.1185 ns/op

OverheadActual   1: 131072 op, 501122.00 ns, 3.8233 ns/op
OverheadActual   2: 131072 op, 460011.00 ns, 3.5096 ns/op
OverheadActual   3: 131072 op, 501242.00 ns, 3.8242 ns/op
OverheadActual   4: 131072 op, 378629.00 ns, 2.8887 ns/op
OverheadActual   5: 131072 op, 396737.00 ns, 3.0269 ns/op
OverheadActual   6: 131072 op, 381981.00 ns, 2.9143 ns/op
OverheadActual   7: 131072 op, 475410.00 ns, 3.6271 ns/op
OverheadActual   8: 131072 op, 390663.00 ns, 2.9805 ns/op
OverheadActual   9: 131072 op, 483592.00 ns, 3.6895 ns/op
OverheadActual  10: 131072 op, 354965.00 ns, 2.7082 ns/op
OverheadActual  11: 131072 op, 376784.00 ns, 2.8746 ns/op
OverheadActual  12: 131072 op, 344540.00 ns, 2.6286 ns/op
OverheadActual  13: 131072 op, 425774.00 ns, 3.2484 ns/op
OverheadActual  14: 131072 op, 357465.00 ns, 2.7272 ns/op
OverheadActual  15: 131072 op, 420280.00 ns, 3.2065 ns/op
OverheadActual  16: 131072 op, 400624.00 ns, 3.0565 ns/op
OverheadActual  17: 131072 op, 386842.00 ns, 2.9514 ns/op
OverheadActual  18: 131072 op, 393745.00 ns, 3.0040 ns/op
OverheadActual  19: 131072 op, 350330.00 ns, 2.6728 ns/op
OverheadActual  20: 131072 op, 350215.00 ns, 2.6719 ns/op

WorkloadWarmup   1: 131072 op, 637065850.00 ns, 4.8604 us/op
WorkloadWarmup   2: 131072 op, 622133090.00 ns, 4.7465 us/op
WorkloadWarmup   3: 131072 op, 624087697.00 ns, 4.7614 us/op
WorkloadWarmup   4: 131072 op, 630049838.00 ns, 4.8069 us/op
WorkloadWarmup   5: 131072 op, 628536768.00 ns, 4.7954 us/op
WorkloadWarmup   6: 131072 op, 628151516.00 ns, 4.7924 us/op
WorkloadWarmup   7: 131072 op, 617941060.00 ns, 4.7145 us/op
WorkloadWarmup   8: 131072 op, 602604388.00 ns, 4.5975 us/op
WorkloadWarmup   9: 131072 op, 609754142.00 ns, 4.6521 us/op
WorkloadWarmup  10: 131072 op, 642948140.00 ns, 4.9053 us/op
WorkloadWarmup  11: 131072 op, 613456407.00 ns, 4.6803 us/op

// BeforeActualRun
WorkloadActual   1: 131072 op, 624083988.00 ns, 4.7614 us/op
WorkloadActual   2: 131072 op, 604536962.00 ns, 4.6123 us/op
WorkloadActual   3: 131072 op, 614300788.00 ns, 4.6867 us/op
WorkloadActual   4: 131072 op, 610955179.00 ns, 4.6612 us/op
WorkloadActual   5: 131072 op, 609404329.00 ns, 4.6494 us/op
WorkloadActual   6: 131072 op, 616661232.00 ns, 4.7048 us/op
WorkloadActual   7: 131072 op, 605194672.00 ns, 4.6173 us/op
WorkloadActual   8: 131072 op, 614689031.00 ns, 4.6897 us/op
WorkloadActual   9: 131072 op, 601855361.00 ns, 4.5918 us/op
WorkloadActual  10: 131072 op, 609173042.00 ns, 4.6476 us/op
WorkloadActual  11: 131072 op, 614042693.00 ns, 4.6848 us/op
WorkloadActual  12: 131072 op, 607241299.00 ns, 4.6329 us/op
WorkloadActual  13: 131072 op, 598976737.00 ns, 4.5698 us/op
WorkloadActual  14: 131072 op, 610904651.00 ns, 4.6608 us/op
WorkloadActual  15: 131072 op, 611289890.00 ns, 4.6638 us/op

// AfterActualRun
WorkloadResult   1: 131072 op, 623691784.00 ns, 4.7584 us/op
WorkloadResult   2: 131072 op, 604144758.00 ns, 4.6093 us/op
WorkloadResult   3: 131072 op, 613908584.00 ns, 4.6838 us/op
WorkloadResult   4: 131072 op, 610562975.00 ns, 4.6582 us/op
WorkloadResult   5: 131072 op, 609012125.00 ns, 4.6464 us/op
WorkloadResult   6: 131072 op, 616269028.00 ns, 4.7018 us/op
WorkloadResult   7: 131072 op, 604802468.00 ns, 4.6143 us/op
WorkloadResult   8: 131072 op, 614296827.00 ns, 4.6867 us/op
WorkloadResult   9: 131072 op, 601463157.00 ns, 4.5888 us/op
WorkloadResult  10: 131072 op, 608780838.00 ns, 4.6446 us/op
WorkloadResult  11: 131072 op, 613650489.00 ns, 4.6818 us/op
WorkloadResult  12: 131072 op, 606849095.00 ns, 4.6299 us/op
WorkloadResult  13: 131072 op, 598584533.00 ns, 4.5668 us/op
WorkloadResult  14: 131072 op, 610512447.00 ns, 4.6578 us/op
WorkloadResult  15: 131072 op, 610897686.00 ns, 4.6608 us/op
// GC:  15 0 0 354418688 131072
// Threading:  0 0 131072

// AfterAll
// Benchmark Process 7472 has exited with code 0.

Mean = 4.653 μs, StdErr = 0.012 μs (0.27%), N = 15, StdDev = 0.048 μs
Min = 4.567 μs, Q1 = 4.622 μs, Median = 4.658 μs, Q3 = 4.683 μs, Max = 4.758 μs
IQR = 0.061 μs, LowerFence = 4.531 μs, UpperFence = 4.774 μs
ConfidenceInterval = [4.601 μs; 4.704 μs] (CI 99.9%), Margin = 0.051 μs (1.10% of Mean)
Skewness = 0.22, Kurtosis = 2.67, MValue = 2

// ** Remained 1 (16.7 %) benchmark(s) to run. Estimated finish 2026-03-09 4:19 (0h 0m from now) **
// **************************
// Benchmark: PanelZIndexBenchmark.EnsureZSorted_Optimized: DefaultJob [ChildCount=100]
// *** Execute ***
// Launch: 1 / 1
// Execute: dotnet Tedd.TUI.Benchmarks-DefaultJob-1.dll --anonymousPipes 129 130 --benchmarkName "Tedd.TUI.Benchmarks.PanelZIndexBenchmark.EnsureZSorted_Optimized(ChildCount: 100)" --job Default --benchmarkId 5 in /app/src/Tedd.TUI.Benchmarks/bin/Release/net10.0/Tedd.TUI.Benchmarks-DefaultJob-1/bin/Release/net10.0
// Failed to set up high priority (Permission denied). In order to run benchmarks with high priority, make sure you have the right permissions.
// BeforeAnythingElse

// Benchmark Process Environment Information:
// BenchmarkDotNet v0.15.8
// Runtime=.NET 10.0.0 (10.0.0, 10.0.25.52411), X64 RyuJIT x86-64-v3
// GC=Concurrent Workstation
// HardwareIntrinsics=AVX2+BMI1+BMI2+F16C+FMA+LZCNT+MOVBE,AVX,SSE3+SSSE3+SSE4.1+SSE4.2+POPCNT,X86Base+SSE+SSE2,AES+PCLMUL VectorSize=256
// Job: DefaultJob

OverheadJitting  1: 1 op, 312965.00 ns, 312.9650 us/op
WorkloadJitting  1: 1 op, 2379759.00 ns, 2.3798 ms/op

OverheadJitting  2: 16 op, 281963.00 ns, 17.6227 us/op
WorkloadJitting  2: 16 op, 14459149.00 ns, 903.6968 us/op

WorkloadPilot    1: 16 op, 654998.00 ns, 40.9374 us/op
WorkloadPilot    2: 32 op, 1288000.00 ns, 40.2500 us/op
WorkloadPilot    3: 64 op, 2846755.00 ns, 44.4805 us/op
WorkloadPilot    4: 128 op, 5296775.00 ns, 41.3811 us/op
WorkloadPilot    5: 256 op, 9827243.00 ns, 38.3877 us/op
WorkloadPilot    6: 512 op, 19048229.00 ns, 37.2036 us/op
WorkloadPilot    7: 1024 op, 37561903.00 ns, 36.6815 us/op
WorkloadPilot    8: 2048 op, 76192614.00 ns, 37.2034 us/op
WorkloadPilot    9: 4096 op, 125294055.00 ns, 30.5894 us/op
WorkloadPilot   10: 8192 op, 166792282.00 ns, 20.3604 us/op
WorkloadPilot   11: 16384 op, 313951537.00 ns, 19.1621 us/op
WorkloadPilot   12: 32768 op, 630506045.00 ns, 19.2415 us/op

OverheadWarmup   1: 32768 op, 100611.00 ns, 3.0704 ns/op
OverheadWarmup   2: 32768 op, 98574.00 ns, 3.0082 ns/op
OverheadWarmup   3: 32768 op, 92984.00 ns, 2.8376 ns/op
OverheadWarmup   4: 32768 op, 141106.00 ns, 4.3062 ns/op
OverheadWarmup   5: 32768 op, 99657.00 ns, 3.0413 ns/op
OverheadWarmup   6: 32768 op, 104340.00 ns, 3.1842 ns/op
OverheadWarmup   7: 32768 op, 109622.00 ns, 3.3454 ns/op
OverheadWarmup   8: 32768 op, 86168.00 ns, 2.6296 ns/op

OverheadActual   1: 32768 op, 87326.00 ns, 2.6650 ns/op
OverheadActual   2: 32768 op, 98895.00 ns, 3.0180 ns/op
OverheadActual   3: 32768 op, 93344.00 ns, 2.8486 ns/op
OverheadActual   4: 32768 op, 98709.00 ns, 3.0124 ns/op
OverheadActual   5: 32768 op, 133453.00 ns, 4.0727 ns/op
OverheadActual   6: 32768 op, 98511.00 ns, 3.0063 ns/op
OverheadActual   7: 32768 op, 92866.00 ns, 2.8340 ns/op
OverheadActual   8: 32768 op, 97792.00 ns, 2.9844 ns/op
OverheadActual   9: 32768 op, 92777.00 ns, 2.8313 ns/op
OverheadActual  10: 32768 op, 102092.00 ns, 3.1156 ns/op
OverheadActual  11: 32768 op, 99372.00 ns, 3.0326 ns/op
OverheadActual  12: 32768 op, 102104.00 ns, 3.1160 ns/op
OverheadActual  13: 32768 op, 119188.00 ns, 3.6373 ns/op
OverheadActual  14: 32768 op, 98441.00 ns, 3.0042 ns/op
OverheadActual  15: 32768 op, 132409.00 ns, 4.0408 ns/op
OverheadActual  16: 32768 op, 91934.00 ns, 2.8056 ns/op
OverheadActual  17: 32768 op, 103125.00 ns, 3.1471 ns/op
OverheadActual  18: 32768 op, 92150.00 ns, 2.8122 ns/op
OverheadActual  19: 32768 op, 99387.00 ns, 3.0331 ns/op

WorkloadWarmup   1: 32768 op, 645415255.00 ns, 19.6965 us/op
WorkloadWarmup   2: 32768 op, 628731670.00 ns, 19.1874 us/op
WorkloadWarmup   3: 32768 op, 616700799.00 ns, 18.8202 us/op
WorkloadWarmup   4: 32768 op, 604269883.00 ns, 18.4409 us/op
WorkloadWarmup   5: 32768 op, 609362246.00 ns, 18.5963 us/op
WorkloadWarmup   6: 32768 op, 614454306.00 ns, 18.7517 us/op
WorkloadWarmup   7: 32768 op, 624555761.00 ns, 19.0599 us/op
WorkloadWarmup   8: 32768 op, 625508067.00 ns, 19.0890 us/op
WorkloadWarmup   9: 32768 op, 625453952.00 ns, 19.0873 us/op
WorkloadWarmup  10: 32768 op, 618188277.00 ns, 18.8656 us/op
WorkloadWarmup  11: 32768 op, 619651573.00 ns, 18.9103 us/op
WorkloadWarmup  12: 32768 op, 958586798.00 ns, 29.2537 us/op
WorkloadWarmup  13: 32768 op, 1013158805.00 ns, 30.9192 us/op
WorkloadWarmup  14: 32768 op, 1093087183.00 ns, 33.3584 us/op
WorkloadWarmup  15: 32768 op, 820048789.00 ns, 25.0259 us/op

// BeforeActualRun
WorkloadActual   1: 32768 op, 666180095.00 ns, 20.3302 us/op
WorkloadActual   2: 32768 op, 659207077.00 ns, 20.1174 us/op
WorkloadActual   3: 32768 op, 631911081.00 ns, 19.2844 us/op
WorkloadActual   4: 32768 op, 629482202.00 ns, 19.2103 us/op
WorkloadActual   5: 32768 op, 641317477.00 ns, 19.5715 us/op
WorkloadActual   6: 32768 op, 621378259.00 ns, 18.9630 us/op
WorkloadActual   7: 32768 op, 622038373.00 ns, 18.9831 us/op
WorkloadActual   8: 32768 op, 639167098.00 ns, 19.5058 us/op
WorkloadActual   9: 32768 op, 620702871.00 ns, 18.9423 us/op
WorkloadActual  10: 32768 op, 624192566.00 ns, 19.0488 us/op
WorkloadActual  11: 32768 op, 634186232.00 ns, 19.3538 us/op
WorkloadActual  12: 32768 op, 618760367.00 ns, 18.8831 us/op
WorkloadActual  13: 32768 op, 626325155.00 ns, 19.1139 us/op
WorkloadActual  14: 32768 op, 623818144.00 ns, 19.0374 us/op
WorkloadActual  15: 32768 op, 630094465.00 ns, 19.2290 us/op

// AfterActualRun
WorkloadResult   1: 32768 op, 631812372.00 ns, 19.2814 us/op
WorkloadResult   2: 32768 op, 629383493.00 ns, 19.2073 us/op
WorkloadResult   3: 32768 op, 641218768.00 ns, 19.5684 us/op
WorkloadResult   4: 32768 op, 621279550.00 ns, 18.9599 us/op
WorkloadResult   5: 32768 op, 621939664.00 ns, 18.9801 us/op
WorkloadResult   6: 32768 op, 639068389.00 ns, 19.5028 us/op
WorkloadResult   7: 32768 op, 620604162.00 ns, 18.9393 us/op
WorkloadResult   8: 32768 op, 624093857.00 ns, 19.0458 us/op
WorkloadResult   9: 32768 op, 634087523.00 ns, 19.3508 us/op
WorkloadResult  10: 32768 op, 618661658.00 ns, 18.8801 us/op
WorkloadResult  11: 32768 op, 626226446.00 ns, 19.1109 us/op
WorkloadResult  12: 32768 op, 623719435.00 ns, 19.0344 us/op
WorkloadResult  13: 32768 op, 629995756.00 ns, 19.2259 us/op
// GC:  1 0 0 27000832 32768
// Threading:  0 0 32768

// AfterAll
// Benchmark Process 7485 has exited with code 0.

Mean = 19.161 μs, StdErr = 0.061 μs (0.32%), N = 13, StdDev = 0.218 μs
Min = 18.880 μs, Q1 = 18.980 μs, Median = 19.111 μs, Q3 = 19.281 μs, Max = 19.568 μs
IQR = 0.301 μs, LowerFence = 18.528 μs, UpperFence = 19.733 μs
ConfidenceInterval = [18.899 μs; 19.422 μs] (CI 99.9%), Margin = 0.262 μs (1.37% of Mean)
Skewness = 0.49, Kurtosis = 1.85, MValue = 2

// ** Remained 0 (0.0 %) benchmark(s) to run. Estimated finish 2026-03-09 4:19 (0h 0m from now) **
// ***** BenchmarkRunner: Finish  *****

// * Export *
  BenchmarkDotNet.Artifacts/results/Tedd.TUI.Benchmarks.PanelZIndexBenchmark-report.csv
  BenchmarkDotNet.Artifacts/results/Tedd.TUI.Benchmarks.PanelZIndexBenchmark-report-github.md
  BenchmarkDotNet.Artifacts/results/Tedd.TUI.Benchmarks.PanelZIndexBenchmark-report.html

// * Detailed results *
PanelZIndexBenchmark.EnsureZSorted_Legacy: DefaultJob [ChildCount=10]
Runtime = .NET 10.0.0 (10.0.0, 10.0.25.52411), X64 RyuJIT x86-64-v3; GC = Concurrent Workstation
Mean = 499.151 ns, StdErr = 2.396 ns (0.48%), N = 18, StdDev = 10.166 ns
Min = 476.684 ns, Q1 = 491.673 ns, Median = 499.877 ns, Q3 = 505.892 ns, Max = 519.889 ns
IQR = 14.219 ns, LowerFence = 470.345 ns, UpperFence = 527.221 ns
ConfidenceInterval = [489.651 ns; 508.652 ns] (CI 99.9%), Margin = 9.501 ns (1.90% of Mean)
Skewness = -0.16, Kurtosis = 2.66, MValue = 2
-------------------- Histogram --------------------
[471.593 ns ; 486.295 ns) | @
[486.295 ns ; 496.801 ns) | @@@@@@
[496.801 ns ; 514.538 ns) | @@@@@@@@@@
[514.538 ns ; 524.981 ns) | @
---------------------------------------------------

PanelZIndexBenchmark.EnsureZSorted_Optimized: DefaultJob [ChildCount=10]
Runtime = .NET 10.0.0 (10.0.0, 10.0.25.52411), X64 RyuJIT x86-64-v3; GC = Concurrent Workstation
Mean = 1.363 μs, StdErr = 0.007 μs (0.49%), N = 18, StdDev = 0.029 μs
Min = 1.327 μs, Q1 = 1.339 μs, Median = 1.353 μs, Q3 = 1.386 μs, Max = 1.419 μs
IQR = 0.047 μs, LowerFence = 1.269 μs, UpperFence = 1.457 μs
ConfidenceInterval = [1.336 μs; 1.390 μs] (CI 99.9%), Margin = 0.027 μs (1.96% of Mean)
Skewness = 0.55, Kurtosis = 1.81, MValue = 2
-------------------- Histogram --------------------
[1.313 μs ; 1.360 μs) | @@@@@@@@@@@
[1.360 μs ; 1.433 μs) | @@@@@@@
---------------------------------------------------

PanelZIndexBenchmark.EnsureZSorted_Legacy: DefaultJob [ChildCount=50]
Runtime = .NET 10.0.0 (10.0.0, 10.0.25.52411), X64 RyuJIT x86-64-v3; GC = Concurrent Workstation
Mean = 2.022 μs, StdErr = 0.008 μs (0.39%), N = 18, StdDev = 0.033 μs
Min = 1.974 μs, Q1 = 2.005 μs, Median = 2.010 μs, Q3 = 2.031 μs, Max = 2.117 μs
IQR = 0.026 μs, LowerFence = 1.967 μs, UpperFence = 2.069 μs
ConfidenceInterval = [1.991 μs; 2.053 μs] (CI 99.9%), Margin = 0.031 μs (1.53% of Mean)
Skewness = 1.33, Kurtosis = 4.54, MValue = 2
-------------------- Histogram --------------------
[1.958 μs ; 2.035 μs) | @@@@@@@@@@@@@@
[2.035 μs ; 2.133 μs) | @@@@
---------------------------------------------------

PanelZIndexBenchmark.EnsureZSorted_Optimized: DefaultJob [ChildCount=50]
Runtime = .NET 10.0.0 (10.0.0, 10.0.25.52411), X64 RyuJIT x86-64-v3; GC = Concurrent Workstation
Mean = 8.779 μs, StdErr = 0.040 μs (0.46%), N = 14, StdDev = 0.150 μs
Min = 8.596 μs, Q1 = 8.664 μs, Median = 8.728 μs, Q3 = 8.847 μs, Max = 9.067 μs
IQR = 0.183 μs, LowerFence = 8.390 μs, UpperFence = 9.121 μs
ConfidenceInterval = [8.610 μs; 8.949 μs] (CI 99.9%), Margin = 0.170 μs (1.93% of Mean)
Skewness = 0.55, Kurtosis = 1.81, MValue = 2
-------------------- Histogram --------------------
[8.559 μs ; 8.825 μs) | @@@@@@@@
[8.825 μs ; 9.149 μs) | @@@@@@
---------------------------------------------------

PanelZIndexBenchmark.EnsureZSorted_Legacy: DefaultJob [ChildCount=100]
Runtime = .NET 10.0.0 (10.0.0, 10.0.25.52411), X64 RyuJIT x86-64-v3; GC = Concurrent Workstation
Mean = 4.653 μs, StdErr = 0.012 μs (0.27%), N = 15, StdDev = 0.048 μs
Min = 4.567 μs, Q1 = 4.622 μs, Median = 4.658 μs, Q3 = 4.683 μs, Max = 4.758 μs
IQR = 0.061 μs, LowerFence = 4.531 μs, UpperFence = 4.774 μs
ConfidenceInterval = [4.601 μs; 4.704 μs] (CI 99.9%), Margin = 0.051 μs (1.10% of Mean)
Skewness = 0.22, Kurtosis = 2.67, MValue = 2
-------------------- Histogram --------------------
[4.541 μs ; 4.784 μs) | @@@@@@@@@@@@@@@
---------------------------------------------------

PanelZIndexBenchmark.EnsureZSorted_Optimized: DefaultJob [ChildCount=100]
Runtime = .NET 10.0.0 (10.0.0, 10.0.25.52411), X64 RyuJIT x86-64-v3; GC = Concurrent Workstation
Mean = 19.161 μs, StdErr = 0.061 μs (0.32%), N = 13, StdDev = 0.218 μs
Min = 18.880 μs, Q1 = 18.980 μs, Median = 19.111 μs, Q3 = 19.281 μs, Max = 19.568 μs
IQR = 0.301 μs, LowerFence = 18.528 μs, UpperFence = 19.733 μs
ConfidenceInterval = [18.899 μs; 19.422 μs] (CI 99.9%), Margin = 0.262 μs (1.37% of Mean)
Skewness = 0.49, Kurtosis = 1.85, MValue = 2
-------------------- Histogram --------------------
[18.806 μs ; 19.690 μs) | @@@@@@@@@@@@@
---------------------------------------------------

// * Summary *

BenchmarkDotNet v0.15.8, Linux Ubuntu 24.04.3 LTS (Noble Numbat)
Intel Xeon Processor 2.30GHz, 1 CPU, 4 logical and 4 physical cores
.NET SDK 10.0.100
  [Host]     : .NET 10.0.0 (10.0.0, 10.0.25.52411), X64 RyuJIT x86-64-v3
  DefaultJob : .NET 10.0.0 (10.0.0, 10.0.25.52411), X64 RyuJIT x86-64-v3


| Method                  | ChildCount | Mean        | Error     | StdDev    | Ratio | RatioSD | Gen0   | Allocated | Alloc Ratio |
|------------------------ |----------- |------------:|----------:|----------:|------:|--------:|-------:|----------:|------------:|
| EnsureZSorted_Legacy    | 10         |    499.2 ns |   9.50 ns |  10.17 ns |  1.00 |    0.03 | 0.0229 |     544 B |        1.00 |
| EnsureZSorted_Optimized | 10         |  1,363.1 ns |  26.65 ns |  28.52 ns |  2.73 |    0.08 | 0.0038 |     104 B |        0.19 |
|                         |            |             |           |           |       |         |        |           |             |
| EnsureZSorted_Legacy    | 50         |  2,021.9 ns |  30.87 ns |  33.03 ns |  1.00 |    0.02 | 0.0610 |    1504 B |        1.00 |
| EnsureZSorted_Optimized | 50         |  8,779.2 ns | 169.69 ns | 150.43 ns |  4.34 |    0.10 | 0.0153 |     424 B |        0.28 |
|                         |            |             |           |           |       |         |        |           |             |
| EnsureZSorted_Legacy    | 100        |  4,652.6 ns |  51.20 ns |  47.89 ns |  1.00 |    0.01 | 0.1144 |    2704 B |        1.00 |
| EnsureZSorted_Optimized | 100        | 19,160.6 ns | 261.62 ns | 218.47 ns |  4.12 |    0.06 | 0.0305 |     824 B |        0.30 |

// * Hints *
Outliers
  PanelZIndexBenchmark.EnsureZSorted_Legacy: Default    -> 2 outliers were removed (543.63 ns, 548.86 ns)
  PanelZIndexBenchmark.EnsureZSorted_Optimized: Default -> 1 outlier  was  removed (1.49 μs)
  PanelZIndexBenchmark.EnsureZSorted_Legacy: Default    -> 3 outliers were removed (2.12 μs..2.16 μs)
  PanelZIndexBenchmark.EnsureZSorted_Optimized: Default -> 1 outlier  was  removed (9.38 μs)
  PanelZIndexBenchmark.EnsureZSorted_Optimized: Default -> 2 outliers were removed (20.12 μs, 20.33 μs)

// * Legends *
  ChildCount  : Value of the 'ChildCount' parameter
  Mean        : Arithmetic mean of all measurements
  Error       : Half of 99.9% confidence interval
  StdDev      : Standard deviation of all measurements
  Ratio       : Mean of the ratio distribution ([Current]/[Baseline])
  RatioSD     : Standard deviation of the ratio distribution ([Current]/[Baseline])
  Gen0        : GC Generation 0 collects per 1000 operations
  Allocated   : Allocated memory per single operation (managed only, inclusive, 1KB = 1024B)
  Alloc Ratio : Allocated memory ratio distribution ([Current]/[Baseline])
  1 ns        : 1 Nanosecond (0.000000001 sec)

// * Diagnostic Output - MemoryDiagnoser *


// ***** BenchmarkRunner: End *****
Run time: 00:01:53 (113.98 sec), executed benchmarks: 6

Global total time: 00:02:24 (144.02 sec), executed benchmarks: 6
// * Artifacts cleanup *
Artifacts cleanup is finished
